#
# There is insufficient memory for the Java Runtime Environment to continue.
# Native memory allocation (malloc) failed to allocate 1135856 bytes. Error detail: Chunk::new
# Possible reasons:
#   The system is out of physical RAM or swap space
#   This process is running with CompressedOops enabled, and the Java Heap may be blocking the growth of the native heap
# Possible solutions:
#   Reduce memory load on the system
#   Increase physical memory or swap space
#   Check if swap backing store is full
#   Decrease Java heap size (-Xmx/-Xms)
#   Decrease number of Java threads
#   Decrease Java thread stack sizes (-Xss)
#   Set larger code cache with -XX:ReservedCodeCacheSize=
#   JVM is running with Unscaled Compressed Oops mode in which the Java heap is
#     placed in the first 4GB address space. The Java Heap base address is the
#     maximum limit for the native heap growth. Please use -XX:HeapBaseMinAddress
#     to set the Java Heap base and to place the Java Heap above 4GB virtual address.
# This output file may be truncated or incomplete.
#
#  Out of Memory Error (arena.cpp:168), pid=3432, tid=3740
#
# JRE version: OpenJDK Runtime Environment Temurin-21.0.10+7 (21.0.10+7) (build 21.0.10+7-LTS)
# Java VM: OpenJDK 64-Bit Server VM Temurin-21.0.10+7 (21.0.10+7-LTS, mixed mode, sharing, tiered, compressed oops, compressed class ptrs, parallel gc, windows-amd64)
# No core dump will be written. Minidumps are not enabled by default on client versions of Windows
#

---------------  S U M M A R Y ------------

Command Line: --add-modules=ALL-SYSTEM --add-opens=java.base/java.util=ALL-UNNAMED --add-opens=java.base/java.lang=ALL-UNNAMED --add-opens=java.base/sun.nio.fs=ALL-UNNAMED -Declipse.application=org.eclipse.jdt.ls.core.id1 -Dosgi.bundles.defaultStartLevel=4 -Declipse.product=org.eclipse.jdt.ls.core.product -Djava.import.generatesMetadataFilesAtProjectRoot=false -DDetectVMInstallationsJob.disabled=true -Dfile.encoding=utf8 -XX:+UseParallelGC -XX:GCTimeRatio=4 -XX:AdaptiveSizePolicyWeight=90 -Dsun.zip.disableMemoryMapping=true -Xmx2G -Xms100m -Xlog:disable -javaagent:c:\Users\Experimental\.vscode\extensions\redhat.java-1.53.0-win32-x64\lombok\lombok-1.18.39-4050.jar -XX:+HeapDumpOnOutOfMemoryError -XX:HeapDumpPath=c:\Users\Experimental\AppData\Roaming\Code\User\workspaceStorage\a7b5486ee1fd0779e84ffa6fa3706398\redhat.java -Daether.dependencyCollector.impl=bf c:\Users\Experimental\.vscode\extensions\redhat.java-1.53.0-win32-x64\server\plugins\org.eclipse.equinox.launcher_1.7.100.v20251111-0406.jar -configuration c:\Users\Experimental\AppData\Roaming\Code\User\globalStorage\redhat.java\1.53.0\config_win -data c:\Users\Experimental\AppData\Roaming\Code\User\workspaceStorage\a7b5486ee1fd0779e84ffa6fa3706398\redhat.java\jdt_ws --pipe=\\.\pipe\lsp-5c4fed2b461c8837c3fe9a87b5819dfb-sock

Host: Intel(R) Core(TM) i5-6300HQ CPU @ 2.30GHz, 4 cores, 7G,  Windows 11 , 64 bit Build 22000 (10.0.22000.1516)
Time: Thu Feb 26 23:05:34 2026 SA Western Standard Time elapsed time: 19.051443 seconds (0d 0h 0m 19s)

---------------  T H R E A D  ---------------

Current thread (0x00000244e4f0acd0):  JavaThread "C2 CompilerThread0" daemon [_thread_in_native, id=3740, stack(0x0000005201a00000,0x0000005201b00000) (1024K)]


Current CompileTask:
C2:19051 3203       4       org.lombokweb.asm.ClassReader::readMethod (1070 bytes)

Stack: [0x0000005201a00000,0x0000005201b00000]
Native frames: (J=compiled Java code, j=interpreted, Vv=VM code, C=native code)
V  [jvm.dll+0x6d7a39]
V  [jvm.dll+0x8b4b26]
V  [jvm.dll+0x8b70de]
V  [jvm.dll+0x8b77c3]
V  [jvm.dll+0x284346]
V  [jvm.dll+0xc66ed]
V  [jvm.dll+0xc6c31]
V  [jvm.dll+0x3bec01]
V  [jvm.dll+0x38b162]
V  [jvm.dll+0x38a5aa]
V  [jvm.dll+0x24c560]
V  [jvm.dll+0x24bb40]
V  [jvm.dll+0x1cb34e]
V  [jvm.dll+0x25b85d]
V  [jvm.dll+0x259dea]
V  [jvm.dll+0x3f857e]
V  [jvm.dll+0x85f59d]
V  [jvm.dll+0x6d626d]
C  [ucrtbase.dll+0x26c0c]
C  [KERNEL32.DLL+0x155a0]
C  [ntdll.dll+0x485b]


---------------  P R O C E S S  ---------------

Threads class SMR info:
_java_thread_list=0x00000244eac49410, length=20, elements={
0x00000244ce5133e0, 0x00000244e4efebf0, 0x00000244e4f01110, 0x00000244e4f05f60,
0x00000244e4f069c0, 0x00000244e4f07420, 0x00000244e4f07e80, 0x00000244e4f0acd0,
0x00000244e4f7c250, 0x00000244e5c9d420, 0x00000244e5dee180, 0x00000244ea090b30,
0x00000244e5c51fc0, 0x00000244e5d54e30, 0x00000244ea335200, 0x00000244e5d61390,
0x00000244e5f55470, 0x00000244e5ec8990, 0x00000244e5cb7a40, 0x00000244e5cb9480
}

Java Threads: ( => current thread )
  0x00000244ce5133e0 JavaThread "main"                              [_thread_blocked, id=5588, stack(0x0000005200f00000,0x0000005201000000) (1024K)]
  0x00000244e4efebf0 JavaThread "Reference Handler"          daemon [_thread_blocked, id=15872, stack(0x0000005201400000,0x0000005201500000) (1024K)]
  0x00000244e4f01110 JavaThread "Finalizer"                  daemon [_thread_blocked, id=7492, stack(0x0000005201500000,0x0000005201600000) (1024K)]
  0x00000244e4f05f60 JavaThread "Signal Dispatcher"          daemon [_thread_blocked, id=10896, stack(0x0000005201600000,0x0000005201700000) (1024K)]
  0x00000244e4f069c0 JavaThread "Attach Listener"            daemon [_thread_blocked, id=8076, stack(0x0000005201700000,0x0000005201800000) (1024K)]
  0x00000244e4f07420 JavaThread "Service Thread"             daemon [_thread_blocked, id=8328, stack(0x0000005201800000,0x0000005201900000) (1024K)]
  0x00000244e4f07e80 JavaThread "Monitor Deflation Thread"   daemon [_thread_blocked, id=10464, stack(0x0000005201900000,0x0000005201a00000) (1024K)]
=>0x00000244e4f0acd0 JavaThread "C2 CompilerThread0"         daemon [_thread_in_native, id=3740, stack(0x0000005201a00000,0x0000005201b00000) (1024K)]
  0x00000244e4f7c250 JavaThread "C1 CompilerThread0"         daemon [_thread_blocked, id=1504, stack(0x0000005201b00000,0x0000005201c00000) (1024K)]
  0x00000244e5c9d420 JavaThread "Common-Cleaner"             daemon [_thread_blocked, id=5968, stack(0x0000005201c00000,0x0000005201d00000) (1024K)]
  0x00000244e5dee180 JavaThread "Notification Thread"        daemon [_thread_blocked, id=11836, stack(0x0000005201d00000,0x0000005201e00000) (1024K)]
  0x00000244ea090b30 JavaThread "Active Thread: Equinox Container: bac3eea0-c304-45de-b15c-1d3f21317a1e"        [_thread_blocked, id=9728, stack(0x0000005202100000,0x0000005202200000) (1024K)]
  0x00000244e5c51fc0 JavaThread "Refresh Thread: Equinox Container: bac3eea0-c304-45de-b15c-1d3f21317a1e" daemon [_thread_blocked, id=6908, stack(0x0000005202200000,0x0000005202300000) (1024K)]
  0x00000244e5d54e30 JavaThread "Framework Event Dispatcher: Equinox Container: bac3eea0-c304-45de-b15c-1d3f21317a1e" daemon [_thread_blocked, id=7148, stack(0x0000005202300000,0x0000005202400000) (1024K)]
  0x00000244ea335200 JavaThread "Start Level: Equinox Container: bac3eea0-c304-45de-b15c-1d3f21317a1e" daemon [_thread_in_native, id=15048, stack(0x0000005202400000,0x0000005202500000) (1024K)]
  0x00000244e5d61390 JavaThread "Bundle File Closer"         daemon [_thread_blocked, id=5944, stack(0x0000005202500000,0x0000005202600000) (1024K)]
  0x00000244e5f55470 JavaThread "SCR Component Actor"        daemon [_thread_blocked, id=9580, stack(0x0000005202600000,0x0000005202700000) (1024K)]
  0x00000244e5ec8990 JavaThread "Worker-JM"                         [_thread_blocked, id=10796, stack(0x0000005202700000,0x0000005202800000) (1024K)]
  0x00000244e5cb7a40 JavaThread "Worker-0"                          [_thread_blocked, id=10020, stack(0x0000005202800000,0x0000005202900000) (1024K)]
  0x00000244e5cb9480 JavaThread "Worker-1"                          [_thread_blocked, id=8984, stack(0x0000005202900000,0x0000005202a00000) (1024K)]
Total: 20

Other Threads:
  0x00000244ce5d2480 VMThread "VM Thread"                           [id=6728, stack(0x0000005201300000,0x0000005201400000) (1024K)]
  0x00000244e4eaca00 WatcherThread "VM Periodic Task Thread"        [id=1572, stack(0x0000005201200000,0x0000005201300000) (1024K)]
  0x00000244ce533740 WorkerThread "GC Thread#0"                     [id=8592, stack(0x0000005201100000,0x0000005201200000) (1024K)]
  0x00000244ea0fb600 WorkerThread "GC Thread#1"                     [id=9148, stack(0x0000005201e00000,0x0000005201f00000) (1024K)]
  0x00000244ea22f730 WorkerThread "GC Thread#2"                     [id=4684, stack(0x0000005201f00000,0x0000005202000000) (1024K)]
  0x00000244ea0fb9b0 WorkerThread "GC Thread#3"                     [id=10116, stack(0x0000005202000000,0x0000005202100000) (1024K)]
Total: 6

Threads with active compile tasks:
C2 CompilerThread0  19174 3203       4       org.lombokweb.asm.ClassReader::readMethod (1070 bytes)
Total: 1

VM state: not at safepoint (normal execution)

VM Mutex/Monitor currently owned by a thread: None

Heap address: 0x0000000080000000, size: 2048 MB, Compressed Oops mode: 32-bit

CDS archive(s) mapped at: [0x0000024480000000-0x0000024480ba0000-0x0000024480ba0000), size 12189696, SharedBaseAddress: 0x0000024480000000, ArchiveRelocationMode: 1.
Compressed class space mapped at: 0x0000024481000000-0x00000244c1000000, reserved size: 1073741824
Narrow klass base: 0x0000024480000000, Narrow klass shift: 0, Narrow klass range: 0x100000000

GC Precious Log:
 CardTable entry size: 512
 CPUs: 4 total, 4 available
 Memory: 7865M
 Large Page Support: Disabled
 NUMA Support: Disabled
 Compressed Oops: Enabled (32-bit)
 Alignments: Space 512K, Generation 512K, Heap 2M
 Heap Min Capacity: 100M
 Heap Initial Capacity: 100M
 Heap Max Capacity: 2G
 Pre-touch: Disabled
 Parallel Workers: 4

Heap:
 PSYoungGen      total 29184K, used 12690K [0x00000000d5580000, 0x00000000d7900000, 0x0000000100000000)
  eden space 24576K, 34% used [0x00000000d5580000,0x00000000d5da9078,0x00000000d6d80000)
  from space 4608K, 94% used [0x00000000d7480000,0x00000000d78bb988,0x00000000d7900000)
  to   space 5120K, 0% used [0x00000000d6f00000,0x00000000d6f00000,0x00000000d7400000)
 ParOldGen       total 68608K, used 8122K [0x0000000080000000, 0x0000000084300000, 0x00000000d5580000)
  object space 68608K, 11% used [0x0000000080000000,0x00000000807eeb20,0x0000000084300000)
 Metaspace       used 20286K, committed 20992K, reserved 1114112K
  class space    used 1969K, committed 2304K, reserved 1048576K

Card table byte_map: [0x00000244cdee0000,0x00000244ce2f0000] _byte_map_base: 0x00000244cdae0000

Marking Bits: (ParMarkBitMap*) 0x00007ffd105c3450
 Begin Bits: [0x00000244e09d0000, 0x00000244e29d0000)
 End Bits:   [0x00000244e29d0000, 0x00000244e49d0000)

Polling page: 0x00000244cc5b0000

Metaspace:

Usage:
  Non-class:     17.89 MB used.
      Class:      1.92 MB used.
       Both:     19.81 MB used.

Virtual space:
  Non-class space:       64.00 MB reserved,      18.25 MB ( 29%) committed,  1 nodes.
      Class space:        1.00 GB reserved,       2.25 MB ( <1%) committed,  1 nodes.
             Both:        1.06 GB reserved,      20.50 MB (  2%) committed. 

Chunk freelists:
   Non-Class:  12.91 MB
       Class:  13.61 MB
        Both:  26.52 MB

MaxMetaspaceSize: unlimited
CompressedClassSpaceSize: 1.00 GB
Initial GC threshold: 21.00 MB
Current GC threshold: 21.00 MB
CDS: on
 - commit_granule_bytes: 65536.
 - commit_granule_words: 8192.
 - virtual_space_node_default_size: 8388608.
 - enlarge_chunks_in_place: 1.
 - use_allocation_guard: 0.


Internal statistics:

num_allocs_failed_limit: 0.
num_arena_births: 482.
num_arena_deaths: 0.
num_vsnodes_births: 2.
num_vsnodes_deaths: 0.
num_space_committed: 328.
num_space_uncommitted: 0.
num_chunks_returned_to_freelist: 0.
num_chunks_taken_from_freelist: 1231.
num_chunk_merges: 0.
num_chunk_splits: 786.
num_chunks_enlarged: 507.
num_inconsistent_stats: 0.

CodeHeap 'non-profiled nmethods': size=120000Kb used=1424Kb max_used=1424Kb free=118576Kb
 bounds [0x00000244d91f0000, 0x00000244d9460000, 0x00000244e0720000]
CodeHeap 'profiled nmethods': size=120000Kb used=6653Kb max_used=6653Kb free=113346Kb
 bounds [0x00000244d1720000, 0x00000244d1da0000, 0x00000244d8c50000]
CodeHeap 'non-nmethods': size=5760Kb used=1296Kb max_used=1335Kb free=4463Kb
 bounds [0x00000244d8c50000, 0x00000244d8ec0000, 0x00000244d91f0000]
CodeCache: size=245760Kb, used=9373Kb, max_used=9412Kb, free=236385Kb
 total_blobs=3791, nmethods=3213, adapters=484, full_count=0
Compilation: enabled, stopped_count=0, restarted_count=0

Compilation events (20 events):
Event: 18.781 Thread 0x00000244e4f7c250 3199       3       lombok.patcher.scripts.AddFieldScript$1::visitField (35 bytes)
Event: 18.782 Thread 0x00000244e4f7c250 nmethod 3199 0x00000244d1d8dd10 code [0x00000244d1d8dee0, 0x00000244d1d8e150]
Event: 18.782 Thread 0x00000244e4f7c250 3201 %     3       org.lombokweb.asm.ClassReader::<init> @ 95 (359 bytes)
Event: 18.783 Thread 0x00000244e4f0acd0 nmethod 3200 0x00000244d9353890 code [0x00000244d9353a20, 0x00000244d9353bc8]
Event: 18.783 Thread 0x00000244e4f0acd0 3203       4       org.lombokweb.asm.ClassReader::readMethod (1070 bytes)
Event: 18.783 Thread 0x00000244e4f7c250 nmethod 3201% 0x00000244d1d8e290 code [0x00000244d1d8e5a0, 0x00000244d1d8f968]
Event: 18.783 Thread 0x00000244e4f7c250 3202 %     3       org.lombokweb.asm.SymbolTable::<init> @ 98 (554 bytes)
Event: 18.786 Thread 0x00000244e4f7c250 nmethod 3202% 0x00000244d1d8ff90 code [0x00000244d1d905a0, 0x00000244d1d93230]
Event: 18.786 Thread 0x00000244e4f7c250 3204       3       java.util.regex.Pattern$BranchConn::match (11 bytes)
Event: 18.786 Thread 0x00000244e4f7c250 nmethod 3204 0x00000244d1d94490 code [0x00000244d1d94640, 0x00000244d1d94818]
Event: 18.786 Thread 0x00000244e4f7c250 3205       3       org.lombokweb.asm.Label::addForwardReference (102 bytes)
Event: 18.786 Thread 0x00000244e4f7c250 nmethod 3205 0x00000244d1d94910 code [0x00000244d1d94ae0, 0x00000244d1d94f40]
Event: 18.877 Thread 0x00000244e4f7c250 3207       3       java.util.concurrent.ThreadPoolExecutor::runStateAtLeast (11 bytes)
Event: 18.878 Thread 0x00000244e4f7c250 nmethod 3207 0x00000244d1d95110 code [0x00000244d1d952a0, 0x00000244d1d953e0]
Event: 18.933 Thread 0x00000244e4f7c250 3208       3       jdk.internal.misc.Unsafe::weakCompareAndSetReference (11 bytes)
Event: 18.933 Thread 0x00000244e4f7c250 nmethod 3208 0x00000244d1d95490 code [0x00000244d1d95620, 0x00000244d1d95760]
Event: 18.966 Thread 0x00000244e4f7c250 3209       3       java.util.Hashtable::<init> (114 bytes)
Event: 18.967 Thread 0x00000244e4f7c250 nmethod 3209 0x00000244d1d95810 code [0x00000244d1d95b40, 0x00000244d1d96a88]
Event: 18.967 Thread 0x00000244e4f7c250 3210       3       org.eclipse.osgi.internal.serviceregistry.ServiceRegistrationImpl::compareTo (27 bytes)
Event: 18.968 Thread 0x00000244e4f7c250 nmethod 3210 0x00000244d1d97090 code [0x00000244d1d97280, 0x00000244d1d97888]

GC Heap History (12 events):
Event: 4.477 GC heap before
{Heap before GC invocations=1 (full 0):
 PSYoungGen      total 29696K, used 25600K [0x00000000d5580000, 0x00000000d7680000, 0x0000000100000000)
  eden space 25600K, 100% used [0x00000000d5580000,0x00000000d6e80000,0x00000000d6e80000)
  from space 4096K, 0% used [0x00000000d7280000,0x00000000d7280000,0x00000000d7680000)
  to   space 4096K, 0% used [0x00000000d6e80000,0x00000000d6e80000,0x00000000d7280000)
 ParOldGen       total 68608K, used 0K [0x0000000080000000, 0x0000000084300000, 0x00000000d5580000)
  object space 68608K, 0% used [0x0000000080000000,0x0000000080000000,0x0000000084300000)
 Metaspace       used 4361K, committed 4608K, reserved 1114112K
  class space    used 474K, committed 576K, reserved 1048576K
}
Event: 4.502 GC heap after
{Heap after GC invocations=1 (full 0):
 PSYoungGen      total 29696K, used 3303K [0x00000000d5580000, 0x00000000d7680000, 0x0000000100000000)
  eden space 25600K, 0% used [0x00000000d5580000,0x00000000d5580000,0x00000000d6e80000)
  from space 4096K, 80% used [0x00000000d6e80000,0x00000000d71b9e98,0x00000000d7280000)
  to   space 4096K, 0% used [0x00000000d7280000,0x00000000d7280000,0x00000000d7680000)
 ParOldGen       total 68608K, used 0K [0x0000000080000000, 0x0000000084300000, 0x00000000d5580000)
  object space 68608K, 0% used [0x0000000080000000,0x0000000080000000,0x0000000084300000)
 Metaspace       used 4361K, committed 4608K, reserved 1114112K
  class space    used 474K, committed 576K, reserved 1048576K
}
Event: 9.249 GC heap before
{Heap before GC invocations=2 (full 0):
 PSYoungGen      total 29696K, used 28903K [0x00000000d5580000, 0x00000000d7680000, 0x0000000100000000)
  eden space 25600K, 100% used [0x00000000d5580000,0x00000000d6e80000,0x00000000d6e80000)
  from space 4096K, 80% used [0x00000000d6e80000,0x00000000d71b9e98,0x00000000d7280000)
  to   space 4096K, 0% used [0x00000000d7280000,0x00000000d7280000,0x00000000d7680000)
 ParOldGen       total 68608K, used 0K [0x0000000080000000, 0x0000000084300000, 0x00000000d5580000)
  object space 68608K, 0% used [0x0000000080000000,0x0000000080000000,0x0000000084300000)
 Metaspace       used 8027K, committed 8320K, reserved 1114112K
  class space    used 841K, committed 960K, reserved 1048576K
}
Event: 9.257 GC heap after
{Heap after GC invocations=2 (full 0):
 PSYoungGen      total 29696K, used 4093K [0x00000000d5580000, 0x00000000d7680000, 0x0000000100000000)
  eden space 25600K, 0% used [0x00000000d5580000,0x00000000d5580000,0x00000000d6e80000)
  from space 4096K, 99% used [0x00000000d7280000,0x00000000d767f570,0x00000000d7680000)
  to   space 4096K, 0% used [0x00000000d6e80000,0x00000000d6e80000,0x00000000d7280000)
 ParOldGen       total 68608K, used 1726K [0x0000000080000000, 0x0000000084300000, 0x00000000d5580000)
  object space 68608K, 2% used [0x0000000080000000,0x00000000801af8f8,0x0000000084300000)
 Metaspace       used 8027K, committed 8320K, reserved 1114112K
  class space    used 841K, committed 960K, reserved 1048576K
}
Event: 10.960 GC heap before
{Heap before GC invocations=3 (full 0):
 PSYoungGen      total 29696K, used 29487K [0x00000000d5580000, 0x00000000d7680000, 0x0000000100000000)
  eden space 25600K, 99% used [0x00000000d5580000,0x00000000d6e4c870,0x00000000d6e80000)
  from space 4096K, 99% used [0x00000000d7280000,0x00000000d767f570,0x00000000d7680000)
  to   space 4096K, 0% used [0x00000000d6e80000,0x00000000d6e80000,0x00000000d7280000)
 ParOldGen       total 68608K, used 1726K [0x0000000080000000, 0x0000000084300000, 0x00000000d5580000)
  object space 68608K, 2% used [0x0000000080000000,0x00000000801af8f8,0x0000000084300000)
 Metaspace       used 9446K, committed 9728K, reserved 1114112K
  class space    used 1008K, committed 1152K, reserved 1048576K
}
Event: 10.972 GC heap after
{Heap after GC invocations=3 (full 0):
 PSYoungGen      total 29696K, used 4067K [0x00000000d5580000, 0x00000000d7680000, 0x0000000100000000)
  eden space 25600K, 0% used [0x00000000d5580000,0x00000000d5580000,0x00000000d6e80000)
  from space 4096K, 99% used [0x00000000d6e80000,0x00000000d7278c10,0x00000000d7280000)
  to   space 4096K, 0% used [0x00000000d7280000,0x00000000d7280000,0x00000000d7680000)
 ParOldGen       total 68608K, used 4835K [0x0000000080000000, 0x0000000084300000, 0x00000000d5580000)
  object space 68608K, 7% used [0x0000000080000000,0x00000000804b8c08,0x0000000084300000)
 Metaspace       used 9446K, committed 9728K, reserved 1114112K
  class space    used 1008K, committed 1152K, reserved 1048576K
}
Event: 13.297 GC heap before
{Heap before GC invocations=4 (full 0):
 PSYoungGen      total 29696K, used 29667K [0x00000000d5580000, 0x00000000d7680000, 0x0000000100000000)
  eden space 25600K, 100% used [0x00000000d5580000,0x00000000d6e80000,0x00000000d6e80000)
  from space 4096K, 99% used [0x00000000d6e80000,0x00000000d7278c10,0x00000000d7280000)
  to   space 4096K, 0% used [0x00000000d7280000,0x00000000d7280000,0x00000000d7680000)
 ParOldGen       total 68608K, used 4835K [0x0000000080000000, 0x0000000084300000, 0x00000000d5580000)
  object space 68608K, 7% used [0x0000000080000000,0x00000000804b8c08,0x0000000084300000)
 Metaspace       used 12476K, committed 12928K, reserved 1114112K
  class space    used 1338K, committed 1536K, reserved 1048576K
}
Event: 13.308 GC heap after
{Heap after GC invocations=4 (full 0):
 PSYoungGen      total 29696K, used 4087K [0x00000000d5580000, 0x00000000d7680000, 0x0000000100000000)
  eden space 25600K, 0% used [0x00000000d5580000,0x00000000d5580000,0x00000000d6e80000)
  from space 4096K, 99% used [0x00000000d7280000,0x00000000d767de70,0x00000000d7680000)
  to   space 4096K, 0% used [0x00000000d6e80000,0x00000000d6e80000,0x00000000d7280000)
 ParOldGen       total 68608K, used 5819K [0x0000000080000000, 0x0000000084300000, 0x00000000d5580000)
  object space 68608K, 8% used [0x0000000080000000,0x00000000805aec68,0x0000000084300000)
 Metaspace       used 12476K, committed 12928K, reserved 1114112K
  class space    used 1338K, committed 1536K, reserved 1048576K
}
Event: 17.394 GC heap before
{Heap before GC invocations=5 (full 0):
 PSYoungGen      total 29696K, used 29657K [0x00000000d5580000, 0x00000000d7680000, 0x0000000100000000)
  eden space 25600K, 99% used [0x00000000d5580000,0x00000000d6e78670,0x00000000d6e80000)
  from space 4096K, 99% used [0x00000000d7280000,0x00000000d767de70,0x00000000d7680000)
  to   space 4096K, 0% used [0x00000000d6e80000,0x00000000d6e80000,0x00000000d7280000)
 ParOldGen       total 68608K, used 5819K [0x0000000080000000, 0x0000000084300000, 0x00000000d5580000)
  object space 68608K, 8% used [0x0000000080000000,0x00000000805aec68,0x0000000084300000)
 Metaspace       used 16274K, committed 16960K, reserved 1114112K
  class space    used 1659K, committed 1984K, reserved 1048576K
}
Event: 17.405 GC heap after
{Heap after GC invocations=5 (full 0):
 PSYoungGen      total 29184K, used 4085K [0x00000000d5580000, 0x00000000d7b00000, 0x0000000100000000)
  eden space 25088K, 0% used [0x00000000d5580000,0x00000000d5580000,0x00000000d6e00000)
  from space 4096K, 99% used [0x00000000d6e80000,0x00000000d727d4a8,0x00000000d7280000)
  to   space 6656K, 0% used [0x00000000d7480000,0x00000000d7480000,0x00000000d7b00000)
 ParOldGen       total 68608K, used 8122K [0x0000000080000000, 0x0000000084300000, 0x00000000d5580000)
  object space 68608K, 11% used [0x0000000080000000,0x00000000807eeb20,0x0000000084300000)
 Metaspace       used 16274K, committed 16960K, reserved 1114112K
  class space    used 1659K, committed 1984K, reserved 1048576K
}
Event: 18.460 GC heap before
{Heap before GC invocations=6 (full 0):
 PSYoungGen      total 29184K, used 29173K [0x00000000d5580000, 0x00000000d7b00000, 0x0000000100000000)
  eden space 25088K, 100% used [0x00000000d5580000,0x00000000d6e00000,0x00000000d6e00000)
  from space 4096K, 99% used [0x00000000d6e80000,0x00000000d727d4a8,0x00000000d7280000)
  to   space 6656K, 0% used [0x00000000d7480000,0x00000000d7480000,0x00000000d7b00000)
 ParOldGen       total 68608K, used 8122K [0x0000000080000000, 0x0000000084300000, 0x00000000d5580000)
  object space 68608K, 11% used [0x0000000080000000,0x00000000807eeb20,0x0000000084300000)
 Metaspace       used 19088K, committed 19776K, reserved 1114112K
  class space    used 1854K, committed 2176K, reserved 1048576K
}
Event: 18.464 GC heap after
{Heap after GC invocations=6 (full 0):
 PSYoungGen      total 29184K, used 4334K [0x00000000d5580000, 0x00000000d7900000, 0x0000000100000000)
  eden space 24576K, 0% used [0x00000000d5580000,0x00000000d5580000,0x00000000d6d80000)
  from space 4608K, 94% used [0x00000000d7480000,0x00000000d78bb988,0x00000000d7900000)
  to   space 5120K, 0% used [0x00000000d6f00000,0x00000000d6f00000,0x00000000d7400000)
 ParOldGen       total 68608K, used 8122K [0x0000000080000000, 0x0000000084300000, 0x00000000d5580000)
  object space 68608K, 11% used [0x0000000080000000,0x00000000807eeb20,0x0000000084300000)
 Metaspace       used 19088K, committed 19776K, reserved 1114112K
  class space    used 1854K, committed 2176K, reserved 1048576K
}

Dll operation events (9 events):
Event: 0.100 Loaded shared library c:\Users\Experimental\.vscode\extensions\redhat.java-1.53.0-win32-x64\jre\21.0.10-win32-x86_64\bin\java.dll
Event: 0.663 Loaded shared library c:\Users\Experimental\.vscode\extensions\redhat.java-1.53.0-win32-x64\jre\21.0.10-win32-x86_64\bin\zip.dll
Event: 0.715 Loaded shared library C:\Users\Experimental\.vscode\extensions\redhat.java-1.53.0-win32-x64\jre\21.0.10-win32-x86_64\bin\instrument.dll
Event: 0.832 Loaded shared library C:\Users\Experimental\.vscode\extensions\redhat.java-1.53.0-win32-x64\jre\21.0.10-win32-x86_64\bin\net.dll
Event: 0.834 Loaded shared library C:\Users\Experimental\.vscode\extensions\redhat.java-1.53.0-win32-x64\jre\21.0.10-win32-x86_64\bin\nio.dll
Event: 0.842 Loaded shared library C:\Users\Experimental\.vscode\extensions\redhat.java-1.53.0-win32-x64\jre\21.0.10-win32-x86_64\bin\zip.dll
Event: 0.866 Loaded shared library C:\Users\Experimental\.vscode\extensions\redhat.java-1.53.0-win32-x64\jre\21.0.10-win32-x86_64\bin\jimage.dll
Event: 1.650 Loaded shared library c:\Users\Experimental\.vscode\extensions\redhat.java-1.53.0-win32-x64\jre\21.0.10-win32-x86_64\bin\verify.dll
Event: 9.280 Loaded shared library C:\Users\Experimental\AppData\Roaming\Code\User\globalStorage\redhat.java\1.53.0\config_win\org.eclipse.equinox.launcher\org.eclipse.equinox.launcher.win32.win32.x86_64_1.3.0.v20260203-2149\eclipse_11919.dll

Deoptimization events (20 events):
Event: 14.797 Thread 0x00000244ea335200 DEOPT PACKING pc=0x00000244d1b0a2d6 sp=0x00000052024f8320
Event: 14.797 Thread 0x00000244ea335200 DEOPT UNPACKING pc=0x00000244d8ca4242 sp=0x00000052024f7830 mode 0
Event: 16.055 Thread 0x00000244ea335200 Uncommon trap: trap_request=0xffffff45 fr.pc=0x00000244d92ed4b0 relative=0x0000000000000eb0
Event: 16.055 Thread 0x00000244ea335200 Uncommon trap: reason=unstable_if action=reinterpret pc=0x00000244d92ed4b0 method=java.util.Properties.loadConvert([CIILjava/lang/StringBuilder;)Ljava/lang/String; @ 491 c2
Event: 16.055 Thread 0x00000244ea335200 DEOPT PACKING pc=0x00000244d92ed4b0 sp=0x00000052024f7d90
Event: 16.055 Thread 0x00000244ea335200 DEOPT UNPACKING pc=0x00000244d8ca3aa2 sp=0x00000052024f7d70 mode 2
Event: 16.106 Thread 0x00000244ea335200 Uncommon trap: trap_request=0xffffff45 fr.pc=0x00000244d928e7d8 relative=0x00000000000000b8
Event: 16.106 Thread 0x00000244ea335200 Uncommon trap: reason=unstable_if action=reinterpret pc=0x00000244d928e7d8 method=org.eclipse.osgi.container.ModuleRevisionBuilder.unmodifiableMap(Ljava/util/Map;)Ljava/util/Map; @ 27 c2
Event: 16.106 Thread 0x00000244ea335200 DEOPT PACKING pc=0x00000244d928e7d8 sp=0x00000052024f9b70
Event: 16.106 Thread 0x00000244ea335200 DEOPT UNPACKING pc=0x00000244d8ca3aa2 sp=0x00000052024f9af0 mode 2
Event: 17.235 Thread 0x00000244ea335200 Uncommon trap: trap_request=0xffffff45 fr.pc=0x00000244d93371d0 relative=0x0000000000000b90
Event: 17.235 Thread 0x00000244ea335200 Uncommon trap: reason=unstable_if action=reinterpret pc=0x00000244d93371d0 method=jdk.internal.org.objectweb.asm.Frame.execute(IILjdk/internal/org/objectweb/asm/Symbol;Ljdk/internal/org/objectweb/asm/SymbolTable;)V @ 1 c2
Event: 17.235 Thread 0x00000244ea335200 DEOPT PACKING pc=0x00000244d93371d0 sp=0x00000052024f8260
Event: 17.235 Thread 0x00000244ea335200 DEOPT UNPACKING pc=0x00000244d8ca3aa2 sp=0x00000052024f81e8 mode 2
Event: 17.392 Thread 0x00000244ea335200 Uncommon trap: trap_request=0xffffff45 fr.pc=0x00000244d933c454 relative=0x0000000000000114
Event: 17.392 Thread 0x00000244ea335200 Uncommon trap: reason=unstable_if action=reinterpret pc=0x00000244d933c454 method=org.lombokweb.asm.ClassReader.readUTF8(I[C)Ljava/lang/String; @ 11 c2
Event: 17.392 Thread 0x00000244ea335200 DEOPT PACKING pc=0x00000244d933c454 sp=0x00000052024f3d10
Event: 17.392 Thread 0x00000244ea335200 DEOPT UNPACKING pc=0x00000244d8ca3aa2 sp=0x00000052024f3cb8 mode 2
Event: 17.705 Thread 0x00000244ea335200 DEOPT PACKING pc=0x00000244d1860b39 sp=0x00000052024ef250
Event: 17.706 Thread 0x00000244ea335200 DEOPT UNPACKING pc=0x00000244d8ca4242 sp=0x00000052024ee750 mode 0

Classes loaded (20 events):
Event: 17.533 Loading class java/net/SocketTimeoutException
Event: 17.534 Loading class java/io/InterruptedIOException
Event: 17.534 Loading class java/io/InterruptedIOException done
Event: 17.534 Loading class java/net/SocketTimeoutException done
Event: 17.534 Loading class java/net/SocketException
Event: 17.534 Loading class java/net/SocketException done
Event: 17.534 Loading class java/net/UnknownHostException
Event: 17.535 Loading class java/net/UnknownHostException done
Event: 17.535 Loading class java/net/ProtocolException
Event: 17.535 Loading class java/net/ProtocolException done
Event: 17.576 Loading class java/util/function/LongUnaryOperator
Event: 17.576 Loading class java/util/function/LongUnaryOperator done
Event: 17.596 Loading class java/lang/ThreadDeath
Event: 17.596 Loading class java/lang/ThreadDeath done
Event: 17.626 Loading class java/lang/ThreadLocal$SuppliedThreadLocal
Event: 17.626 Loading class java/lang/ThreadLocal$SuppliedThreadLocal done
Event: 17.855 Loading class java/io/FileWriter
Event: 17.855 Loading class java/io/FileWriter done
Event: 17.918 Loading class java/lang/NegativeArraySizeException
Event: 17.918 Loading class java/lang/NegativeArraySizeException done

Classes unloaded (0 events):
No events

Classes redefined (0 events):
No events

Internal exceptions (20 events):
Event: 15.287 Thread 0x00000244ea335200 Exception <a 'java/lang/NoSuchMethodError'{0x00000000d6280bf8}: 'java.lang.Object java.lang.invoke.DelegatingMethodHandle$Holder.reinvoke_L(java.lang.Object, java.lang.Object, java.lang.Object, java.lang.Object, int, int)'> (0x00000000d6280bf8) 
thrown [s\src\hotspot\share\interpreter\linkResolver.cpp, line 773]
Event: 15.292 Thread 0x00000244ea335200 Exception <a 'java/lang/NoSuchMethodError'{0x00000000d629cf98}: 'java.lang.Object java.lang.invoke.DirectMethodHandle$Holder.newInvokeSpecial(java.lang.Object, java.lang.Object, java.lang.Object, java.lang.Object, java.lang.Object, java.lang.Object)'> (0x00000000d629cf98) 
thrown [s\src\hotspot\share\interpreter\linkResolver.cpp, line 773]
Event: 15.295 Thread 0x00000244ea335200 Exception <a 'java/lang/NoSuchMethodError'{0x00000000d62c8fe8}: 'void java.lang.invoke.Invokers$Holder.invokeExact_MT(java.lang.Object, java.lang.Object, java.lang.Object, java.lang.Object)'> (0x00000000d62c8fe8) 
thrown [s\src\hotspot\share\interpreter\linkResolver.cpp, line 773]
Event: 15.872 Thread 0x00000244ea335200 Exception <a 'java/io/FileNotFoundException'{0x00000000d64199b8}> (0x00000000d64199b8) 
thrown [s\src\hotspot\share\prims\jni.cpp, line 520]
Event: 15.873 Thread 0x00000244ea335200 Exception <a 'java/io/FileNotFoundException'{0x00000000d6420be0}> (0x00000000d6420be0) 
thrown [s\src\hotspot\share\prims\jni.cpp, line 520]
Event: 16.526 Thread 0x00000244ea335200 Exception <a 'java/lang/NoSuchMethodError'{0x00000000d6812c18}: 'java.lang.Object java.lang.invoke.DirectMethodHandle$Holder.invokeSpecial(java.lang.Object, java.lang.Object, java.lang.Object, int, java.lang.Object, java.lang.Object)'> (0x00000000d6812c18) 
thrown [s\src\hotspot\share\interpreter\linkResolver.cpp, line 773]
Event: 16.526 Thread 0x00000244ea335200 Exception <a 'java/lang/NoSuchMethodError'{0x00000000d681a6a8}: 'java.lang.Object java.lang.invoke.DirectMethodHandle$Holder.newInvokeSpecial(java.lang.Object, java.lang.Object, java.lang.Object, int, java.lang.Object)'> (0x00000000d681a6a8) 
thrown [s\src\hotspot\share\interpreter\linkResolver.cpp, line 773]
Event: 16.527 Thread 0x00000244ea335200 Exception <a 'java/lang/NoSuchMethodError'{0x00000000d681e628}: 'java.lang.Object java.lang.invoke.DirectMethodHandle$Holder.invokeSpecial(java.lang.Object, java.lang.Object, java.lang.Object, java.lang.Object, int, java.lang.Object)'> (0x00000000d681e628) 
thrown [s\src\hotspot\share\interpreter\linkResolver.cpp, line 773]
Event: 16.527 Thread 0x00000244ea335200 Exception <a 'java/lang/NoSuchMethodError'{0x00000000d6822168}: 'java.lang.Object java.lang.invoke.Invokers$Holder.linkToTargetMethod(java.lang.Object, java.lang.Object, int, java.lang.Object, java.lang.Object)'> (0x00000000d6822168) 
thrown [s\src\hotspot\share\interpreter\linkResolver.cpp, line 773]
Event: 16.817 Thread 0x00000244ea335200 Exception <a 'java/lang/NoSuchMethodError'{0x00000000d69b0e88}: 'java.lang.Object java.lang.invoke.DirectMethodHandle$Holder.invokeSpecial(java.lang.Object, java.lang.Object, java.lang.Object, java.lang.Object, int)'> (0x00000000d69b0e88) 
thrown [s\src\hotspot\share\interpreter\linkResolver.cpp, line 773]
Event: 16.820 Thread 0x00000244ea335200 Exception <a 'java/lang/NoSuchMethodError'{0x00000000d69b45e0}: 'java.lang.Object java.lang.invoke.Invokers$Holder.linkToTargetMethod(java.lang.Object, java.lang.Object, int, java.lang.Object)'> (0x00000000d69b45e0) 
thrown [s\src\hotspot\share\interpreter\linkResolver.cpp, line 773]
Event: 17.235 Thread 0x00000244ea335200 Exception <a 'java/lang/NoSuchMethodError'{0x00000000d6cac410}: 'double java.lang.invoke.DirectMethodHandle$Holder.invokeStatic(java.lang.Object, java.lang.Object)'> (0x00000000d6cac410) 
thrown [s\src\hotspot\share\interpreter\linkResolver.cpp, line 773]
Event: 17.235 Thread 0x00000244ea335200 Exception <a 'java/lang/NoSuchMethodError'{0x00000000d6cafd28}: 'double java.lang.invoke.DirectMethodHandle$Holder.invokeStaticInit(java.lang.Object, java.lang.Object)'> (0x00000000d6cafd28) 
thrown [s\src\hotspot\share\interpreter\linkResolver.cpp, line 773]
Event: 17.574 Thread 0x00000244ea335200 Exception <a 'java/lang/NoSuchMethodError'{0x00000000d5815b20}: 'java.lang.Object java.lang.invoke.DirectMethodHandle$Holder.invokeSpecial(java.lang.Object, java.lang.Object, java.lang.Object, long, java.lang.Object)'> (0x00000000d5815b20) 
thrown [s\src\hotspot\share\interpreter\linkResolver.cpp, line 773]
Event: 17.575 Thread 0x00000244ea335200 Exception <a 'java/lang/NoSuchMethodError'{0x00000000d581d0b8}: 'java.lang.Object java.lang.invoke.DirectMethodHandle$Holder.newInvokeSpecial(java.lang.Object, java.lang.Object, java.lang.Object, long)'> (0x00000000d581d0b8) 
thrown [s\src\hotspot\share\interpreter\linkResolver.cpp, line 773]
Event: 17.575 Thread 0x00000244ea335200 Exception <a 'java/lang/NoSuchMethodError'{0x00000000d5821468}: 'java.lang.Object java.lang.invoke.DirectMethodHandle$Holder.invokeSpecial(java.lang.Object, java.lang.Object, java.lang.Object, java.lang.Object, long)'> (0x00000000d5821468) 
thrown [s\src\hotspot\share\interpreter\linkResolver.cpp, line 773]
Event: 17.575 Thread 0x00000244ea335200 Exception <a 'java/lang/NoSuchMethodError'{0x00000000d5825088}: 'java.lang.Object java.lang.invoke.Invokers$Holder.linkToTargetMethod(java.lang.Object, java.lang.Object, long, java.lang.Object)'> (0x00000000d5825088) 
thrown [s\src\hotspot\share\interpreter\linkResolver.cpp, line 773]
Event: 17.641 Thread 0x00000244e5cb7a40 Exception <a 'java/lang/NoSuchMethodError'{0x00000000d591b950}: 'java.lang.Object java.lang.invoke.DirectMethodHandle$Holder.invokeSpecial(java.lang.Object, java.lang.Object, int, java.lang.Object, java.lang.Object)'> (0x00000000d591b950) 
thrown [s\src\hotspot\share\interpreter\linkResolver.cpp, line 773]
Event: 17.659 Thread 0x00000244e5cb7a40 Exception <a 'java/lang/NoSuchMethodError'{0x00000000d59b0f68}: 'java.lang.Object java.lang.invoke.DirectMethodHandle$Holder.newInvokeSpecial(java.lang.Object, java.lang.Object, java.lang.Object, java.lang.Object, java.lang.Object)'> (0x00000000d59b0f68) 
thrown [s\src\hotspot\share\interpreter\linkResolver.cpp, line 773]
Event: 18.618 Thread 0x00000244ea335200 Exception <a 'java/lang/NoSuchMethodError'{0x00000000d58620d8}: 'int java.lang.invoke.DirectMethodHandle$Holder.invokeStaticInit(java.lang.Object, java.lang.Object, java.lang.Object)'> (0x00000000d58620d8) 
thrown [s\src\hotspot\share\interpreter\linkResolver.cpp, line 773]

ZGC Phase Switch (0 events):
No events

VM Operations (20 events):
Event: 12.294 Executing safepoint VM operation: Cleanup
Event: 12.310 Executing safepoint VM operation: Cleanup done
Event: 12.691 Executing non-safepoint VM operation: HandshakeAllThreads (Deoptimize)
Event: 12.691 Executing non-safepoint VM operation: HandshakeAllThreads (Deoptimize) done
Event: 13.297 Executing safepoint VM operation: ParallelGCFailedAllocation (Allocation Failure)
Event: 13.308 Executing safepoint VM operation: ParallelGCFailedAllocation (Allocation Failure) done
Event: 14.313 Executing safepoint VM operation: Cleanup
Event: 14.550 Executing safepoint VM operation: Cleanup done
Event: 15.556 Executing safepoint VM operation: Cleanup
Event: 15.556 Executing safepoint VM operation: Cleanup done
Event: 16.112 Executing non-safepoint VM operation: HandshakeAllThreads (Deoptimize)
Event: 16.112 Executing non-safepoint VM operation: HandshakeAllThreads (Deoptimize) done
Event: 16.510 Executing non-safepoint VM operation: HandshakeAllThreads (Deoptimize)
Event: 16.510 Executing non-safepoint VM operation: HandshakeAllThreads (Deoptimize) done
Event: 17.394 Executing safepoint VM operation: ParallelGCFailedAllocation (Allocation Failure)
Event: 17.405 Executing safepoint VM operation: ParallelGCFailedAllocation (Allocation Failure) done
Event: 18.420 Executing safepoint VM operation: Cleanup
Event: 18.420 Executing safepoint VM operation: Cleanup done
Event: 18.460 Executing safepoint VM operation: ParallelGCFailedAllocation (Allocation Failure)
Event: 18.464 Executing safepoint VM operation: ParallelGCFailedAllocation (Allocation Failure) done

Memory protections (0 events):
No events

Nmethod flushes (0 events):
No events

Events (20 events):
Event: 0.194 Thread 0x00000244ce5133e0 Thread added: 0x00000244ce5133e0
Event: 0.296 Thread 0x00000244ce5133e0 Thread added: 0x00000244e4efebf0
Event: 0.296 Thread 0x00000244ce5133e0 Thread added: 0x00000244e4f01110
Event: 0.379 Thread 0x00000244ce5133e0 Thread added: 0x00000244e4f05f60
Event: 0.379 Thread 0x00000244ce5133e0 Thread added: 0x00000244e4f069c0
Event: 0.380 Thread 0x00000244ce5133e0 Thread added: 0x00000244e4f07420
Event: 0.380 Thread 0x00000244ce5133e0 Thread added: 0x00000244e4f07e80
Event: 0.381 Thread 0x00000244ce5133e0 Thread added: 0x00000244e4f0acd0
Event: 0.477 Thread 0x00000244ce5133e0 Thread added: 0x00000244e4f7c250
Event: 0.781 Thread 0x00000244ce5133e0 Thread added: 0x00000244e5c9d420
Event: 2.301 Thread 0x00000244ce5133e0 Thread added: 0x00000244e5dee180
Event: 8.066 Thread 0x00000244ce5133e0 Thread added: 0x00000244ea090b30
Event: 9.199 Thread 0x00000244ce5133e0 Thread added: 0x00000244e5c51fc0
Event: 9.530 Thread 0x00000244e5c51fc0 Thread added: 0x00000244e5d54e30
Event: 9.563 Thread 0x00000244ce5133e0 Thread added: 0x00000244ea335200
Event: 11.232 Thread 0x00000244ea335200 Thread added: 0x00000244e5d61390
Event: 12.508 Thread 0x00000244ea335200 Thread added: 0x00000244e5f55470
Event: 14.776 Thread 0x00000244ea335200 Thread added: 0x00000244e5ec8990
Event: 17.621 Thread 0x00000244ea335200 Thread added: 0x00000244e5cb7a40
Event: 17.662 Thread 0x00000244e5cb7a40 Thread added: 0x00000244e5cb9480


Dynamic libraries:
0x00007ff793b40000 - 0x00007ff793b4e000 	c:\Users\Experimental\.vscode\extensions\redhat.java-1.53.0-win32-x64\jre\21.0.10-win32-x86_64\bin\java.exe
0x00007ffd8fae0000 - 0x00007ffd8fce9000 	C:\Windows\SYSTEM32\ntdll.dll
0x00007ffd8e3d0000 - 0x00007ffd8e48e000 	C:\Windows\System32\KERNEL32.DLL
0x00007ffd8d270000 - 0x00007ffd8d5ec000 	C:\Windows\System32\KERNELBASE.dll
0x00007ffd8cfb0000 - 0x00007ffd8d0c1000 	C:\Windows\System32\ucrtbase.dll
0x00007ffd894c0000 - 0x00007ffd894d8000 	c:\Users\Experimental\.vscode\extensions\redhat.java-1.53.0-win32-x64\jre\21.0.10-win32-x86_64\bin\jli.dll
0x00007ffd8f8f0000 - 0x00007ffd8fa9d000 	C:\Windows\System32\USER32.dll
0x00007ffd8d930000 - 0x00007ffd8d956000 	C:\Windows\System32\win32u.dll
0x00007ffd8e600000 - 0x00007ffd8e629000 	C:\Windows\System32\GDI32.dll
0x00007ffd8d0d0000 - 0x00007ffd8d1e8000 	C:\Windows\System32\gdi32full.dll
0x00007ffd8d890000 - 0x00007ffd8d92d000 	C:\Windows\System32\msvcp_win.dll
0x00007ffd85110000 - 0x00007ffd8512e000 	c:\Users\Experimental\.vscode\extensions\redhat.java-1.53.0-win32-x64\jre\21.0.10-win32-x86_64\bin\VCRUNTIME140.dll
0x00007ffd79e00000 - 0x00007ffd7a0a5000 	C:\Windows\WinSxS\amd64_microsoft.windows.common-controls_6595b64144ccf1df_6.0.22000.120_none_9d947278b86cc467\COMCTL32.dll
0x00007ffd8da40000 - 0x00007ffd8dae3000 	C:\Windows\System32\msvcrt.dll
0x00007ffd8dfd0000 - 0x00007ffd8e001000 	C:\Windows\System32\IMM32.DLL
0x00007ffd8a400000 - 0x00007ffd8a40c000 	c:\Users\Experimental\.vscode\extensions\redhat.java-1.53.0-win32-x64\jre\21.0.10-win32-x86_64\bin\vcruntime140_1.dll
0x00007ffd7c7a0000 - 0x00007ffd7c82d000 	c:\Users\Experimental\.vscode\extensions\redhat.java-1.53.0-win32-x64\jre\21.0.10-win32-x86_64\bin\msvcp140.dll
0x00007ffd0f900000 - 0x00007ffd106a1000 	c:\Users\Experimental\.vscode\extensions\redhat.java-1.53.0-win32-x64\jre\21.0.10-win32-x86_64\bin\server\jvm.dll
0x00007ffd8e630000 - 0x00007ffd8e6de000 	C:\Windows\System32\ADVAPI32.dll
0x00007ffd8e010000 - 0x00007ffd8e0ae000 	C:\Windows\System32\sechost.dll
0x00007ffd8e2b0000 - 0x00007ffd8e3d0000 	C:\Windows\System32\RPCRT4.dll
0x00007ffd8e550000 - 0x00007ffd8e5bf000 	C:\Windows\System32\WS2_32.dll
0x00007ffd8c4d0000 - 0x00007ffd8c51d000 	C:\Windows\SYSTEM32\POWRPROF.dll
0x00007ffd7e800000 - 0x00007ffd7e833000 	C:\Windows\SYSTEM32\WINMM.dll
0x00007ffd851b0000 - 0x00007ffd851ba000 	C:\Windows\SYSTEM32\VERSION.dll
0x00007ffd8c340000 - 0x00007ffd8c353000 	C:\Windows\SYSTEM32\UMPDC.dll
0x00007ffd8c030000 - 0x00007ffd8c048000 	C:\Windows\SYSTEM32\kernel.appcore.dll
0x00007ffd895a0000 - 0x00007ffd895aa000 	c:\Users\Experimental\.vscode\extensions\redhat.java-1.53.0-win32-x64\jre\21.0.10-win32-x86_64\bin\jimage.dll
0x00007ffd7a230000 - 0x00007ffd7a451000 	C:\Windows\SYSTEM32\DBGHELP.DLL
0x00007ffd71f30000 - 0x00007ffd71f61000 	C:\Windows\SYSTEM32\dbgcore.DLL
0x00007ffd8d1f0000 - 0x00007ffd8d26f000 	C:\Windows\System32\bcryptPrimitives.dll
0x00007ffd7d110000 - 0x00007ffd7d11f000 	c:\Users\Experimental\.vscode\extensions\redhat.java-1.53.0-win32-x64\jre\21.0.10-win32-x86_64\bin\instrument.dll
0x00007ffd7e080000 - 0x00007ffd7e0a0000 	c:\Users\Experimental\.vscode\extensions\redhat.java-1.53.0-win32-x64\jre\21.0.10-win32-x86_64\bin\java.dll
0x00007ffd8e6e0000 - 0x00007ffd8eea5000 	C:\Windows\System32\SHELL32.dll
0x00007ffd8b0a0000 - 0x00007ffd8b905000 	C:\Windows\SYSTEM32\windows.storage.dll
0x00007ffd8dbf0000 - 0x00007ffd8df66000 	C:\Windows\System32\combase.dll
0x00007ffd8af30000 - 0x00007ffd8b096000 	C:\Windows\SYSTEM32\wintypes.dll
0x00007ffd8db00000 - 0x00007ffd8dbea000 	C:\Windows\System32\SHCORE.dll
0x00007ffd8f610000 - 0x00007ffd8f66d000 	C:\Windows\System32\shlwapi.dll
0x00007ffd8cee0000 - 0x00007ffd8cf01000 	C:\Windows\SYSTEM32\profapi.dll
0x00007ffd7dfd0000 - 0x00007ffd7dfe8000 	c:\Users\Experimental\.vscode\extensions\redhat.java-1.53.0-win32-x64\jre\21.0.10-win32-x86_64\bin\zip.dll
0x00007ffd88a90000 - 0x00007ffd88aa0000 	C:\Users\Experimental\.vscode\extensions\redhat.java-1.53.0-win32-x64\jre\21.0.10-win32-x86_64\bin\net.dll
0x00007ffd884d0000 - 0x00007ffd885e2000 	C:\Windows\SYSTEM32\WINHTTP.dll
0x00007ffd8c5c0000 - 0x00007ffd8c627000 	C:\Windows\system32\mswsock.dll
0x00007ffd7de10000 - 0x00007ffd7de26000 	C:\Users\Experimental\.vscode\extensions\redhat.java-1.53.0-win32-x64\jre\21.0.10-win32-x86_64\bin\nio.dll
0x00007ffd7df00000 - 0x00007ffd7df10000 	c:\Users\Experimental\.vscode\extensions\redhat.java-1.53.0-win32-x64\jre\21.0.10-win32-x86_64\bin\verify.dll
0x00007ffd67d00000 - 0x00007ffd67d45000 	C:\Users\Experimental\AppData\Roaming\Code\User\globalStorage\redhat.java\1.53.0\config_win\org.eclipse.equinox.launcher\org.eclipse.equinox.launcher.win32.win32.x86_64_1.3.0.v20260203-2149\eclipse_11919.dll
0x00007ffd8f750000 - 0x00007ffd8f8ea000 	C:\Windows\System32\ole32.dll

JVMTI agents:
c:\Users\Experimental\.vscode\extensions\redhat.java-1.53.0-win32-x64\lombok\lombok-1.18.39-4050.jar path:c:\Users\Experimental\.vscode\extensions\redhat.java-1.53.0-win32-x64\jre\21.0.10-win32-x86_64\bin\instrument.dll, loaded, initialized, instrumentlib options:none

dbghelp: loaded successfully - version: 4.0.5 - missing functions: none
symbol engine: initialized successfully - sym options: 0x614 - pdb path: .;c:\Users\Experimental\.vscode\extensions\redhat.java-1.53.0-win32-x64\jre\21.0.10-win32-x86_64\bin;C:\Windows\SYSTEM32;C:\Windows\WinSxS\amd64_microsoft.windows.common-controls_6595b64144ccf1df_6.0.22000.120_none_9d947278b86cc467;c:\Users\Experimental\.vscode\extensions\redhat.java-1.53.0-win32-x64\jre\21.0.10-win32-x86_64\bin\server;C:\Users\Experimental\AppData\Roaming\Code\User\globalStorage\redhat.java\1.53.0\config_win\org.eclipse.equinox.launcher\org.eclipse.equinox.launcher.win32.win32.x86_64_1.3.0.v20260203-2149

VM Arguments:
jvm_args: --add-modules=ALL-SYSTEM --add-opens=java.base/java.util=ALL-UNNAMED --add-opens=java.base/java.lang=ALL-UNNAMED --add-opens=java.base/sun.nio.fs=ALL-UNNAMED -Declipse.application=org.eclipse.jdt.ls.core.id1 -Dosgi.bundles.defaultStartLevel=4 -Declipse.product=org.eclipse.jdt.ls.core.product -Djava.import.generatesMetadataFilesAtProjectRoot=false -DDetectVMInstallationsJob.disabled=true -Dfile.encoding=utf8 -XX:+UseParallelGC -XX:GCTimeRatio=4 -XX:AdaptiveSizePolicyWeight=90 -Dsun.zip.disableMemoryMapping=true -Xmx2G -Xms100m -Xlog:disable -javaagent:c:\Users\Experimental\.vscode\extensions\redhat.java-1.53.0-win32-x64\lombok\lombok-1.18.39-4050.jar -XX:+HeapDumpOnOutOfMemoryError -XX:HeapDumpPath=c:\Users\Experimental\AppData\Roaming\Code\User\workspaceStorage\a7b5486ee1fd0779e84ffa6fa3706398\redhat.java -Daether.dependencyCollector.impl=bf 
java_command: c:\Users\Experimental\.vscode\extensions\redhat.java-1.53.0-win32-x64\server\plugins\org.eclipse.equinox.launcher_1.7.100.v20251111-0406.jar -configuration c:\Users\Experimental\AppData\Roaming\Code\User\globalStorage\redhat.java\1.53.0\config_win -data c:\Users\Experimental\AppData\Roaming\Code\User\workspaceStorage\a7b5486ee1fd0779e84ffa6fa3706398\redhat.java\jdt_ws --pipe=\\.\pipe\lsp-5c4fed2b461c8837c3fe9a87b5819dfb-sock
java_class_path (initial): c:\Users\Experimental\.vscode\extensions\redhat.java-1.53.0-win32-x64\server\plugins\org.eclipse.equinox.launcher_1.7.100.v20251111-0406.jar
Launcher Type: SUN_STANDARD

[Global flags]
    uintx AdaptiveSizePolicyWeight                 = 90                                        {product} {command line}
     intx CICompilerCount                          = 3                                         {product} {ergonomic}
    uintx GCTimeRatio                              = 4                                         {product} {command line}
     bool HeapDumpOnOutOfMemoryError               = true                                   {manageable} {command line}
    ccstr HeapDumpPath                             = c:\Users\Experimental\AppData\Roaming\Code\User\workspaceStorage\a7b5486ee1fd0779e84ffa6fa3706398\redhat.java         {manageable} {command line}
   size_t InitialHeapSize                          = 104857600                                 {product} {command line}
   size_t MaxHeapSize                              = 2147483648                                {product} {command line}
   size_t MaxNewSize                               = 715653120                                 {product} {ergonomic}
   size_t MinHeapDeltaBytes                        = 524288                                    {product} {ergonomic}
   size_t MinHeapSize                              = 104857600                                 {product} {command line}
   size_t NewSize                                  = 34603008                                  {product} {ergonomic}
    uintx NonNMethodCodeHeapSize                   = 5832780                                {pd product} {ergonomic}
    uintx NonProfiledCodeHeapSize                  = 122912730                              {pd product} {ergonomic}
   size_t OldSize                                  = 70254592                                  {product} {ergonomic}
    uintx ProfiledCodeHeapSize                     = 122912730                              {pd product} {ergonomic}
    uintx ReservedCodeCacheSize                    = 251658240                              {pd product} {ergonomic}
     bool SegmentedCodeCache                       = true                                      {product} {ergonomic}
   size_t SoftMaxHeapSize                          = 2147483648                             {manageable} {ergonomic}
     bool UseCompressedOops                        = true                           {product lp64_product} {ergonomic}
     bool UseLargePagesIndividualAllocation        = false                                  {pd product} {ergonomic}
     bool UseParallelGC                            = true                                      {product} {command line}

Logging:
Log output configuration:
 #0: stdout all=off uptime,level,tags foldmultilines=false
 #1: stderr all=off uptime,level,tags foldmultilines=false

Release file:
JAVA_VERSION="21.0.10" 
MODULES="java.base java.compiler java.datatransfer java.xml java.prefs java.desktop java.instrument java.logging java.management java.security.sasl java.naming java.rmi java.management.rmi java.net.http java.scripting java.security.jgss java.transaction.xa java.sql java.sql.rowset java.xml.crypto java.se java.smartcardio jdk.accessibility jdk.internal.jvmstat jdk.attach jdk.charsets jdk.internal.opt jdk.zipfs jdk.compiler jdk.crypto.ec jdk.crypto.cryptoki jdk.crypto.mscapi jdk.dynalink jdk.internal.ed jdk.editpad jdk.hotspot.agent jdk.httpserver jdk.internal.le jdk.internal.vm.ci jdk.internal.vm.compiler jdk.internal.vm.compiler.management jdk.jartool jdk.javadoc jdk.jcmd jdk.management jdk.management.agent jdk.jconsole jdk.jdeps jdk.jdwp.agent jdk.jdi jdk.jfr jdk.jshell jdk.jsobject jdk.jstatd jdk.localedata jdk.management.jfr jdk.naming.dns jdk.naming.rmi jdk.net jdk.nio.mapmode jdk.random jdk.sctp jdk.security.auth jdk.security.jgss jdk.unsupported jdk.unsupported.desktop jdk.xml.dom" 

Environment Variables:
JAVA_HOME=C:\Program Files\Android\Android Studio\jbr
PATH=C:\Program Files\Common Files\Oracle\Java\javapath;C:\Program Files\Common Files\Oracle\Java\javapath;C:\Program Files\Common Files\Oracle\Java\javapath;C:\Program Files\Common Files\Oracle\Java\javapath;C:\Program Files\Common Files\Oracle\Java\javapath;C:\Program Files\Common Files\Oracle\Java\javapath;C:\Program Files\Common Files\Oracle\Java\javapath;C:\Program Files\Common Files\Oracle\Java\javapath;C:\Program Files\Common Files\Oracle\Java\javapath;C:\Program Files\Common Files\Oracle\Java\javapath;C:\Program Files\Common Files\Oracle\Java\javapath;C:\Program Files\Common Files\Oracle\Java\javapath;C:\Program Files\Common Files\Oracle\Java\javapath;C:\Program Files\Common Files\Oracle\Java\javapath;C:\Program Files\Common Files\Oracle\Java\javapath;C:\Program Files\Common Files\Oracle\Java\javapath;C:\Program Files\Common Files\Oracle\Java\javapath;C:\Program Files\Common Files\Oracle\Java\javapath;C:\Windows\System32;C:\Program Files\Android\Android Studio\jbr\bin;C:\Users\Experimental\AppData\Local\Microsoft\WindowsApps;S:\flutter\bin;C:\Program Files\Android\Android Studio\jbr\bin;C:\Users\Experimental\AppData\Local\Microsoft\WindowsApps;S:\flutter\bin;C:\Windows\System32;C:\Program Files\Git\cmd;C:\Program Files\Android\Android Studio\jbr\bin;C:\Users\Experimental\AppData\Local\Microsoft\WindowsApps;S:\flutter\bin;C:\Program Files\Android\Android Studio\jbr\bin;C:\Users\Experimental\AppData\Local\Microsoft\WindowsApps;S:\flutter\bin;C:\Windows\System32;C:\Program Files\Git\cmd;C:\Program Files\Android\Android Studio\jbr\bin;C:\Users\Experimental\AppData\Local\Microsoft\WindowsApps;S:\flutter\bin;C:\Program Files\Android\Android Studio\jbr\bin;C:\Users\Experimental\AppData\Local\Microsoft\WindowsApps;S:\flutter\bin;C:\Windows\System32;C:\Program Files\Git\cmd;C:\Windows\System32;C:\Windows\System32\WindowsPowerShell\v1.0\;%NVM_HOME%;%NVM_SYMLINK%;C:\Program Files\nodejs\;C:\Program Files\Android\Android Studio\jbr\bin;C:\Users\Experimental\AppData\Local\Microsoft\WindowsApps;S:\flutter\bin;C:\Program Files\Android\Android Studio\jbr\bin;C:\Users\Experimental\AppData\Local\Microsoft\WindowsApps;S:\flutter\bin;C:\Windows\System32;C:\Program Files\Git\cmd;C:\Program Files\Android\Android Studio\jbr\bin;C:\Users\Experimental\AppData\Local\Microsoft\WindowsApps;S:\flutter\bin;C:\Program Files\Android\Android Studio\jbr\bin;C:\Users\Experimental\AppData\Local\Microsoft\WindowsApps;S:\flutter\bin;C:\Windows\System32;C:\Program Files\Git\cmd;C:\Program Files\Android\Android Studio\jbr\bin;C:\Users\Experimental\AppData\Local\Microsoft\WindowsApps;S:\flutter\bin;C:\Program Files\Android\Android Studio\jbr\bin;C:\Users\Experimental\AppData\Local\Microsoft\WindowsApps;S:\flutter\bin;C:\Windows\System32;C:\Program Files\Git\cmd;C:\Windows\System32;C:\Windows\System32\WindowsPowerShell\v1.0\;C:\Users\Experimental\AppData\Local\nvm;C:\nvm4w\nodejs;C:\Program Files\nodejs\;C:\Program Files\Android\Android Studio\jbr\bin;C:\Users\Experimental\AppData\Local\Microsoft\WindowsApps;S:\flutter\bin;C:\Program Files\Android\Android Studio\jbr\bin;C:\Users\Experimental\AppData\Local\Microsoft\WindowsApps;S:\flutter\bin;C:\Windows\System32;C:\Program Files\Git\cmd;C:\Program Files\Android\Android Studio\jbr\bin;C:\Users\Experimental\AppData\Local\Microsoft\WindowsApps;S:\flutter\bin;C:\Program Files\Android\Android Studio\jbr\bin;C:\Users\Experimental\AppData\Local\Microsoft\WindowsApps;S:\flutter\bin;C:\Windows\System32;C:\Program Files\Git\cmd;C:\Program Files\Android\Android Studio\jbr\bin;C:\Users\Experimental\AppData\Local\Microsoft\WindowsApps;S:\flutter\bin;C:\Program Files\Android\Android Studio\jbr\bin;C:\Users\Experimental\AppData\Local\Microsoft\WindowsApps;S:\flutter\bin;C:\Windows\System32;C:\Program Files\Git\cmd;C:\Windows\System32;C:\Windows\System32\WindowsPowerShell\v1.0\;C:\Users\Experimental\AppData\Local\nvm;C:\nvm4w\nodejs;C:\Program Files\nodejs\;C:\Windows\System32;C:\Windows;C:\Windows\System32\Wbem;C:\Windows\System32\WindowsPowerShell\v1.0\;S:\flutter\bin;C:\Program Files\Git\cmd;C:\Program Files\Android\Android Studio\jbr\bin;C:\Users\Experimental\AppData\Local\Microsoft\WindowsApps;C:\Users\Experimental\AppData\Local\Android\Sdk\platform-tools;C:\Users\Experimental\AppData\Local\Programs\Microsoft VS Code\bin;C:\Users\Experimental\AppData\Local\nvm;C:\nvm4w\nodejs;C:\Users\Experimental\AppData\Roaming\npm;C:\Users\Experimental\AppData\Local\Google\Cloud SDK\google-cloud-sdk\bin
USERNAME=Experimental
OS=Windows_NT
PROCESSOR_IDENTIFIER=Intel64 Family 6 Model 94 Stepping 3, GenuineIntel
TMP=C:\Users\EXPERI~1\AppData\Local\Temp
TEMP=C:\Users\EXPERI~1\AppData\Local\Temp




Periodic native trim disabled

---------------  S Y S T E M  ---------------

OS:
 Windows 11 , 64 bit Build 22000 (10.0.22000.1516)
OS uptime: 0 days 1:44 hours

CPU: total 4 (initial active 4) (4 cores per cpu, 1 threads per core) family 6 model 94 stepping 3 microcode 0xd6, cx8, cmov, fxsr, mmx, 3dnowpref, sse, sse2, sse3, ssse3, sse4.1, sse4.2, popcnt, lzcnt, tsc, tscinvbit, avx, avx2, aes, erms, clmul, bmi1, bmi2, rtm, adx, fma, vzeroupper, clflush, clflushopt, rdtscp, f16c
Processor Information for the first 4 processors :
  Max Mhz: 2301, Current Mhz: 2301, Mhz Limit: 2301

Memory: 4k page, system-wide physical 7865M (422M free)
TotalPageFile size 22397M (AvailPageFile size 1M)
current process WorkingSet (physical memory assigned to process): 139M, peak: 139M
current process commit charge ("private bytes"): 266M, peak: 267M

vm_info: OpenJDK 64-Bit Server VM (21.0.10+7-LTS) for windows-amd64 JRE (21.0.10+7-LTS), built on 2026-01-20T00:00:00Z by "admin" with MS VC++ 17.12 (VS2022)

END.
