#
# There is insufficient memory for the Java Runtime Environment to continue.
# Native memory allocation (malloc) failed to allocate 126736 bytes. Error detail: Chunk::new
# Possible reasons:
#   This process is running with CompressedOops enabled, and the Java Heap may be blocking the growth of the native heap
# Possible solutions:
#   Reduce memory load on the system
#   Increase physical memory or swap space
#   Check if swap backing store is full
#   Decrease Java heap size (-Xmx/-Xms)
#   Decrease number of Java threads
#   Decrease Java thread stack sizes (-Xss)
#   JVM is running with Unscaled Compressed Oops mode in which the Java heap is
#     maximum limit for the native heap growth. Please use -XX:HeapBaseMinAddress
#     to set the Java Heap base and to place the Java Heap above 4GB virtual address.
# This output file may be truncated or incomplete.
#
#  Out of Memory Error (arena.cpp:168), pid=17264, tid=7656
#
# JRE version: OpenJDK Runtime Environment (21.0.8) (build 21.0.8+-14196175-b1038.72)
# Java VM: OpenJDK 64-Bit Server VM (21.0.8+-14196175-b1038.72, mixed mode, tiered, compressed oops, compressed class ptrs, g1 gc, windows-amd64)
# No core dump will be written. Minidumps are not enabled by default on client versions of Windows
#

---------------  S U M M A R Y ------------

Command Line: -Dorg.gradle.appname=gradlew org.gradle.wrapper.GradleWrapperMain --full-stacktrace --info -Pverbose=true -Ptarget-platform=android-arm64 -Ptarget=S:\dev\CaribTap\flutter-ulistings-app\flutter_universal_listings\lib\main.dart -Pbase-application-name=android.app.Application -Pdart-defines=RkxVVFRFUl9WRVJTSU9OPTMuMzguNg==,RkxVVFRFUl9DSEFOTkVMPXN0YWJsZQ==,RkxVVFRFUl9HSVRfVVJMPWh0dHBzOi8vZ2l0aHViLmNvbS9mbHV0dGVyL2ZsdXR0ZXIuZ2l0,RkxVVFRFUl9GUkFNRVdPUktfUkVWSVNJT049OGI4NzI4Njg0OQ==,RkxVVFRFUl9FTkdJTkVfUkVWSVNJT049NzhmYzMwMTJlNA==,RkxVVFRFUl9EQVJUX1ZFUlNJT049My4xMC43 -Pdart-obfuscation=false -Ptrack-widget-creation=true -Ptree-shake-icons=false -Pfilesystem-scheme=org-dartlang-root assembleDebug

Host: Intel(R) Core(TM) i5-6300HQ CPU @ 2.30GHz, 4 cores, 7G,  Windows 11 , 64 bit Build 22000 (10.0.22000.1516)
Time: Mon Feb 23 22:52:01 2026 SA Western Standard Time elapsed time: 99.943047 seconds (0d 0h 1m 39s)

---------------  T H R E A D  ---------------

Current thread (0x000001843e284780):  JavaThread "C2 CompilerThread0" daemon [_thread_in_native, id=7656, stack(0x0000008402900000,0x0000008402a00000) (1024K)]


Current CompileTask:
C2:99943 2143       4       org.gradle.internal.logging.text.AbstractStyledTextOutput::text (19 bytes)

Stack: [0x0000008402900000,0x0000008402a00000]
Native frames: (J=compiled Java code, j=interpreted, Vv=VM code, C=native code)
V  [jvm.dll+0x6d68d9]
V  [jvm.dll+0x866693]
V  [jvm.dll+0x868c4e]
V  [jvm.dll+0x869333]
V  [jvm.dll+0x280566]
V  [jvm.dll+0xc07cd]
V  [jvm.dll+0xc0d03]
V  [jvm.dll+0x3b961b]
V  [jvm.dll+0x1df7bb]
V  [jvm.dll+0x2493a4]
V  [jvm.dll+0x248821]
V  [jvm.dll+0x1c73a4]
V  [jvm.dll+0x257f9e]
V  [jvm.dll+0x2564e6]
V  [jvm.dll+0x3f4696]
V  [jvm.dll+0x80eac8]
V  [jvm.dll+0x6d512d]
C  [ucrtbase.dll+0x26c0c]
C  [KERNEL32.DLL+0x155a0]
C  [ntdll.dll+0x485b]


---------------  P R O C E S S  ---------------

Threads class SMR info:
_java_thread_list=0x00000184436b1540, length=12, elements={
0x00000184251074e0, 0x000001843e24c5d0, 0x000001843e257290, 0x000001843e257cf0,
0x000001843e25acf0, 0x000001843e258880, 0x000001843e2592e0, 0x000001843e259d40,
0x000001843e284780, 0x000001843e285220, 0x000001843e412f20, 0x0000018443385cd0
}

Java Threads: ( => current thread )
  0x00000184251074e0 JavaThread "main"                              [_thread_in_native, id=1524, stack(0x0000008401a00000,0x0000008401b00000) (1024K)]
  0x000001843e24c5d0 JavaThread "Common-Cleaner"             daemon [_thread_blocked, id=4788, stack(0x0000008402200000,0x0000008402300000) (1024K)]
  0x000001843e257290 JavaThread "Reference Handler"          daemon [_thread_blocked, id=7500, stack(0x0000008402300000,0x0000008402400000) (1024K)]
  0x000001843e257cf0 JavaThread "Finalizer"                  daemon [_thread_blocked, id=2468, stack(0x0000008402400000,0x0000008402500000) (1024K)]
  0x000001843e25acf0 JavaThread "Signal Dispatcher"          daemon [_thread_blocked, id=17208, stack(0x0000008402500000,0x0000008402600000) (1024K)]
  0x000001843e258880 JavaThread "Attach Listener"            daemon [_thread_blocked, id=16192, stack(0x0000008402600000,0x0000008402700000) (1024K)]
  0x000001843e2592e0 JavaThread "Service Thread"             daemon [_thread_blocked, id=3924, stack(0x0000008402700000,0x0000008402800000) (1024K)]
  0x000001843e259d40 JavaThread "Monitor Deflation Thread"   daemon [_thread_blocked, id=12972, stack(0x0000008402800000,0x0000008402900000) (1024K)]
=>0x000001843e284780 JavaThread "C2 CompilerThread0"         daemon [_thread_in_native, id=7656, stack(0x0000008402900000,0x0000008402a00000) (1024K)]
  0x000001843e285220 JavaThread "C1 CompilerThread0"         daemon [_thread_blocked, id=12440, stack(0x0000008402a00000,0x0000008402b00000) (1024K)]
  0x000001843e412f20 JavaThread "Notification Thread"        daemon [_thread_blocked, id=16400, stack(0x0000008402b00000,0x0000008402c00000) (1024K)]
  0x0000018443385cd0 JavaThread "pool-1-thread-1"                   [_thread_blocked, id=15088, stack(0x0000008403000000,0x0000008403100000) (1024K)]
Total: 12

Other Threads:
  0x000001843e08cf90 VMThread "VM Thread"                           [id=16952, stack(0x0000008402100000,0x0000008402200000) (1024K)]
  0x000001843e043870 WatcherThread "VM Periodic Task Thread"        [id=17400, stack(0x0000008402000000,0x0000008402100000) (1024K)]
  0x0000018427435430 WorkerThread "GC Thread#0"                     [id=4660, stack(0x0000008401b00000,0x0000008401c00000) (1024K)]
  0x000001843e712db0 WorkerThread "GC Thread#1"                     [id=4172, stack(0x0000008402c00000,0x0000008402d00000) (1024K)]
  0x000001843e8cbcc0 WorkerThread "GC Thread#2"                     [id=13984, stack(0x0000008402d00000,0x0000008402e00000) (1024K)]
  0x000001843e8cc060 WorkerThread "GC Thread#3"                     [id=16716, stack(0x0000008402e00000,0x0000008402f00000) (1024K)]
  0x0000018427446480 ConcurrentGCThread "G1 Main Marker"            [id=16908, stack(0x0000008401c00000,0x0000008401d00000) (1024K)]
  0x0000018427446f80 WorkerThread "G1 Conc#0"                       [id=3408, stack(0x0000008401d00000,0x0000008401e00000) (1024K)]
  0x00000184274ae7b0 ConcurrentGCThread "G1 Refine#0"               [id=1268, stack(0x0000008401e00000,0x0000008401f00000) (1024K)]
  0x000001843df19100 ConcurrentGCThread "G1 Service"                [id=15236, stack(0x0000008401f00000,0x0000008402000000) (1024K)]
Total: 10

Threads with active compile tasks:
C2 CompilerThread0  99993 2143       4       org.gradle.internal.logging.text.AbstractStyledTextOutput::text (19 bytes)
Total: 1

VM state: not at safepoint (normal execution)

VM Mutex/Monitor currently owned by a thread: None

Heap address: 0x0000000085000000, size: 1968 MB, Compressed Oops mode: 32-bit

CDS archive(s) not mapped
Compressed class space mapped at: 0x0000000100000000-0x0000000140000000, reserved size: 1073741824
Narrow klass base: 0x0000000000000000, Narrow klass shift: 3, Narrow klass range: 0x140000000

GC Precious Log:
 CardTable entry size: 512
 Card Set container configuration: InlinePtr #cards 5 size 8 Array Of Cards #cards 12 size 40 Howl #buckets 4 coarsen threshold 1843 Howl Bitmap #cards 512 size 80 coarsen threshold 460 Card regions per heap region 1 cards per card region 2048
 CPUs: 4 total, 4 available
 Memory: 7865M
 Large Page Support: Disabled
 NUMA Support: Disabled
 Compressed Oops: Enabled (32-bit)
 Heap Region Size: 1M
 Heap Min Capacity: 8M
 Heap Initial Capacity: 124M
 Heap Max Capacity: 1968M
 Pre-touch: Disabled
 Parallel Workers: 4
 Concurrent Workers: 1
 Concurrent Refinement Workers: 4
 Periodic GC: Disabled

Heap:
 garbage-first heap   total 157696K, used 20679K [0x0000000085000000, 0x0000000100000000)
  region size 1024K, 9 young (9216K), 2 survivors (2048K)
 Metaspace       used 18784K, committed 19072K, reserved 1114112K
  class space    used 2225K, committed 2368K, reserved 1048576K

Heap Regions: E=young(eden), S=young(survivor), O=old, HS=humongous(starts), HC=humongous(continues), CS=collection set, F=free, TAMS=top-at-mark-start, PB=parsable bottom
|   0|0x0000000085000000, 0x0000000085100000, 0x0000000085100000|100%|HS|  |TAMS 0x0000000085000000| PB 0x0000000085000000| Complete 
|   1|0x0000000085100000, 0x0000000085200000, 0x0000000085200000|100%|HC|  |TAMS 0x0000000085100000| PB 0x0000000085100000| Complete 
|   2|0x0000000085200000, 0x0000000085300000, 0x0000000085300000|100%|HC|  |TAMS 0x0000000085200000| PB 0x0000000085200000| Complete 
|   3|0x0000000085300000, 0x0000000085400000, 0x0000000085400000|100%| O|  |TAMS 0x0000000085300000| PB 0x0000000085300000| Untracked 
|   4|0x0000000085400000, 0x0000000085500000, 0x0000000085500000|100%| O|  |TAMS 0x0000000085400000| PB 0x0000000085400000| Untracked 
|   5|0x0000000085500000, 0x0000000085600000, 0x0000000085600000|100%| O|  |TAMS 0x0000000085500000| PB 0x0000000085500000| Untracked 
|   6|0x0000000085600000, 0x0000000085700000, 0x0000000085700000|100%| O|  |TAMS 0x0000000085600000| PB 0x0000000085600000| Untracked 
|   7|0x0000000085700000, 0x0000000085800000, 0x0000000085800000|100%| O|  |TAMS 0x0000000085700000| PB 0x0000000085700000| Untracked 
|   8|0x0000000085800000, 0x0000000085900000, 0x0000000085900000|100%| O|  |TAMS 0x0000000085800000| PB 0x0000000085800000| Untracked 
|   9|0x0000000085900000, 0x0000000085a00000, 0x0000000085a00000|100%| O|  |TAMS 0x0000000085900000| PB 0x0000000085900000| Untracked 
|  10|0x0000000085a00000, 0x0000000085b00000, 0x0000000085b00000|100%| O|  |TAMS 0x0000000085a00000| PB 0x0000000085a00000| Untracked 
|  11|0x0000000085b00000, 0x0000000085c00000, 0x0000000085c00000|100%| O|  |TAMS 0x0000000085b00000| PB 0x0000000085b00000| Untracked 
|  12|0x0000000085c00000, 0x0000000085c31c18, 0x0000000085d00000| 19%| O|  |TAMS 0x0000000085c00000| PB 0x0000000085c00000| Untracked 
|  13|0x0000000085d00000, 0x0000000085d00000, 0x0000000085e00000|  0%| F|  |TAMS 0x0000000085d00000| PB 0x0000000085d00000| Untracked 
|  14|0x0000000085e00000, 0x0000000085e00000, 0x0000000085f00000|  0%| F|  |TAMS 0x0000000085e00000| PB 0x0000000085e00000| Untracked 
|  15|0x0000000085f00000, 0x0000000085f00000, 0x0000000086000000|  0%| F|  |TAMS 0x0000000085f00000| PB 0x0000000085f00000| Untracked 
|  16|0x0000000086000000, 0x0000000086000000, 0x0000000086100000|  0%| F|  |TAMS 0x0000000086000000| PB 0x0000000086000000| Untracked 
|  17|0x0000000086100000, 0x0000000086100000, 0x0000000086200000|  0%| F|  |TAMS 0x0000000086100000| PB 0x0000000086100000| Untracked 
|  18|0x0000000086200000, 0x0000000086200000, 0x0000000086300000|  0%| F|  |TAMS 0x0000000086200000| PB 0x0000000086200000| Untracked 
|  19|0x0000000086300000, 0x0000000086300000, 0x0000000086400000|  0%| F|  |TAMS 0x0000000086300000| PB 0x0000000086300000| Untracked 
|  20|0x0000000086400000, 0x0000000086400000, 0x0000000086500000|  0%| F|  |TAMS 0x0000000086400000| PB 0x0000000086400000| Untracked 
|  21|0x0000000086500000, 0x0000000086500000, 0x0000000086600000|  0%| F|  |TAMS 0x0000000086500000| PB 0x0000000086500000| Untracked 
|  22|0x0000000086600000, 0x0000000086600000, 0x0000000086700000|  0%| F|  |TAMS 0x0000000086600000| PB 0x0000000086600000| Untracked 
|  23|0x0000000086700000, 0x0000000086700000, 0x0000000086800000|  0%| F|  |TAMS 0x0000000086700000| PB 0x0000000086700000| Untracked 
|  24|0x0000000086800000, 0x0000000086800000, 0x0000000086900000|  0%| F|  |TAMS 0x0000000086800000| PB 0x0000000086800000| Untracked 
|  25|0x0000000086900000, 0x0000000086900000, 0x0000000086a00000|  0%| F|  |TAMS 0x0000000086900000| PB 0x0000000086900000| Untracked 
|  26|0x0000000086a00000, 0x0000000086a00000, 0x0000000086b00000|  0%| F|  |TAMS 0x0000000086a00000| PB 0x0000000086a00000| Untracked 
|  27|0x0000000086b00000, 0x0000000086b00000, 0x0000000086c00000|  0%| F|  |TAMS 0x0000000086b00000| PB 0x0000000086b00000| Untracked 
|  28|0x0000000086c00000, 0x0000000086c00000, 0x0000000086d00000|  0%| F|  |TAMS 0x0000000086c00000| PB 0x0000000086c00000| Untracked 
|  29|0x0000000086d00000, 0x0000000086d00000, 0x0000000086e00000|  0%| F|  |TAMS 0x0000000086d00000| PB 0x0000000086d00000| Untracked 
|  30|0x0000000086e00000, 0x0000000086e00000, 0x0000000086f00000|  0%| F|  |TAMS 0x0000000086e00000| PB 0x0000000086e00000| Untracked 
|  31|0x0000000086f00000, 0x0000000086f00000, 0x0000000087000000|  0%| F|  |TAMS 0x0000000086f00000| PB 0x0000000086f00000| Untracked 
|  32|0x0000000087000000, 0x0000000087000000, 0x0000000087100000|  0%| F|  |TAMS 0x0000000087000000| PB 0x0000000087000000| Untracked 
|  33|0x0000000087100000, 0x0000000087100000, 0x0000000087200000|  0%| F|  |TAMS 0x0000000087100000| PB 0x0000000087100000| Untracked 
|  34|0x0000000087200000, 0x0000000087200000, 0x0000000087300000|  0%| F|  |TAMS 0x0000000087200000| PB 0x0000000087200000| Untracked 
|  35|0x0000000087300000, 0x0000000087300000, 0x0000000087400000|  0%| F|  |TAMS 0x0000000087300000| PB 0x0000000087300000| Untracked 
|  36|0x0000000087400000, 0x0000000087400000, 0x0000000087500000|  0%| F|  |TAMS 0x0000000087400000| PB 0x0000000087400000| Untracked 
|  37|0x0000000087500000, 0x0000000087500000, 0x0000000087600000|  0%| F|  |TAMS 0x0000000087500000| PB 0x0000000087500000| Untracked 
|  38|0x0000000087600000, 0x0000000087600000, 0x0000000087700000|  0%| F|  |TAMS 0x0000000087600000| PB 0x0000000087600000| Untracked 
|  39|0x0000000087700000, 0x0000000087700000, 0x0000000087800000|  0%| F|  |TAMS 0x0000000087700000| PB 0x0000000087700000| Untracked 
|  40|0x0000000087800000, 0x0000000087800000, 0x0000000087900000|  0%| F|  |TAMS 0x0000000087800000| PB 0x0000000087800000| Untracked 
|  41|0x0000000087900000, 0x0000000087900000, 0x0000000087a00000|  0%| F|  |TAMS 0x0000000087900000| PB 0x0000000087900000| Untracked 
|  42|0x0000000087a00000, 0x0000000087a00000, 0x0000000087b00000|  0%| F|  |TAMS 0x0000000087a00000| PB 0x0000000087a00000| Untracked 
|  43|0x0000000087b00000, 0x0000000087b00000, 0x0000000087c00000|  0%| F|  |TAMS 0x0000000087b00000| PB 0x0000000087b00000| Untracked 
|  44|0x0000000087c00000, 0x0000000087c00000, 0x0000000087d00000|  0%| F|  |TAMS 0x0000000087c00000| PB 0x0000000087c00000| Untracked 
|  45|0x0000000087d00000, 0x0000000087d00000, 0x0000000087e00000|  0%| F|  |TAMS 0x0000000087d00000| PB 0x0000000087d00000| Untracked 
|  46|0x0000000087e00000, 0x0000000087e00000, 0x0000000087f00000|  0%| F|  |TAMS 0x0000000087e00000| PB 0x0000000087e00000| Untracked 
|  47|0x0000000087f00000, 0x0000000087f00000, 0x0000000088000000|  0%| F|  |TAMS 0x0000000087f00000| PB 0x0000000087f00000| Untracked 
|  48|0x0000000088000000, 0x0000000088000000, 0x0000000088100000|  0%| F|  |TAMS 0x0000000088000000| PB 0x0000000088000000| Untracked 
|  49|0x0000000088100000, 0x0000000088100000, 0x0000000088200000|  0%| F|  |TAMS 0x0000000088100000| PB 0x0000000088100000| Untracked 
|  50|0x0000000088200000, 0x0000000088200000, 0x0000000088300000|  0%| F|  |TAMS 0x0000000088200000| PB 0x0000000088200000| Untracked 
|  51|0x0000000088300000, 0x0000000088300000, 0x0000000088400000|  0%| F|  |TAMS 0x0000000088300000| PB 0x0000000088300000| Untracked 
|  52|0x0000000088400000, 0x0000000088400000, 0x0000000088500000|  0%| F|  |TAMS 0x0000000088400000| PB 0x0000000088400000| Untracked 
|  53|0x0000000088500000, 0x0000000088500000, 0x0000000088600000|  0%| F|  |TAMS 0x0000000088500000| PB 0x0000000088500000| Untracked 
|  54|0x0000000088600000, 0x0000000088600000, 0x0000000088700000|  0%| F|  |TAMS 0x0000000088600000| PB 0x0000000088600000| Untracked 
|  55|0x0000000088700000, 0x0000000088700000, 0x0000000088800000|  0%| F|  |TAMS 0x0000000088700000| PB 0x0000000088700000| Untracked 
|  56|0x0000000088800000, 0x0000000088800000, 0x0000000088900000|  0%| F|  |TAMS 0x0000000088800000| PB 0x0000000088800000| Untracked 
|  57|0x0000000088900000, 0x0000000088900000, 0x0000000088a00000|  0%| F|  |TAMS 0x0000000088900000| PB 0x0000000088900000| Untracked 
|  58|0x0000000088a00000, 0x0000000088a00000, 0x0000000088b00000|  0%| F|  |TAMS 0x0000000088a00000| PB 0x0000000088a00000| Untracked 
|  59|0x0000000088b00000, 0x0000000088b00000, 0x0000000088c00000|  0%| F|  |TAMS 0x0000000088b00000| PB 0x0000000088b00000| Untracked 
|  60|0x0000000088c00000, 0x0000000088c00000, 0x0000000088d00000|  0%| F|  |TAMS 0x0000000088c00000| PB 0x0000000088c00000| Untracked 
|  61|0x0000000088d00000, 0x0000000088d00000, 0x0000000088e00000|  0%| F|  |TAMS 0x0000000088d00000| PB 0x0000000088d00000| Untracked 
|  62|0x0000000088e00000, 0x0000000088e00000, 0x0000000088f00000|  0%| F|  |TAMS 0x0000000088e00000| PB 0x0000000088e00000| Untracked 
|  63|0x0000000088f00000, 0x0000000088f00000, 0x0000000089000000|  0%| F|  |TAMS 0x0000000088f00000| PB 0x0000000088f00000| Untracked 
|  64|0x0000000089000000, 0x0000000089000000, 0x0000000089100000|  0%| F|  |TAMS 0x0000000089000000| PB 0x0000000089000000| Untracked 
|  65|0x0000000089100000, 0x0000000089100000, 0x0000000089200000|  0%| F|  |TAMS 0x0000000089100000| PB 0x0000000089100000| Untracked 
|  66|0x0000000089200000, 0x0000000089200000, 0x0000000089300000|  0%| F|  |TAMS 0x0000000089200000| PB 0x0000000089200000| Untracked 
|  67|0x0000000089300000, 0x0000000089300000, 0x0000000089400000|  0%| F|  |TAMS 0x0000000089300000| PB 0x0000000089300000| Untracked 
|  68|0x0000000089400000, 0x0000000089400000, 0x0000000089500000|  0%| F|  |TAMS 0x0000000089400000| PB 0x0000000089400000| Untracked 
|  69|0x0000000089500000, 0x0000000089500000, 0x0000000089600000|  0%| F|  |TAMS 0x0000000089500000| PB 0x0000000089500000| Untracked 
|  70|0x0000000089600000, 0x0000000089600000, 0x0000000089700000|  0%| F|  |TAMS 0x0000000089600000| PB 0x0000000089600000| Untracked 
|  71|0x0000000089700000, 0x0000000089700000, 0x0000000089800000|  0%| F|  |TAMS 0x0000000089700000| PB 0x0000000089700000| Untracked 
|  72|0x0000000089800000, 0x0000000089800000, 0x0000000089900000|  0%| F|  |TAMS 0x0000000089800000| PB 0x0000000089800000| Untracked 
|  73|0x0000000089900000, 0x0000000089900000, 0x0000000089a00000|  0%| F|  |TAMS 0x0000000089900000| PB 0x0000000089900000| Untracked 
|  74|0x0000000089a00000, 0x0000000089a00000, 0x0000000089b00000|  0%| F|  |TAMS 0x0000000089a00000| PB 0x0000000089a00000| Untracked 
|  75|0x0000000089b00000, 0x0000000089b00000, 0x0000000089c00000|  0%| F|  |TAMS 0x0000000089b00000| PB 0x0000000089b00000| Untracked 
|  76|0x0000000089c00000, 0x0000000089c00000, 0x0000000089d00000|  0%| F|  |TAMS 0x0000000089c00000| PB 0x0000000089c00000| Untracked 
|  77|0x0000000089d00000, 0x0000000089d00000, 0x0000000089e00000|  0%| F|  |TAMS 0x0000000089d00000| PB 0x0000000089d00000| Untracked 
|  78|0x0000000089e00000, 0x0000000089e00000, 0x0000000089f00000|  0%| F|  |TAMS 0x0000000089e00000| PB 0x0000000089e00000| Untracked 
|  79|0x0000000089f00000, 0x0000000089f00000, 0x000000008a000000|  0%| F|  |TAMS 0x0000000089f00000| PB 0x0000000089f00000| Untracked 
|  80|0x000000008a000000, 0x000000008a000000, 0x000000008a100000|  0%| F|  |TAMS 0x000000008a000000| PB 0x000000008a000000| Untracked 
|  81|0x000000008a100000, 0x000000008a100000, 0x000000008a200000|  0%| F|  |TAMS 0x000000008a100000| PB 0x000000008a100000| Untracked 
|  82|0x000000008a200000, 0x000000008a200000, 0x000000008a300000|  0%| F|  |TAMS 0x000000008a200000| PB 0x000000008a200000| Untracked 
|  83|0x000000008a300000, 0x000000008a300000, 0x000000008a400000|  0%| F|  |TAMS 0x000000008a300000| PB 0x000000008a300000| Untracked 
|  84|0x000000008a400000, 0x000000008a400000, 0x000000008a500000|  0%| F|  |TAMS 0x000000008a400000| PB 0x000000008a400000| Untracked 
|  85|0x000000008a500000, 0x000000008a500000, 0x000000008a600000|  0%| F|  |TAMS 0x000000008a500000| PB 0x000000008a500000| Untracked 
|  86|0x000000008a600000, 0x000000008a600000, 0x000000008a700000|  0%| F|  |TAMS 0x000000008a600000| PB 0x000000008a600000| Untracked 
|  87|0x000000008a700000, 0x000000008a700000, 0x000000008a800000|  0%| F|  |TAMS 0x000000008a700000| PB 0x000000008a700000| Untracked 
|  88|0x000000008a800000, 0x000000008a800000, 0x000000008a900000|  0%| F|  |TAMS 0x000000008a800000| PB 0x000000008a800000| Untracked 
|  89|0x000000008a900000, 0x000000008a900000, 0x000000008aa00000|  0%| F|  |TAMS 0x000000008a900000| PB 0x000000008a900000| Untracked 
|  90|0x000000008aa00000, 0x000000008aa00000, 0x000000008ab00000|  0%| F|  |TAMS 0x000000008aa00000| PB 0x000000008aa00000| Untracked 
|  91|0x000000008ab00000, 0x000000008ab00000, 0x000000008ac00000|  0%| F|  |TAMS 0x000000008ab00000| PB 0x000000008ab00000| Untracked 
|  92|0x000000008ac00000, 0x000000008ac00000, 0x000000008ad00000|  0%| F|  |TAMS 0x000000008ac00000| PB 0x000000008ac00000| Untracked 
|  93|0x000000008ad00000, 0x000000008ad00000, 0x000000008ae00000|  0%| F|  |TAMS 0x000000008ad00000| PB 0x000000008ad00000| Untracked 
|  94|0x000000008ae00000, 0x000000008ae00000, 0x000000008af00000|  0%| F|  |TAMS 0x000000008ae00000| PB 0x000000008ae00000| Untracked 
|  95|0x000000008af00000, 0x000000008af00000, 0x000000008b000000|  0%| F|  |TAMS 0x000000008af00000| PB 0x000000008af00000| Untracked 
|  96|0x000000008b000000, 0x000000008b000000, 0x000000008b100000|  0%| F|  |TAMS 0x000000008b000000| PB 0x000000008b000000| Untracked 
|  97|0x000000008b100000, 0x000000008b100000, 0x000000008b200000|  0%| F|  |TAMS 0x000000008b100000| PB 0x000000008b100000| Untracked 
|  98|0x000000008b200000, 0x000000008b200000, 0x000000008b300000|  0%| F|  |TAMS 0x000000008b200000| PB 0x000000008b200000| Untracked 
|  99|0x000000008b300000, 0x000000008b300000, 0x000000008b400000|  0%| F|  |TAMS 0x000000008b300000| PB 0x000000008b300000| Untracked 
| 100|0x000000008b400000, 0x000000008b400000, 0x000000008b500000|  0%| F|  |TAMS 0x000000008b400000| PB 0x000000008b400000| Untracked 
| 101|0x000000008b500000, 0x000000008b500000, 0x000000008b600000|  0%| F|  |TAMS 0x000000008b500000| PB 0x000000008b500000| Untracked 
| 102|0x000000008b600000, 0x000000008b600000, 0x000000008b700000|  0%| F|  |TAMS 0x000000008b600000| PB 0x000000008b600000| Untracked 
| 103|0x000000008b700000, 0x000000008b700000, 0x000000008b800000|  0%| F|  |TAMS 0x000000008b700000| PB 0x000000008b700000| Untracked 
| 104|0x000000008b800000, 0x000000008b800000, 0x000000008b900000|  0%| F|  |TAMS 0x000000008b800000| PB 0x000000008b800000| Untracked 
| 105|0x000000008b900000, 0x000000008b900000, 0x000000008ba00000|  0%| F|  |TAMS 0x000000008b900000| PB 0x000000008b900000| Untracked 
| 106|0x000000008ba00000, 0x000000008ba00000, 0x000000008bb00000|  0%| F|  |TAMS 0x000000008ba00000| PB 0x000000008ba00000| Untracked 
| 107|0x000000008bb00000, 0x000000008bb00000, 0x000000008bc00000|  0%| F|  |TAMS 0x000000008bb00000| PB 0x000000008bb00000| Untracked 
| 108|0x000000008bc00000, 0x000000008bc00000, 0x000000008bd00000|  0%| F|  |TAMS 0x000000008bc00000| PB 0x000000008bc00000| Untracked 
| 109|0x000000008bd00000, 0x000000008bd00000, 0x000000008be00000|  0%| F|  |TAMS 0x000000008bd00000| PB 0x000000008bd00000| Untracked 
| 110|0x000000008be00000, 0x000000008be00000, 0x000000008bf00000|  0%| F|  |TAMS 0x000000008be00000| PB 0x000000008be00000| Untracked 
| 111|0x000000008bf00000, 0x000000008bf00000, 0x000000008c000000|  0%| F|  |TAMS 0x000000008bf00000| PB 0x000000008bf00000| Untracked 
| 112|0x000000008c000000, 0x000000008c000000, 0x000000008c100000|  0%| F|  |TAMS 0x000000008c000000| PB 0x000000008c000000| Untracked 
| 113|0x000000008c100000, 0x000000008c100000, 0x000000008c200000|  0%| F|  |TAMS 0x000000008c100000| PB 0x000000008c100000| Untracked 
| 114|0x000000008c200000, 0x000000008c200000, 0x000000008c300000|  0%| F|  |TAMS 0x000000008c200000| PB 0x000000008c200000| Untracked 
| 115|0x000000008c300000, 0x000000008c300000, 0x000000008c400000|  0%| F|  |TAMS 0x000000008c300000| PB 0x000000008c300000| Untracked 
| 116|0x000000008c400000, 0x000000008c400000, 0x000000008c500000|  0%| F|  |TAMS 0x000000008c400000| PB 0x000000008c400000| Untracked 
| 117|0x000000008c500000, 0x000000008c500000, 0x000000008c600000|  0%| F|  |TAMS 0x000000008c500000| PB 0x000000008c500000| Untracked 
| 118|0x000000008c600000, 0x000000008c600000, 0x000000008c700000|  0%| F|  |TAMS 0x000000008c600000| PB 0x000000008c600000| Untracked 
| 119|0x000000008c700000, 0x000000008c700000, 0x000000008c800000|  0%| F|  |TAMS 0x000000008c700000| PB 0x000000008c700000| Untracked 
| 120|0x000000008c800000, 0x000000008c800000, 0x000000008c900000|  0%| F|  |TAMS 0x000000008c800000| PB 0x000000008c800000| Untracked 
| 121|0x000000008c900000, 0x000000008c900000, 0x000000008ca00000|  0%| F|  |TAMS 0x000000008c900000| PB 0x000000008c900000| Untracked 
| 122|0x000000008ca00000, 0x000000008ca00000, 0x000000008cb00000|  0%| F|  |TAMS 0x000000008ca00000| PB 0x000000008ca00000| Untracked 
| 123|0x000000008cb00000, 0x000000008cb00000, 0x000000008cc00000|  0%| F|  |TAMS 0x000000008cb00000| PB 0x000000008cb00000| Untracked 
| 124|0x000000008cc00000, 0x000000008cc00000, 0x000000008cd00000|  0%| F|  |TAMS 0x000000008cc00000| PB 0x000000008cc00000| Untracked 
| 125|0x000000008cd00000, 0x000000008cd00000, 0x000000008ce00000|  0%| F|  |TAMS 0x000000008cd00000| PB 0x000000008cd00000| Untracked 
| 126|0x000000008ce00000, 0x000000008ce00000, 0x000000008cf00000|  0%| F|  |TAMS 0x000000008ce00000| PB 0x000000008ce00000| Untracked 
| 127|0x000000008cf00000, 0x000000008cf00000, 0x000000008d000000|  0%| F|  |TAMS 0x000000008cf00000| PB 0x000000008cf00000| Untracked 
| 128|0x000000008d000000, 0x000000008d000000, 0x000000008d100000|  0%| F|  |TAMS 0x000000008d000000| PB 0x000000008d000000| Untracked 
| 129|0x000000008d100000, 0x000000008d100000, 0x000000008d200000|  0%| F|  |TAMS 0x000000008d100000| PB 0x000000008d100000| Untracked 
| 130|0x000000008d200000, 0x000000008d200000, 0x000000008d300000|  0%| F|  |TAMS 0x000000008d200000| PB 0x000000008d200000| Untracked 
| 131|0x000000008d300000, 0x000000008d300000, 0x000000008d400000|  0%| F|  |TAMS 0x000000008d300000| PB 0x000000008d300000| Untracked 
| 132|0x000000008d400000, 0x000000008d400000, 0x000000008d500000|  0%| F|  |TAMS 0x000000008d400000| PB 0x000000008d400000| Untracked 
| 133|0x000000008d500000, 0x000000008d500000, 0x000000008d600000|  0%| F|  |TAMS 0x000000008d500000| PB 0x000000008d500000| Untracked 
| 134|0x000000008d600000, 0x000000008d600000, 0x000000008d700000|  0%| F|  |TAMS 0x000000008d600000| PB 0x000000008d600000| Untracked 
| 135|0x000000008d700000, 0x000000008d700000, 0x000000008d800000|  0%| F|  |TAMS 0x000000008d700000| PB 0x000000008d700000| Untracked 
| 136|0x000000008d800000, 0x000000008d800000, 0x000000008d900000|  0%| F|  |TAMS 0x000000008d800000| PB 0x000000008d800000| Untracked 
| 137|0x000000008d900000, 0x000000008d900000, 0x000000008da00000|  0%| F|  |TAMS 0x000000008d900000| PB 0x000000008d900000| Untracked 
| 138|0x000000008da00000, 0x000000008da00000, 0x000000008db00000|  0%| F|  |TAMS 0x000000008da00000| PB 0x000000008da00000| Untracked 
| 139|0x000000008db00000, 0x000000008db00000, 0x000000008dc00000|  0%| F|  |TAMS 0x000000008db00000| PB 0x000000008db00000| Untracked 
| 140|0x000000008dc00000, 0x000000008dd00000, 0x000000008dd00000|100%| S|CS|TAMS 0x000000008dc00000| PB 0x000000008dc00000| Complete 
| 141|0x000000008dd00000, 0x000000008de00000, 0x000000008de00000|100%| S|CS|TAMS 0x000000008dd00000| PB 0x000000008dd00000| Complete 
| 142|0x000000008de00000, 0x000000008de00000, 0x000000008df00000|  0%| F|  |TAMS 0x000000008de00000| PB 0x000000008de00000| Untracked 
| 143|0x000000008df00000, 0x000000008df00000, 0x000000008e000000|  0%| F|  |TAMS 0x000000008df00000| PB 0x000000008df00000| Untracked 
| 144|0x000000008e000000, 0x000000008e000000, 0x000000008e100000|  0%| F|  |TAMS 0x000000008e000000| PB 0x000000008e000000| Untracked 
| 145|0x000000008e100000, 0x000000008e100000, 0x000000008e200000|  0%| F|  |TAMS 0x000000008e100000| PB 0x000000008e100000| Untracked 
| 146|0x000000008e200000, 0x000000008e200000, 0x000000008e300000|  0%| F|  |TAMS 0x000000008e200000| PB 0x000000008e200000| Untracked 
| 147|0x000000008e300000, 0x000000008e363c08, 0x000000008e400000| 38%| E|  |TAMS 0x000000008e300000| PB 0x000000008e300000| Complete 
| 148|0x000000008e400000, 0x000000008e500000, 0x000000008e500000|100%| E|CS|TAMS 0x000000008e400000| PB 0x000000008e400000| Complete 
| 149|0x000000008e500000, 0x000000008e600000, 0x000000008e600000|100%| E|CS|TAMS 0x000000008e500000| PB 0x000000008e500000| Complete 
| 150|0x000000008e600000, 0x000000008e700000, 0x000000008e700000|100%| E|CS|TAMS 0x000000008e600000| PB 0x000000008e600000| Complete 
| 151|0x000000008e700000, 0x000000008e800000, 0x000000008e800000|100%| E|CS|TAMS 0x000000008e700000| PB 0x000000008e700000| Complete 
| 152|0x000000008e800000, 0x000000008e900000, 0x000000008e900000|100%| E|CS|TAMS 0x000000008e800000| PB 0x000000008e800000| Complete 
| 153|0x000000008e900000, 0x000000008ea00000, 0x000000008ea00000|100%| E|CS|TAMS 0x000000008e900000| PB 0x000000008e900000| Complete 

Card table byte_map: [0x0000018439920000,0x0000018439d00000] _byte_map_base: 0x00000184394f8000

Marking Bits: (CMBitMap*) 0x0000018427435b30
 Bits: [0x0000018439d00000, 0x000001843bbc0000)

Polling page: 0x0000018426bb0000

Metaspace:

Usage:
  Non-class:     16.17 MB used.
      Class:      2.17 MB used.
       Both:     18.34 MB used.

Virtual space:
  Non-class space:       64.00 MB reserved,      16.31 MB ( 25%) committed,  1 nodes.
      Class space:        1.00 GB reserved,       2.31 MB ( <1%) committed,  1 nodes.
             Both:        1.06 GB reserved,      18.62 MB (  2%) committed. 

Chunk freelists:
   Non-Class:  15.59 MB
       Class:  13.60 MB
        Both:  29.19 MB

MaxMetaspaceSize: unlimited
CompressedClassSpaceSize: 1.00 GB
Initial GC threshold: 21.00 MB
Current GC threshold: 21.00 MB
CDS: off
 - commit_granule_bytes: 65536.
 - commit_granule_words: 8192.
 - virtual_space_node_default_size: 8388608.
 - enlarge_chunks_in_place: 1.
 - use_allocation_guard: 0.


Internal statistics:

num_allocs_failed_limit: 0.
num_arena_births: 244.
num_arena_deaths: 0.
num_vsnodes_births: 2.
num_vsnodes_deaths: 0.
num_space_committed: 298.
num_space_uncommitted: 0.
num_chunks_returned_to_freelist: 0.
num_chunks_taken_from_freelist: 543.
num_chunk_merges: 0.
num_chunk_splits: 362.
num_chunks_enlarged: 276.
num_inconsistent_stats: 0.

CodeHeap 'non-profiled nmethods': size=120000Kb used=1245Kb max_used=1245Kb free=118754Kb
 bounds [0x0000018432010000, 0x0000018432280000, 0x0000018439540000]
CodeHeap 'profiled nmethods': size=120000Kb used=3838Kb max_used=3838Kb free=116161Kb
 bounds [0x000001842a540000, 0x000001842a900000, 0x0000018431a70000]
CodeHeap 'non-nmethods': size=5760Kb used=1369Kb max_used=1413Kb free=4390Kb
 bounds [0x0000018431a70000, 0x0000018431ce0000, 0x0000018432010000]
CodeCache: size=245760Kb, used=6452Kb, max_used=6496Kb, free=239305Kb
 total_blobs=2634, nmethods=2143, adapters=396, full_count=0
Compilation: enabled, stopped_count=0, restarted_count=0

Compilation events (20 events):
Event: 99.049 Thread 0x000001843e285220 nmethod 2134 0x000001842a8fbf90 code [0x000001842a8fc140, 0x000001842a8fc360]
Event: 99.229 Thread 0x000001843e284780 2135       4       java.lang.StringBuilder::append (8 bytes)
Event: 99.238 Thread 0x000001843e284780 nmethod 2135 0x0000018432144810 code [0x0000018432144a00, 0x0000018432145158]
Event: 99.243 Thread 0x000001843e285220 2136       3       com.google.common.base.Preconditions::checkNotNull (14 bytes)
Event: 99.243 Thread 0x000001843e285220 nmethod 2136 0x000001842a8fc410 code [0x000001842a8fc5c0, 0x000001842a8fc7a0]
Event: 99.290 Thread 0x000001843e284780 2137       4       org.gradle.internal.logging.console.ThrottlingOutputEventListener::renderNow (40 bytes)
Event: 99.316 Thread 0x000001843e284780 nmethod 2137 0x0000018432145590 code [0x00000184321458e0, 0x00000184321469b8]
Event: 99.586 Thread 0x000001843e285220 2138       3       java.util.Collections::addAll (43 bytes)
Event: 99.587 Thread 0x000001843e285220 nmethod 2138 0x000001842a8fc890 code [0x000001842a8fca40, 0x000001842a8fcce0]
Event: 99.591 Thread 0x000001843e285220 2139       3       org.gradle.internal.logging.events.LogEvent::<init> (14 bytes)
Event: 99.591 Thread 0x000001843e285220 nmethod 2139 0x000001842a8fce10 code [0x000001842a8fcfc0, 0x000001842a8fd100]
Event: 99.591 Thread 0x000001843e285220 2140       3       com.google.common.collect.CollectPreconditions::checkNonnegative (37 bytes)
Event: 99.598 Thread 0x000001843e285220 nmethod 2140 0x000001842a8fd210 code [0x000001842a8fd460, 0x000001842a8fdac8]
Event: 99.598 Thread 0x000001843e285220 2141       3       org.gradle.internal.logging.format.PrettyPrefixedLogHeaderFormatter::format (62 bytes)
Event: 99.599 Thread 0x000001843e285220 nmethod 2141 0x000001842a8fdd90 code [0x000001842a8fdfe0, 0x000001842a8feb70]
Event: 99.785 Thread 0x000001843e285220 2142       3       org.gradle.internal.logging.sink.GroupingProgressLogEventGenerator::spacerLine (16 bytes)
Event: 99.785 Thread 0x000001843e285220 nmethod 2142 0x000001842a8fee90 code [0x000001842a8ff040, 0x000001842a8ff1f0]
Event: 99.786 Thread 0x000001843e284780 2143       4       org.gradle.internal.logging.text.AbstractStyledTextOutput::text (19 bytes)
Event: 99.877 Thread 0x000001843e285220 2144       3       org.gradle.internal.logging.sink.GroupingProgressLogEventGenerator$OperationGroup::header (47 bytes)
Event: 99.877 Thread 0x000001843e285220 nmethod 2144 0x000001842a8ff290 code [0x000001842a8ff460, 0x000001842a8ff708]

GC Heap History (16 events):
Event: 0.548 GC heap before
{Heap before GC invocations=0 (full 0):
 garbage-first heap   total 126976K, used 13312K [0x0000000085000000, 0x0000000100000000)
  region size 1024K, 13 young (13312K), 0 survivors (0K)
 Metaspace       used 8548K, committed 8704K, reserved 1114112K
  class space    used 789K, committed 896K, reserved 1048576K
}
Event: 0.555 GC heap after
{Heap after GC invocations=1 (full 0):
 garbage-first heap   total 126976K, used 1664K [0x0000000085000000, 0x0000000100000000)
  region size 1024K, 2 young (2048K), 2 survivors (2048K)
 Metaspace       used 8548K, committed 8704K, reserved 1114112K
  class space    used 789K, committed 896K, reserved 1048576K
}
Event: 1.197 GC heap before
{Heap before GC invocations=1 (full 0):
 garbage-first heap   total 126976K, used 27264K [0x0000000085000000, 0x0000000100000000)
  region size 1024K, 25 young (25600K), 2 survivors (2048K)
 Metaspace       used 12638K, committed 12800K, reserved 1114112K
  class space    used 1376K, committed 1472K, reserved 1048576K
}
Event: 1.204 GC heap after
{Heap after GC invocations=2 (full 0):
 garbage-first heap   total 126976K, used 9773K [0x0000000085000000, 0x0000000100000000)
  region size 1024K, 4 young (4096K), 4 survivors (4096K)
 Metaspace       used 12638K, committed 12800K, reserved 1114112K
  class space    used 1376K, committed 1472K, reserved 1048576K
}
Event: 86.478 GC heap before
{Heap before GC invocations=2 (full 0):
 garbage-first heap   total 126976K, used 81453K [0x0000000085000000, 0x0000000100000000)
  region size 1024K, 74 young (75776K), 4 survivors (4096K)
 Metaspace       used 18767K, committed 19072K, reserved 1114112K
  class space    used 2225K, committed 2368K, reserved 1048576K
}
Event: 88.748 GC heap after
{Heap after GC invocations=3 (full 0):
 garbage-first heap   total 126976K, used 11920K [0x0000000085000000, 0x0000000100000000)
  region size 1024K, 7 young (7168K), 7 survivors (7168K)
 Metaspace       used 18767K, committed 19072K, reserved 1114112K
  class space    used 2225K, committed 2368K, reserved 1048576K
}
Event: 89.536 GC heap before
{Heap before GC invocations=3 (full 0):
 garbage-first heap   total 126976K, used 12944K [0x0000000085000000, 0x0000000100000000)
  region size 1024K, 8 young (8192K), 7 survivors (7168K)
 Metaspace       used 18769K, committed 19072K, reserved 1114112K
  class space    used 2225K, committed 2368K, reserved 1048576K
}
Event: 89.569 GC heap after
{Heap after GC invocations=4 (full 0):
 garbage-first heap   total 126976K, used 11943K [0x0000000085000000, 0x0000000100000000)
  region size 1024K, 1 young (1024K), 1 survivors (1024K)
 Metaspace       used 18769K, committed 19072K, reserved 1114112K
  class space    used 2225K, committed 2368K, reserved 1048576K
}
Event: 90.349 GC heap before
{Heap before GC invocations=4 (full 0):
 garbage-first heap   total 126976K, used 17063K [0x0000000085000000, 0x0000000100000000)
  region size 1024K, 6 young (6144K), 1 survivors (1024K)
 Metaspace       used 18770K, committed 19072K, reserved 1114112K
  class space    used 2225K, committed 2368K, reserved 1048576K
}
Event: 90.354 GC heap after
{Heap after GC invocations=5 (full 0):
 garbage-first heap   total 126976K, used 12089K [0x0000000085000000, 0x0000000100000000)
  region size 1024K, 1 young (1024K), 1 survivors (1024K)
 Metaspace       used 18770K, committed 19072K, reserved 1114112K
  class space    used 2225K, committed 2368K, reserved 1048576K
}
Event: 90.382 GC heap before
{Heap before GC invocations=5 (full 0):
 garbage-first heap   total 126976K, used 17209K [0x0000000085000000, 0x0000000100000000)
  region size 1024K, 6 young (6144K), 1 survivors (1024K)
 Metaspace       used 18770K, committed 19072K, reserved 1114112K
  class space    used 2225K, committed 2368K, reserved 1048576K
}
Event: 90.384 GC heap after
{Heap after GC invocations=6 (full 0):
 garbage-first heap   total 126976K, used 12968K [0x0000000085000000, 0x0000000100000000)
  region size 1024K, 1 young (1024K), 1 survivors (1024K)
 Metaspace       used 18770K, committed 19072K, reserved 1114112K
  class space    used 2225K, committed 2368K, reserved 1048576K
}
Event: 98.110 GC heap before
{Heap before GC invocations=6 (full 0):
 garbage-first heap   total 126976K, used 18088K [0x0000000085000000, 0x0000000100000000)
  region size 1024K, 6 young (6144K), 1 survivors (1024K)
 Metaspace       used 18774K, committed 19072K, reserved 1114112K
  class space    used 2225K, committed 2368K, reserved 1048576K
}
Event: 98.115 GC heap after
{Heap after GC invocations=7 (full 0):
 garbage-first heap   total 157696K, used 12702K [0x0000000085000000, 0x0000000100000000)
  region size 1024K, 1 young (1024K), 1 survivors (1024K)
 Metaspace       used 18774K, committed 19072K, reserved 1114112K
  class space    used 2225K, committed 2368K, reserved 1048576K
}
Event: 98.152 GC heap before
{Heap before GC invocations=7 (full 0):
 garbage-first heap   total 157696K, used 24990K [0x0000000085000000, 0x0000000100000000)
  region size 1024K, 13 young (13312K), 1 survivors (1024K)
 Metaspace       used 18779K, committed 19072K, reserved 1114112K
  class space    used 2225K, committed 2368K, reserved 1048576K
}
Event: 98.156 GC heap after
{Heap after GC invocations=8 (full 0):
 garbage-first heap   total 157696K, used 14535K [0x0000000085000000, 0x0000000100000000)
  region size 1024K, 2 young (2048K), 2 survivors (2048K)
 Metaspace       used 18779K, committed 19072K, reserved 1114112K
  class space    used 2225K, committed 2368K, reserved 1048576K
}

Dll operation events (3 events):
Event: 0.007 Loaded shared library C:\Program Files\Android\Android Studio\jbr\bin\java.dll
Event: 0.013 Loaded shared library C:\Program Files\Android\Android Studio\jbr\bin\zip.dll
Event: 0.182 Loaded shared library C:\Program Files\Android\Android Studio\jbr\bin\verify.dll

Deoptimization events (20 events):
Event: 97.069 Thread 0x0000018443385cd0 Uncommon trap: trap_request=0xffffff45 fr.pc=0x00000184320ffd30 relative=0x0000000000001950
Event: 97.069 Thread 0x0000018443385cd0 Uncommon trap: reason=unstable_if action=reinterpret pc=0x00000184320ffd30 method=sun.nio.cs.StreamEncoder.growByteBufferIfNeeded(I)V @ 13 c2
Event: 97.070 Thread 0x0000018443385cd0 DEOPT PACKING pc=0x00000184320ffd30 sp=0x00000084030fe9b0
Event: 97.070 Thread 0x0000018443385cd0 DEOPT UNPACKING pc=0x0000018431ac46a2 sp=0x00000084030fe510 mode 2
Event: 98.124 Thread 0x00000184251074e0 DEOPT PACKING pc=0x000001842a8ed46e sp=0x0000008401afdf50
Event: 98.124 Thread 0x00000184251074e0 DEOPT UNPACKING pc=0x0000018431ac4e42 sp=0x0000008401afd418 mode 0
Event: 98.125 Thread 0x00000184251074e0 DEOPT PACKING pc=0x000001842a8ed46e sp=0x0000008401afdf50
Event: 98.125 Thread 0x00000184251074e0 DEOPT UNPACKING pc=0x0000018431ac4e42 sp=0x0000008401afd418 mode 0
Event: 98.125 Thread 0x00000184251074e0 Uncommon trap: trap_request=0xffffff45 fr.pc=0x0000018432133910 relative=0x0000000000000430
Event: 98.125 Thread 0x00000184251074e0 Uncommon trap: reason=unstable_if action=reinterpret pc=0x0000018432133910 method=com.esotericsoftware.kryo.io.Input.readUtf8_slow(II)V @ 57 c2
Event: 98.125 Thread 0x00000184251074e0 DEOPT PACKING pc=0x0000018432133910 sp=0x0000008401afdf60
Event: 98.125 Thread 0x00000184251074e0 DEOPT UNPACKING pc=0x0000018431ac46a2 sp=0x0000008401afdf20 mode 2
Event: 98.151 Thread 0x00000184251074e0 Uncommon trap: trap_request=0xffffff45 fr.pc=0x000001843211b328 relative=0x00000000000003c8
Event: 98.151 Thread 0x00000184251074e0 Uncommon trap: reason=unstable_if action=reinterpret pc=0x000001843211b328 method=com.esotericsoftware.kryo.io.Input.require(I)I @ 207 c2
Event: 98.151 Thread 0x00000184251074e0 DEOPT PACKING pc=0x000001843211b328 sp=0x0000008401afe010
Event: 98.151 Thread 0x00000184251074e0 DEOPT UNPACKING pc=0x0000018431ac46a2 sp=0x0000008401afdef8 mode 2
Event: 98.181 Thread 0x00000184251074e0 Uncommon trap: trap_request=0xffffff45 fr.pc=0x0000018432119b40 relative=0x0000000000000620
Event: 98.181 Thread 0x00000184251074e0 Uncommon trap: reason=unstable_if action=reinterpret pc=0x0000018432119b40 method=org.gradle.internal.logging.console.ThrottlingOutputEventListener.onOutput(Lorg/gradle/internal/logging/events/OutputEvent;)V @ 30 c2
Event: 98.181 Thread 0x00000184251074e0 DEOPT PACKING pc=0x0000018432119b40 sp=0x0000008401afe0c0
Event: 98.181 Thread 0x00000184251074e0 DEOPT UNPACKING pc=0x0000018431ac46a2 sp=0x0000008401afdf60 mode 2

Classes loaded (20 events):
Event: 1.991 Loading class jdk/internal/logger/LazyLoggers$LazyLoggerFactories
Event: 1.991 Loading class jdk/internal/logger/LazyLoggers$LazyLoggerFactories done
Event: 1.991 Loading class jdk/internal/logger/LoggerFinderLoader
Event: 1.992 Loading class jdk/internal/logger/LoggerFinderLoader done
Event: 1.992 Loading class jdk/internal/logger/LoggerFinderLoader$TemporaryLoggerFinder
Event: 1.992 Loading class jdk/internal/logger/LoggerFinderLoader$TemporaryLoggerFinder done
Event: 1.992 Loading class sun/util/logging/internal/LoggingProviderImpl$JULWrapper
Event: 1.992 Loading class sun/util/logging/PlatformLogger$ConfigurableBridge$LoggerConfiguration
Event: 1.992 Loading class sun/util/logging/PlatformLogger$ConfigurableBridge$LoggerConfiguration done
Event: 1.992 Loading class sun/util/logging/internal/LoggingProviderImpl$JULWrapper done
Event: 1.993 Loading class java/io/ObjectInputFilter$Config$BuiltinFilterFactory
Event: 1.993 Loading class java/io/ObjectInputFilter$Config$BuiltinFilterFactory done
Event: 1.993 Loading class jdk/internal/access/JavaObjectInputFilterAccess
Event: 1.993 Loading class jdk/internal/access/JavaObjectInputFilterAccess done
Event: 1.993 Loading class java/lang/System$Logger$Level
Event: 1.993 Loading class java/lang/System$Logger$Level done
Event: 3.275 Loading class java/lang/invoke/MethodHandle$1
Event: 3.275 Loading class java/lang/invoke/MethodHandle$1 done
Event: 11.814 Loading class java/lang/foreign/MemorySegment
Event: 11.815 Loading class java/lang/foreign/MemorySegment done

Classes unloaded (0 events):
No events

Classes redefined (0 events):
No events

Internal exceptions (20 events):
Event: 0.361 Thread 0x00000184251074e0 Exception <a 'java/lang/NoSuchMethodError'{0x000000008c9fa688}: 'void java.lang.invoke.DirectMethodHandle$Holder.invokeSpecial(java.lang.Object, java.lang.Object, java.lang.Object)'> (0x000000008c9fa688) 
thrown [s\src\hotspot\share\interpreter\linkResolver.cpp, line 784]
Event: 0.409 Thread 0x00000184251074e0 Exception <a 'java/lang/NoSuchMethodError'{0x000000008c733da0}: 'int java.lang.invoke.DirectMethodHandle$Holder.invokeSpecial(java.lang.Object, java.lang.Object, java.lang.Object, java.lang.Object)'> (0x000000008c733da0) 
thrown [s\src\hotspot\share\interpreter\linkResolver.cpp, line 784]
Event: 0.944 Thread 0x00000184251074e0 Exception <a 'java/lang/NoSuchMethodError'{0x000000008baf2d70}: 'java.lang.Object java.lang.invoke.DirectMethodHandle$Holder.invokeVirtual(java.lang.Object, java.lang.Object, java.lang.Object)'> (0x000000008baf2d70) 
thrown [s\src\hotspot\share\interpreter\linkResolver.cpp, line 784]
Event: 1.179 Thread 0x00000184251074e0 Implicit null exception at 0x000001843207fa3a to 0x000001843207fcb0
Event: 1.179 Thread 0x00000184251074e0 Implicit null exception at 0x000001843205ccc0 to 0x000001843205cd42
Event: 1.188 Thread 0x00000184251074e0 Exception <a 'java/lang/NoSuchMethodError'{0x000000008b3ad318}: 'void java.lang.invoke.DirectMethodHandle$Holder.invokeInterface(java.lang.Object, java.lang.Object, java.lang.Object)'> (0x000000008b3ad318) 
thrown [s\src\hotspot\share\interpreter\linkResolver.cpp, line 784]
Event: 1.206 Thread 0x00000184251074e0 Exception <a 'java/lang/NoClassDefFoundError'{0x000000008cb06ba0}: org/slf4j/impl/StaticMarkerBinder> (0x000000008cb06ba0) 
thrown [s\src\hotspot\share\classfile\systemDictionary.cpp, line 301]
Event: 1.349 Thread 0x00000184251074e0 Exception <a 'java/lang/NoSuchMethodError'{0x000000008c737510}: 'java.lang.Object java.lang.invoke.DirectMethodHandle$Holder.newInvokeSpecial(java.lang.Object, java.lang.Object, java.lang.Object, java.lang.Object, java.lang.Object)'> (0x000000008c737510) 
thrown [s\src\hotspot\share\interpreter\linkResolver.cpp, line 784]
Event: 1.358 Thread 0x00000184251074e0 Exception <a 'java/lang/NoSuchMethodError'{0x000000008c77f9a8}: 'java.lang.Object java.lang.invoke.Invokers$Holder.invokeExact_MT(java.lang.Object, java.lang.Object, java.lang.Object, java.lang.Object, java.lang.Object)'> (0x000000008c77f9a8) 
thrown [s\src\hotspot\share\interpreter\linkResolver.cpp, line 784]
Event: 1.363 Thread 0x00000184251074e0 Exception <a 'java/lang/NoSuchMethodError'{0x000000008c7abf58}: 'java.lang.Object java.lang.invoke.DirectMethodHandle$Holder.invokeVirtual(java.lang.Object, java.lang.Object, java.lang.Object, java.lang.Object, java.lang.Object, java.lang.Object, java.lang.Object)'> (0x000000008c7abf58) 
thrown [s\src\hotspot\share\interpreter\linkResolver.cpp, line 784]
Event: 1.373 Thread 0x00000184251074e0 Exception <a 'java/lang/NoSuchMethodError'{0x000000008c7ea7e8}: 'java.lang.Object java.lang.invoke.DirectMethodHandle$Holder.invokeVirtual(java.lang.Object, java.lang.Object, java.lang.Object, java.lang.Object)'> (0x000000008c7ea7e8) 
thrown [s\src\hotspot\share\interpreter\linkResolver.cpp, line 784]
Event: 1.460 Thread 0x00000184251074e0 Exception <a 'java/lang/NoSuchMethodError'{0x000000008c49b300}: 'java.lang.Object java.lang.invoke.DirectMethodHandle$Holder.invokeVirtual(java.lang.Object, java.lang.Object, java.lang.Object, java.lang.Object, java.lang.Object, java.lang.Object)'> (0x000000008c49b300) 
thrown [s\src\hotspot\share\interpreter\linkResolver.cpp, line 784]
Event: 1.483 Thread 0x00000184251074e0 Exception <a 'java/lang/NoSuchMethodError'{0x000000008c362748}: 'java.lang.Object java.lang.invoke.DirectMethodHandle$Holder.invokeVirtual(java.lang.Object, java.lang.Object, java.lang.Object, java.lang.Object, java.lang.Object)'> (0x000000008c362748) 
thrown [s\src\hotspot\share\interpreter\linkResolver.cpp, line 784]
Event: 1.485 Thread 0x00000184251074e0 Exception <a 'java/lang/NoSuchMethodError'{0x000000008c3757e8}: 'java.lang.Object java.lang.invoke.Invokers$Holder.invokeExact_MT(java.lang.Object, java.lang.Object, java.lang.Object, java.lang.Object, java.lang.Object, java.lang.Object)'> (0x000000008c3757e8) 
thrown [s\src\hotspot\share\interpreter\linkResolver.cpp, line 784]
Event: 1.508 Thread 0x00000184251074e0 Exception <a 'java/lang/NoSuchMethodError'{0x000000008c23c6a8}: 'java.lang.Object java.lang.invoke.DirectMethodHandle$Holder.invokeSpecialIFC(java.lang.Object, java.lang.Object, java.lang.Object, java.lang.Object)'> (0x000000008c23c6a8) 
thrown [s\src\hotspot\share\interpreter\linkResolver.cpp, line 784]
Event: 1.509 Thread 0x00000184251074e0 Exception <a 'java/lang/NoSuchMethodError'{0x000000008c245920}: 'java.lang.Object java.lang.invoke.DirectMethodHandle$Holder.invokeVirtual(java.lang.Object, java.lang.Object, java.lang.Object, java.lang.Object, java.lang.Object, java.lang.Object, java.lang.Object, java.lang.Object)'> (0x000000008c245920) 
thrown [s\src\hotspot\share\interpreter\linkResolver.cpp, line 784]
Event: 1.519 Thread 0x00000184251074e0 Exception <a 'java/lang/NoSuchMethodError'{0x000000008c2a5850}: 'java.lang.Object java.lang.invoke.DirectMethodHandle$Holder.invokeVirtual(java.lang.Object, java.lang.Object, java.lang.Object, java.lang.Object, java.lang.Object, java.lang.Object, java.lang.Object, java.lang.Object, java.lang.Object)'> (0x000000008c2a5850) 
thrown [s\src\hotspot\share\interpreter\linkResolver.cpp, line 784]
Event: 1.772 Thread 0x00000184251074e0 Exception <a 'java/lang/NoSuchMethodError'{0x000000008be0b0f0}: 'java.lang.Object java.lang.invoke.DirectMethodHandle$Holder.invokeStaticInit(java.lang.Object, java.lang.Object, int, int, int, int)'> (0x000000008be0b0f0) 
thrown [s\src\hotspot\share\interpreter\linkResolver.cpp, line 784]
Event: 1.830 Thread 0x00000184251074e0 Implicit null exception at 0x0000018432059ea4 to 0x000001843205a524
Event: 90.388 Thread 0x00000184251074e0 Implicit null exception at 0x00000184321237ab to 0x000001843212544c

ZGC Phase Switch (0 events):
No events

VM Operations (20 events):
Event: 67.352 Executing VM operation: Cleanup
Event: 67.352 Executing VM operation: Cleanup done
Event: 83.500 Executing VM operation: Cleanup
Event: 83.500 Executing VM operation: Cleanup done
Event: 86.313 Executing VM operation: G1CollectForAllocation (G1 Evacuation Pause)
Event: 88.749 Executing VM operation: G1CollectForAllocation (G1 Evacuation Pause) done
Event: 89.536 Executing VM operation: G1CollectForAllocation (G1 Evacuation Pause)
Event: 89.569 Executing VM operation: G1CollectForAllocation (G1 Evacuation Pause) done
Event: 90.349 Executing VM operation: G1CollectForAllocation (G1 Evacuation Pause)
Event: 90.355 Executing VM operation: G1CollectForAllocation (G1 Evacuation Pause) done
Event: 90.382 Executing VM operation: G1CollectForAllocation (G1 Evacuation Pause)
Event: 90.384 Executing VM operation: G1CollectForAllocation (G1 Evacuation Pause) done
Event: 97.451 Executing VM operation: Cleanup
Event: 97.451 Executing VM operation: Cleanup done
Event: 98.110 Executing VM operation: G1CollectForAllocation (G1 Evacuation Pause)
Event: 98.115 Executing VM operation: G1CollectForAllocation (G1 Evacuation Pause) done
Event: 98.152 Executing VM operation: G1CollectForAllocation (G1 Evacuation Pause)
Event: 98.156 Executing VM operation: G1CollectForAllocation (G1 Evacuation Pause) done
Event: 99.167 Executing VM operation: Cleanup
Event: 99.167 Executing VM operation: Cleanup done

Memory protections (0 events):
No events

Nmethod flushes (0 events):
No events

Events (20 events):
Event: 0.070 Thread 0x00000184251074e0 Thread added: 0x000001843e2592e0
Event: 0.070 Thread 0x00000184251074e0 Thread added: 0x000001843e259d40
Event: 0.071 Thread 0x00000184251074e0 Thread added: 0x000001843e284780
Event: 0.071 Thread 0x00000184251074e0 Thread added: 0x000001843e285220
Event: 0.121 Thread 0x00000184251074e0 Thread added: 0x000001843e412f20
Event: 0.143 Loaded shared library C:\Program Files\Android\Android Studio\jbr\bin\net.dll
Event: 0.146 Loaded shared library C:\Program Files\Android\Android Studio\jbr\bin\nio.dll
Event: 0.161 Loaded shared library C:\Program Files\Android\Android Studio\jbr\bin\zip.dll
Event: 0.270 Loaded shared library C:\Program Files\Android\Android Studio\jbr\bin\jimage.dll
Event: 0.604 Thread 0x000001843e285220 Thread added: 0x000001843e8c4c70
Event: 1.124 Loaded shared library C:\Program Files\Android\Android Studio\jbr\bin\management.dll
Event: 1.130 Loaded shared library C:\Program Files\Android\Android Studio\jbr\bin\management_ext.dll
Event: 1.243 Loaded shared library S:\gradle-home\native\c067742578af261105cb4f569cf0c3c89f3d7b1fecec35dd04571415982c5e48\windows-amd64\native-platform.dll
Event: 1.286 Thread 0x00000184251074e0 Thread added: 0x0000018443385cd0
Event: 1.725 Thread 0x000001843e8c4c70 Thread exited: 0x000001843e8c4c70
Event: 1.792 Loaded shared library C:\Program Files\Android\Android Studio\jbr\bin\extnet.dll
Event: 1.876 Thread 0x000001843e285220 Thread added: 0x000001844374f420
Event: 2.101 Thread 0x000001844374f420 Thread exited: 0x000001844374f420
Event: 83.337 Thread 0x000001843e284780 Thread added: 0x000001843e874330
Event: 86.312 Thread 0x000001843e874330 Thread exited: 0x000001843e874330


Dynamic libraries:
0x00007ff73afd0000 - 0x00007ff73afda000 	C:\Program Files\Android\Android Studio\jbr\bin\java.exe
0x00007ff94e580000 - 0x00007ff94e789000 	C:\Windows\SYSTEM32\ntdll.dll
0x00007ff94d130000 - 0x00007ff94d1ee000 	C:\Windows\System32\KERNEL32.DLL
0x00007ff94bee0000 - 0x00007ff94c25c000 	C:\Windows\System32\KERNELBASE.dll
0x00007ff94ba50000 - 0x00007ff94bb61000 	C:\Windows\System32\ucrtbase.dll
0x00007ff9480c0000 - 0x00007ff9480d8000 	C:\Program Files\Android\Android Studio\jbr\bin\jli.dll
0x00007ff9480a0000 - 0x00007ff9480bb000 	C:\Program Files\Android\Android Studio\jbr\bin\VCRUNTIME140.dll
0x00007ff94de50000 - 0x00007ff94dffd000 	C:\Windows\System32\USER32.dll
0x00007ff94c260000 - 0x00007ff94c286000 	C:\Windows\System32\win32u.dll
0x00007ff9304f0000 - 0x00007ff930795000 	C:\Windows\WinSxS\amd64_microsoft.windows.common-controls_6595b64144ccf1df_6.0.22000.120_none_9d947278b86cc467\COMCTL32.dll
0x00007ff94c460000 - 0x00007ff94c489000 	C:\Windows\System32\GDI32.dll
0x00007ff94d000000 - 0x00007ff94d0a3000 	C:\Windows\System32\msvcrt.dll
0x00007ff94bb70000 - 0x00007ff94bc88000 	C:\Windows\System32\gdi32full.dll
0x00007ff94bd00000 - 0x00007ff94bd9d000 	C:\Windows\System32\msvcp_win.dll
0x00007ff94c410000 - 0x00007ff94c441000 	C:\Windows\System32\IMM32.DLL
0x00007ff948090000 - 0x00007ff94809c000 	C:\Program Files\Android\Android Studio\jbr\bin\vcruntime140_1.dll
0x00007ff93ad40000 - 0x00007ff93adcd000 	C:\Program Files\Android\Android Studio\jbr\bin\msvcp140.dll
0x00007ff90b1e0000 - 0x00007ff90be76000 	C:\Program Files\Android\Android Studio\jbr\bin\server\jvm.dll
0x00007ff94d1f0000 - 0x00007ff94d29e000 	C:\Windows\System32\ADVAPI32.dll
0x00007ff94c490000 - 0x00007ff94c52e000 	C:\Windows\System32\sechost.dll
0x00007ff94dc80000 - 0x00007ff94dda0000 	C:\Windows\System32\RPCRT4.dll
0x00007ff94e4d0000 - 0x00007ff94e53f000 	C:\Windows\System32\WS2_32.dll
0x00007ff94b250000 - 0x00007ff94b29d000 	C:\Windows\SYSTEM32\POWRPROF.dll
0x00007ff93cad0000 - 0x00007ff93cb03000 	C:\Windows\SYSTEM32\WINMM.dll
0x00007ff944be0000 - 0x00007ff944bea000 	C:\Windows\SYSTEM32\VERSION.dll
0x00007ff94b0b0000 - 0x00007ff94b0c3000 	C:\Windows\SYSTEM32\UMPDC.dll
0x00007ff94aad0000 - 0x00007ff94aae8000 	C:\Windows\SYSTEM32\kernel.appcore.dll
0x00007ff948080000 - 0x00007ff94808a000 	C:\Program Files\Android\Android Studio\jbr\bin\jimage.dll
0x00007ff934c30000 - 0x00007ff934e51000 	C:\Windows\SYSTEM32\DBGHELP.DLL
0x00007ff933580000 - 0x00007ff9335b1000 	C:\Windows\SYSTEM32\dbgcore.DLL
0x00007ff94bda0000 - 0x00007ff94be1f000 	C:\Windows\System32\bcryptPrimitives.dll
0x00007ff948060000 - 0x00007ff948080000 	C:\Program Files\Android\Android Studio\jbr\bin\java.dll
0x00007ff947fe0000 - 0x00007ff947ff8000 	C:\Program Files\Android\Android Studio\jbr\bin\zip.dll
0x00007ff94d2a0000 - 0x00007ff94da65000 	C:\Windows\System32\SHELL32.dll
0x00007ff949b40000 - 0x00007ff94a3a5000 	C:\Windows\SYSTEM32\windows.storage.dll
0x00007ff94e000000 - 0x00007ff94e376000 	C:\Windows\System32\combase.dll
0x00007ff9499d0000 - 0x00007ff949b36000 	C:\Windows\SYSTEM32\wintypes.dll
0x00007ff94cc00000 - 0x00007ff94ccea000 	C:\Windows\System32\SHCORE.dll
0x00007ff94c570000 - 0x00007ff94c5cd000 	C:\Windows\System32\shlwapi.dll
0x00007ff94b980000 - 0x00007ff94b9a1000 	C:\Windows\SYSTEM32\profapi.dll
0x00007ff947fd0000 - 0x00007ff947fe0000 	C:\Program Files\Android\Android Studio\jbr\bin\net.dll
0x00007ff946c70000 - 0x00007ff946d82000 	C:\Windows\SYSTEM32\WINHTTP.dll
0x00007ff94afe0000 - 0x00007ff94b047000 	C:\Windows\system32\mswsock.dll
0x00007ff947570000 - 0x00007ff947586000 	C:\Program Files\Android\Android Studio\jbr\bin\nio.dll
0x00007ff947fc0000 - 0x00007ff947fd0000 	C:\Program Files\Android\Android Studio\jbr\bin\verify.dll
0x00007ff947560000 - 0x00007ff947569000 	C:\Program Files\Android\Android Studio\jbr\bin\management.dll
0x00007ff93b540000 - 0x00007ff93b54b000 	C:\Program Files\Android\Android Studio\jbr\bin\management_ext.dll
0x00007ff94c400000 - 0x00007ff94c408000 	C:\Windows\System32\PSAPI.DLL
0x00007ff93b510000 - 0x00007ff93b537000 	S:\gradle-home\native\c067742578af261105cb4f569cf0c3c89f3d7b1fecec35dd04571415982c5e48\windows-amd64\native-platform.dll
0x00007ff94b2a0000 - 0x00007ff94b2b8000 	C:\Windows\SYSTEM32\CRYPTSP.dll
0x00007ff94aa30000 - 0x00007ff94aa65000 	C:\Windows\system32\rsaenh.dll
0x00007ff94b100000 - 0x00007ff94b129000 	C:\Windows\SYSTEM32\USERENV.dll
0x00007ff94b430000 - 0x00007ff94b457000 	C:\Windows\SYSTEM32\bcrypt.dll
0x00007ff94b2c0000 - 0x00007ff94b2cc000 	C:\Windows\SYSTEM32\CRYPTBASE.dll
0x00007ff94a600000 - 0x00007ff94a62d000 	C:\Windows\SYSTEM32\IPHLPAPI.DLL
0x00007ff94cff0000 - 0x00007ff94cff9000 	C:\Windows\System32\NSI.dll
0x00007ff93ad30000 - 0x00007ff93ad39000 	C:\Program Files\Android\Android Studio\jbr\bin\extnet.dll
0x00007ff9235a0000 - 0x00007ff9235a8000 	C:\Windows\system32\wshunix.dll

JVMTI agents: none

dbghelp: loaded successfully - version: 4.0.5 - missing functions: none
symbol engine: initialized successfully - sym options: 0x614 - pdb path: .;C:\Program Files\Android\Android Studio\jbr\bin;C:\Windows\SYSTEM32;C:\Windows\WinSxS\amd64_microsoft.windows.common-controls_6595b64144ccf1df_6.0.22000.120_none_9d947278b86cc467;C:\Program Files\Android\Android Studio\jbr\bin\server;S:\gradle-home\native\c067742578af261105cb4f569cf0c3c89f3d7b1fecec35dd04571415982c5e48\windows-amd64

VM Arguments:
jvm_args: -Dorg.gradle.appname=gradlew 
java_command: org.gradle.wrapper.GradleWrapperMain --full-stacktrace --info -Pverbose=true -Ptarget-platform=android-arm64 -Ptarget=S:\dev\CaribTap\flutter-ulistings-app\flutter_universal_listings\lib\main.dart -Pbase-application-name=android.app.Application -Pdart-defines=RkxVVFRFUl9WRVJTSU9OPTMuMzguNg==,RkxVVFRFUl9DSEFOTkVMPXN0YWJsZQ==,RkxVVFRFUl9HSVRfVVJMPWh0dHBzOi8vZ2l0aHViLmNvbS9mbHV0dGVyL2ZsdXR0ZXIuZ2l0,RkxVVFRFUl9GUkFNRVdPUktfUkVWSVNJT049OGI4NzI4Njg0OQ==,RkxVVFRFUl9FTkdJTkVfUkVWSVNJT049NzhmYzMwMTJlNA==,RkxVVFRFUl9EQVJUX1ZFUlNJT049My4xMC43 -Pdart-obfuscation=false -Ptrack-widget-creation=true -Ptree-shake-icons=false -Pfilesystem-scheme=org-dartlang-root assembleDebug
java_class_path (initial): S:\dev\CaribTap\flutter-ulistings-app\flutter_universal_listings\android\\gradle\wrapper\gradle-wrapper.jar
Launcher Type: SUN_STANDARD

[Global flags]
     intx CICompilerCount                          = 3                                         {product} {ergonomic}
     uint ConcGCThreads                            = 1                                         {product} {ergonomic}
     uint G1ConcRefinementThreads                  = 4                                         {product} {ergonomic}
   size_t G1HeapRegionSize                         = 1048576                                   {product} {ergonomic}
    uintx GCDrainStackTargetSize                   = 64                                        {product} {ergonomic}
   size_t InitialHeapSize                          = 130023424                                 {product} {ergonomic}
   size_t MarkStackSize                            = 4194304                                   {product} {ergonomic}
   size_t MaxHeapSize                              = 2063597568                                {product} {ergonomic}
   size_t MaxNewSize                               = 1237319680                                {product} {ergonomic}
   size_t MinHeapDeltaBytes                        = 1048576                                   {product} {ergonomic}
   size_t MinHeapSize                              = 8388608                                   {product} {ergonomic}
    uintx NonNMethodCodeHeapSize                   = 5832780                                {pd product} {ergonomic}
    uintx NonProfiledCodeHeapSize                  = 122912730                              {pd product} {ergonomic}
    uintx ProfiledCodeHeapSize                     = 122912730                              {pd product} {ergonomic}
    uintx ReservedCodeCacheSize                    = 251658240                              {pd product} {ergonomic}
     bool SegmentedCodeCache                       = true                                      {product} {ergonomic}
   size_t SoftMaxHeapSize                          = 2063597568                             {manageable} {ergonomic}
     bool UseCompressedOops                        = true                           {product lp64_product} {ergonomic}
     bool UseG1GC                                  = true                                      {product} {ergonomic}
     bool UseLargePagesIndividualAllocation        = false                                  {pd product} {ergonomic}

Logging:
Log output configuration:
 #0: stdout all=warning uptime,level,tags foldmultilines=false
 #1: stderr all=off uptime,level,tags foldmultilines=false

Environment Variables:
JAVA_HOME=C:\Program Files\Android\Android Studio\jbr
CLASSPATH=S:\dev\CaribTap\flutter-ulistings-app\flutter_universal_listings\android\\gradle\wrapper\gradle-wrapper.jar
PATH=C:\Program Files\Android\Android Studio\jbr\bin;C:\Program Files\Common Files\Oracle\Java\javapath;C:\Program Files\Common Files\Oracle\Java\javapath;C:\Program Files\Common Files\Oracle\Java\javapath;C:\Program Files\Common Files\Oracle\Java\javapath;C:\Program Files\Common Files\Oracle\Java\javapath;C:\Program Files\Common Files\Oracle\Java\javapath;C:\Program Files\Common Files\Oracle\Java\javapath;C:\Program Files\Common Files\Oracle\Java\javapath;C:\Program Files\Common Files\Oracle\Java\javapath;C:\Program Files\Common Files\Oracle\Java\javapath;C:\Program Files\Common Files\Oracle\Java\javapath;C:\Program Files\Common Files\Oracle\Java\javapath;C:\Program Files\Common Files\Oracle\Java\javapath;C:\Program Files\Common Files\Oracle\Java\javapath;C:\Program Files\Common Files\Oracle\Java\javapath;C:\Program Files\Common Files\Oracle\Java\javapath;C:\Program Files\Common Files\Oracle\Java\javapath;C:\Program Files\Common Files\Oracle\Java\javapath;C:\Windows\System32;C:\Program Files\Android\Android Studio\jbr\bin;C:\Users\Experimental\AppData\Local\Microsoft\WindowsApps;S:\flutter\bin;C:\Program Files\Android\Android Studio\jbr\bin;C:\Users\Experimental\AppData\Local\Microsoft\WindowsApps;S:\flutter\bin;C:\Windows\System32;C:\Program Files\Git\cmd;C:\Program Files\Android\Android Studio\jbr\bin;C:\Users\Experimental\AppData\Local\Microsoft\WindowsApps;S:\flutter\bin;C:\Program Files\Android\Android Studio\jbr\bin;C:\Users\Experimental\AppData\Local\Microsoft\WindowsApps;S:\flutter\bin;C:\Windows\System32;C:\Program Files\Git\cmd;C:\Program Files\Android\Android Studio\jbr\bin;C:\Users\Experimental\AppData\Local\Microsoft\WindowsApps;S:\flutter\bin;C:\Program Files\Android\Android Studio\jbr\bin;C:\Users\Experimental\AppData\Local\Microsoft\WindowsApps;S:\flutter\bin;C:\Windows\System32;C:\Program Files\Git\cmd;C:\Windows\System32;C:\Windows\System32\WindowsPowerShell\v1.0\;%NVM_HOME%;%NVM_SYMLINK%;C:\Program Files\nodejs\;C:\Program Files\Android\Android Studio\jbr\bin;C:\Users\Experimental\AppData\Local\Microsoft\WindowsApps;S:\flutter\bin;C:\Program Files\Android\Android Studio\jbr\bin;C:\Users\Experimental\AppData\Local\Microsoft\WindowsApps;S:\flutter\bin;C:\Windows\System32;C:\Program Files\Git\cmd;C:\Program Files\Android\Android Studio\jbr\bin;C:\Users\Experimental\AppData\Local\Microsoft\WindowsApps;S:\flutter\bin;C:\Program Files\Android\Android Studio\jbr\bin;C:\Users\Experimental\AppData\Local\Microsoft\WindowsApps;S:\flutter\bin;C:\Windows\System32;C:\Program Files\Git\cmd;C:\Program Files\Android\Android Studio\jbr\bin;C:\Users\Experimental\AppData\Local\Microsoft\WindowsApps;S:\flutter\bin;C:\Program Files\Android\Android Studio\jbr\bin;C:\Users\Experimental\AppData\Local\Microsoft\WindowsApps;S:\flutter\bin;C:\Windows\System32;C:\Program Files\Git\cmd;C:\Windows\System32;C:\Windows\System32\WindowsPowerShell\v1.0\;C:\Users\Experimental\AppData\Local\nvm;C:\nvm4w\nodejs;C:\Program Files\nodejs\;C:\Program Files\Android\Android Studio\jbr\bin;C:\Users\Experimental\AppData\Local\Microsoft\WindowsApps;S:\flutter\bin;C:\Program Files\Android\Android Studio\jbr\bin;C:\Users\Experimental\AppData\Local\Microsoft\WindowsApps;S:\flutter\bin;C:\Windows\System32;C:\Program Files\Git\cmd;C:\Program Files\Android\Android Studio\jbr\bin;C:\Users\Experimental\AppData\Local\Microsoft\WindowsApps;S:\flutter\bin;C:\Program Files\Android\Android Studio\jbr\bin;C:\Users\Experimental\AppData\Local\Microsoft\WindowsApps;S:\flutter\bin;C:\Windows\System32;C:\Program Files\Git\cmd;C:\Program Files\Android\Android Studio\jbr\bin;C:\Users\Experimental\AppData\Local\Microsoft\WindowsApps;S:\flutter\bin;C:\Program Files\Android\Android Studio\jbr\bin;C:\Users\Experimental\AppData\Local\Microsoft\WindowsApps;S:\flutter\bin;C:\Windows\System32;C:\Program Files\Git\cmd;C:\Windows\System32;C:\Windows\System32\WindowsPowerShell\v1.0\;C:\Users\Experimental\AppData\Local\nvm;C:\nvm4w\nodejs;C:\Program Files\nodejs\;C:\Windows\System32;C:\Windows;C:\Windows\System32\Wbem;C:\Windows\System32\WindowsPowerShell\v1.0\;S:\flutter\bin;C:\Program Files\Git\cmd;C:\Program Files\Android\Android Studio\jbr\bin;C:\Users\Experimental\AppData\Local\Microsoft\WindowsApps;C:\Users\Experimental\AppData\Local\Android\Sdk\platform-tools;C:\Users\Experimental\AppData\Local\Programs\Microsoft VS Code\bin;C:\Users\Experimental\AppData\Local\nvm;C:\nvm4w\nodejs;C:\Users\Experimental\AppData\Roaming\npm;S:\flutter\bin\mingit\cmd
USERNAME=Experimental
OS=Windows_NT
PROCESSOR_IDENTIFIER=Intel64 Family 6 Model 94 Stepping 3, GenuineIntel
TMP=C:\Users\EXPERI~1\AppData\Local\Temp
TEMP=C:\Users\EXPERI~1\AppData\Local\Temp




Periodic native trim disabled

JNI global refs:
JNI global refs: 19, weak refs: 0

JNI global refs memory usage: 835, weak refs: 833

Process memory usage:
Resident Set Size: 97368K (1% of 8054368K total physical memory with 295836K free physical memory)

OOME stack traces (most recent first):
Classloader memory used:
Loader bootstrap                                                                       : 13139K
Loader org.gradle.internal.classloader.VisitableURLClassLoader                         : 5158K
Loader java.net.URLClassLoader                                                         : 233K
Loader jdk.internal.loader.ClassLoaders$AppClassLoader                                 : 142K
Loader jdk.internal.loader.ClassLoaders$PlatformClassLoader                            : 110K

Classes loaded by more than one classloader:
Class org.gradle.cli.AbstractPropertiesCommandLineConverter                           : loaded 2 times (x 83B)
Class org.gradle.cli.CommandLineParser                                                : loaded 2 times (x 79B)
Class org.gradle.internal.service.UnknownServiceException                             : loaded 2 times (x 83B)
Class org.gradle.cli.SystemPropertiesCommandLineConverter                             : loaded 2 times (x 83B)
Class org.gradle.cli.CommandLineArgumentException                                     : loaded 2 times (x 82B)
Class org.gradle.cli.CommandLineParser$KnownOptionParserState                         : loaded 2 times (x 76B)
Class org.gradle.internal.InternalTransformer                                         : loaded 2 times (x 70B)
Class org.gradle.internal.classpath.DefaultClassPath$ImmutableUniqueList              : loaded 2 times (x 199B)
Class org.gradle.cli.CommandLineParser$OptionAwareParserState                         : loaded 2 times (x 77B)
Class org.gradle.cli.ParsedCommandLine                                                : loaded 2 times (x 80B)
Class org.gradle.internal.classpath.ClassPath                                         : loaded 2 times (x 70B)
Class org.gradle.cli.CommandLineParser$UnknownOptionParserState                       : loaded 2 times (x 76B)
Class org.gradle.cli.ParsedCommandLineOption                                          : loaded 2 times (x 76B)
Class org.gradle.api.UncheckedIOException                                             : loaded 2 times (x 82B)
Class org.gradle.cli.CommandLineParser$AfterFirstSubCommand                           : loaded 2 times (x 77B)
Class org.gradle.api.internal.classpath.ModuleRegistry                                : loaded 2 times (x 70B)
Class org.gradle.internal.installation.GradleInstallation$1                           : loaded 2 times (x 75B)
Class org.gradle.cli.CommandLineOption                                                : loaded 2 times (x 86B)
Class org.gradle.cli.CommandLineParser$BeforeFirstSubCommand                          : loaded 2 times (x 77B)
Class org.gradle.internal.service.ServiceLookupException                              : loaded 2 times (x 82B)
Class org.gradle.cli.CommandLineParser$OptionParserState                              : loaded 2 times (x 75B)
Class org.gradle.internal.classloader.ClasspathUtil                                   : loaded 2 times (x 71B)
Class org.gradle.api.specs.Spec                                                       : loaded 2 times (x 70B)
Class org.gradle.internal.classpath.DefaultClassPath                                  : loaded 2 times (x 90B)
Class org.gradle.internal.Cast                                                        : loaded 2 times (x 71B)
Class org.gradle.api.Action                                                           : loaded 2 times (x 70B)
Class org.gradle.cli.AbstractCommandLineConverter                                     : loaded 2 times (x 79B)
Class org.gradle.api.GradleException                                                  : loaded 2 times (x 82B)
Class org.gradle.internal.IoActions                                                   : loaded 2 times (x 71B)
Class org.gradle.cli.CommandLineConverter                                             : loaded 2 times (x 70B)
Class org.gradle.cli.CommandLineParser$ParserState                                    : loaded 2 times (x 76B)
Class org.gradle.cli.CommandLineParser$OptionString                                   : loaded 2 times (x 73B)
Class org.gradle.internal.installation.CurrentGradleInstallationLocator               : loaded 2 times (x 71B)
Class org.gradle.internal.installation.CurrentGradleInstallation                      : loaded 2 times (x 73B)
Class org.gradle.util.internal.GUtil                                                  : loaded 2 times (x 71B)
Class org.gradle.cli.CommandLineParser$AfterOptions                                   : loaded 2 times (x 77B)
Class org.gradle.internal.installation.GradleInstallation                             : loaded 2 times (x 75B)

---------------  S Y S T E M  ---------------

OS:
 Windows 11 , 64 bit Build 22000 (10.0.22000.1516)
OS uptime: 0 days 4:39 hours

CPU: total 4 (initial active 4) (4 cores per cpu, 1 threads per core) family 6 model 94 stepping 3 microcode 0xd6, cx8, cmov, fxsr, mmx, 3dnowpref, sse, sse2, sse3, ssse3, sse4.1, sse4.2, popcnt, lzcnt, tsc, tscinvbit, avx, avx2, aes, erms, clmul, bmi1, bmi2, rtm, adx, fma, vzeroupper, clflush, clflushopt, rdtscp, f16c
Processor Information for the first 4 processors :
  Max Mhz: 2301, Current Mhz: 2301, Mhz Limit: 2301

Memory: 4k page, system-wide physical 7865M (295M free)
TotalPageFile size 22397M (AvailPageFile size 0M)
current process WorkingSet (physical memory assigned to process): 97M, peak: 124M
current process commit charge ("private bytes"): 255M, peak: 257M

vm_info: OpenJDK 64-Bit Server VM (21.0.8+-14196175-b1038.72) for windows-amd64 JRE (21.0.8+-14196175-b1038.72), built on 2025-10-01T10:24:33Z by "builder" with MS VC++ 16.10 / 16.11 (VS2019)

END.
