#
# There is insufficient memory for the Java Runtime Environment to continue.
# Native memory allocation (malloc) failed to allocate 35056 bytes. Error detail: Chunk::new
# Possible reasons:
#   The system is out of physical RAM or swap space
#   This process is running with CompressedOops enabled, and the Java Heap may be blocking the growth of the native heap
# Possible solutions:
#   Reduce memory load on the system
#   Increase physical memory or swap space
#   Check if swap backing store is full
#   Decrease Java heap size (-Xmx/-Xms)
#   Decrease number of Java threads
#   Decrease Java thread stack sizes (-Xss)
#   Set larger code cache with -XX:ReservedCodeCacheSize=
#   JVM is running with Unscaled Compressed Oops mode in which the Java heap is
#     placed in the first 4GB address space. The Java Heap base address is the
#     maximum limit for the native heap growth. Please use -XX:HeapBaseMinAddress
#     to set the Java Heap base and to place the Java Heap above 4GB virtual address.
# This output file may be truncated or incomplete.
#
#  Out of Memory Error (arena.cpp:168), pid=54700, tid=54976
#
# JRE version: OpenJDK Runtime Environment (21.0.8) (build 21.0.8+-14196175-b1038.72)
# Java VM: OpenJDK 64-Bit Server VM (21.0.8+-14196175-b1038.72, mixed mode, tiered, compressed oops, compressed class ptrs, g1 gc, windows-amd64)
# No core dump will be written. Minidumps are not enabled by default on client versions of Windows
#

---------------  S U M M A R Y ------------

Command Line: -Dorg.gradle.appname=gradlew org.gradle.wrapper.GradleWrapperMain --full-stacktrace --info -Pverbose=true -Ptarget-platform=android-arm64 -Ptarget=S:\dev\CaribTap\flutter-ulistings-app\flutter_universal_listings\lib\main.dart -Pbase-application-name=android.app.Application -Pdart-defines=RkxVVFRFUl9WRVJTSU9OPTMuMzguNg==,RkxVVFRFUl9DSEFOTkVMPXN0YWJsZQ==,RkxVVFRFUl9HSVRfVVJMPWh0dHBzOi8vZ2l0aHViLmNvbS9mbHV0dGVyL2ZsdXR0ZXIuZ2l0,RkxVVFRFUl9GUkFNRVdPUktfUkVWSVNJT049OGI4NzI4Njg0OQ==,RkxVVFRFUl9FTkdJTkVfUkVWSVNJT049NzhmYzMwMTJlNA==,RkxVVFRFUl9EQVJUX1ZFUlNJT049My4xMC43 -Pdart-obfuscation=false -Ptrack-widget-creation=true -Ptree-shake-icons=false -Pfilesystem-scheme=org-dartlang-root assembleDebug

Host: Intel(R) Core(TM) i5-6300HQ CPU @ 2.30GHz, 4 cores, 7G,  Windows 11 , 64 bit Build 22000 (10.0.22000.1516)
Time: Fri Feb 20 23:33:19 2026 SA Western Standard Time elapsed time: 127.618089 seconds (0d 0h 2m 7s)

---------------  T H R E A D  ---------------

Current thread (0x000001a6968c7ed0):  JavaThread "C2 CompilerThread0" daemon [_thread_in_native, id=54976, stack(0x0000003aaf700000,0x0000003aaf800000) (1024K)]


Current CompileTask:
C2:127618 2010       4       java.util.Properties::getProperty (50 bytes)

Stack: [0x0000003aaf700000,0x0000003aaf800000]
Native frames: (J=compiled Java code, j=interpreted, Vv=VM code, C=native code)
V  [jvm.dll+0x6d68d9]
V  [jvm.dll+0x866693]
V  [jvm.dll+0x868c4e]
V  [jvm.dll+0x869333]
V  [jvm.dll+0x280566]
V  [jvm.dll+0xc07cd]
V  [jvm.dll+0xc0d03]
V  [jvm.dll+0x3b95e1]
V  [jvm.dll+0x1df9a4]
V  [jvm.dll+0x2493a4]
V  [jvm.dll+0x248821]
V  [jvm.dll+0x1c73a4]
V  [jvm.dll+0x257f9e]
V  [jvm.dll+0x2564e6]
V  [jvm.dll+0x3f4696]
V  [jvm.dll+0x80eac8]
V  [jvm.dll+0x6d512d]
C  [ucrtbase.dll+0x26c0c]
C  [KERNEL32.DLL+0x155a0]
C  [ntdll.dll+0x485b]


---------------  P R O C E S S  ---------------

Threads class SMR info:
_java_thread_list=0x000001a69bceb290, length=12, elements={
0x000001a6ffa33480, 0x000001a69688e090, 0x000001a6968c3d60, 0x000001a6968c47c0,
0x000001a6968c5220, 0x000001a6968c5c80, 0x000001a6968c66e0, 0x000001a6968c7140,
0x000001a6968c7ed0, 0x000001a6968e0aa0, 0x000001a696a8fdc0, 0x000001a69b9474f0
}

Java Threads: ( => current thread )
  0x000001a6ffa33480 JavaThread "main"                              [_thread_blocked, id=54668, stack(0x0000003aae800000,0x0000003aae900000) (1024K)]
  0x000001a69688e090 JavaThread "Common-Cleaner"             daemon [_thread_blocked, id=55012, stack(0x0000003aaf000000,0x0000003aaf100000) (1024K)]
  0x000001a6968c3d60 JavaThread "Reference Handler"          daemon [_thread_blocked, id=55008, stack(0x0000003aaf100000,0x0000003aaf200000) (1024K)]
  0x000001a6968c47c0 JavaThread "Finalizer"                  daemon [_thread_blocked, id=54968, stack(0x0000003aaf200000,0x0000003aaf300000) (1024K)]
  0x000001a6968c5220 JavaThread "Signal Dispatcher"          daemon [_thread_blocked, id=54916, stack(0x0000003aaf300000,0x0000003aaf400000) (1024K)]
  0x000001a6968c5c80 JavaThread "Attach Listener"            daemon [_thread_blocked, id=54984, stack(0x0000003aaf400000,0x0000003aaf500000) (1024K)]
  0x000001a6968c66e0 JavaThread "Service Thread"             daemon [_thread_blocked, id=55004, stack(0x0000003aaf500000,0x0000003aaf600000) (1024K)]
  0x000001a6968c7140 JavaThread "Monitor Deflation Thread"   daemon [_thread_blocked, id=54912, stack(0x0000003aaf600000,0x0000003aaf700000) (1024K)]
=>0x000001a6968c7ed0 JavaThread "C2 CompilerThread0"         daemon [_thread_in_native, id=54976, stack(0x0000003aaf700000,0x0000003aaf800000) (1024K)]
  0x000001a6968e0aa0 JavaThread "C1 CompilerThread0"         daemon [_thread_blocked, id=54932, stack(0x0000003aaf800000,0x0000003aaf900000) (1024K)]
  0x000001a696a8fdc0 JavaThread "Notification Thread"        daemon [_thread_blocked, id=55052, stack(0x0000003aaf900000,0x0000003aafa00000) (1024K)]
  0x000001a69b9474f0 JavaThread "pool-1-thread-1"                   [_thread_in_vm, id=54400, stack(0x0000003aafd00000,0x0000003aafe00000) (1024K)]
Total: 12

Other Threads:
  0x000001a6966ebe10 VMThread "VM Thread"                           [id=54952, stack(0x0000003aaef00000,0x0000003aaf000000) (1024K)]
  0x000001a6966a4ee0 WatcherThread "VM Periodic Task Thread"        [id=54980, stack(0x0000003aaee00000,0x0000003aaef00000) (1024K)]
  0x000001a6ffa83750 WorkerThread "GC Thread#0"                     [id=54956, stack(0x0000003aae900000,0x0000003aaea00000) (1024K)]
  0x000001a69b14f2a0 WorkerThread "GC Thread#1"                     [id=55200, stack(0x0000003aafa00000,0x0000003aafb00000) (1024K)]
  0x000001a69b1c1ef0 WorkerThread "GC Thread#2"                     [id=55136, stack(0x0000003aafb00000,0x0000003aafc00000) (1024K)]
  0x000001a69b1c2290 WorkerThread "GC Thread#3"                     [id=55144, stack(0x0000003aafc00000,0x0000003aafd00000) (1024K)]
  0x000001a6ffa93d30 ConcurrentGCThread "G1 Main Marker"            [id=54960, stack(0x0000003aaea00000,0x0000003aaeb00000) (1024K)]
  0x000001a6ffa94830 WorkerThread "G1 Conc#0"                       [id=54936, stack(0x0000003aaeb00000,0x0000003aaec00000) (1024K)]
  0x000001a6ffafe7b0 ConcurrentGCThread "G1 Refine#0"               [id=54988, stack(0x0000003aaec00000,0x0000003aaed00000) (1024K)]
  0x000001a6965735b0 ConcurrentGCThread "G1 Service"                [id=54972, stack(0x0000003aaed00000,0x0000003aaee00000) (1024K)]
Total: 10

Threads with active compile tasks:
C2 CompilerThread0  127673 2010       4       java.util.Properties::getProperty (50 bytes)
Total: 1

VM state: not at safepoint (normal execution)

VM Mutex/Monitor currently owned by a thread: None

Heap address: 0x0000000085000000, size: 1968 MB, Compressed Oops mode: 32-bit

CDS archive(s) not mapped
Compressed class space mapped at: 0x0000000100000000-0x0000000140000000, reserved size: 1073741824
Narrow klass base: 0x0000000000000000, Narrow klass shift: 3, Narrow klass range: 0x140000000

GC Precious Log:
 CardTable entry size: 512
 Card Set container configuration: InlinePtr #cards 5 size 8 Array Of Cards #cards 12 size 40 Howl #buckets 4 coarsen threshold 1843 Howl Bitmap #cards 512 size 80 coarsen threshold 460 Card regions per heap region 1 cards per card region 2048
 CPUs: 4 total, 4 available
 Memory: 7865M
 Large Page Support: Disabled
 NUMA Support: Disabled
 Compressed Oops: Enabled (32-bit)
 Heap Region Size: 1M
 Heap Min Capacity: 8M
 Heap Initial Capacity: 124M
 Heap Max Capacity: 1968M
 Pre-touch: Disabled
 Parallel Workers: 4
 Concurrent Workers: 1
 Concurrent Refinement Workers: 4
 Periodic GC: Disabled

Heap:
 garbage-first heap   total 126976K, used 48696K [0x0000000085000000, 0x0000000100000000)
  region size 1024K, 43 young (44032K), 4 survivors (4096K)
 Metaspace       used 18687K, committed 19008K, reserved 1114112K
  class space    used 2217K, committed 2368K, reserved 1048576K

Heap Regions: E=young(eden), S=young(survivor), O=old, HS=humongous(starts), HC=humongous(continues), CS=collection set, F=free, TAMS=top-at-mark-start, PB=parsable bottom
|   0|0x0000000085000000, 0x0000000085100000, 0x0000000085100000|100%|HS|  |TAMS 0x0000000085000000| PB 0x0000000085000000| Complete 
|   1|0x0000000085100000, 0x0000000085200000, 0x0000000085200000|100%|HC|  |TAMS 0x0000000085100000| PB 0x0000000085100000| Complete 
|   2|0x0000000085200000, 0x0000000085300000, 0x0000000085300000|100%|HC|  |TAMS 0x0000000085200000| PB 0x0000000085200000| Complete 
|   3|0x0000000085300000, 0x0000000085400000, 0x0000000085400000|100%| O|  |TAMS 0x0000000085300000| PB 0x0000000085300000| Untracked 
|   4|0x0000000085400000, 0x0000000085500000, 0x0000000085500000|100%| O|  |TAMS 0x0000000085400000| PB 0x0000000085400000| Untracked 
|   5|0x0000000085500000, 0x000000008558e378, 0x0000000085600000| 55%| O|  |TAMS 0x0000000085500000| PB 0x0000000085500000| Untracked 
|   6|0x0000000085600000, 0x0000000085600000, 0x0000000085700000|  0%| F|  |TAMS 0x0000000085600000| PB 0x0000000085600000| Untracked 
|   7|0x0000000085700000, 0x0000000085700000, 0x0000000085800000|  0%| F|  |TAMS 0x0000000085700000| PB 0x0000000085700000| Untracked 
|   8|0x0000000085800000, 0x0000000085800000, 0x0000000085900000|  0%| F|  |TAMS 0x0000000085800000| PB 0x0000000085800000| Untracked 
|   9|0x0000000085900000, 0x0000000085900000, 0x0000000085a00000|  0%| F|  |TAMS 0x0000000085900000| PB 0x0000000085900000| Untracked 
|  10|0x0000000085a00000, 0x0000000085a00000, 0x0000000085b00000|  0%| F|  |TAMS 0x0000000085a00000| PB 0x0000000085a00000| Untracked 
|  11|0x0000000085b00000, 0x0000000085b00000, 0x0000000085c00000|  0%| F|  |TAMS 0x0000000085b00000| PB 0x0000000085b00000| Untracked 
|  12|0x0000000085c00000, 0x0000000085c00000, 0x0000000085d00000|  0%| F|  |TAMS 0x0000000085c00000| PB 0x0000000085c00000| Untracked 
|  13|0x0000000085d00000, 0x0000000085d00000, 0x0000000085e00000|  0%| F|  |TAMS 0x0000000085d00000| PB 0x0000000085d00000| Untracked 
|  14|0x0000000085e00000, 0x0000000085e00000, 0x0000000085f00000|  0%| F|  |TAMS 0x0000000085e00000| PB 0x0000000085e00000| Untracked 
|  15|0x0000000085f00000, 0x0000000085f00000, 0x0000000086000000|  0%| F|  |TAMS 0x0000000085f00000| PB 0x0000000085f00000| Untracked 
|  16|0x0000000086000000, 0x0000000086000000, 0x0000000086100000|  0%| F|  |TAMS 0x0000000086000000| PB 0x0000000086000000| Untracked 
|  17|0x0000000086100000, 0x0000000086100000, 0x0000000086200000|  0%| F|  |TAMS 0x0000000086100000| PB 0x0000000086100000| Untracked 
|  18|0x0000000086200000, 0x0000000086200000, 0x0000000086300000|  0%| F|  |TAMS 0x0000000086200000| PB 0x0000000086200000| Untracked 
|  19|0x0000000086300000, 0x0000000086300000, 0x0000000086400000|  0%| F|  |TAMS 0x0000000086300000| PB 0x0000000086300000| Untracked 
|  20|0x0000000086400000, 0x0000000086400000, 0x0000000086500000|  0%| F|  |TAMS 0x0000000086400000| PB 0x0000000086400000| Untracked 
|  21|0x0000000086500000, 0x0000000086500000, 0x0000000086600000|  0%| F|  |TAMS 0x0000000086500000| PB 0x0000000086500000| Untracked 
|  22|0x0000000086600000, 0x0000000086600000, 0x0000000086700000|  0%| F|  |TAMS 0x0000000086600000| PB 0x0000000086600000| Untracked 
|  23|0x0000000086700000, 0x0000000086700000, 0x0000000086800000|  0%| F|  |TAMS 0x0000000086700000| PB 0x0000000086700000| Untracked 
|  24|0x0000000086800000, 0x0000000086800000, 0x0000000086900000|  0%| F|  |TAMS 0x0000000086800000| PB 0x0000000086800000| Untracked 
|  25|0x0000000086900000, 0x0000000086900000, 0x0000000086a00000|  0%| F|  |TAMS 0x0000000086900000| PB 0x0000000086900000| Untracked 
|  26|0x0000000086a00000, 0x0000000086a00000, 0x0000000086b00000|  0%| F|  |TAMS 0x0000000086a00000| PB 0x0000000086a00000| Untracked 
|  27|0x0000000086b00000, 0x0000000086b00000, 0x0000000086c00000|  0%| F|  |TAMS 0x0000000086b00000| PB 0x0000000086b00000| Untracked 
|  28|0x0000000086c00000, 0x0000000086c00000, 0x0000000086d00000|  0%| F|  |TAMS 0x0000000086c00000| PB 0x0000000086c00000| Untracked 
|  29|0x0000000086d00000, 0x0000000086d00000, 0x0000000086e00000|  0%| F|  |TAMS 0x0000000086d00000| PB 0x0000000086d00000| Untracked 
|  30|0x0000000086e00000, 0x0000000086e00000, 0x0000000086f00000|  0%| F|  |TAMS 0x0000000086e00000| PB 0x0000000086e00000| Untracked 
|  31|0x0000000086f00000, 0x0000000086f00000, 0x0000000087000000|  0%| F|  |TAMS 0x0000000086f00000| PB 0x0000000086f00000| Untracked 
|  32|0x0000000087000000, 0x0000000087000000, 0x0000000087100000|  0%| F|  |TAMS 0x0000000087000000| PB 0x0000000087000000| Untracked 
|  33|0x0000000087100000, 0x0000000087100000, 0x0000000087200000|  0%| F|  |TAMS 0x0000000087100000| PB 0x0000000087100000| Untracked 
|  34|0x0000000087200000, 0x0000000087200000, 0x0000000087300000|  0%| F|  |TAMS 0x0000000087200000| PB 0x0000000087200000| Untracked 
|  35|0x0000000087300000, 0x0000000087300000, 0x0000000087400000|  0%| F|  |TAMS 0x0000000087300000| PB 0x0000000087300000| Untracked 
|  36|0x0000000087400000, 0x0000000087400000, 0x0000000087500000|  0%| F|  |TAMS 0x0000000087400000| PB 0x0000000087400000| Untracked 
|  37|0x0000000087500000, 0x0000000087500000, 0x0000000087600000|  0%| F|  |TAMS 0x0000000087500000| PB 0x0000000087500000| Untracked 
|  38|0x0000000087600000, 0x0000000087600000, 0x0000000087700000|  0%| F|  |TAMS 0x0000000087600000| PB 0x0000000087600000| Untracked 
|  39|0x0000000087700000, 0x0000000087700000, 0x0000000087800000|  0%| F|  |TAMS 0x0000000087700000| PB 0x0000000087700000| Untracked 
|  40|0x0000000087800000, 0x0000000087800000, 0x0000000087900000|  0%| F|  |TAMS 0x0000000087800000| PB 0x0000000087800000| Untracked 
|  41|0x0000000087900000, 0x0000000087900000, 0x0000000087a00000|  0%| F|  |TAMS 0x0000000087900000| PB 0x0000000087900000| Untracked 
|  42|0x0000000087a00000, 0x0000000087a00000, 0x0000000087b00000|  0%| F|  |TAMS 0x0000000087a00000| PB 0x0000000087a00000| Untracked 
|  43|0x0000000087b00000, 0x0000000087b00000, 0x0000000087c00000|  0%| F|  |TAMS 0x0000000087b00000| PB 0x0000000087b00000| Untracked 
|  44|0x0000000087c00000, 0x0000000087c00000, 0x0000000087d00000|  0%| F|  |TAMS 0x0000000087c00000| PB 0x0000000087c00000| Untracked 
|  45|0x0000000087d00000, 0x0000000087d00000, 0x0000000087e00000|  0%| F|  |TAMS 0x0000000087d00000| PB 0x0000000087d00000| Untracked 
|  46|0x0000000087e00000, 0x0000000087e00000, 0x0000000087f00000|  0%| F|  |TAMS 0x0000000087e00000| PB 0x0000000087e00000| Untracked 
|  47|0x0000000087f00000, 0x0000000087f00000, 0x0000000088000000|  0%| F|  |TAMS 0x0000000087f00000| PB 0x0000000087f00000| Untracked 
|  48|0x0000000088000000, 0x0000000088000000, 0x0000000088100000|  0%| F|  |TAMS 0x0000000088000000| PB 0x0000000088000000| Untracked 
|  49|0x0000000088100000, 0x0000000088100000, 0x0000000088200000|  0%| F|  |TAMS 0x0000000088100000| PB 0x0000000088100000| Untracked 
|  50|0x0000000088200000, 0x0000000088200000, 0x0000000088300000|  0%| F|  |TAMS 0x0000000088200000| PB 0x0000000088200000| Untracked 
|  51|0x0000000088300000, 0x0000000088300000, 0x0000000088400000|  0%| F|  |TAMS 0x0000000088300000| PB 0x0000000088300000| Untracked 
|  52|0x0000000088400000, 0x0000000088400000, 0x0000000088500000|  0%| F|  |TAMS 0x0000000088400000| PB 0x0000000088400000| Untracked 
|  53|0x0000000088500000, 0x0000000088500000, 0x0000000088600000|  0%| F|  |TAMS 0x0000000088500000| PB 0x0000000088500000| Untracked 
|  54|0x0000000088600000, 0x0000000088600000, 0x0000000088700000|  0%| F|  |TAMS 0x0000000088600000| PB 0x0000000088600000| Untracked 
|  55|0x0000000088700000, 0x0000000088700000, 0x0000000088800000|  0%| F|  |TAMS 0x0000000088700000| PB 0x0000000088700000| Untracked 
|  56|0x0000000088800000, 0x0000000088800000, 0x0000000088900000|  0%| F|  |TAMS 0x0000000088800000| PB 0x0000000088800000| Untracked 
|  57|0x0000000088900000, 0x0000000088900000, 0x0000000088a00000|  0%| F|  |TAMS 0x0000000088900000| PB 0x0000000088900000| Untracked 
|  58|0x0000000088a00000, 0x0000000088a00000, 0x0000000088b00000|  0%| F|  |TAMS 0x0000000088a00000| PB 0x0000000088a00000| Untracked 
|  59|0x0000000088b00000, 0x0000000088b00000, 0x0000000088c00000|  0%| F|  |TAMS 0x0000000088b00000| PB 0x0000000088b00000| Untracked 
|  60|0x0000000088c00000, 0x0000000088c00000, 0x0000000088d00000|  0%| F|  |TAMS 0x0000000088c00000| PB 0x0000000088c00000| Untracked 
|  61|0x0000000088d00000, 0x0000000088d00000, 0x0000000088e00000|  0%| F|  |TAMS 0x0000000088d00000| PB 0x0000000088d00000| Untracked 
|  62|0x0000000088e00000, 0x0000000088e00000, 0x0000000088f00000|  0%| F|  |TAMS 0x0000000088e00000| PB 0x0000000088e00000| Untracked 
|  63|0x0000000088f00000, 0x0000000088f00000, 0x0000000089000000|  0%| F|  |TAMS 0x0000000088f00000| PB 0x0000000088f00000| Untracked 
|  64|0x0000000089000000, 0x0000000089000000, 0x0000000089100000|  0%| F|  |TAMS 0x0000000089000000| PB 0x0000000089000000| Untracked 
|  65|0x0000000089100000, 0x0000000089100000, 0x0000000089200000|  0%| F|  |TAMS 0x0000000089100000| PB 0x0000000089100000| Untracked 
|  66|0x0000000089200000, 0x0000000089200000, 0x0000000089300000|  0%| F|  |TAMS 0x0000000089200000| PB 0x0000000089200000| Untracked 
|  67|0x0000000089300000, 0x0000000089300000, 0x0000000089400000|  0%| F|  |TAMS 0x0000000089300000| PB 0x0000000089300000| Untracked 
|  68|0x0000000089400000, 0x0000000089400000, 0x0000000089500000|  0%| F|  |TAMS 0x0000000089400000| PB 0x0000000089400000| Untracked 
|  69|0x0000000089500000, 0x0000000089500000, 0x0000000089600000|  0%| F|  |TAMS 0x0000000089500000| PB 0x0000000089500000| Untracked 
|  70|0x0000000089600000, 0x0000000089600000, 0x0000000089700000|  0%| F|  |TAMS 0x0000000089600000| PB 0x0000000089600000| Untracked 
|  71|0x0000000089700000, 0x0000000089700000, 0x0000000089800000|  0%| F|  |TAMS 0x0000000089700000| PB 0x0000000089700000| Untracked 
|  72|0x0000000089800000, 0x0000000089800000, 0x0000000089900000|  0%| F|  |TAMS 0x0000000089800000| PB 0x0000000089800000| Untracked 
|  73|0x0000000089900000, 0x0000000089900000, 0x0000000089a00000|  0%| F|  |TAMS 0x0000000089900000| PB 0x0000000089900000| Untracked 
|  74|0x0000000089a00000, 0x0000000089a00000, 0x0000000089b00000|  0%| F|  |TAMS 0x0000000089a00000| PB 0x0000000089a00000| Untracked 
|  75|0x0000000089b00000, 0x0000000089b00000, 0x0000000089c00000|  0%| F|  |TAMS 0x0000000089b00000| PB 0x0000000089b00000| Untracked 
|  76|0x0000000089c00000, 0x0000000089c00000, 0x0000000089d00000|  0%| F|  |TAMS 0x0000000089c00000| PB 0x0000000089c00000| Untracked 
|  77|0x0000000089d00000, 0x0000000089d00000, 0x0000000089e00000|  0%| F|  |TAMS 0x0000000089d00000| PB 0x0000000089d00000| Untracked 
|  78|0x0000000089e00000, 0x0000000089e00000, 0x0000000089f00000|  0%| F|  |TAMS 0x0000000089e00000| PB 0x0000000089e00000| Untracked 
|  79|0x0000000089f00000, 0x0000000089f00000, 0x000000008a000000|  0%| F|  |TAMS 0x0000000089f00000| PB 0x0000000089f00000| Untracked 
|  80|0x000000008a000000, 0x000000008a000000, 0x000000008a100000|  0%| F|  |TAMS 0x000000008a000000| PB 0x000000008a000000| Untracked 
|  81|0x000000008a100000, 0x000000008a177880, 0x000000008a200000| 46%| E|  |TAMS 0x000000008a100000| PB 0x000000008a100000| Complete 
|  82|0x000000008a200000, 0x000000008a300000, 0x000000008a300000|100%| E|CS|TAMS 0x000000008a200000| PB 0x000000008a200000| Complete 
|  83|0x000000008a300000, 0x000000008a400000, 0x000000008a400000|100%| E|CS|TAMS 0x000000008a300000| PB 0x000000008a300000| Complete 
|  84|0x000000008a400000, 0x000000008a500000, 0x000000008a500000|100%| E|CS|TAMS 0x000000008a400000| PB 0x000000008a400000| Complete 
|  85|0x000000008a500000, 0x000000008a600000, 0x000000008a600000|100%| E|CS|TAMS 0x000000008a500000| PB 0x000000008a500000| Complete 
|  86|0x000000008a600000, 0x000000008a700000, 0x000000008a700000|100%| E|CS|TAMS 0x000000008a600000| PB 0x000000008a600000| Complete 
|  87|0x000000008a700000, 0x000000008a800000, 0x000000008a800000|100%| E|CS|TAMS 0x000000008a700000| PB 0x000000008a700000| Complete 
|  88|0x000000008a800000, 0x000000008a900000, 0x000000008a900000|100%| E|CS|TAMS 0x000000008a800000| PB 0x000000008a800000| Complete 
|  89|0x000000008a900000, 0x000000008aa00000, 0x000000008aa00000|100%| E|CS|TAMS 0x000000008a900000| PB 0x000000008a900000| Complete 
|  90|0x000000008aa00000, 0x000000008ab00000, 0x000000008ab00000|100%| E|CS|TAMS 0x000000008aa00000| PB 0x000000008aa00000| Complete 
|  91|0x000000008ab00000, 0x000000008ac00000, 0x000000008ac00000|100%| E|CS|TAMS 0x000000008ab00000| PB 0x000000008ab00000| Complete 
|  92|0x000000008ac00000, 0x000000008ad00000, 0x000000008ad00000|100%| E|CS|TAMS 0x000000008ac00000| PB 0x000000008ac00000| Complete 
|  93|0x000000008ad00000, 0x000000008ae00000, 0x000000008ae00000|100%| E|CS|TAMS 0x000000008ad00000| PB 0x000000008ad00000| Complete 
|  94|0x000000008ae00000, 0x000000008af00000, 0x000000008af00000|100%| E|CS|TAMS 0x000000008ae00000| PB 0x000000008ae00000| Complete 
|  95|0x000000008af00000, 0x000000008b000000, 0x000000008b000000|100%| S|CS|TAMS 0x000000008af00000| PB 0x000000008af00000| Complete 
|  96|0x000000008b000000, 0x000000008b100000, 0x000000008b100000|100%| S|CS|TAMS 0x000000008b000000| PB 0x000000008b000000| Complete 
|  97|0x000000008b100000, 0x000000008b200000, 0x000000008b200000|100%| S|CS|TAMS 0x000000008b100000| PB 0x000000008b100000| Complete 
|  98|0x000000008b200000, 0x000000008b300000, 0x000000008b300000|100%| S|CS|TAMS 0x000000008b200000| PB 0x000000008b200000| Complete 
|  99|0x000000008b300000, 0x000000008b400000, 0x000000008b400000|100%| E|CS|TAMS 0x000000008b300000| PB 0x000000008b300000| Complete 
| 100|0x000000008b400000, 0x000000008b500000, 0x000000008b500000|100%| E|CS|TAMS 0x000000008b400000| PB 0x000000008b400000| Complete 
| 101|0x000000008b500000, 0x000000008b600000, 0x000000008b600000|100%| E|CS|TAMS 0x000000008b500000| PB 0x000000008b500000| Complete 
| 102|0x000000008b600000, 0x000000008b700000, 0x000000008b700000|100%| E|CS|TAMS 0x000000008b600000| PB 0x000000008b600000| Complete 
| 103|0x000000008b700000, 0x000000008b800000, 0x000000008b800000|100%| E|CS|TAMS 0x000000008b700000| PB 0x000000008b700000| Complete 
| 104|0x000000008b800000, 0x000000008b900000, 0x000000008b900000|100%| E|CS|TAMS 0x000000008b800000| PB 0x000000008b800000| Complete 
| 105|0x000000008b900000, 0x000000008ba00000, 0x000000008ba00000|100%| E|CS|TAMS 0x000000008b900000| PB 0x000000008b900000| Complete 
| 106|0x000000008ba00000, 0x000000008bb00000, 0x000000008bb00000|100%| E|CS|TAMS 0x000000008ba00000| PB 0x000000008ba00000| Complete 
| 107|0x000000008bb00000, 0x000000008bc00000, 0x000000008bc00000|100%| E|CS|TAMS 0x000000008bb00000| PB 0x000000008bb00000| Complete 
| 108|0x000000008bc00000, 0x000000008bd00000, 0x000000008bd00000|100%| E|CS|TAMS 0x000000008bc00000| PB 0x000000008bc00000| Complete 
| 109|0x000000008bd00000, 0x000000008be00000, 0x000000008be00000|100%| E|CS|TAMS 0x000000008bd00000| PB 0x000000008bd00000| Complete 
| 110|0x000000008be00000, 0x000000008bf00000, 0x000000008bf00000|100%| E|CS|TAMS 0x000000008be00000| PB 0x000000008be00000| Complete 
| 111|0x000000008bf00000, 0x000000008c000000, 0x000000008c000000|100%| E|CS|TAMS 0x000000008bf00000| PB 0x000000008bf00000| Complete 
| 112|0x000000008c000000, 0x000000008c100000, 0x000000008c100000|100%| E|CS|TAMS 0x000000008c000000| PB 0x000000008c000000| Complete 
| 113|0x000000008c100000, 0x000000008c200000, 0x000000008c200000|100%| E|CS|TAMS 0x000000008c100000| PB 0x000000008c100000| Complete 
| 114|0x000000008c200000, 0x000000008c300000, 0x000000008c300000|100%| E|CS|TAMS 0x000000008c200000| PB 0x000000008c200000| Complete 
| 115|0x000000008c300000, 0x000000008c400000, 0x000000008c400000|100%| E|CS|TAMS 0x000000008c300000| PB 0x000000008c300000| Complete 
| 116|0x000000008c400000, 0x000000008c500000, 0x000000008c500000|100%| E|CS|TAMS 0x000000008c400000| PB 0x000000008c400000| Complete 
| 117|0x000000008c500000, 0x000000008c600000, 0x000000008c600000|100%| E|CS|TAMS 0x000000008c500000| PB 0x000000008c500000| Complete 
| 118|0x000000008c600000, 0x000000008c700000, 0x000000008c700000|100%| E|CS|TAMS 0x000000008c600000| PB 0x000000008c600000| Complete 
| 119|0x000000008c700000, 0x000000008c800000, 0x000000008c800000|100%| E|CS|TAMS 0x000000008c700000| PB 0x000000008c700000| Complete 
| 120|0x000000008c800000, 0x000000008c900000, 0x000000008c900000|100%| E|CS|TAMS 0x000000008c800000| PB 0x000000008c800000| Complete 
| 121|0x000000008c900000, 0x000000008ca00000, 0x000000008ca00000|100%| E|CS|TAMS 0x000000008c900000| PB 0x000000008c900000| Complete 
| 122|0x000000008ca00000, 0x000000008cb00000, 0x000000008cb00000|100%| E|CS|TAMS 0x000000008ca00000| PB 0x000000008ca00000| Complete 
| 123|0x000000008cb00000, 0x000000008cc00000, 0x000000008cc00000|100%| E|CS|TAMS 0x000000008cb00000| PB 0x000000008cb00000| Complete 

Card table byte_map: [0x000001a692090000,0x000001a692470000] _byte_map_base: 0x000001a691c68000

Marking Bits: (CMBitMap*) 0x000001a6ffa83e50
 Bits: [0x000001a692470000, 0x000001a694330000)

Polling page: 0x000001a6fda40000

Metaspace:

Usage:
  Non-class:     16.08 MB used.
      Class:      2.17 MB used.
       Both:     18.25 MB used.

Virtual space:
  Non-class space:       64.00 MB reserved,      16.25 MB ( 25%) committed,  1 nodes.
      Class space:        1.00 GB reserved,       2.31 MB ( <1%) committed,  1 nodes.
             Both:        1.06 GB reserved,      18.56 MB (  2%) committed. 

Chunk freelists:
   Non-Class:  14.97 MB
       Class:  13.61 MB
        Both:  28.58 MB

MaxMetaspaceSize: unlimited
CompressedClassSpaceSize: 1.00 GB
Initial GC threshold: 21.00 MB
Current GC threshold: 21.00 MB
CDS: off
 - commit_granule_bytes: 65536.
 - commit_granule_words: 8192.
 - virtual_space_node_default_size: 8388608.
 - enlarge_chunks_in_place: 1.
 - use_allocation_guard: 0.


Internal statistics:

num_allocs_failed_limit: 0.
num_arena_births: 232.
num_arena_deaths: 0.
num_vsnodes_births: 2.
num_vsnodes_deaths: 0.
num_space_committed: 297.
num_space_uncommitted: 0.
num_chunks_returned_to_freelist: 0.
num_chunks_taken_from_freelist: 536.
num_chunk_merges: 0.
num_chunk_splits: 353.
num_chunks_enlarged: 268.
num_inconsistent_stats: 0.

CodeHeap 'non-profiled nmethods': size=120000Kb used=1007Kb max_used=1007Kb free=118992Kb
 bounds [0x000001a68ab60000, 0x000001a68add0000, 0x000001a692090000]
CodeHeap 'profiled nmethods': size=120000Kb used=3728Kb max_used=3728Kb free=116271Kb
 bounds [0x000001a683090000, 0x000001a683440000, 0x000001a68a5c0000]
CodeHeap 'non-nmethods': size=5760Kb used=1370Kb max_used=1414Kb free=4389Kb
 bounds [0x000001a68a5c0000, 0x000001a68a830000, 0x000001a68ab60000]
CodeCache: size=245760Kb, used=6105Kb, max_used=6149Kb, free=239652Kb
 total_blobs=2506, nmethods=2015, adapters=396, full_count=0
Compilation: enabled, stopped_count=0, restarted_count=0

Compilation events (20 events):
Event: 98.710 Thread 0x000001a6968e0aa0 2003       3       sun.nio.ch.WEPollSelectorImpl::toReadyOps (58 bytes)
Event: 98.710 Thread 0x000001a6968e0aa0 nmethod 2003 0x000001a68342ed90 code [0x000001a68342ef40, 0x000001a68342f110]
Event: 98.717 Thread 0x000001a6968e0aa0 2004       3       sun.nio.ch.SelectorImpl::processReadyEvents (115 bytes)
Event: 98.718 Thread 0x000001a6968e0aa0 nmethod 2004 0x000001a68342f190 code [0x000001a68342f420, 0x000001a68342ff60]
Event: 98.718 Thread 0x000001a6968e0aa0 2005       3       sun.nio.ch.SocketChannelImpl::translateReadyOps (173 bytes)
Event: 98.719 Thread 0x000001a6968e0aa0 nmethod 2005 0x000001a683430310 code [0x000001a683430500, 0x000001a683430b38]
Event: 98.719 Thread 0x000001a6968e0aa0 2006       3       sun.nio.ch.SocketChannelImpl::isConnected (14 bytes)
Event: 98.719 Thread 0x000001a6968e0aa0 nmethod 2006 0x000001a683430c90 code [0x000001a683430e20, 0x000001a683430f80]
Event: 98.719 Thread 0x000001a6968e0aa0 2007       3       java.nio.MappedByteBuffer::clear (5 bytes)
Event: 98.719 Thread 0x000001a6968e0aa0 nmethod 2007 0x000001a683431010 code [0x000001a6834311c0, 0x000001a683431400]
Event: 98.719 Thread 0x000001a6968e0aa0 2008       3       java.nio.MappedByteBuffer::clear (7 bytes)
Event: 98.719 Thread 0x000001a6968e0aa0 nmethod 2008 0x000001a683431510 code [0x000001a6834316c0, 0x000001a6834318a0]
Event: 98.721 Thread 0x000001a6968e0aa0 2009       3       sun.nio.ch.SocketChannelImpl::translateAndUpdateReadyOps (11 bytes)
Event: 98.721 Thread 0x000001a6968e0aa0 nmethod 2009 0x000001a683431990 code [0x000001a683431b40, 0x000001a683431cc0]
Event: 98.813 Thread 0x000001a6968c7ed0 nmethod 1986 0x000001a68ac54610 code [0x000001a68ac549e0, 0x000001a68ac57850]
Event: 98.814 Thread 0x000001a6968c7ed0 1988   !   4       org.gradle.launcher.daemon.client.DaemonClientConnection::receive (81 bytes)
Event: 98.843 Thread 0x000001a6968c7ed0 nmethod 1988 0x000001a68ac59010 code [0x000001a68ac592c0, 0x000001a68ac59ee8]
Event: 98.843 Thread 0x000001a6968c7ed0 1989   !   4       org.gradle.internal.remote.internal.inet.SocketConnection::receive (142 bytes)
Event: 98.867 Thread 0x000001a6968c7ed0 nmethod 1989 0x000001a68ac5a910 code [0x000001a68ac5ab80, 0x000001a68ac5b4c8]
Event: 102.797 Thread 0x000001a6968c7ed0 2010       4       java.util.Properties::getProperty (50 bytes)

GC Heap History (4 events):
Event: 1.237 GC heap before
{Heap before GC invocations=0 (full 0):
 garbage-first heap   total 126976K, used 13312K [0x0000000085000000, 0x0000000100000000)
  region size 1024K, 13 young (13312K), 0 survivors (0K)
 Metaspace       used 8555K, committed 8704K, reserved 1114112K
  class space    used 789K, committed 896K, reserved 1048576K
}
Event: 1.276 GC heap after
{Heap after GC invocations=1 (full 0):
 garbage-first heap   total 126976K, used 1536K [0x0000000085000000, 0x0000000100000000)
  region size 1024K, 2 young (2048K), 2 survivors (2048K)
 Metaspace       used 8555K, committed 8704K, reserved 1114112K
  class space    used 789K, committed 896K, reserved 1048576K
}
Event: 2.680 GC heap before
{Heap before GC invocations=1 (full 0):
 garbage-first heap   total 126976K, used 27136K [0x0000000085000000, 0x0000000100000000)
  region size 1024K, 25 young (25600K), 2 survivors (2048K)
 Metaspace       used 12690K, committed 12864K, reserved 1114112K
  class space    used 1384K, committed 1472K, reserved 1048576K
}
Event: 2.688 GC heap after
{Heap after GC invocations=2 (full 0):
 garbage-first heap   total 126976K, used 9784K [0x0000000085000000, 0x0000000100000000)
  region size 1024K, 4 young (4096K), 4 survivors (4096K)
 Metaspace       used 12690K, committed 12864K, reserved 1114112K
  class space    used 1384K, committed 1472K, reserved 1048576K
}

Dll operation events (3 events):
Event: 0.009 Loaded shared library C:\Program Files\Android\Android Studio\jbr\bin\java.dll
Event: 0.017 Loaded shared library C:\Program Files\Android\Android Studio\jbr\bin\zip.dll
Event: 0.369 Loaded shared library C:\Program Files\Android\Android Studio\jbr\bin\verify.dll

Deoptimization events (20 events):
Event: 40.268 Thread 0x000001a6ffa33480 DEOPT PACKING pc=0x000001a68ac19848 sp=0x0000003aae8fd9a0
Event: 40.268 Thread 0x000001a6ffa33480 DEOPT UNPACKING pc=0x000001a68a6146a2 sp=0x0000003aae8fd950 mode 2
Event: 40.325 Thread 0x000001a69b9474f0 Uncommon trap: trap_request=0xffffff45 fr.pc=0x000001a68ac1ef78 relative=0x0000000000000f58
Event: 40.325 Thread 0x000001a69b9474f0 Uncommon trap: reason=unstable_if action=reinterpret pc=0x000001a68ac1ef78 method=org.gradle.internal.logging.text.AbstractLineChoppingStyledTextOutput$2.execute(Lorg/gradle/internal/logging/text/AbstractLineChoppingStyledTextOutput$StateContext;)V @ 34 c
Event: 40.325 Thread 0x000001a69b9474f0 DEOPT PACKING pc=0x000001a68ac1ef78 sp=0x0000003aafdfe700
Event: 40.325 Thread 0x000001a69b9474f0 DEOPT UNPACKING pc=0x000001a68a6146a2 sp=0x0000003aafdfe548 mode 2
Event: 40.325 Thread 0x000001a69b9474f0 Uncommon trap: trap_request=0xffffff45 fr.pc=0x000001a68ac1235c relative=0x000000000000041c
Event: 40.325 Thread 0x000001a69b9474f0 Uncommon trap: reason=unstable_if action=reinterpret pc=0x000001a68ac1235c method=org.gradle.internal.logging.text.AbstractLineChoppingStyledTextOutput$2.execute(Lorg/gradle/internal/logging/text/AbstractLineChoppingStyledTextOutput$StateContext;)V @ 34 c
Event: 40.325 Thread 0x000001a69b9474f0 DEOPT PACKING pc=0x000001a68ac1235c sp=0x0000003aafdfe6b0
Event: 40.325 Thread 0x000001a69b9474f0 DEOPT UNPACKING pc=0x000001a68a6146a2 sp=0x0000003aafdfe548 mode 2
Event: 40.594 Thread 0x000001a69b9474f0 DEOPT PACKING pc=0x000001a6834192cc sp=0x0000003aafdfe710
Event: 40.594 Thread 0x000001a69b9474f0 DEOPT UNPACKING pc=0x000001a68a614e42 sp=0x0000003aafdfdbe0 mode 0
Event: 41.394 Thread 0x000001a69b9474f0 DEOPT PACKING pc=0x000001a6834192cc sp=0x0000003aafdfe710
Event: 41.394 Thread 0x000001a69b9474f0 DEOPT UNPACKING pc=0x000001a68a614e42 sp=0x0000003aafdfdbe0 mode 0
Event: 41.812 Thread 0x000001a69b9474f0 DEOPT PACKING pc=0x000001a6834192cc sp=0x0000003aafdfe710
Event: 41.812 Thread 0x000001a69b9474f0 DEOPT UNPACKING pc=0x000001a68a614e42 sp=0x0000003aafdfdbe0 mode 0
Event: 42.179 Thread 0x000001a69b9474f0 DEOPT PACKING pc=0x000001a6834192cc sp=0x0000003aafdfe710
Event: 42.179 Thread 0x000001a69b9474f0 DEOPT UNPACKING pc=0x000001a68a614e42 sp=0x0000003aafdfdbe0 mode 0
Event: 42.602 Thread 0x000001a69b9474f0 DEOPT PACKING pc=0x000001a6834192cc sp=0x0000003aafdfe710
Event: 42.602 Thread 0x000001a69b9474f0 DEOPT UNPACKING pc=0x000001a68a614e42 sp=0x0000003aafdfdbe0 mode 0

Classes loaded (20 events):
Event: 5.363 Loading class jdk/internal/logger/LazyLoggers$LazyLoggerFactories
Event: 5.363 Loading class jdk/internal/logger/LazyLoggers$LazyLoggerFactories done
Event: 5.363 Loading class jdk/internal/logger/LoggerFinderLoader
Event: 5.364 Loading class jdk/internal/logger/LoggerFinderLoader done
Event: 5.364 Loading class jdk/internal/logger/LoggerFinderLoader$TemporaryLoggerFinder
Event: 5.364 Loading class jdk/internal/logger/LoggerFinderLoader$TemporaryLoggerFinder done
Event: 5.364 Loading class sun/util/logging/internal/LoggingProviderImpl$JULWrapper
Event: 5.364 Loading class sun/util/logging/PlatformLogger$ConfigurableBridge$LoggerConfiguration
Event: 5.364 Loading class sun/util/logging/PlatformLogger$ConfigurableBridge$LoggerConfiguration done
Event: 5.364 Loading class sun/util/logging/internal/LoggingProviderImpl$JULWrapper done
Event: 5.365 Loading class java/io/ObjectInputFilter$Config$BuiltinFilterFactory
Event: 5.365 Loading class java/io/ObjectInputFilter$Config$BuiltinFilterFactory done
Event: 5.365 Loading class jdk/internal/access/JavaObjectInputFilterAccess
Event: 5.365 Loading class jdk/internal/access/JavaObjectInputFilterAccess done
Event: 5.366 Loading class java/lang/System$Logger$Level
Event: 5.366 Loading class java/lang/System$Logger$Level done
Event: 21.052 Loading class java/lang/invoke/MethodHandle$1
Event: 21.052 Loading class java/lang/invoke/MethodHandle$1 done
Event: 51.879 Loading class java/lang/foreign/MemorySegment
Event: 51.925 Loading class java/lang/foreign/MemorySegment done

Classes unloaded (0 events):
No events

Classes redefined (0 events):
No events

Internal exceptions (19 events):
Event: 0.818 Thread 0x000001a6ffa33480 Exception <a 'java/lang/NoSuchMethodError'{0x000000008c9fa688}: 'void java.lang.invoke.DirectMethodHandle$Holder.invokeSpecial(java.lang.Object, java.lang.Object, java.lang.Object)'> (0x000000008c9fa688) 
thrown [s\src\hotspot\share\interpreter\linkResolver.cpp, line 784]
Event: 0.927 Thread 0x000001a6ffa33480 Exception <a 'java/lang/NoSuchMethodError'{0x000000008c733da0}: 'int java.lang.invoke.DirectMethodHandle$Holder.invokeSpecial(java.lang.Object, java.lang.Object, java.lang.Object, java.lang.Object)'> (0x000000008c733da0) 
thrown [s\src\hotspot\share\interpreter\linkResolver.cpp, line 784]
Event: 2.216 Thread 0x000001a6ffa33480 Exception <a 'java/lang/NoSuchMethodError'{0x000000008bad2158}: 'java.lang.Object java.lang.invoke.DirectMethodHandle$Holder.invokeVirtual(java.lang.Object, java.lang.Object, java.lang.Object)'> (0x000000008bad2158) 
thrown [s\src\hotspot\share\interpreter\linkResolver.cpp, line 784]
Event: 2.634 Thread 0x000001a6ffa33480 Implicit null exception at 0x000001a68abce83a to 0x000001a68abceab4
Event: 2.634 Thread 0x000001a6ffa33480 Implicit null exception at 0x000001a68ab92cc0 to 0x000001a68ab92d42
Event: 2.648 Thread 0x000001a6ffa33480 Exception <a 'java/lang/NoSuchMethodError'{0x000000008b38ce98}: 'void java.lang.invoke.DirectMethodHandle$Holder.invokeInterface(java.lang.Object, java.lang.Object, java.lang.Object)'> (0x000000008b38ce98) 
thrown [s\src\hotspot\share\interpreter\linkResolver.cpp, line 784]
Event: 2.671 Thread 0x000001a6ffa33480 Exception <a 'java/lang/NoClassDefFoundError'{0x000000008b3e71b8}: org/slf4j/impl/StaticMarkerBinder> (0x000000008b3e71b8) 
thrown [s\src\hotspot\share\classfile\systemDictionary.cpp, line 301]
Event: 2.888 Thread 0x000001a6ffa33480 Exception <a 'java/lang/NoSuchMethodError'{0x000000008c720db8}: 'java.lang.Object java.lang.invoke.DirectMethodHandle$Holder.newInvokeSpecial(java.lang.Object, java.lang.Object, java.lang.Object, java.lang.Object, java.lang.Object)'> (0x000000008c720db8) 
thrown [s\src\hotspot\share\interpreter\linkResolver.cpp, line 784]
Event: 2.896 Thread 0x000001a6ffa33480 Exception <a 'java/lang/NoSuchMethodError'{0x000000008c7695f8}: 'java.lang.Object java.lang.invoke.Invokers$Holder.invokeExact_MT(java.lang.Object, java.lang.Object, java.lang.Object, java.lang.Object, java.lang.Object)'> (0x000000008c7695f8) 
thrown [s\src\hotspot\share\interpreter\linkResolver.cpp, line 784]
Event: 2.900 Thread 0x000001a6ffa33480 Exception <a 'java/lang/NoSuchMethodError'{0x000000008c795ba8}: 'java.lang.Object java.lang.invoke.DirectMethodHandle$Holder.invokeVirtual(java.lang.Object, java.lang.Object, java.lang.Object, java.lang.Object, java.lang.Object, java.lang.Object, java.lang.Object)'> (0x000000008c795ba8) 
thrown [s\src\hotspot\share\interpreter\linkResolver.cpp, line 784]
Event: 2.919 Thread 0x000001a6ffa33480 Exception <a 'java/lang/NoSuchMethodError'{0x000000008c7d3ca8}: 'java.lang.Object java.lang.invoke.DirectMethodHandle$Holder.invokeVirtual(java.lang.Object, java.lang.Object, java.lang.Object, java.lang.Object)'> (0x000000008c7d3ca8) 
thrown [s\src\hotspot\share\interpreter\linkResolver.cpp, line 784]
Event: 3.057 Thread 0x000001a6ffa33480 Exception <a 'java/lang/NoSuchMethodError'{0x000000008c484f78}: 'java.lang.Object java.lang.invoke.DirectMethodHandle$Holder.invokeVirtual(java.lang.Object, java.lang.Object, java.lang.Object, java.lang.Object, java.lang.Object, java.lang.Object)'> (0x000000008c484f78) 
thrown [s\src\hotspot\share\interpreter\linkResolver.cpp, line 784]
Event: 3.111 Thread 0x000001a6ffa33480 Exception <a 'java/lang/NoSuchMethodError'{0x000000008c345c58}: 'java.lang.Object java.lang.invoke.DirectMethodHandle$Holder.invokeVirtual(java.lang.Object, java.lang.Object, java.lang.Object, java.lang.Object, java.lang.Object)'> (0x000000008c345c58) 
thrown [s\src\hotspot\share\interpreter\linkResolver.cpp, line 784]
Event: 3.114 Thread 0x000001a6ffa33480 Exception <a 'java/lang/NoSuchMethodError'{0x000000008c358aa8}: 'java.lang.Object java.lang.invoke.Invokers$Holder.invokeExact_MT(java.lang.Object, java.lang.Object, java.lang.Object, java.lang.Object, java.lang.Object, java.lang.Object)'> (0x000000008c358aa8) 
thrown [s\src\hotspot\share\interpreter\linkResolver.cpp, line 784]
Event: 3.142 Thread 0x000001a6ffa33480 Exception <a 'java/lang/NoSuchMethodError'{0x000000008c212150}: 'java.lang.Object java.lang.invoke.DirectMethodHandle$Holder.invokeSpecialIFC(java.lang.Object, java.lang.Object, java.lang.Object, java.lang.Object)'> (0x000000008c212150) 
thrown [s\src\hotspot\share\interpreter\linkResolver.cpp, line 784]
Event: 3.162 Thread 0x000001a6ffa33480 Exception <a 'java/lang/NoSuchMethodError'{0x000000008c21b3c8}: 'java.lang.Object java.lang.invoke.DirectMethodHandle$Holder.invokeVirtual(java.lang.Object, java.lang.Object, java.lang.Object, java.lang.Object, java.lang.Object, java.lang.Object, java.lang.Object, java.lang.Object)'> (0x000000008c21b3c8) 
thrown [s\src\hotspot\share\interpreter\linkResolver.cpp, line 784]
Event: 3.184 Thread 0x000001a6ffa33480 Exception <a 'java/lang/NoSuchMethodError'{0x000000008c27bb68}: 'java.lang.Object java.lang.invoke.DirectMethodHandle$Holder.invokeVirtual(java.lang.Object, java.lang.Object, java.lang.Object, java.lang.Object, java.lang.Object, java.lang.Object, java.lang.Object, java.lang.Object, java.lang.Object)'> (0x000000008c27bb68) 
thrown [s\src\hotspot\share\interpreter\linkResolver.cpp, line 784]
Event: 3.915 Thread 0x000001a6ffa33480 Exception <a 'java/lang/NoSuchMethodError'{0x000000008bfe1b68}: 'java.lang.Object java.lang.invoke.DirectMethodHandle$Holder.invokeStaticInit(java.lang.Object, java.lang.Object, int, int, int, int)'> (0x000000008bfe1b68) 
thrown [s\src\hotspot\share\interpreter\linkResolver.cpp, line 784]
Event: 3.999 Thread 0x000001a6ffa33480 Implicit null exception at 0x000001a68aba90a4 to 0x000001a68aba9724

ZGC Phase Switch (0 events):
No events

VM Operations (20 events):
Event: 42.371 Executing VM operation: Cleanup
Event: 42.372 Executing VM operation: Cleanup done
Event: 43.379 Executing VM operation: Cleanup
Event: 43.379 Executing VM operation: Cleanup done
Event: 47.404 Executing VM operation: Cleanup
Event: 47.404 Executing VM operation: Cleanup done
Event: 51.444 Executing VM operation: Cleanup
Event: 51.444 Executing VM operation: Cleanup done
Event: 52.453 Executing VM operation: Cleanup
Event: 52.454 Executing VM operation: Cleanup done
Event: 55.472 Executing VM operation: Cleanup
Event: 55.472 Executing VM operation: Cleanup done
Event: 57.488 Executing VM operation: Cleanup
Event: 57.488 Executing VM operation: Cleanup done
Event: 81.694 Executing VM operation: Cleanup
Event: 81.694 Executing VM operation: Cleanup done
Event: 98.876 Executing VM operation: Cleanup
Event: 98.876 Executing VM operation: Cleanup done
Event: 99.886 Executing VM operation: Cleanup
Event: 99.886 Executing VM operation: Cleanup done

Memory protections (0 events):
No events

Nmethod flushes (0 events):
No events

Events (20 events):
Event: 0.096 Thread 0x000001a6ffa33480 Thread added: 0x000001a6968c3d60
Event: 0.096 Thread 0x000001a6ffa33480 Thread added: 0x000001a6968c47c0
Event: 0.097 Thread 0x000001a6ffa33480 Thread added: 0x000001a6968c5220
Event: 0.097 Thread 0x000001a6ffa33480 Thread added: 0x000001a6968c5c80
Event: 0.097 Thread 0x000001a6ffa33480 Thread added: 0x000001a6968c66e0
Event: 0.097 Thread 0x000001a6ffa33480 Thread added: 0x000001a6968c7140
Event: 0.097 Thread 0x000001a6ffa33480 Thread added: 0x000001a6968c7ed0
Event: 0.102 Thread 0x000001a6ffa33480 Thread added: 0x000001a6968e0aa0
Event: 0.143 Thread 0x000001a6ffa33480 Thread added: 0x000001a696a8fdc0
Event: 0.253 Loaded shared library C:\Program Files\Android\Android Studio\jbr\bin\net.dll
Event: 0.263 Loaded shared library C:\Program Files\Android\Android Studio\jbr\bin\nio.dll
Event: 0.307 Loaded shared library C:\Program Files\Android\Android Studio\jbr\bin\zip.dll
Event: 0.549 Loaded shared library C:\Program Files\Android\Android Studio\jbr\bin\jimage.dll
Event: 1.381 Thread 0x000001a6968e0aa0 Thread added: 0x000001a69b1111a0
Event: 1.566 Thread 0x000001a69b1111a0 Thread exited: 0x000001a69b1111a0
Event: 2.516 Loaded shared library C:\Program Files\Android\Android Studio\jbr\bin\management.dll
Event: 2.521 Loaded shared library C:\Program Files\Android\Android Studio\jbr\bin\management_ext.dll
Event: 2.740 Loaded shared library S:\gradle-home\native\c067742578af261105cb4f569cf0c3c89f3d7b1fecec35dd04571415982c5e48\windows-amd64\native-platform.dll
Event: 2.813 Thread 0x000001a6ffa33480 Thread added: 0x000001a69b9474f0
Event: 3.940 Loaded shared library C:\Program Files\Android\Android Studio\jbr\bin\extnet.dll


Dynamic libraries:
0x00007ff75c8a0000 - 0x00007ff75c8aa000 	C:\Program Files\Android\Android Studio\jbr\bin\java.exe
0x00007ffdf10a0000 - 0x00007ffdf12a9000 	C:\Windows\SYSTEM32\ntdll.dll
0x00007ffdf06a0000 - 0x00007ffdf075e000 	C:\Windows\System32\KERNEL32.DLL
0x00007ffdee5a0000 - 0x00007ffdee91c000 	C:\Windows\System32\KERNELBASE.dll
0x00007ffdee920000 - 0x00007ffdeea31000 	C:\Windows\System32\ucrtbase.dll
0x00007ffde7c10000 - 0x00007ffde7c28000 	C:\Program Files\Android\Android Studio\jbr\bin\jli.dll
0x00007ffdf0ce0000 - 0x00007ffdf0e8d000 	C:\Windows\System32\USER32.dll
0x00007ffdee570000 - 0x00007ffdee596000 	C:\Windows\System32\win32u.dll
0x00007ffdef210000 - 0x00007ffdef239000 	C:\Windows\System32\GDI32.dll
0x00007ffdeee00000 - 0x00007ffdeef18000 	C:\Windows\System32\gdi32full.dll
0x00007ffdeed60000 - 0x00007ffdeedfd000 	C:\Windows\System32\msvcp_win.dll
0x00007ffde7c30000 - 0x00007ffde7c4b000 	C:\Program Files\Android\Android Studio\jbr\bin\VCRUNTIME140.dll
0x00007ffdd2b20000 - 0x00007ffdd2dc5000 	C:\Windows\WinSxS\amd64_microsoft.windows.common-controls_6595b64144ccf1df_6.0.22000.120_none_9d947278b86cc467\COMCTL32.dll
0x00007ffdf0760000 - 0x00007ffdf0803000 	C:\Windows\System32\msvcrt.dll
0x00007ffdf0660000 - 0x00007ffdf0691000 	C:\Windows\System32\IMM32.DLL
0x00007ffde46c0000 - 0x00007ffde46cc000 	C:\Program Files\Android\Android Studio\jbr\bin\vcruntime140_1.dll
0x00007ffdddc20000 - 0x00007ffdddcad000 	C:\Program Files\Android\Android Studio\jbr\bin\msvcp140.dll
0x00007ffd7a730000 - 0x00007ffd7b3c6000 	C:\Program Files\Android\Android Studio\jbr\bin\server\jvm.dll
0x00007ffdef240000 - 0x00007ffdef2ee000 	C:\Windows\System32\ADVAPI32.dll
0x00007ffdf03f0000 - 0x00007ffdf048e000 	C:\Windows\System32\sechost.dll
0x00007ffdef070000 - 0x00007ffdef190000 	C:\Windows\System32\RPCRT4.dll
0x00007ffdf0ff0000 - 0x00007ffdf105f000 	C:\Windows\System32\WS2_32.dll
0x00007ffdedb30000 - 0x00007ffdedb7d000 	C:\Windows\SYSTEM32\POWRPROF.dll
0x00007ffde4b30000 - 0x00007ffde4b3a000 	C:\Windows\SYSTEM32\VERSION.dll
0x00007ffddfa60000 - 0x00007ffddfa93000 	C:\Windows\SYSTEM32\WINMM.dll
0x00007ffded980000 - 0x00007ffded993000 	C:\Windows\SYSTEM32\UMPDC.dll
0x00007ffded5f0000 - 0x00007ffded608000 	C:\Windows\SYSTEM32\kernel.appcore.dll
0x00007ffde46b0000 - 0x00007ffde46ba000 	C:\Program Files\Android\Android Studio\jbr\bin\jimage.dll
0x00007ffdd88c0000 - 0x00007ffdd8ae1000 	C:\Windows\SYSTEM32\DBGHELP.DLL
0x00007ffdd80b0000 - 0x00007ffdd80e1000 	C:\Windows\SYSTEM32\dbgcore.DLL
0x00007ffdeece0000 - 0x00007ffdeed5f000 	C:\Windows\System32\bcryptPrimitives.dll
0x00007ffde4690000 - 0x00007ffde46b0000 	C:\Program Files\Android\Android Studio\jbr\bin\java.dll
0x00007ffde4670000 - 0x00007ffde4688000 	C:\Program Files\Android\Android Studio\jbr\bin\zip.dll
0x00007ffdef8a0000 - 0x00007ffdf0065000 	C:\Windows\System32\SHELL32.dll
0x00007ffdec660000 - 0x00007ffdecec5000 	C:\Windows\SYSTEM32\windows.storage.dll
0x00007ffdf0070000 - 0x00007ffdf03e6000 	C:\Windows\System32\combase.dll
0x00007ffdec4f0000 - 0x00007ffdec656000 	C:\Windows\SYSTEM32\wintypes.dll
0x00007ffdeef80000 - 0x00007ffdef06a000 	C:\Windows\System32\SHCORE.dll
0x00007ffdf0e90000 - 0x00007ffdf0eed000 	C:\Windows\System32\shlwapi.dll
0x00007ffdee4a0000 - 0x00007ffdee4c1000 	C:\Windows\SYSTEM32\profapi.dll
0x00007ffddf2d0000 - 0x00007ffddf2e0000 	C:\Program Files\Android\Android Studio\jbr\bin\net.dll
0x00007ffde9a00000 - 0x00007ffde9b12000 	C:\Windows\SYSTEM32\WINHTTP.dll
0x00007ffdedb80000 - 0x00007ffdedbe7000 	C:\Windows\system32\mswsock.dll
0x00007ffddf2b0000 - 0x00007ffddf2c6000 	C:\Program Files\Android\Android Studio\jbr\bin\nio.dll
0x00007ffddf2a0000 - 0x00007ffddf2b0000 	C:\Program Files\Android\Android Studio\jbr\bin\verify.dll
0x00007ffdde0e0000 - 0x00007ffdde0e9000 	C:\Program Files\Android\Android Studio\jbr\bin\management.dll
0x00007ffdde0d0000 - 0x00007ffdde0db000 	C:\Program Files\Android\Android Studio\jbr\bin\management_ext.dll
0x00007ffdef3a0000 - 0x00007ffdef3a8000 	C:\Windows\System32\PSAPI.DLL
0x00007ffddd770000 - 0x00007ffddd797000 	S:\gradle-home\native\c067742578af261105cb4f569cf0c3c89f3d7b1fecec35dd04571415982c5e48\windows-amd64\native-platform.dll
0x00007ffdeddd0000 - 0x00007ffdedde8000 	C:\Windows\SYSTEM32\CRYPTSP.dll
0x00007ffded550000 - 0x00007ffded585000 	C:\Windows\system32\rsaenh.dll
0x00007ffdedc70000 - 0x00007ffdedc99000 	C:\Windows\SYSTEM32\USERENV.dll
0x00007ffdedf50000 - 0x00007ffdedf77000 	C:\Windows\SYSTEM32\bcrypt.dll
0x00007ffdeddc0000 - 0x00007ffdeddcc000 	C:\Windows\SYSTEM32\CRYPTBASE.dll
0x00007ffded120000 - 0x00007ffded14d000 	C:\Windows\SYSTEM32\IPHLPAPI.DLL
0x00007ffdf0810000 - 0x00007ffdf0819000 	C:\Windows\System32\NSI.dll
0x00007ffdddfb0000 - 0x00007ffdddfb9000 	C:\Program Files\Android\Android Studio\jbr\bin\extnet.dll
0x00007ffdc6910000 - 0x00007ffdc6918000 	C:\Windows\system32\wshunix.dll

JVMTI agents: none

dbghelp: loaded successfully - version: 4.0.5 - missing functions: none
symbol engine: initialized successfully - sym options: 0x614 - pdb path: .;C:\Program Files\Android\Android Studio\jbr\bin;C:\Windows\SYSTEM32;C:\Windows\WinSxS\amd64_microsoft.windows.common-controls_6595b64144ccf1df_6.0.22000.120_none_9d947278b86cc467;C:\Program Files\Android\Android Studio\jbr\bin\server;S:\gradle-home\native\c067742578af261105cb4f569cf0c3c89f3d7b1fecec35dd04571415982c5e48\windows-amd64

VM Arguments:
jvm_args: -Dorg.gradle.appname=gradlew 
java_command: org.gradle.wrapper.GradleWrapperMain --full-stacktrace --info -Pverbose=true -Ptarget-platform=android-arm64 -Ptarget=S:\dev\CaribTap\flutter-ulistings-app\flutter_universal_listings\lib\main.dart -Pbase-application-name=android.app.Application -Pdart-defines=RkxVVFRFUl9WRVJTSU9OPTMuMzguNg==,RkxVVFRFUl9DSEFOTkVMPXN0YWJsZQ==,RkxVVFRFUl9HSVRfVVJMPWh0dHBzOi8vZ2l0aHViLmNvbS9mbHV0dGVyL2ZsdXR0ZXIuZ2l0,RkxVVFRFUl9GUkFNRVdPUktfUkVWSVNJT049OGI4NzI4Njg0OQ==,RkxVVFRFUl9FTkdJTkVfUkVWSVNJT049NzhmYzMwMTJlNA==,RkxVVFRFUl9EQVJUX1ZFUlNJT049My4xMC43 -Pdart-obfuscation=false -Ptrack-widget-creation=true -Ptree-shake-icons=false -Pfilesystem-scheme=org-dartlang-root assembleDebug
java_class_path (initial): S:\dev\CaribTap\flutter-ulistings-app\flutter_universal_listings\android\\gradle\wrapper\gradle-wrapper.jar
Launcher Type: SUN_STANDARD

[Global flags]
     intx CICompilerCount                          = 3                                         {product} {ergonomic}
     uint ConcGCThreads                            = 1                                         {product} {ergonomic}
     uint G1ConcRefinementThreads                  = 4                                         {product} {ergonomic}
   size_t G1HeapRegionSize                         = 1048576                                   {product} {ergonomic}
    uintx GCDrainStackTargetSize                   = 64                                        {product} {ergonomic}
   size_t InitialHeapSize                          = 130023424                                 {product} {ergonomic}
   size_t MarkStackSize                            = 4194304                                   {product} {ergonomic}
   size_t MaxHeapSize                              = 2063597568                                {product} {ergonomic}
   size_t MaxNewSize                               = 1237319680                                {product} {ergonomic}
   size_t MinHeapDeltaBytes                        = 1048576                                   {product} {ergonomic}
   size_t MinHeapSize                              = 8388608                                   {product} {ergonomic}
    uintx NonNMethodCodeHeapSize                   = 5832780                                {pd product} {ergonomic}
    uintx NonProfiledCodeHeapSize                  = 122912730                              {pd product} {ergonomic}
    uintx ProfiledCodeHeapSize                     = 122912730                              {pd product} {ergonomic}
    uintx ReservedCodeCacheSize                    = 251658240                              {pd product} {ergonomic}
     bool SegmentedCodeCache                       = true                                      {product} {ergonomic}
   size_t SoftMaxHeapSize                          = 2063597568                             {manageable} {ergonomic}
     bool UseCompressedOops                        = true                           {product lp64_product} {ergonomic}
     bool UseG1GC                                  = true                                      {product} {ergonomic}
     bool UseLargePagesIndividualAllocation        = false                                  {pd product} {ergonomic}

Logging:
Log output configuration:
 #0: stdout all=warning uptime,level,tags foldmultilines=false
 #1: stderr all=off uptime,level,tags foldmultilines=false

Environment Variables:
JAVA_HOME=C:\Program Files\Android\Android Studio\jbr
CLASSPATH=S:\dev\CaribTap\flutter-ulistings-app\flutter_universal_listings\android\\gradle\wrapper\gradle-wrapper.jar
PATH=C:\Program Files\Android\Android Studio\jbr\bin;C:\Program Files\Common Files\Oracle\Java\javapath;C:\Program Files\Common Files\Oracle\Java\javapath;C:\Program Files\Common Files\Oracle\Java\javapath;C:\Program Files\Common Files\Oracle\Java\javapath;C:\Program Files\Common Files\Oracle\Java\javapath;C:\Program Files\Common Files\Oracle\Java\javapath;C:\Program Files\Common Files\Oracle\Java\javapath;C:\Program Files\Common Files\Oracle\Java\javapath;C:\Program Files\Common Files\Oracle\Java\javapath;C:\Program Files\Common Files\Oracle\Java\javapath;C:\Program Files\Common Files\Oracle\Java\javapath;C:\Program Files\Common Files\Oracle\Java\javapath;C:\Program Files\Common Files\Oracle\Java\javapath;C:\Program Files\Common Files\Oracle\Java\javapath;C:\Program Files\Common Files\Oracle\Java\javapath;C:\Program Files\Common Files\Oracle\Java\javapath;C:\Program Files\Common Files\Oracle\Java\javapath;C:\Program Files\Common Files\Oracle\Java\javapath;C:\Windows\System32;C:\Program Files\Android\Android Studio\jbr\bin;C:\Users\Experimental\AppData\Local\Microsoft\WindowsApps;S:\flutter\bin;C:\Program Files\Android\Android Studio\jbr\bin;C:\Users\Experimental\AppData\Local\Microsoft\WindowsApps;S:\flutter\bin;C:\Windows\System32;C:\Program Files\Git\cmd;C:\Program Files\Android\Android Studio\jbr\bin;C:\Users\Experimental\AppData\Local\Microsoft\WindowsApps;S:\flutter\bin;C:\Program Files\Android\Android Studio\jbr\bin;C:\Users\Experimental\AppData\Local\Microsoft\WindowsApps;S:\flutter\bin;C:\Windows\System32;C:\Program Files\Git\cmd;C:\Program Files\Android\Android Studio\jbr\bin;C:\Users\Experimental\AppData\Local\Microsoft\WindowsApps;S:\flutter\bin;C:\Program Files\Android\Android Studio\jbr\bin;C:\Users\Experimental\AppData\Local\Microsoft\WindowsApps;S:\flutter\bin;C:\Windows\System32;C:\Program Files\Git\cmd;C:\Windows\System32;C:\Windows\System32\WindowsPowerShell\v1.0\;%NVM_HOME%;%NVM_SYMLINK%;C:\Program Files\nodejs\;C:\Program Files\Android\Android Studio\jbr\bin;C:\Users\Experimental\AppData\Local\Microsoft\WindowsApps;S:\flutter\bin;C:\Program Files\Android\Android Studio\jbr\bin;C:\Users\Experimental\AppData\Local\Microsoft\WindowsApps;S:\flutter\bin;C:\Windows\System32;C:\Program Files\Git\cmd;C:\Program Files\Android\Android Studio\jbr\bin;C:\Users\Experimental\AppData\Local\Microsoft\WindowsApps;S:\flutter\bin;C:\Program Files\Android\Android Studio\jbr\bin;C:\Users\Experimental\AppData\Local\Microsoft\WindowsApps;S:\flutter\bin;C:\Windows\System32;C:\Program Files\Git\cmd;C:\Program Files\Android\Android Studio\jbr\bin;C:\Users\Experimental\AppData\Local\Microsoft\WindowsApps;S:\flutter\bin;C:\Program Files\Android\Android Studio\jbr\bin;C:\Users\Experimental\AppData\Local\Microsoft\WindowsApps;S:\flutter\bin;C:\Windows\System32;C:\Program Files\Git\cmd;C:\Windows\System32;C:\Windows\System32\WindowsPowerShell\v1.0\;C:\Users\Experimental\AppData\Local\nvm;C:\nvm4w\nodejs;C:\Program Files\nodejs\;C:\Program Files\Android\Android Studio\jbr\bin;C:\Users\Experimental\AppData\Local\Microsoft\WindowsApps;S:\flutter\bin;C:\Program Files\Android\Android Studio\jbr\bin;C:\Users\Experimental\AppData\Local\Microsoft\WindowsApps;S:\flutter\bin;C:\Windows\System32;C:\Program Files\Git\cmd;C:\Program Files\Android\Android Studio\jbr\bin;C:\Users\Experimental\AppData\Local\Microsoft\WindowsApps;S:\flutter\bin;C:\Program Files\Android\Android Studio\jbr\bin;C:\Users\Experimental\AppData\Local\Microsoft\WindowsApps;S:\flutter\bin;C:\Windows\System32;C:\Program Files\Git\cmd;C:\Program Files\Android\Android Studio\jbr\bin;C:\Users\Experimental\AppData\Local\Microsoft\WindowsApps;S:\flutter\bin;C:\Program Files\Android\Android Studio\jbr\bin;C:\Users\Experimental\AppData\Local\Microsoft\WindowsApps;S:\flutter\bin;C:\Windows\System32;C:\Program Files\Git\cmd;C:\Windows\System32;C:\Windows\System32\WindowsPowerShell\v1.0\;C:\Users\Experimental\AppData\Local\nvm;C:\nvm4w\nodejs;C:\Program Files\nodejs\;C:\Windows\System32;C:\Windows;C:\Windows\System32\Wbem;C:\Windows\System32\WindowsPowerShell\v1.0\;S:\flutter\bin;C:\Program Files\Git\cmd;C:\Program Files\Android\Android Studio\jbr\bin;C:\Users\Experimental\AppData\Local\Microsoft\WindowsApps;C:\Users\Experimental\AppData\Local\Android\Sdk\platform-tools;C:\Users\Experimental\AppData\Local\Programs\Microsoft VS Code\bin;C:\Users\Experimental\AppData\Local\nvm;C:\nvm4w\nodejs;C:\Users\Experimental\AppData\Roaming\npm;S:\flutter\bin\mingit\cmd
USERNAME=Experimental
OS=Windows_NT
PROCESSOR_IDENTIFIER=Intel64 Family 6 Model 94 Stepping 3, GenuineIntel
TMP=C:\Users\EXPERI~1\AppData\Local\Temp
TEMP=C:\Users\EXPERI~1\AppData\Local\Temp




Periodic native trim disabled

JNI global refs:
JNI global refs: 18, weak refs: 1

JNI global refs memory usage: 835, weak refs: 833

Process memory usage:
Resident Set Size: 36104K (0% of 8054368K total physical memory with 243688K free physical memory)

OOME stack traces (most recent first):
Classloader memory used:
Loader bootstrap                                                                       : 13063K
Loader org.gradle.internal.classloader.VisitableURLClassLoader                         : 5138K
Loader java.net.URLClassLoader                                                         : 233K
Loader jdk.internal.loader.ClassLoaders$AppClassLoader                                 : 142K
Loader jdk.internal.loader.ClassLoaders$PlatformClassLoader                            : 110K

Classes loaded by more than one classloader:
Class org.gradle.cli.AbstractPropertiesCommandLineConverter                           : loaded 2 times (x 83B)
Class org.gradle.cli.CommandLineParser                                                : loaded 2 times (x 79B)
Class org.gradle.internal.service.UnknownServiceException                             : loaded 2 times (x 83B)
Class org.gradle.cli.SystemPropertiesCommandLineConverter                             : loaded 2 times (x 83B)
Class org.gradle.cli.CommandLineArgumentException                                     : loaded 2 times (x 82B)
Class org.gradle.cli.CommandLineParser$KnownOptionParserState                         : loaded 2 times (x 76B)
Class org.gradle.internal.InternalTransformer                                         : loaded 2 times (x 70B)
Class org.gradle.internal.classpath.DefaultClassPath$ImmutableUniqueList              : loaded 2 times (x 199B)
Class org.gradle.cli.CommandLineParser$OptionAwareParserState                         : loaded 2 times (x 77B)
Class org.gradle.cli.ParsedCommandLine                                                : loaded 2 times (x 80B)
Class org.gradle.internal.classpath.ClassPath                                         : loaded 2 times (x 70B)
Class org.gradle.cli.CommandLineParser$UnknownOptionParserState                       : loaded 2 times (x 76B)
Class org.gradle.cli.ParsedCommandLineOption                                          : loaded 2 times (x 76B)
Class org.gradle.api.UncheckedIOException                                             : loaded 2 times (x 82B)
Class org.gradle.cli.CommandLineParser$AfterFirstSubCommand                           : loaded 2 times (x 77B)
Class org.gradle.api.internal.classpath.ModuleRegistry                                : loaded 2 times (x 70B)
Class org.gradle.internal.installation.GradleInstallation$1                           : loaded 2 times (x 75B)
Class org.gradle.cli.CommandLineOption                                                : loaded 2 times (x 86B)
Class org.gradle.cli.CommandLineParser$BeforeFirstSubCommand                          : loaded 2 times (x 77B)
Class org.gradle.internal.service.ServiceLookupException                              : loaded 2 times (x 82B)
Class org.gradle.cli.CommandLineParser$OptionParserState                              : loaded 2 times (x 75B)
Class org.gradle.internal.classloader.ClasspathUtil                                   : loaded 2 times (x 71B)
Class org.gradle.api.specs.Spec                                                       : loaded 2 times (x 70B)
Class org.gradle.internal.classpath.DefaultClassPath                                  : loaded 2 times (x 90B)
Class org.gradle.internal.Cast                                                        : loaded 2 times (x 71B)
Class org.gradle.api.Action                                                           : loaded 2 times (x 70B)
Class org.gradle.cli.AbstractCommandLineConverter                                     : loaded 2 times (x 79B)
Class org.gradle.api.GradleException                                                  : loaded 2 times (x 82B)
Class org.gradle.internal.IoActions                                                   : loaded 2 times (x 71B)
Class org.gradle.cli.CommandLineConverter                                             : loaded 2 times (x 70B)
Class org.gradle.cli.CommandLineParser$ParserState                                    : loaded 2 times (x 76B)
Class org.gradle.cli.CommandLineParser$OptionString                                   : loaded 2 times (x 73B)
Class org.gradle.internal.installation.CurrentGradleInstallationLocator               : loaded 2 times (x 71B)
Class org.gradle.internal.installation.CurrentGradleInstallation                      : loaded 2 times (x 73B)
Class org.gradle.util.internal.GUtil                                                  : loaded 2 times (x 71B)
Class org.gradle.cli.CommandLineParser$AfterOptions                                   : loaded 2 times (x 77B)
Class org.gradle.internal.installation.GradleInstallation                             : loaded 2 times (x 75B)

---------------  S Y S T E M  ---------------

OS:
 Windows 11 , 64 bit Build 22000 (10.0.22000.1516)
OS uptime: 0 days 0:31 hours

CPU: total 4 (initial active 4) (4 cores per cpu, 1 threads per core) family 6 model 94 stepping 3 microcode 0xd6, cx8, cmov, fxsr, mmx, 3dnowpref, sse, sse2, sse3, ssse3, sse4.1, sse4.2, popcnt, lzcnt, tsc, tscinvbit, avx, avx2, aes, erms, clmul, bmi1, bmi2, rtm, adx, fma, vzeroupper, clflush, clflushopt, rdtscp, f16c
Processor Information for the first 4 processors :
  Max Mhz: 2301, Current Mhz: 2301, Mhz Limit: 2301

Memory: 4k page, system-wide physical 7865M (245M free)
TotalPageFile size 22397M (AvailPageFile size 1435M)
current process WorkingSet (physical memory assigned to process): 39M, peak: 99M
current process commit charge ("private bytes"): 219M, peak: 231M

vm_info: OpenJDK 64-Bit Server VM (21.0.8+-14196175-b1038.72) for windows-amd64 JRE (21.0.8+-14196175-b1038.72), built on 2025-10-01T10:24:33Z by "builder" with MS VC++ 16.10 / 16.11 (VS2019)

END.
