#
# There is insufficient memory for the Java Runtime Environment to continue.
# Native memory allocation (malloc) failed to allocate 112416 bytes. Error detail: Chunk::new
# Possible reasons:
#   The system is out of physical RAM or swap space
#   This process is running with CompressedOops enabled, and the Java Heap may be blocking the growth of the native heap
# Possible solutions:
#   Reduce memory load on the system
#   Increase physical memory or swap space
#   Check if swap backing store is full
#   Decrease Java heap size (-Xmx/-Xms)
#   Decrease number of Java threads
#   Decrease Java thread stack sizes (-Xss)
#   Set larger code cache with -XX:ReservedCodeCacheSize=
#   JVM is running with Unscaled Compressed Oops mode in which the Java heap is
#     placed in the first 4GB address space. The Java Heap base address is the
#     maximum limit for the native heap growth. Please use -XX:HeapBaseMinAddress
#     to set the Java Heap base and to place the Java Heap above 4GB virtual address.
# This output file may be truncated or incomplete.
#
#  Out of Memory Error (arena.cpp:168), pid=58708, tid=33084
#
# JRE version: OpenJDK Runtime Environment (21.0.8) (build 21.0.8+-14196175-b1038.72)
# Java VM: OpenJDK 64-Bit Server VM (21.0.8+-14196175-b1038.72, mixed mode, tiered, compressed oops, compressed class ptrs, g1 gc, windows-amd64)
# No core dump will be written. Minidumps are not enabled by default on client versions of Windows
#

---------------  S U M M A R Y ------------

Command Line: -Dorg.gradle.appname=gradlew org.gradle.wrapper.GradleWrapperMain --full-stacktrace --info -Pverbose=true -Ptarget-platform=android-arm64 -Ptarget=S:\dev\CaribTap\flutter-ulistings-app\flutter_universal_listings\lib\main.dart -Pbase-application-name=android.app.Application -Pdart-defines=RkxVVFRFUl9WRVJTSU9OPTMuMzguNg==,RkxVVFRFUl9DSEFOTkVMPXN0YWJsZQ==,RkxVVFRFUl9HSVRfVVJMPWh0dHBzOi8vZ2l0aHViLmNvbS9mbHV0dGVyL2ZsdXR0ZXIuZ2l0,RkxVVFRFUl9GUkFNRVdPUktfUkVWSVNJT049OGI4NzI4Njg0OQ==,RkxVVFRFUl9FTkdJTkVfUkVWSVNJT049NzhmYzMwMTJlNA==,RkxVVFRFUl9EQVJUX1ZFUlNJT049My4xMC43 -Pdart-obfuscation=false -Ptrack-widget-creation=true -Ptree-shake-icons=false -Pfilesystem-scheme=org-dartlang-root assembleDebug

Host: Intel(R) Core(TM) i5-6300HQ CPU @ 2.30GHz, 4 cores, 7G,  Windows 11 , 64 bit Build 22000 (10.0.22000.1516)
Time: Fri Feb  6 15:11:00 2026 SA Western Standard Time elapsed time: 133.347112 seconds (0d 0h 2m 13s)

---------------  T H R E A D  ---------------

Current thread (0x000001ff445fa4f0):  JavaThread "C2 CompilerThread0" daemon [_thread_in_native, id=33084, stack(0x0000002af5200000,0x0000002af5300000) (1024K)]


Current CompileTask:
C2:133347 2076   !   4       java.io.ObjectInputStream::readObject0 (681 bytes)

Stack: [0x0000002af5200000,0x0000002af5300000]
Native frames: (J=compiled Java code, j=interpreted, Vv=VM code, C=native code)
V  [jvm.dll+0x6d68d9]
V  [jvm.dll+0x866693]
V  [jvm.dll+0x868c4e]
V  [jvm.dll+0x869333]
V  [jvm.dll+0x280566]
V  [jvm.dll+0xc07cd]
V  [jvm.dll+0xc0d03]
V  [jvm.dll+0x2f5970]
V  [jvm.dll+0x5ff719]
V  [jvm.dll+0x252362]
V  [jvm.dll+0x24ab5d]
V  [jvm.dll+0x24871e]
V  [jvm.dll+0x1c73a4]
V  [jvm.dll+0x257f9e]
V  [jvm.dll+0x2564e6]
V  [jvm.dll+0x3f4696]
V  [jvm.dll+0x80eac8]
V  [jvm.dll+0x6d512d]
C  [ucrtbase.dll+0x26c0c]
C  [KERNEL32.DLL+0x155a0]
C  [ntdll.dll+0x485b]


---------------  P R O C E S S  ---------------

Threads class SMR info:
_java_thread_list=0x000001ff4a0e1f70, length=13, elements={
0x000001ff2b59b0a0, 0x000001ff445d95b0, 0x000001ff445e2550, 0x000001ff445e2fb0,
0x000001ff445e3a10, 0x000001ff445e4470, 0x000001ff445e78a0, 0x000001ff445e8300,
0x000001ff445fa4f0, 0x000001ff445fd5b0, 0x000001ff44706e60, 0x000001ff49a73240,
0x000001ff4a7d06b0
}

Java Threads: ( => current thread )
  0x000001ff2b59b0a0 JavaThread "main"                              [_thread_blocked, id=11376, stack(0x0000002af4300000,0x0000002af4400000) (1024K)]
  0x000001ff445d95b0 JavaThread "Common-Cleaner"             daemon [_thread_blocked, id=14928, stack(0x0000002af4b00000,0x0000002af4c00000) (1024K)]
  0x000001ff445e2550 JavaThread "Reference Handler"          daemon [_thread_blocked, id=33292, stack(0x0000002af4c00000,0x0000002af4d00000) (1024K)]
  0x000001ff445e2fb0 JavaThread "Finalizer"                  daemon [_thread_blocked, id=35860, stack(0x0000002af4d00000,0x0000002af4e00000) (1024K)]
  0x000001ff445e3a10 JavaThread "Signal Dispatcher"          daemon [_thread_blocked, id=45980, stack(0x0000002af4e00000,0x0000002af4f00000) (1024K)]
  0x000001ff445e4470 JavaThread "Attach Listener"            daemon [_thread_blocked, id=64020, stack(0x0000002af4f00000,0x0000002af5000000) (1024K)]
  0x000001ff445e78a0 JavaThread "Service Thread"             daemon [_thread_blocked, id=6204, stack(0x0000002af5000000,0x0000002af5100000) (1024K)]
  0x000001ff445e8300 JavaThread "Monitor Deflation Thread"   daemon [_thread_blocked, id=56448, stack(0x0000002af5100000,0x0000002af5200000) (1024K)]
=>0x000001ff445fa4f0 JavaThread "C2 CompilerThread0"         daemon [_thread_in_native, id=33084, stack(0x0000002af5200000,0x0000002af5300000) (1024K)]
  0x000001ff445fd5b0 JavaThread "C1 CompilerThread0"         daemon [_thread_blocked, id=37976, stack(0x0000002af5300000,0x0000002af5400000) (1024K)]
  0x000001ff44706e60 JavaThread "Notification Thread"        daemon [_thread_blocked, id=59304, stack(0x0000002af5400000,0x0000002af5500000) (1024K)]
  0x000001ff49a73240 JavaThread "pool-1-thread-1"                   [_thread_in_Java, id=17524, stack(0x0000002af5900000,0x0000002af5a00000) (1024K)]
  0x000001ff4a7d06b0 JavaThread "C2 CompilerThread1"         daemon [_thread_blocked, id=23352, stack(0x0000002af4000000,0x0000002af4100000) (1024K)]
Total: 13

Other Threads:
  0x000001ff44408500 VMThread "VM Thread"                           [id=34584, stack(0x0000002af4a00000,0x0000002af4b00000) (1024K)]
  0x000001ff443c0210 WatcherThread "VM Periodic Task Thread"        [id=33044, stack(0x0000002af4900000,0x0000002af4a00000) (1024K)]
  0x000001ff2d7b6130 WorkerThread "GC Thread#0"                     [id=33156, stack(0x0000002af4400000,0x0000002af4500000) (1024K)]
  0x000001ff490ec820 WorkerThread "GC Thread#1"                     [id=44680, stack(0x0000002af5500000,0x0000002af5600000) (1024K)]
  0x000001ff490fdb70 WorkerThread "GC Thread#2"                     [id=8200, stack(0x0000002af5600000,0x0000002af5700000) (1024K)]
  0x000001ff490fdf10 WorkerThread "GC Thread#3"                     [id=24164, stack(0x0000002af5700000,0x0000002af5800000) (1024K)]
  0x000001ff2d7c6710 ConcurrentGCThread "G1 Main Marker"            [id=42548, stack(0x0000002af4500000,0x0000002af4600000) (1024K)]
  0x000001ff2d7c7210 WorkerThread "G1 Conc#0"                       [id=19288, stack(0x0000002af4600000,0x0000002af4700000) (1024K)]
  0x000001ff442900a0 ConcurrentGCThread "G1 Refine#0"               [id=39932, stack(0x0000002af4700000,0x0000002af4800000) (1024K)]
  0x000001ff44292a30 ConcurrentGCThread "G1 Service"                [id=26204, stack(0x0000002af4800000,0x0000002af4900000) (1024K)]
Total: 10

Threads with active compile tasks:
C2 CompilerThread0  133385 2076   !   4       java.io.ObjectInputStream::readObject0 (681 bytes)
Total: 1

VM state: not at safepoint (normal execution)

VM Mutex/Monitor currently owned by a thread: None

Heap address: 0x0000000085000000, size: 1968 MB, Compressed Oops mode: 32-bit

CDS archive(s) not mapped
Compressed class space mapped at: 0x0000000100000000-0x0000000140000000, reserved size: 1073741824
Narrow klass base: 0x0000000000000000, Narrow klass shift: 3, Narrow klass range: 0x140000000

GC Precious Log:
 CardTable entry size: 512
 Card Set container configuration: InlinePtr #cards 5 size 8 Array Of Cards #cards 12 size 40 Howl #buckets 4 coarsen threshold 1843 Howl Bitmap #cards 512 size 80 coarsen threshold 460 Card regions per heap region 1 cards per card region 2048
 CPUs: 4 total, 4 available
 Memory: 7865M
 Large Page Support: Disabled
 NUMA Support: Disabled
 Compressed Oops: Enabled (32-bit)
 Heap Region Size: 1M
 Heap Min Capacity: 8M
 Heap Initial Capacity: 124M
 Heap Max Capacity: 1968M
 Pre-touch: Disabled
 Parallel Workers: 4
 Concurrent Workers: 1
 Concurrent Refinement Workers: 4
 Periodic GC: Disabled

Heap:
 garbage-first heap   total 126976K, used 73454K [0x0000000085000000, 0x0000000100000000)
  region size 1024K, 67 young (68608K), 4 survivors (4096K)
 Metaspace       used 18773K, committed 19072K, reserved 1114112K
  class space    used 2223K, committed 2368K, reserved 1048576K

Heap Regions: E=young(eden), S=young(survivor), O=old, HS=humongous(starts), HC=humongous(continues), CS=collection set, F=free, TAMS=top-at-mark-start, PB=parsable bottom
|   0|0x0000000085000000, 0x0000000085100000, 0x0000000085100000|100%|HS|  |TAMS 0x0000000085000000| PB 0x0000000085000000| Complete 
|   1|0x0000000085100000, 0x0000000085200000, 0x0000000085200000|100%|HC|  |TAMS 0x0000000085100000| PB 0x0000000085100000| Complete 
|   2|0x0000000085200000, 0x0000000085300000, 0x0000000085300000|100%|HC|  |TAMS 0x0000000085200000| PB 0x0000000085200000| Complete 
|   3|0x0000000085300000, 0x0000000085400000, 0x0000000085400000|100%| O|  |TAMS 0x0000000085300000| PB 0x0000000085300000| Untracked 
|   4|0x0000000085400000, 0x0000000085500000, 0x0000000085500000|100%| O|  |TAMS 0x0000000085400000| PB 0x0000000085400000| Untracked 
|   5|0x0000000085500000, 0x00000000855bb8f8, 0x0000000085600000| 73%| O|  |TAMS 0x0000000085500000| PB 0x0000000085500000| Untracked 
|   6|0x0000000085600000, 0x0000000085600000, 0x0000000085700000|  0%| F|  |TAMS 0x0000000085600000| PB 0x0000000085600000| Untracked 
|   7|0x0000000085700000, 0x0000000085700000, 0x0000000085800000|  0%| F|  |TAMS 0x0000000085700000| PB 0x0000000085700000| Untracked 
|   8|0x0000000085800000, 0x0000000085800000, 0x0000000085900000|  0%| F|  |TAMS 0x0000000085800000| PB 0x0000000085800000| Untracked 
|   9|0x0000000085900000, 0x0000000085900000, 0x0000000085a00000|  0%| F|  |TAMS 0x0000000085900000| PB 0x0000000085900000| Untracked 
|  10|0x0000000085a00000, 0x0000000085a00000, 0x0000000085b00000|  0%| F|  |TAMS 0x0000000085a00000| PB 0x0000000085a00000| Untracked 
|  11|0x0000000085b00000, 0x0000000085b00000, 0x0000000085c00000|  0%| F|  |TAMS 0x0000000085b00000| PB 0x0000000085b00000| Untracked 
|  12|0x0000000085c00000, 0x0000000085c00000, 0x0000000085d00000|  0%| F|  |TAMS 0x0000000085c00000| PB 0x0000000085c00000| Untracked 
|  13|0x0000000085d00000, 0x0000000085d00000, 0x0000000085e00000|  0%| F|  |TAMS 0x0000000085d00000| PB 0x0000000085d00000| Untracked 
|  14|0x0000000085e00000, 0x0000000085e00000, 0x0000000085f00000|  0%| F|  |TAMS 0x0000000085e00000| PB 0x0000000085e00000| Untracked 
|  15|0x0000000085f00000, 0x0000000085f00000, 0x0000000086000000|  0%| F|  |TAMS 0x0000000085f00000| PB 0x0000000085f00000| Untracked 
|  16|0x0000000086000000, 0x0000000086000000, 0x0000000086100000|  0%| F|  |TAMS 0x0000000086000000| PB 0x0000000086000000| Untracked 
|  17|0x0000000086100000, 0x0000000086100000, 0x0000000086200000|  0%| F|  |TAMS 0x0000000086100000| PB 0x0000000086100000| Untracked 
|  18|0x0000000086200000, 0x0000000086200000, 0x0000000086300000|  0%| F|  |TAMS 0x0000000086200000| PB 0x0000000086200000| Untracked 
|  19|0x0000000086300000, 0x0000000086300000, 0x0000000086400000|  0%| F|  |TAMS 0x0000000086300000| PB 0x0000000086300000| Untracked 
|  20|0x0000000086400000, 0x0000000086400000, 0x0000000086500000|  0%| F|  |TAMS 0x0000000086400000| PB 0x0000000086400000| Untracked 
|  21|0x0000000086500000, 0x0000000086500000, 0x0000000086600000|  0%| F|  |TAMS 0x0000000086500000| PB 0x0000000086500000| Untracked 
|  22|0x0000000086600000, 0x0000000086600000, 0x0000000086700000|  0%| F|  |TAMS 0x0000000086600000| PB 0x0000000086600000| Untracked 
|  23|0x0000000086700000, 0x0000000086700000, 0x0000000086800000|  0%| F|  |TAMS 0x0000000086700000| PB 0x0000000086700000| Untracked 
|  24|0x0000000086800000, 0x0000000086800000, 0x0000000086900000|  0%| F|  |TAMS 0x0000000086800000| PB 0x0000000086800000| Untracked 
|  25|0x0000000086900000, 0x0000000086900000, 0x0000000086a00000|  0%| F|  |TAMS 0x0000000086900000| PB 0x0000000086900000| Untracked 
|  26|0x0000000086a00000, 0x0000000086a00000, 0x0000000086b00000|  0%| F|  |TAMS 0x0000000086a00000| PB 0x0000000086a00000| Untracked 
|  27|0x0000000086b00000, 0x0000000086b00000, 0x0000000086c00000|  0%| F|  |TAMS 0x0000000086b00000| PB 0x0000000086b00000| Untracked 
|  28|0x0000000086c00000, 0x0000000086c00000, 0x0000000086d00000|  0%| F|  |TAMS 0x0000000086c00000| PB 0x0000000086c00000| Untracked 
|  29|0x0000000086d00000, 0x0000000086d00000, 0x0000000086e00000|  0%| F|  |TAMS 0x0000000086d00000| PB 0x0000000086d00000| Untracked 
|  30|0x0000000086e00000, 0x0000000086e00000, 0x0000000086f00000|  0%| F|  |TAMS 0x0000000086e00000| PB 0x0000000086e00000| Untracked 
|  31|0x0000000086f00000, 0x0000000086f00000, 0x0000000087000000|  0%| F|  |TAMS 0x0000000086f00000| PB 0x0000000086f00000| Untracked 
|  32|0x0000000087000000, 0x0000000087000000, 0x0000000087100000|  0%| F|  |TAMS 0x0000000087000000| PB 0x0000000087000000| Untracked 
|  33|0x0000000087100000, 0x0000000087100000, 0x0000000087200000|  0%| F|  |TAMS 0x0000000087100000| PB 0x0000000087100000| Untracked 
|  34|0x0000000087200000, 0x0000000087200000, 0x0000000087300000|  0%| F|  |TAMS 0x0000000087200000| PB 0x0000000087200000| Untracked 
|  35|0x0000000087300000, 0x0000000087300000, 0x0000000087400000|  0%| F|  |TAMS 0x0000000087300000| PB 0x0000000087300000| Untracked 
|  36|0x0000000087400000, 0x0000000087400000, 0x0000000087500000|  0%| F|  |TAMS 0x0000000087400000| PB 0x0000000087400000| Untracked 
|  37|0x0000000087500000, 0x0000000087500000, 0x0000000087600000|  0%| F|  |TAMS 0x0000000087500000| PB 0x0000000087500000| Untracked 
|  38|0x0000000087600000, 0x0000000087600000, 0x0000000087700000|  0%| F|  |TAMS 0x0000000087600000| PB 0x0000000087600000| Untracked 
|  39|0x0000000087700000, 0x0000000087700000, 0x0000000087800000|  0%| F|  |TAMS 0x0000000087700000| PB 0x0000000087700000| Untracked 
|  40|0x0000000087800000, 0x0000000087800000, 0x0000000087900000|  0%| F|  |TAMS 0x0000000087800000| PB 0x0000000087800000| Untracked 
|  41|0x0000000087900000, 0x0000000087900000, 0x0000000087a00000|  0%| F|  |TAMS 0x0000000087900000| PB 0x0000000087900000| Untracked 
|  42|0x0000000087a00000, 0x0000000087a00000, 0x0000000087b00000|  0%| F|  |TAMS 0x0000000087a00000| PB 0x0000000087a00000| Untracked 
|  43|0x0000000087b00000, 0x0000000087b00000, 0x0000000087c00000|  0%| F|  |TAMS 0x0000000087b00000| PB 0x0000000087b00000| Untracked 
|  44|0x0000000087c00000, 0x0000000087c00000, 0x0000000087d00000|  0%| F|  |TAMS 0x0000000087c00000| PB 0x0000000087c00000| Untracked 
|  45|0x0000000087d00000, 0x0000000087d00000, 0x0000000087e00000|  0%| F|  |TAMS 0x0000000087d00000| PB 0x0000000087d00000| Untracked 
|  46|0x0000000087e00000, 0x0000000087e00000, 0x0000000087f00000|  0%| F|  |TAMS 0x0000000087e00000| PB 0x0000000087e00000| Untracked 
|  47|0x0000000087f00000, 0x0000000087f00000, 0x0000000088000000|  0%| F|  |TAMS 0x0000000087f00000| PB 0x0000000087f00000| Untracked 
|  48|0x0000000088000000, 0x0000000088000000, 0x0000000088100000|  0%| F|  |TAMS 0x0000000088000000| PB 0x0000000088000000| Untracked 
|  49|0x0000000088100000, 0x0000000088100000, 0x0000000088200000|  0%| F|  |TAMS 0x0000000088100000| PB 0x0000000088100000| Untracked 
|  50|0x0000000088200000, 0x0000000088200000, 0x0000000088300000|  0%| F|  |TAMS 0x0000000088200000| PB 0x0000000088200000| Untracked 
|  51|0x0000000088300000, 0x0000000088300000, 0x0000000088400000|  0%| F|  |TAMS 0x0000000088300000| PB 0x0000000088300000| Untracked 
|  52|0x0000000088400000, 0x0000000088400000, 0x0000000088500000|  0%| F|  |TAMS 0x0000000088400000| PB 0x0000000088400000| Untracked 
|  53|0x0000000088500000, 0x0000000088500000, 0x0000000088600000|  0%| F|  |TAMS 0x0000000088500000| PB 0x0000000088500000| Untracked 
|  54|0x0000000088600000, 0x0000000088600000, 0x0000000088700000|  0%| F|  |TAMS 0x0000000088600000| PB 0x0000000088600000| Untracked 
|  55|0x0000000088700000, 0x0000000088700000, 0x0000000088800000|  0%| F|  |TAMS 0x0000000088700000| PB 0x0000000088700000| Untracked 
|  56|0x0000000088800000, 0x0000000088800000, 0x0000000088900000|  0%| F|  |TAMS 0x0000000088800000| PB 0x0000000088800000| Untracked 
|  57|0x0000000088900000, 0x00000000889ef040, 0x0000000088a00000| 93%| E|  |TAMS 0x0000000088900000| PB 0x0000000088900000| Complete 
|  58|0x0000000088a00000, 0x0000000088b00000, 0x0000000088b00000|100%| E|CS|TAMS 0x0000000088a00000| PB 0x0000000088a00000| Complete 
|  59|0x0000000088b00000, 0x0000000088c00000, 0x0000000088c00000|100%| E|CS|TAMS 0x0000000088b00000| PB 0x0000000088b00000| Complete 
|  60|0x0000000088c00000, 0x0000000088d00000, 0x0000000088d00000|100%| E|CS|TAMS 0x0000000088c00000| PB 0x0000000088c00000| Complete 
|  61|0x0000000088d00000, 0x0000000088e00000, 0x0000000088e00000|100%| E|CS|TAMS 0x0000000088d00000| PB 0x0000000088d00000| Complete 
|  62|0x0000000088e00000, 0x0000000088f00000, 0x0000000088f00000|100%| E|CS|TAMS 0x0000000088e00000| PB 0x0000000088e00000| Complete 
|  63|0x0000000088f00000, 0x0000000089000000, 0x0000000089000000|100%| E|CS|TAMS 0x0000000088f00000| PB 0x0000000088f00000| Complete 
|  64|0x0000000089000000, 0x0000000089100000, 0x0000000089100000|100%| E|CS|TAMS 0x0000000089000000| PB 0x0000000089000000| Complete 
|  65|0x0000000089100000, 0x0000000089200000, 0x0000000089200000|100%| E|CS|TAMS 0x0000000089100000| PB 0x0000000089100000| Complete 
|  66|0x0000000089200000, 0x0000000089300000, 0x0000000089300000|100%| E|CS|TAMS 0x0000000089200000| PB 0x0000000089200000| Complete 
|  67|0x0000000089300000, 0x0000000089400000, 0x0000000089400000|100%| E|CS|TAMS 0x0000000089300000| PB 0x0000000089300000| Complete 
|  68|0x0000000089400000, 0x0000000089500000, 0x0000000089500000|100%| E|CS|TAMS 0x0000000089400000| PB 0x0000000089400000| Complete 
|  69|0x0000000089500000, 0x0000000089600000, 0x0000000089600000|100%| E|CS|TAMS 0x0000000089500000| PB 0x0000000089500000| Complete 
|  70|0x0000000089600000, 0x0000000089700000, 0x0000000089700000|100%| E|CS|TAMS 0x0000000089600000| PB 0x0000000089600000| Complete 
|  71|0x0000000089700000, 0x0000000089800000, 0x0000000089800000|100%| E|CS|TAMS 0x0000000089700000| PB 0x0000000089700000| Complete 
|  72|0x0000000089800000, 0x0000000089900000, 0x0000000089900000|100%| E|CS|TAMS 0x0000000089800000| PB 0x0000000089800000| Complete 
|  73|0x0000000089900000, 0x0000000089a00000, 0x0000000089a00000|100%| E|CS|TAMS 0x0000000089900000| PB 0x0000000089900000| Complete 
|  74|0x0000000089a00000, 0x0000000089b00000, 0x0000000089b00000|100%| E|CS|TAMS 0x0000000089a00000| PB 0x0000000089a00000| Complete 
|  75|0x0000000089b00000, 0x0000000089c00000, 0x0000000089c00000|100%| E|CS|TAMS 0x0000000089b00000| PB 0x0000000089b00000| Complete 
|  76|0x0000000089c00000, 0x0000000089d00000, 0x0000000089d00000|100%| E|CS|TAMS 0x0000000089c00000| PB 0x0000000089c00000| Complete 
|  77|0x0000000089d00000, 0x0000000089e00000, 0x0000000089e00000|100%| E|CS|TAMS 0x0000000089d00000| PB 0x0000000089d00000| Complete 
|  78|0x0000000089e00000, 0x0000000089f00000, 0x0000000089f00000|100%| E|CS|TAMS 0x0000000089e00000| PB 0x0000000089e00000| Complete 
|  79|0x0000000089f00000, 0x000000008a000000, 0x000000008a000000|100%| E|CS|TAMS 0x0000000089f00000| PB 0x0000000089f00000| Complete 
|  80|0x000000008a000000, 0x000000008a100000, 0x000000008a100000|100%| E|CS|TAMS 0x000000008a000000| PB 0x000000008a000000| Complete 
|  81|0x000000008a100000, 0x000000008a200000, 0x000000008a200000|100%| E|CS|TAMS 0x000000008a100000| PB 0x000000008a100000| Complete 
|  82|0x000000008a200000, 0x000000008a300000, 0x000000008a300000|100%| E|CS|TAMS 0x000000008a200000| PB 0x000000008a200000| Complete 
|  83|0x000000008a300000, 0x000000008a400000, 0x000000008a400000|100%| E|CS|TAMS 0x000000008a300000| PB 0x000000008a300000| Complete 
|  84|0x000000008a400000, 0x000000008a500000, 0x000000008a500000|100%| E|CS|TAMS 0x000000008a400000| PB 0x000000008a400000| Complete 
|  85|0x000000008a500000, 0x000000008a600000, 0x000000008a600000|100%| E|CS|TAMS 0x000000008a500000| PB 0x000000008a500000| Complete 
|  86|0x000000008a600000, 0x000000008a700000, 0x000000008a700000|100%| E|CS|TAMS 0x000000008a600000| PB 0x000000008a600000| Complete 
|  87|0x000000008a700000, 0x000000008a800000, 0x000000008a800000|100%| E|CS|TAMS 0x000000008a700000| PB 0x000000008a700000| Complete 
|  88|0x000000008a800000, 0x000000008a900000, 0x000000008a900000|100%| E|CS|TAMS 0x000000008a800000| PB 0x000000008a800000| Complete 
|  89|0x000000008a900000, 0x000000008aa00000, 0x000000008aa00000|100%| E|CS|TAMS 0x000000008a900000| PB 0x000000008a900000| Complete 
|  90|0x000000008aa00000, 0x000000008ab00000, 0x000000008ab00000|100%| E|CS|TAMS 0x000000008aa00000| PB 0x000000008aa00000| Complete 
|  91|0x000000008ab00000, 0x000000008ac00000, 0x000000008ac00000|100%| E|CS|TAMS 0x000000008ab00000| PB 0x000000008ab00000| Complete 
|  92|0x000000008ac00000, 0x000000008ad00000, 0x000000008ad00000|100%| E|CS|TAMS 0x000000008ac00000| PB 0x000000008ac00000| Complete 
|  93|0x000000008ad00000, 0x000000008ae00000, 0x000000008ae00000|100%| E|CS|TAMS 0x000000008ad00000| PB 0x000000008ad00000| Complete 
|  94|0x000000008ae00000, 0x000000008af00000, 0x000000008af00000|100%| E|CS|TAMS 0x000000008ae00000| PB 0x000000008ae00000| Complete 
|  95|0x000000008af00000, 0x000000008b000000, 0x000000008b000000|100%| S|CS|TAMS 0x000000008af00000| PB 0x000000008af00000| Complete 
|  96|0x000000008b000000, 0x000000008b100000, 0x000000008b100000|100%| S|CS|TAMS 0x000000008b000000| PB 0x000000008b000000| Complete 
|  97|0x000000008b100000, 0x000000008b200000, 0x000000008b200000|100%| S|CS|TAMS 0x000000008b100000| PB 0x000000008b100000| Complete 
|  98|0x000000008b200000, 0x000000008b300000, 0x000000008b300000|100%| S|CS|TAMS 0x000000008b200000| PB 0x000000008b200000| Complete 
|  99|0x000000008b300000, 0x000000008b400000, 0x000000008b400000|100%| E|CS|TAMS 0x000000008b300000| PB 0x000000008b300000| Complete 
| 100|0x000000008b400000, 0x000000008b500000, 0x000000008b500000|100%| E|CS|TAMS 0x000000008b400000| PB 0x000000008b400000| Complete 
| 101|0x000000008b500000, 0x000000008b600000, 0x000000008b600000|100%| E|CS|TAMS 0x000000008b500000| PB 0x000000008b500000| Complete 
| 102|0x000000008b600000, 0x000000008b700000, 0x000000008b700000|100%| E|CS|TAMS 0x000000008b600000| PB 0x000000008b600000| Complete 
| 103|0x000000008b700000, 0x000000008b800000, 0x000000008b800000|100%| E|CS|TAMS 0x000000008b700000| PB 0x000000008b700000| Complete 
| 104|0x000000008b800000, 0x000000008b900000, 0x000000008b900000|100%| E|CS|TAMS 0x000000008b800000| PB 0x000000008b800000| Complete 
| 105|0x000000008b900000, 0x000000008ba00000, 0x000000008ba00000|100%| E|CS|TAMS 0x000000008b900000| PB 0x000000008b900000| Complete 
| 106|0x000000008ba00000, 0x000000008bb00000, 0x000000008bb00000|100%| E|CS|TAMS 0x000000008ba00000| PB 0x000000008ba00000| Complete 
| 107|0x000000008bb00000, 0x000000008bc00000, 0x000000008bc00000|100%| E|CS|TAMS 0x000000008bb00000| PB 0x000000008bb00000| Complete 
| 108|0x000000008bc00000, 0x000000008bd00000, 0x000000008bd00000|100%| E|CS|TAMS 0x000000008bc00000| PB 0x000000008bc00000| Complete 
| 109|0x000000008bd00000, 0x000000008be00000, 0x000000008be00000|100%| E|CS|TAMS 0x000000008bd00000| PB 0x000000008bd00000| Complete 
| 110|0x000000008be00000, 0x000000008bf00000, 0x000000008bf00000|100%| E|CS|TAMS 0x000000008be00000| PB 0x000000008be00000| Complete 
| 111|0x000000008bf00000, 0x000000008c000000, 0x000000008c000000|100%| E|CS|TAMS 0x000000008bf00000| PB 0x000000008bf00000| Complete 
| 112|0x000000008c000000, 0x000000008c100000, 0x000000008c100000|100%| E|CS|TAMS 0x000000008c000000| PB 0x000000008c000000| Complete 
| 113|0x000000008c100000, 0x000000008c200000, 0x000000008c200000|100%| E|CS|TAMS 0x000000008c100000| PB 0x000000008c100000| Complete 
| 114|0x000000008c200000, 0x000000008c300000, 0x000000008c300000|100%| E|CS|TAMS 0x000000008c200000| PB 0x000000008c200000| Complete 
| 115|0x000000008c300000, 0x000000008c400000, 0x000000008c400000|100%| E|CS|TAMS 0x000000008c300000| PB 0x000000008c300000| Complete 
| 116|0x000000008c400000, 0x000000008c500000, 0x000000008c500000|100%| E|CS|TAMS 0x000000008c400000| PB 0x000000008c400000| Complete 
| 117|0x000000008c500000, 0x000000008c600000, 0x000000008c600000|100%| E|CS|TAMS 0x000000008c500000| PB 0x000000008c500000| Complete 
| 118|0x000000008c600000, 0x000000008c700000, 0x000000008c700000|100%| E|CS|TAMS 0x000000008c600000| PB 0x000000008c600000| Complete 
| 119|0x000000008c700000, 0x000000008c800000, 0x000000008c800000|100%| E|CS|TAMS 0x000000008c700000| PB 0x000000008c700000| Complete 
| 120|0x000000008c800000, 0x000000008c900000, 0x000000008c900000|100%| E|CS|TAMS 0x000000008c800000| PB 0x000000008c800000| Complete 
| 121|0x000000008c900000, 0x000000008ca00000, 0x000000008ca00000|100%| E|CS|TAMS 0x000000008c900000| PB 0x000000008c900000| Complete 
| 122|0x000000008ca00000, 0x000000008cb00000, 0x000000008cb00000|100%| E|CS|TAMS 0x000000008ca00000| PB 0x000000008ca00000| Complete 
| 123|0x000000008cb00000, 0x000000008cc00000, 0x000000008cc00000|100%| E|CS|TAMS 0x000000008cb00000| PB 0x000000008cb00000| Complete 

Card table byte_map: [0x000001ff3fca0000,0x000001ff40080000] _byte_map_base: 0x000001ff3f878000

Marking Bits: (CMBitMap*) 0x000001ff2d7b6830
 Bits: [0x000001ff40080000, 0x000001ff41f40000)

Polling page: 0x000001ff2b760000

Metaspace:

Usage:
  Non-class:     16.16 MB used.
      Class:      2.17 MB used.
       Both:     18.33 MB used.

Virtual space:
  Non-class space:       64.00 MB reserved,      16.31 MB ( 25%) committed,  1 nodes.
      Class space:        1.00 GB reserved,       2.31 MB ( <1%) committed,  1 nodes.
             Both:        1.06 GB reserved,      18.62 MB (  2%) committed. 

Chunk freelists:
   Non-Class:  15.61 MB
       Class:  13.60 MB
        Both:  29.21 MB

MaxMetaspaceSize: unlimited
CompressedClassSpaceSize: 1.00 GB
Initial GC threshold: 21.00 MB
Current GC threshold: 21.00 MB
CDS: off
 - commit_granule_bytes: 65536.
 - commit_granule_words: 8192.
 - virtual_space_node_default_size: 8388608.
 - enlarge_chunks_in_place: 1.
 - use_allocation_guard: 0.


Internal statistics:

num_allocs_failed_limit: 0.
num_arena_births: 234.
num_arena_deaths: 0.
num_vsnodes_births: 2.
num_vsnodes_deaths: 0.
num_space_committed: 298.
num_space_uncommitted: 0.
num_chunks_returned_to_freelist: 0.
num_chunks_taken_from_freelist: 538.
num_chunk_merges: 0.
num_chunk_splits: 357.
num_chunks_enlarged: 271.
num_inconsistent_stats: 0.

CodeHeap 'non-profiled nmethods': size=120000Kb used=1228Kb max_used=1228Kb free=118771Kb
 bounds [0x000001ff38390000, 0x000001ff38600000, 0x000001ff3f8c0000]
CodeHeap 'profiled nmethods': size=120000Kb used=3768Kb max_used=3768Kb free=116231Kb
 bounds [0x000001ff308c0000, 0x000001ff30c70000, 0x000001ff37df0000]
CodeHeap 'non-nmethods': size=5760Kb used=1370Kb max_used=1417Kb free=4389Kb
 bounds [0x000001ff37df0000, 0x000001ff38060000, 0x000001ff38390000]
CodeCache: size=245760Kb, used=6366Kb, max_used=6413Kb, free=239391Kb
 total_blobs=2575, nmethods=2084, adapters=396, full_count=0
Compilation: enabled, stopped_count=0, restarted_count=0

Compilation events (20 events):
Event: 120.417 Thread 0x000001ff445fa4f0 2061       4       org.gradle.internal.serialize.BaseSerializerFactory$EnumSerializer::read (6 bytes)
Event: 120.425 Thread 0x000001ff445fa4f0 nmethod 2061 0x000001ff384b1c10 code [0x000001ff384b1e20, 0x000001ff384b2608]
Event: 120.425 Thread 0x000001ff445fa4f0 2062       4       org.gradle.internal.serialize.BaseSerializerFactory$ThrowableSerializer::read (6 bytes)
Event: 120.518 Thread 0x000001ff445fa4f0 nmethod 2062 0x000001ff384b2c10 code [0x000001ff384b2fe0, 0x000001ff384b5e30]
Event: 120.519 Thread 0x000001ff445fa4f0 2063       4       org.gradle.internal.serialize.AbstractDecoder::getInputStream (25 bytes)
Event: 120.519 Thread 0x000001ff445fa4f0 nmethod 2063 0x000001ff384b7610 code [0x000001ff384b77a0, 0x000001ff384b7850]
Event: 120.519 Thread 0x000001ff445fa4f0 2064       4       org.gradle.internal.serialize.Message::receive (15 bytes)
Event: 120.588 Thread 0x000001ff445fa4f0 nmethod 2064 0x000001ff384b7910 code [0x000001ff384b7cc0, 0x000001ff384baa28]
Event: 120.588 Thread 0x000001ff445fa4f0 2065       4       java.io.ObjectInputStream::<init> (98 bytes)
Event: 120.687 Thread 0x000001ff445fa4f0 nmethod 2065 0x000001ff384bc190 code [0x000001ff384bc500, 0x000001ff384beca0]
Event: 120.688 Thread 0x000001ff445fa4f0 2066       4       java.io.ObjectInputStream::verifySubclass (47 bytes)
Event: 120.689 Thread 0x000001ff445fa4f0 nmethod 2066 0x000001ff384c0010 code [0x000001ff384c01a0, 0x000001ff384c0258]
Event: 124.530 Thread 0x000001ff445fd5b0 2067       3       sun.nio.ch.WEPollSelectorImpl::toReadyOps (58 bytes)
Event: 124.530 Thread 0x000001ff445fd5b0 nmethod 2067 0x000001ff30c62290 code [0x000001ff30c62440, 0x000001ff30c62610]
Event: 124.530 Thread 0x000001ff445fd5b0 2073   !   3       sun.nio.ch.SocketChannelImpl::read (318 bytes)
Event: 124.562 Thread 0x000001ff445fa4f0 2076   !   4       java.io.ObjectInputStream::readObject0 (681 bytes)
Event: 124.564 Thread 0x000001ff445fd5b0 nmethod 2073 0x000001ff30c62690 code [0x000001ff30c62b60, 0x000001ff30c64fb0]
Event: 124.564 Thread 0x000001ff445fd5b0 2068       3       sun.nio.ch.SelectorImpl::processReadyEvents (115 bytes)
Event: 124.566 Thread 0x000001ff445fd5b0 nmethod 2068 0x000001ff30c65e90 code [0x000001ff30c66120, 0x000001ff30c66c60]
Event: 124.566 Thread 0x000001ff445fd5b0 2069       3       sun.nio.ch.SocketChannelImpl::translateReadyOps (173 bytes)

GC Heap History (4 events):
Event: 0.607 GC heap before
{Heap before GC invocations=0 (full 0):
 garbage-first heap   total 126976K, used 13312K [0x0000000085000000, 0x0000000100000000)
  region size 1024K, 13 young (13312K), 0 survivors (0K)
 Metaspace       used 8547K, committed 8704K, reserved 1114112K
  class space    used 789K, committed 896K, reserved 1048576K
}
Event: 0.614 GC heap after
{Heap after GC invocations=1 (full 0):
 garbage-first heap   total 126976K, used 1536K [0x0000000085000000, 0x0000000100000000)
  region size 1024K, 2 young (2048K), 2 survivors (2048K)
 Metaspace       used 8547K, committed 8704K, reserved 1114112K
  class space    used 789K, committed 896K, reserved 1048576K
}
Event: 1.489 GC heap before
{Heap before GC invocations=1 (full 0):
 garbage-first heap   total 126976K, used 27136K [0x0000000085000000, 0x0000000100000000)
  region size 1024K, 25 young (25600K), 2 survivors (2048K)
 Metaspace       used 12680K, committed 12864K, reserved 1114112K
  class space    used 1382K, committed 1472K, reserved 1048576K
}
Event: 1.496 GC heap after
{Heap after GC invocations=2 (full 0):
 garbage-first heap   total 126976K, used 9966K [0x0000000085000000, 0x0000000100000000)
  region size 1024K, 4 young (4096K), 4 survivors (4096K)
 Metaspace       used 12680K, committed 12864K, reserved 1114112K
  class space    used 1382K, committed 1472K, reserved 1048576K
}

Dll operation events (3 events):
Event: 0.013 Loaded shared library C:\Program Files\Android\Android Studio\jbr\bin\java.dll
Event: 0.020 Loaded shared library C:\Program Files\Android\Android Studio\jbr\bin\zip.dll
Event: 0.190 Loaded shared library C:\Program Files\Android\Android Studio\jbr\bin\verify.dll

Deoptimization events (20 events):
Event: 34.630 Thread 0x000001ff49a73240 Uncommon trap: trap_request=0xffffff45 fr.pc=0x000001ff38454df4 relative=0x0000000000000f54
Event: 34.630 Thread 0x000001ff49a73240 Uncommon trap: reason=unstable_if action=reinterpret pc=0x000001ff38454df4 method=org.gradle.internal.logging.text.AbstractLineChoppingStyledTextOutput$2.execute(Lorg/gradle/internal/logging/text/AbstractLineChoppingStyledTextOutput$StateContext;)V @ 34 c
Event: 34.630 Thread 0x000001ff49a73240 DEOPT PACKING pc=0x000001ff38454df4 sp=0x0000002af59fee40
Event: 34.630 Thread 0x000001ff49a73240 DEOPT UNPACKING pc=0x000001ff37e446a2 sp=0x0000002af59fec88 mode 2
Event: 34.630 Thread 0x000001ff49a73240 Uncommon trap: trap_request=0xffffff45 fr.pc=0x000001ff384485dc relative=0x000000000000041c
Event: 34.630 Thread 0x000001ff49a73240 Uncommon trap: reason=unstable_if action=reinterpret pc=0x000001ff384485dc method=org.gradle.internal.logging.text.AbstractLineChoppingStyledTextOutput$2.execute(Lorg/gradle/internal/logging/text/AbstractLineChoppingStyledTextOutput$StateContext;)V @ 34 c
Event: 34.630 Thread 0x000001ff49a73240 DEOPT PACKING pc=0x000001ff384485dc sp=0x0000002af59fedf0
Event: 34.630 Thread 0x000001ff49a73240 DEOPT UNPACKING pc=0x000001ff37e446a2 sp=0x0000002af59fec88 mode 2
Event: 34.630 Thread 0x000001ff49a73240 Uncommon trap: trap_request=0xffffff45 fr.pc=0x000001ff3845203c relative=0x0000000000000b5c
Event: 34.630 Thread 0x000001ff49a73240 Uncommon trap: reason=unstable_if action=reinterpret pc=0x000001ff3845203c method=org.gradle.internal.logging.text.AbstractLineChoppingStyledTextOutput$2.execute(Lorg/gradle/internal/logging/text/AbstractLineChoppingStyledTextOutput$StateContext;)V @ 34 c
Event: 34.630 Thread 0x000001ff49a73240 DEOPT PACKING pc=0x000001ff3845203c sp=0x0000002af59fee40
Event: 34.630 Thread 0x000001ff49a73240 DEOPT UNPACKING pc=0x000001ff37e446a2 sp=0x0000002af59fec88 mode 2
Event: 34.630 Thread 0x000001ff49a73240 Uncommon trap: trap_request=0xffffff45 fr.pc=0x000001ff384466b4 relative=0x00000000000003f4
Event: 34.630 Thread 0x000001ff49a73240 Uncommon trap: reason=unstable_if action=reinterpret pc=0x000001ff384466b4 method=org.gradle.internal.logging.text.AbstractLineChoppingStyledTextOutput$2.execute(Lorg/gradle/internal/logging/text/AbstractLineChoppingStyledTextOutput$StateContext;)V @ 34 c
Event: 34.630 Thread 0x000001ff49a73240 DEOPT PACKING pc=0x000001ff384466b4 sp=0x0000002af59fed80
Event: 34.630 Thread 0x000001ff49a73240 DEOPT UNPACKING pc=0x000001ff37e446a2 sp=0x0000002af59fec80 mode 2
Event: 124.537 Thread 0x000001ff2b59b0a0 Uncommon trap: trap_request=0xffffff45 fr.pc=0x000001ff3849c2a8 relative=0x00000000000003c8
Event: 124.542 Thread 0x000001ff2b59b0a0 Uncommon trap: reason=unstable_if action=reinterpret pc=0x000001ff3849c2a8 method=com.esotericsoftware.kryo.io.Input.require(I)I @ 207 c2
Event: 124.542 Thread 0x000001ff2b59b0a0 DEOPT PACKING pc=0x000001ff3849c2a8 sp=0x0000002af43fe300
Event: 124.553 Thread 0x000001ff2b59b0a0 DEOPT UNPACKING pc=0x000001ff37e446a2 sp=0x0000002af43fe1f0 mode 2

Classes loaded (20 events):
Event: 2.938 Loading class jdk/internal/logger/LazyLoggers$LazyLoggerFactories
Event: 2.938 Loading class jdk/internal/logger/LazyLoggers$LazyLoggerFactories done
Event: 2.938 Loading class jdk/internal/logger/LoggerFinderLoader
Event: 2.939 Loading class jdk/internal/logger/LoggerFinderLoader done
Event: 2.939 Loading class jdk/internal/logger/LoggerFinderLoader$TemporaryLoggerFinder
Event: 2.939 Loading class jdk/internal/logger/LoggerFinderLoader$TemporaryLoggerFinder done
Event: 2.939 Loading class sun/util/logging/internal/LoggingProviderImpl$JULWrapper
Event: 2.939 Loading class sun/util/logging/PlatformLogger$ConfigurableBridge$LoggerConfiguration
Event: 2.939 Loading class sun/util/logging/PlatformLogger$ConfigurableBridge$LoggerConfiguration done
Event: 2.939 Loading class sun/util/logging/internal/LoggingProviderImpl$JULWrapper done
Event: 2.940 Loading class java/io/ObjectInputFilter$Config$BuiltinFilterFactory
Event: 2.940 Loading class java/io/ObjectInputFilter$Config$BuiltinFilterFactory done
Event: 2.940 Loading class jdk/internal/access/JavaObjectInputFilterAccess
Event: 2.940 Loading class jdk/internal/access/JavaObjectInputFilterAccess done
Event: 2.940 Loading class java/lang/System$Logger$Level
Event: 2.940 Loading class java/lang/System$Logger$Level done
Event: 13.319 Loading class java/lang/invoke/MethodHandle$1
Event: 13.319 Loading class java/lang/invoke/MethodHandle$1 done
Event: 64.503 Loading class java/lang/foreign/MemorySegment
Event: 64.514 Loading class java/lang/foreign/MemorySegment done

Classes unloaded (0 events):
No events

Classes redefined (0 events):
No events

Internal exceptions (19 events):
Event: 0.397 Thread 0x000001ff2b59b0a0 Exception <a 'java/lang/NoSuchMethodError'{0x000000008c9fa5b0}: 'void java.lang.invoke.DirectMethodHandle$Holder.invokeSpecial(java.lang.Object, java.lang.Object, java.lang.Object)'> (0x000000008c9fa5b0) 
thrown [s\src\hotspot\share\interpreter\linkResolver.cpp, line 784]
Event: 0.462 Thread 0x000001ff2b59b0a0 Exception <a 'java/lang/NoSuchMethodError'{0x000000008c733da0}: 'int java.lang.invoke.DirectMethodHandle$Holder.invokeSpecial(java.lang.Object, java.lang.Object, java.lang.Object, java.lang.Object)'> (0x000000008c733da0) 
thrown [s\src\hotspot\share\interpreter\linkResolver.cpp, line 784]
Event: 1.160 Thread 0x000001ff2b59b0a0 Exception <a 'java/lang/NoSuchMethodError'{0x000000008bad2118}: 'java.lang.Object java.lang.invoke.DirectMethodHandle$Holder.invokeVirtual(java.lang.Object, java.lang.Object, java.lang.Object)'> (0x000000008bad2118) 
thrown [s\src\hotspot\share\interpreter\linkResolver.cpp, line 784]
Event: 1.462 Thread 0x000001ff2b59b0a0 Implicit null exception at 0x000001ff384018ba to 0x000001ff38401b34
Event: 1.462 Thread 0x000001ff2b59b0a0 Implicit null exception at 0x000001ff383c2bc0 to 0x000001ff383c2c42
Event: 1.472 Thread 0x000001ff2b59b0a0 Exception <a 'java/lang/NoSuchMethodError'{0x000000008b38ef68}: 'void java.lang.invoke.DirectMethodHandle$Holder.invokeInterface(java.lang.Object, java.lang.Object, java.lang.Object)'> (0x000000008b38ef68) 
thrown [s\src\hotspot\share\interpreter\linkResolver.cpp, line 784]
Event: 1.486 Thread 0x000001ff2b59b0a0 Exception <a 'java/lang/NoClassDefFoundError'{0x000000008b3e8648}: org/slf4j/impl/StaticMarkerBinder> (0x000000008b3e8648) 
thrown [s\src\hotspot\share\classfile\systemDictionary.cpp, line 301]
Event: 1.664 Thread 0x000001ff2b59b0a0 Exception <a 'java/lang/NoSuchMethodError'{0x000000008c72a9e8}: 'java.lang.Object java.lang.invoke.DirectMethodHandle$Holder.newInvokeSpecial(java.lang.Object, java.lang.Object, java.lang.Object, java.lang.Object, java.lang.Object)'> (0x000000008c72a9e8) 
thrown [s\src\hotspot\share\interpreter\linkResolver.cpp, line 784]
Event: 1.675 Thread 0x000001ff2b59b0a0 Exception <a 'java/lang/NoSuchMethodError'{0x000000008c772e60}: 'java.lang.Object java.lang.invoke.Invokers$Holder.invokeExact_MT(java.lang.Object, java.lang.Object, java.lang.Object, java.lang.Object, java.lang.Object)'> (0x000000008c772e60) 
thrown [s\src\hotspot\share\interpreter\linkResolver.cpp, line 784]
Event: 1.684 Thread 0x000001ff2b59b0a0 Exception <a 'java/lang/NoSuchMethodError'{0x000000008c79f490}: 'java.lang.Object java.lang.invoke.DirectMethodHandle$Holder.invokeVirtual(java.lang.Object, java.lang.Object, java.lang.Object, java.lang.Object, java.lang.Object, java.lang.Object, java.lang.Object)'> (0x000000008c79f490) 
thrown [s\src\hotspot\share\interpreter\linkResolver.cpp, line 784]
Event: 1.697 Thread 0x000001ff2b59b0a0 Exception <a 'java/lang/NoSuchMethodError'{0x000000008c7dd6d0}: 'java.lang.Object java.lang.invoke.DirectMethodHandle$Holder.invokeVirtual(java.lang.Object, java.lang.Object, java.lang.Object, java.lang.Object)'> (0x000000008c7dd6d0) 
thrown [s\src\hotspot\share\interpreter\linkResolver.cpp, line 784]
Event: 1.808 Thread 0x000001ff2b59b0a0 Exception <a 'java/lang/NoSuchMethodError'{0x000000008c48dd18}: 'java.lang.Object java.lang.invoke.DirectMethodHandle$Holder.invokeVirtual(java.lang.Object, java.lang.Object, java.lang.Object, java.lang.Object, java.lang.Object, java.lang.Object)'> (0x000000008c48dd18) 
thrown [s\src\hotspot\share\interpreter\linkResolver.cpp, line 784]
Event: 1.839 Thread 0x000001ff2b59b0a0 Exception <a 'java/lang/NoSuchMethodError'{0x000000008c355330}: 'java.lang.Object java.lang.invoke.DirectMethodHandle$Holder.invokeVirtual(java.lang.Object, java.lang.Object, java.lang.Object, java.lang.Object, java.lang.Object)'> (0x000000008c355330) 
thrown [s\src\hotspot\share\interpreter\linkResolver.cpp, line 784]
Event: 1.841 Thread 0x000001ff2b59b0a0 Exception <a 'java/lang/NoSuchMethodError'{0x000000008c368180}: 'java.lang.Object java.lang.invoke.Invokers$Holder.invokeExact_MT(java.lang.Object, java.lang.Object, java.lang.Object, java.lang.Object, java.lang.Object, java.lang.Object)'> (0x000000008c368180) 
thrown [s\src\hotspot\share\interpreter\linkResolver.cpp, line 784]
Event: 1.868 Thread 0x000001ff2b59b0a0 Exception <a 'java/lang/NoSuchMethodError'{0x000000008c225010}: 'java.lang.Object java.lang.invoke.DirectMethodHandle$Holder.invokeSpecialIFC(java.lang.Object, java.lang.Object, java.lang.Object, java.lang.Object)'> (0x000000008c225010) 
thrown [s\src\hotspot\share\interpreter\linkResolver.cpp, line 784]
Event: 1.869 Thread 0x000001ff2b59b0a0 Exception <a 'java/lang/NoSuchMethodError'{0x000000008c22e288}: 'java.lang.Object java.lang.invoke.DirectMethodHandle$Holder.invokeVirtual(java.lang.Object, java.lang.Object, java.lang.Object, java.lang.Object, java.lang.Object, java.lang.Object, java.lang.Object, java.lang.Object)'> (0x000000008c22e288) 
thrown [s\src\hotspot\share\interpreter\linkResolver.cpp, line 784]
Event: 1.900 Thread 0x000001ff2b59b0a0 Exception <a 'java/lang/NoSuchMethodError'{0x000000008c28f930}: 'java.lang.Object java.lang.invoke.DirectMethodHandle$Holder.invokeVirtual(java.lang.Object, java.lang.Object, java.lang.Object, java.lang.Object, java.lang.Object, java.lang.Object, java.lang.Object, java.lang.Object, java.lang.Object)'> (0x000000008c28f930) 
thrown [s\src\hotspot\share\interpreter\linkResolver.cpp, line 784]
Event: 2.205 Thread 0x000001ff2b59b0a0 Exception <a 'java/lang/NoSuchMethodError'{0x000000008bff3a08}: 'java.lang.Object java.lang.invoke.DirectMethodHandle$Holder.invokeStaticInit(java.lang.Object, java.lang.Object, int, int, int, int)'> (0x000000008bff3a08) 
thrown [s\src\hotspot\share\interpreter\linkResolver.cpp, line 784]
Event: 2.278 Thread 0x000001ff2b59b0a0 Implicit null exception at 0x000001ff383da9a4 to 0x000001ff383db024

ZGC Phase Switch (0 events):
No events

VM Operations (20 events):
Event: 70.969 Executing VM operation: Cleanup
Event: 70.969 Executing VM operation: Cleanup done
Event: 74.003 Executing VM operation: Cleanup
Event: 74.003 Executing VM operation: Cleanup done
Event: 79.046 Executing VM operation: Cleanup
Event: 79.046 Executing VM operation: Cleanup done
Event: 81.052 Executing VM operation: Cleanup
Event: 81.053 Executing VM operation: Cleanup done
Event: 82.063 Executing VM operation: Cleanup
Event: 82.063 Executing VM operation: Cleanup done
Event: 83.077 Executing VM operation: Cleanup
Event: 83.077 Executing VM operation: Cleanup done
Event: 88.127 Executing VM operation: Cleanup
Event: 88.127 Executing VM operation: Cleanup done
Event: 105.271 Executing VM operation: Cleanup
Event: 105.271 Executing VM operation: Cleanup done
Event: 119.388 Executing VM operation: Cleanup
Event: 119.389 Executing VM operation: Cleanup done
Event: 121.389 Executing VM operation: Cleanup
Event: 121.389 Executing VM operation: Cleanup done

Memory protections (0 events):
No events

Nmethod flushes (0 events):
No events

Events (20 events):
Event: 0.129 Thread 0x000001ff2b59b0a0 Thread added: 0x000001ff44706e60
Event: 0.151 Loaded shared library C:\Program Files\Android\Android Studio\jbr\bin\net.dll
Event: 0.155 Loaded shared library C:\Program Files\Android\Android Studio\jbr\bin\nio.dll
Event: 0.174 Loaded shared library C:\Program Files\Android\Android Studio\jbr\bin\zip.dll
Event: 0.279 Loaded shared library C:\Program Files\Android\Android Studio\jbr\bin\jimage.dll
Event: 0.702 Thread 0x000001ff445fd5b0 Thread added: 0x000001ff490cfd20
Event: 1.391 Loaded shared library C:\Program Files\Android\Android Studio\jbr\bin\management.dll
Event: 1.398 Loaded shared library C:\Program Files\Android\Android Studio\jbr\bin\management_ext.dll
Event: 1.540 Loaded shared library S:\gradle-home\native\c067742578af261105cb4f569cf0c3c89f3d7b1fecec35dd04571415982c5e48\windows-amd64\native-platform.dll
Event: 1.584 Thread 0x000001ff2b59b0a0 Thread added: 0x000001ff49a73240
Event: 2.204 Thread 0x000001ff490cfd20 Thread exited: 0x000001ff490cfd20
Event: 2.230 Loaded shared library C:\Program Files\Android\Android Studio\jbr\bin\extnet.dll
Event: 2.339 Thread 0x000001ff445fd5b0 Thread added: 0x000001ff4a0a3e10
Event: 2.606 Thread 0x000001ff4a0a3e10 Thread exited: 0x000001ff4a0a3e10
Event: 34.532 Thread 0x000001ff445fd5b0 Thread added: 0x000001ff49c70020
Event: 42.609 Thread 0x000001ff49c70020 Thread exited: 0x000001ff49c70020
Event: 81.084 Thread 0x000001ff445fa4f0 Thread added: 0x000001ff4482bdd0
Event: 85.464 Thread 0x000001ff4482bdd0 Thread exited: 0x000001ff4482bdd0
Event: 87.392 Thread 0x000001ff445fa4f0 Thread added: 0x000001ff4482bdd0
Event: 92.379 Thread 0x000001ff4482bdd0 Thread exited: 0x000001ff4482bdd0


Dynamic libraries:
0x00007ff63ad60000 - 0x00007ff63ad6a000 	C:\Program Files\Android\Android Studio\jbr\bin\java.exe
0x00007ffc873a0000 - 0x00007ffc875a9000 	C:\Windows\SYSTEM32\ntdll.dll
0x00007ffc85380000 - 0x00007ffc8543e000 	C:\Windows\System32\KERNEL32.DLL
0x00007ffc84a10000 - 0x00007ffc84d8c000 	C:\Windows\System32\KERNELBASE.dll
0x00007ffc84f70000 - 0x00007ffc85081000 	C:\Windows\System32\ucrtbase.dll
0x00007ffc6cd10000 - 0x00007ffc6cd28000 	C:\Program Files\Android\Android Studio\jbr\bin\jli.dll
0x00007ffc85440000 - 0x00007ffc855ed000 	C:\Windows\System32\USER32.dll
0x00007ffc84870000 - 0x00007ffc84896000 	C:\Windows\System32\win32u.dll
0x00007ffc85e40000 - 0x00007ffc85e69000 	C:\Windows\System32\GDI32.dll
0x00007ffc84e50000 - 0x00007ffc84f68000 	C:\Windows\System32\gdi32full.dll
0x00007ffc85180000 - 0x00007ffc8521d000 	C:\Windows\System32\msvcp_win.dll
0x00007ffc6a3b0000 - 0x00007ffc6a655000 	C:\Windows\WinSxS\amd64_microsoft.windows.common-controls_6595b64144ccf1df_6.0.22000.120_none_9d947278b86cc467\COMCTL32.dll
0x00007ffc17020000 - 0x00007ffc1703b000 	C:\Program Files\Android\Android Studio\jbr\bin\VCRUNTIME140.dll
0x00007ffc870f0000 - 0x00007ffc87193000 	C:\Windows\System32\msvcrt.dll
0x00007ffc85990000 - 0x00007ffc859c1000 	C:\Windows\System32\IMM32.DLL
0x00007ffc17010000 - 0x00007ffc1701c000 	C:\Program Files\Android\Android Studio\jbr\bin\vcruntime140_1.dll
0x00007ffbea560000 - 0x00007ffbea5ed000 	C:\Program Files\Android\Android Studio\jbr\bin\msvcp140.dll
0x00007ffc17040000 - 0x00007ffc17cd6000 	C:\Program Files\Android\Android Studio\jbr\bin\server\jvm.dll
0x00007ffc852d0000 - 0x00007ffc8537e000 	C:\Windows\System32\ADVAPI32.dll
0x00007ffc85e70000 - 0x00007ffc85f0e000 	C:\Windows\System32\sechost.dll
0x00007ffc86240000 - 0x00007ffc86360000 	C:\Windows\System32\RPCRT4.dll
0x00007ffc85f10000 - 0x00007ffc85f7f000 	C:\Windows\System32\WS2_32.dll
0x00007ffc84690000 - 0x00007ffc846dd000 	C:\Windows\SYSTEM32\POWRPROF.dll
0x00007ffc7bfd0000 - 0x00007ffc7c003000 	C:\Windows\SYSTEM32\WINMM.dll
0x00007ffc7ca00000 - 0x00007ffc7ca0a000 	C:\Windows\SYSTEM32\VERSION.dll
0x00007ffc84580000 - 0x00007ffc84593000 	C:\Windows\SYSTEM32\UMPDC.dll
0x00007ffc838f0000 - 0x00007ffc83908000 	C:\Windows\SYSTEM32\kernel.appcore.dll
0x00007ffc17000000 - 0x00007ffc1700a000 	C:\Program Files\Android\Android Studio\jbr\bin\jimage.dll
0x00007ffc6d0a0000 - 0x00007ffc6d2c1000 	C:\Windows\SYSTEM32\DBGHELP.DLL
0x00007ffc6d030000 - 0x00007ffc6d061000 	C:\Windows\SYSTEM32\dbgcore.DLL
0x00007ffc85090000 - 0x00007ffc8510f000 	C:\Windows\System32\bcryptPrimitives.dll
0x00007ffc16fe0000 - 0x00007ffc17000000 	C:\Program Files\Android\Android Studio\jbr\bin\java.dll
0x00007ffc16fc0000 - 0x00007ffc16fd8000 	C:\Program Files\Android\Android Studio\jbr\bin\zip.dll
0x00007ffc86620000 - 0x00007ffc86de5000 	C:\Windows\System32\SHELL32.dll
0x00007ffc82960000 - 0x00007ffc831c5000 	C:\Windows\SYSTEM32\windows.storage.dll
0x00007ffc855f0000 - 0x00007ffc85966000 	C:\Windows\System32\combase.dll
0x00007ffc827f0000 - 0x00007ffc82956000 	C:\Windows\SYSTEM32\wintypes.dll
0x00007ffc86360000 - 0x00007ffc8644a000 	C:\Windows\System32\SHCORE.dll
0x00007ffc86df0000 - 0x00007ffc86e4d000 	C:\Windows\System32\shlwapi.dll
0x00007ffc847a0000 - 0x00007ffc847c1000 	C:\Windows\SYSTEM32\profapi.dll
0x00007ffc16df0000 - 0x00007ffc16e00000 	C:\Program Files\Android\Android Studio\jbr\bin\net.dll
0x00007ffc7fc00000 - 0x00007ffc7fd12000 	C:\Windows\SYSTEM32\WINHTTP.dll
0x00007ffc83d90000 - 0x00007ffc83df7000 	C:\Windows\system32\mswsock.dll
0x00007ffc16dd0000 - 0x00007ffc16de6000 	C:\Program Files\Android\Android Studio\jbr\bin\nio.dll
0x00007ffc80f40000 - 0x00007ffc80f50000 	C:\Program Files\Android\Android Studio\jbr\bin\verify.dll
0x00007ffc16960000 - 0x00007ffc16969000 	C:\Program Files\Android\Android Studio\jbr\bin\management.dll
0x00007ffc16950000 - 0x00007ffc1695b000 	C:\Program Files\Android\Android Studio\jbr\bin\management_ext.dll
0x00007ffc86450000 - 0x00007ffc86458000 	C:\Windows\System32\PSAPI.DLL
0x00007ffc6cce0000 - 0x00007ffc6cd07000 	S:\gradle-home\native\c067742578af261105cb4f569cf0c3c89f3d7b1fecec35dd04571415982c5e48\windows-amd64\native-platform.dll
0x00007ffc83fd0000 - 0x00007ffc83fe8000 	C:\Windows\SYSTEM32\CRYPTSP.dll
0x00007ffc83850000 - 0x00007ffc83885000 	C:\Windows\system32\rsaenh.dll
0x00007ffc83e80000 - 0x00007ffc83ea9000 	C:\Windows\SYSTEM32\USERENV.dll
0x00007ffc84160000 - 0x00007ffc84187000 	C:\Windows\SYSTEM32\bcrypt.dll
0x00007ffc83ff0000 - 0x00007ffc83ffc000 	C:\Windows\SYSTEM32\CRYPTBASE.dll
0x00007ffc83420000 - 0x00007ffc8344d000 	C:\Windows\SYSTEM32\IPHLPAPI.DLL
0x00007ffc86230000 - 0x00007ffc86239000 	C:\Windows\System32\NSI.dll
0x00007ffc16b40000 - 0x00007ffc16b49000 	C:\Program Files\Android\Android Studio\jbr\bin\extnet.dll
0x00007ffc62420000 - 0x00007ffc62428000 	C:\Windows\system32\wshunix.dll

JVMTI agents: none

dbghelp: loaded successfully - version: 4.0.5 - missing functions: none
symbol engine: initialized successfully - sym options: 0x614 - pdb path: .;C:\Program Files\Android\Android Studio\jbr\bin;C:\Windows\SYSTEM32;C:\Windows\WinSxS\amd64_microsoft.windows.common-controls_6595b64144ccf1df_6.0.22000.120_none_9d947278b86cc467;C:\Program Files\Android\Android Studio\jbr\bin\server;S:\gradle-home\native\c067742578af261105cb4f569cf0c3c89f3d7b1fecec35dd04571415982c5e48\windows-amd64

VM Arguments:
jvm_args: -Dorg.gradle.appname=gradlew 
java_command: org.gradle.wrapper.GradleWrapperMain --full-stacktrace --info -Pverbose=true -Ptarget-platform=android-arm64 -Ptarget=S:\dev\CaribTap\flutter-ulistings-app\flutter_universal_listings\lib\main.dart -Pbase-application-name=android.app.Application -Pdart-defines=RkxVVFRFUl9WRVJTSU9OPTMuMzguNg==,RkxVVFRFUl9DSEFOTkVMPXN0YWJsZQ==,RkxVVFRFUl9HSVRfVVJMPWh0dHBzOi8vZ2l0aHViLmNvbS9mbHV0dGVyL2ZsdXR0ZXIuZ2l0,RkxVVFRFUl9GUkFNRVdPUktfUkVWSVNJT049OGI4NzI4Njg0OQ==,RkxVVFRFUl9FTkdJTkVfUkVWSVNJT049NzhmYzMwMTJlNA==,RkxVVFRFUl9EQVJUX1ZFUlNJT049My4xMC43 -Pdart-obfuscation=false -Ptrack-widget-creation=true -Ptree-shake-icons=false -Pfilesystem-scheme=org-dartlang-root assembleDebug
java_class_path (initial): S:\dev\CaribTap\flutter-ulistings-app\flutter_universal_listings\android\\gradle\wrapper\gradle-wrapper.jar
Launcher Type: SUN_STANDARD

[Global flags]
     intx CICompilerCount                          = 3                                         {product} {ergonomic}
     uint ConcGCThreads                            = 1                                         {product} {ergonomic}
     uint G1ConcRefinementThreads                  = 4                                         {product} {ergonomic}
   size_t G1HeapRegionSize                         = 1048576                                   {product} {ergonomic}
    uintx GCDrainStackTargetSize                   = 64                                        {product} {ergonomic}
   size_t InitialHeapSize                          = 130023424                                 {product} {ergonomic}
   size_t MarkStackSize                            = 4194304                                   {product} {ergonomic}
   size_t MaxHeapSize                              = 2063597568                                {product} {ergonomic}
   size_t MaxNewSize                               = 1237319680                                {product} {ergonomic}
   size_t MinHeapDeltaBytes                        = 1048576                                   {product} {ergonomic}
   size_t MinHeapSize                              = 8388608                                   {product} {ergonomic}
    uintx NonNMethodCodeHeapSize                   = 5832780                                {pd product} {ergonomic}
    uintx NonProfiledCodeHeapSize                  = 122912730                              {pd product} {ergonomic}
    uintx ProfiledCodeHeapSize                     = 122912730                              {pd product} {ergonomic}
    uintx ReservedCodeCacheSize                    = 251658240                              {pd product} {ergonomic}
     bool SegmentedCodeCache                       = true                                      {product} {ergonomic}
   size_t SoftMaxHeapSize                          = 2063597568                             {manageable} {ergonomic}
     bool UseCompressedOops                        = true                           {product lp64_product} {ergonomic}
     bool UseG1GC                                  = true                                      {product} {ergonomic}
     bool UseLargePagesIndividualAllocation        = false                                  {pd product} {ergonomic}

Logging:
Log output configuration:
 #0: stdout all=warning uptime,level,tags foldmultilines=false
 #1: stderr all=off uptime,level,tags foldmultilines=false

Environment Variables:
JAVA_HOME=C:\Program Files\Android\Android Studio\jbr
CLASSPATH=S:\dev\CaribTap\flutter-ulistings-app\flutter_universal_listings\android\\gradle\wrapper\gradle-wrapper.jar
PATH=C:\Program Files\Android\Android Studio\jbr\bin;C:\Program Files\Common Files\Oracle\Java\javapath;C:\Program Files\Common Files\Oracle\Java\javapath;C:\Program Files\Common Files\Oracle\Java\javapath;C:\Program Files\Common Files\Oracle\Java\javapath;C:\Program Files\Common Files\Oracle\Java\javapath;C:\Program Files\Common Files\Oracle\Java\javapath;C:\Program Files\Common Files\Oracle\Java\javapath;C:\Program Files\Common Files\Oracle\Java\javapath;C:\Program Files\Common Files\Oracle\Java\javapath;C:\Program Files\Common Files\Oracle\Java\javapath;C:\Program Files\Common Files\Oracle\Java\javapath;C:\Program Files\Common Files\Oracle\Java\javapath;C:\Program Files\Common Files\Oracle\Java\javapath;C:\Program Files\Common Files\Oracle\Java\javapath;C:\Program Files\Common Files\Oracle\Java\javapath;C:\Program Files\Common Files\Oracle\Java\javapath;C:\Program Files\Common Files\Oracle\Java\javapath;C:\Program Files\Common Files\Oracle\Java\javapath;C:\Windows\System32;C:\Program Files\Android\Android Studio\jbr\bin;C:\Users\Experimental\AppData\Local\Microsoft\WindowsApps;S:\flutter\bin;C:\Program Files\Android\Android Studio\jbr\bin;C:\Users\Experimental\AppData\Local\Microsoft\WindowsApps;S:\flutter\bin;C:\Windows\System32;C:\Program Files\Git\cmd;C:\Program Files\Android\Android Studio\jbr\bin;C:\Users\Experimental\AppData\Local\Microsoft\WindowsApps;S:\flutter\bin;C:\Program Files\Android\Android Studio\jbr\bin;C:\Users\Experimental\AppData\Local\Microsoft\WindowsApps;S:\flutter\bin;C:\Windows\System32;C:\Program Files\Git\cmd;C:\Program Files\Android\Android Studio\jbr\bin;C:\Users\Experimental\AppData\Local\Microsoft\WindowsApps;S:\flutter\bin;C:\Program Files\Android\Android Studio\jbr\bin;C:\Users\Experimental\AppData\Local\Microsoft\WindowsApps;S:\flutter\bin;C:\Windows\System32;C:\Program Files\Git\cmd;C:\Windows\System32;C:\Windows\System32\WindowsPowerShell\v1.0\;%NVM_HOME%;%NVM_SYMLINK%;C:\Program Files\nodejs\;C:\Program Files\Android\Android Studio\jbr\bin;C:\Users\Experimental\AppData\Local\Microsoft\WindowsApps;S:\flutter\bin;C:\Program Files\Android\Android Studio\jbr\bin;C:\Users\Experimental\AppData\Local\Microsoft\WindowsApps;S:\flutter\bin;C:\Windows\System32;C:\Program Files\Git\cmd;C:\Program Files\Android\Android Studio\jbr\bin;C:\Users\Experimental\AppData\Local\Microsoft\WindowsApps;S:\flutter\bin;C:\Program Files\Android\Android Studio\jbr\bin;C:\Users\Experimental\AppData\Local\Microsoft\WindowsApps;S:\flutter\bin;C:\Windows\System32;C:\Program Files\Git\cmd;C:\Program Files\Android\Android Studio\jbr\bin;C:\Users\Experimental\AppData\Local\Microsoft\WindowsApps;S:\flutter\bin;C:\Program Files\Android\Android Studio\jbr\bin;C:\Users\Experimental\AppData\Local\Microsoft\WindowsApps;S:\flutter\bin;C:\Windows\System32;C:\Program Files\Git\cmd;C:\Windows\System32;C:\Windows\System32\WindowsPowerShell\v1.0\;C:\Users\Experimental\AppData\Local\nvm;C:\nvm4w\nodejs;C:\Program Files\nodejs\;C:\Program Files\Android\Android Studio\jbr\bin;C:\Users\Experimental\AppData\Local\Microsoft\WindowsApps;S:\flutter\bin;C:\Program Files\Android\Android Studio\jbr\bin;C:\Users\Experimental\AppData\Local\Microsoft\WindowsApps;S:\flutter\bin;C:\Windows\System32;C:\Program Files\Git\cmd;C:\Program Files\Android\Android Studio\jbr\bin;C:\Users\Experimental\AppData\Local\Microsoft\WindowsApps;S:\flutter\bin;C:\Program Files\Android\Android Studio\jbr\bin;C:\Users\Experimental\AppData\Local\Microsoft\WindowsApps;S:\flutter\bin;C:\Windows\System32;C:\Program Files\Git\cmd;C:\Program Files\Android\Android Studio\jbr\bin;C:\Users\Experimental\AppData\Local\Microsoft\WindowsApps;S:\flutter\bin;C:\Program Files\Android\Android Studio\jbr\bin;C:\Users\Experimental\AppData\Local\Microsoft\WindowsApps;S:\flutter\bin;C:\Windows\System32;C:\Program Files\Git\cmd;C:\Windows\System32;C:\Windows\System32\WindowsPowerShell\v1.0\;C:\Users\Experimental\AppData\Local\nvm;C:\nvm4w\nodejs;C:\Program Files\nodejs\;C:\Windows\System32;C:\Windows;C:\Windows\System32\Wbem;C:\Windows\System32\WindowsPowerShell\v1.0\;S:\flutter\bin;C:\Program Files\Git\cmd;C:\Program Files\Android\Android Studio\jbr\bin;C:\Users\Experimental\AppData\Local\Microsoft\WindowsApps;C:\Users\Experimental\AppData\Local\Android\Sdk\platform-tools;C:\Users\Experimental\AppData\Local\Programs\Microsoft VS Code\bin;C:\Users\Experimental\AppData\Local\nvm;C:\nvm4w\nodejs;C:\Users\Experimental\AppData\Roaming\npm;S:\flutter\bin\mingit\cmd
USERNAME=Experimental
OS=Windows_NT
PROCESSOR_IDENTIFIER=Intel64 Family 6 Model 94 Stepping 3, GenuineIntel
TMP=C:\Users\EXPERI~1\AppData\Local\Temp
TEMP=C:\Users\EXPERI~1\AppData\Local\Temp




Periodic native trim disabled

JNI global refs:
JNI global refs: 18, weak refs: 0

JNI global refs memory usage: 835, weak refs: 833

Process memory usage:
Resident Set Size: 52824K (0% of 8054368K total physical memory with 1253264K free physical memory)

OOME stack traces (most recent first):
Classloader memory used:
Loader bootstrap                                                                       : 13137K
Loader org.gradle.internal.classloader.VisitableURLClassLoader                         : 5149K
Loader java.net.URLClassLoader                                                         : 233K
Loader jdk.internal.loader.ClassLoaders$AppClassLoader                                 : 142K
Loader jdk.internal.loader.ClassLoaders$PlatformClassLoader                            : 110K

Classes loaded by more than one classloader:
Class org.gradle.cli.AbstractPropertiesCommandLineConverter                           : loaded 2 times (x 83B)
Class org.gradle.cli.CommandLineParser                                                : loaded 2 times (x 79B)
Class org.gradle.internal.service.UnknownServiceException                             : loaded 2 times (x 83B)
Class org.gradle.cli.SystemPropertiesCommandLineConverter                             : loaded 2 times (x 83B)
Class org.gradle.cli.CommandLineArgumentException                                     : loaded 2 times (x 82B)
Class org.gradle.cli.CommandLineParser$KnownOptionParserState                         : loaded 2 times (x 76B)
Class org.gradle.internal.InternalTransformer                                         : loaded 2 times (x 70B)
Class org.gradle.internal.classpath.DefaultClassPath$ImmutableUniqueList              : loaded 2 times (x 199B)
Class org.gradle.cli.CommandLineParser$OptionAwareParserState                         : loaded 2 times (x 77B)
Class org.gradle.cli.ParsedCommandLine                                                : loaded 2 times (x 80B)
Class org.gradle.internal.classpath.ClassPath                                         : loaded 2 times (x 70B)
Class org.gradle.cli.CommandLineParser$UnknownOptionParserState                       : loaded 2 times (x 76B)
Class org.gradle.cli.ParsedCommandLineOption                                          : loaded 2 times (x 76B)
Class org.gradle.api.UncheckedIOException                                             : loaded 2 times (x 82B)
Class org.gradle.cli.CommandLineParser$AfterFirstSubCommand                           : loaded 2 times (x 77B)
Class org.gradle.api.internal.classpath.ModuleRegistry                                : loaded 2 times (x 70B)
Class org.gradle.internal.installation.GradleInstallation$1                           : loaded 2 times (x 75B)
Class org.gradle.cli.CommandLineOption                                                : loaded 2 times (x 86B)
Class org.gradle.cli.CommandLineParser$BeforeFirstSubCommand                          : loaded 2 times (x 77B)
Class org.gradle.internal.service.ServiceLookupException                              : loaded 2 times (x 82B)
Class org.gradle.cli.CommandLineParser$OptionParserState                              : loaded 2 times (x 75B)
Class org.gradle.internal.classloader.ClasspathUtil                                   : loaded 2 times (x 71B)
Class org.gradle.api.specs.Spec                                                       : loaded 2 times (x 70B)
Class org.gradle.internal.classpath.DefaultClassPath                                  : loaded 2 times (x 90B)
Class org.gradle.internal.Cast                                                        : loaded 2 times (x 71B)
Class org.gradle.api.Action                                                           : loaded 2 times (x 70B)
Class org.gradle.cli.AbstractCommandLineConverter                                     : loaded 2 times (x 79B)
Class org.gradle.api.GradleException                                                  : loaded 2 times (x 82B)
Class org.gradle.internal.IoActions                                                   : loaded 2 times (x 71B)
Class org.gradle.cli.CommandLineConverter                                             : loaded 2 times (x 70B)
Class org.gradle.cli.CommandLineParser$ParserState                                    : loaded 2 times (x 76B)
Class org.gradle.cli.CommandLineParser$OptionString                                   : loaded 2 times (x 73B)
Class org.gradle.internal.installation.CurrentGradleInstallationLocator               : loaded 2 times (x 71B)
Class org.gradle.internal.installation.CurrentGradleInstallation                      : loaded 2 times (x 73B)
Class org.gradle.util.internal.GUtil                                                  : loaded 2 times (x 71B)
Class org.gradle.cli.CommandLineParser$AfterOptions                                   : loaded 2 times (x 77B)
Class org.gradle.internal.installation.GradleInstallation                             : loaded 2 times (x 75B)

---------------  S Y S T E M  ---------------

OS:
 Windows 11 , 64 bit Build 22000 (10.0.22000.1516)
OS uptime: 0 days 4:36 hours

CPU: total 4 (initial active 4) (4 cores per cpu, 1 threads per core) family 6 model 94 stepping 3 microcode 0xd6, cx8, cmov, fxsr, mmx, 3dnowpref, sse, sse2, sse3, ssse3, sse4.1, sse4.2, popcnt, lzcnt, tsc, tscinvbit, avx, avx2, aes, erms, clmul, bmi1, bmi2, rtm, adx, fma, vzeroupper, clflush, clflushopt, rdtscp, f16c
Processor Information for the first 4 processors :
  Max Mhz: 2301, Current Mhz: 2301, Mhz Limit: 2301

Memory: 4k page, system-wide physical 7865M (1211M free)
TotalPageFile size 22397M (AvailPageFile size 4846M)
current process WorkingSet (physical memory assigned to process): 59M, peak: 103M
current process commit charge ("private bytes"): 221M, peak: 232M

vm_info: OpenJDK 64-Bit Server VM (21.0.8+-14196175-b1038.72) for windows-amd64 JRE (21.0.8+-14196175-b1038.72), built on 2025-10-01T10:24:33Z by "builder" with MS VC++ 16.10 / 16.11 (VS2019)

END.
