#
# There is insufficient memory for the Java Runtime Environment to continue.
# Native memory allocation (malloc) failed to allocate 526496 bytes. Error detail: Chunk::new
# Possible reasons:
#   The system is out of physical RAM or swap space
#   This process is running with CompressedOops enabled, and the Java Heap may be blocking the growth of the native heap
# Possible solutions:
#   Reduce memory load on the system
#   Increase physical memory or swap space
#   Check if swap backing store is full
#   Decrease Java heap size (-Xmx/-Xms)
#   Decrease number of Java threads
#   Decrease Java thread stack sizes (-Xss)
#   Set larger code cache with -XX:ReservedCodeCacheSize=
#   JVM is running with Unscaled Compressed Oops mode in which the Java heap is
#     placed in the first 4GB address space. The Java Heap base address is the
#     maximum limit for the native heap growth. Please use -XX:HeapBaseMinAddress
#     to set the Java Heap base and to place the Java Heap above 4GB virtual address.
# This output file may be truncated or incomplete.
#
#  Out of Memory Error (arena.cpp:168), pid=1836, tid=15212
#
# JRE version: OpenJDK Runtime Environment (21.0.8) (build 21.0.8+-14196175-b1038.72)
# Java VM: OpenJDK 64-Bit Server VM (21.0.8+-14196175-b1038.72, mixed mode, tiered, compressed oops, compressed class ptrs, g1 gc, windows-amd64)
# No core dump will be written. Minidumps are not enabled by default on client versions of Windows
#

---------------  S U M M A R Y ------------

Command Line: -Dorg.gradle.appname=gradlew org.gradle.wrapper.GradleWrapperMain --full-stacktrace --info -Pverbose=true -Ptarget-platform=android-arm64 -Ptarget=S:\dev\CaribTap\flutter-ulistings-app\flutter_universal_listings\lib\main.dart -Pbase-application-name=android.app.Application -Pdart-defines=RkxVVFRFUl9WRVJTSU9OPTMuMzguNg==,RkxVVFRFUl9DSEFOTkVMPXN0YWJsZQ==,RkxVVFRFUl9HSVRfVVJMPWh0dHBzOi8vZ2l0aHViLmNvbS9mbHV0dGVyL2ZsdXR0ZXIuZ2l0,RkxVVFRFUl9GUkFNRVdPUktfUkVWSVNJT049OGI4NzI4Njg0OQ==,RkxVVFRFUl9FTkdJTkVfUkVWSVNJT049NzhmYzMwMTJlNA==,RkxVVFRFUl9EQVJUX1ZFUlNJT049My4xMC43 -Pdart-obfuscation=false -Ptrack-widget-creation=true -Ptree-shake-icons=false -Pfilesystem-scheme=org-dartlang-root assembleDebug

Host: Intel(R) Core(TM) i5-6300HQ CPU @ 2.30GHz, 4 cores, 7G,  Windows 11 , 64 bit Build 22000 (10.0.22000.1516)
Time: Thu Feb 19 16:16:30 2026 SA Western Standard Time elapsed time: 353.174449 seconds (0d 0h 5m 53s)

---------------  T H R E A D  ---------------

Current thread (0x000001551d157140):  JavaThread "C2 CompilerThread0" daemon [_thread_in_native, id=15212, stack(0x0000004abb500000,0x0000004abb600000) (1024K)]


Current CompileTask:
C2:353174 2491       4       org.gradle.internal.logging.sink.GroupingProgressLogEventGenerator$OperationGroup::maybeFlushOutput (34 bytes)

Stack: [0x0000004abb500000,0x0000004abb600000]
Native frames: (J=compiled Java code, j=interpreted, Vv=VM code, C=native code)
V  [jvm.dll+0x6d68d9]
V  [jvm.dll+0x866693]
V  [jvm.dll+0x868c4e]
V  [jvm.dll+0x869333]
V  [jvm.dll+0x280566]
V  [jvm.dll+0xc07cd]
V  [jvm.dll+0xc0d03]
V  [jvm.dll+0x2f5970]
V  [jvm.dll+0x5ff719]
V  [jvm.dll+0x252362]
V  [jvm.dll+0x24ac0a]
V  [jvm.dll+0x24871e]
V  [jvm.dll+0x1c73a4]
V  [jvm.dll+0x257f9e]
V  [jvm.dll+0x2564e6]
V  [jvm.dll+0x3f4696]
V  [jvm.dll+0x80eac8]
V  [jvm.dll+0x6d512d]
C  [ucrtbase.dll+0x26c0c]
C  [KERNEL32.DLL+0x155a0]
C  [ntdll.dll+0x485b]


---------------  P R O C E S S  ---------------

Threads class SMR info:
_java_thread_list=0x0000015522822d50, length=12, elements={
0x00000155062d3680, 0x000001551d148570, 0x000001551d150fc0, 0x000001551d153a30,
0x000001551d154490, 0x000001551d154ef0, 0x000001551d155950, 0x000001551d1563b0,
0x000001551d157140, 0x000001551d16c120, 0x000001551d30e510, 0x000001552272e6b0
}

Java Threads: ( => current thread )
  0x00000155062d3680 JavaThread "main"                              [_thread_in_Java, id=18272, stack(0x0000004aba500000,0x0000004aba600000) (1024K)]
  0x000001551d148570 JavaThread "Common-Cleaner"             daemon [_thread_blocked, id=16500, stack(0x0000004abae00000,0x0000004abaf00000) (1024K)]
  0x000001551d150fc0 JavaThread "Reference Handler"          daemon [_thread_blocked, id=6052, stack(0x0000004abaf00000,0x0000004abb000000) (1024K)]
  0x000001551d153a30 JavaThread "Finalizer"                  daemon [_thread_blocked, id=5040, stack(0x0000004abb000000,0x0000004abb100000) (1024K)]
  0x000001551d154490 JavaThread "Signal Dispatcher"          daemon [_thread_blocked, id=10928, stack(0x0000004abb100000,0x0000004abb200000) (1024K)]
  0x000001551d154ef0 JavaThread "Attach Listener"            daemon [_thread_blocked, id=10724, stack(0x0000004abb200000,0x0000004abb300000) (1024K)]
  0x000001551d155950 JavaThread "Service Thread"             daemon [_thread_blocked, id=10348, stack(0x0000004abb300000,0x0000004abb400000) (1024K)]
  0x000001551d1563b0 JavaThread "Monitor Deflation Thread"   daemon [_thread_blocked, id=15044, stack(0x0000004abb400000,0x0000004abb500000) (1024K)]
=>0x000001551d157140 JavaThread "C2 CompilerThread0"         daemon [_thread_in_native, id=15212, stack(0x0000004abb500000,0x0000004abb600000) (1024K)]
  0x000001551d16c120 JavaThread "C1 CompilerThread0"         daemon [_thread_blocked, id=17052, stack(0x0000004abb600000,0x0000004abb700000) (1024K)]
  0x000001551d30e510 JavaThread "Notification Thread"        daemon [_thread_blocked, id=15312, stack(0x0000004abb700000,0x0000004abb800000) (1024K)]
  0x000001552272e6b0 JavaThread "pool-1-thread-1"                   [_thread_blocked, id=7020, stack(0x0000004abbc00000,0x0000004abbd00000) (1024K)]
Total: 12

Other Threads:
  0x000001551cfc2b50 VMThread "VM Thread"                           [id=15628, stack(0x0000004abad00000,0x0000004abae00000) (1024K)]
  0x000001551cf2f200 WatcherThread "VM Periodic Task Thread"        [id=8312, stack(0x0000004abac00000,0x0000004abad00000) (1024K)]
  0x0000015506323810 WorkerThread "GC Thread#0"                     [id=13088, stack(0x0000004aba700000,0x0000004aba800000) (1024K)]
  0x000001551d56b6e0 WorkerThread "GC Thread#1"                     [id=17244, stack(0x0000004abb900000,0x0000004abba00000) (1024K)]
  0x000001551d577b70 WorkerThread "GC Thread#2"                     [id=14988, stack(0x0000004abba00000,0x0000004abbb00000) (1024K)]
  0x000001551d5a1400 WorkerThread "GC Thread#3"                     [id=16680, stack(0x0000004abbb00000,0x0000004abbc00000) (1024K)]
  0x0000015506333df0 ConcurrentGCThread "G1 Main Marker"            [id=13752, stack(0x0000004aba800000,0x0000004aba900000) (1024K)]
  0x0000015506334bc0 WorkerThread "G1 Conc#0"                       [id=6496, stack(0x0000004aba900000,0x0000004abaa00000) (1024K)]
  0x000001551ce020c0 ConcurrentGCThread "G1 Refine#0"               [id=7940, stack(0x0000004abaa00000,0x0000004abab00000) (1024K)]
  0x000001550639a140 ConcurrentGCThread "G1 Service"                [id=12884, stack(0x0000004abab00000,0x0000004abac00000) (1024K)]
Total: 10

Threads with active compile tasks:
C2 CompilerThread0  353229 2491       4       org.gradle.internal.logging.sink.GroupingProgressLogEventGenerator$OperationGroup::maybeFlushOutput (34 bytes)
Total: 1

VM state: not at safepoint (normal execution)

VM Mutex/Monitor currently owned by a thread: None

Heap address: 0x0000000085000000, size: 1968 MB, Compressed Oops mode: 32-bit

CDS archive(s) not mapped
Compressed class space mapped at: 0x0000000100000000-0x0000000140000000, reserved size: 1073741824
Narrow klass base: 0x0000000000000000, Narrow klass shift: 3, Narrow klass range: 0x140000000

GC Precious Log:
 CardTable entry size: 512
 Card Set container configuration: InlinePtr #cards 5 size 8 Array Of Cards #cards 12 size 40 Howl #buckets 4 coarsen threshold 1843 Howl Bitmap #cards 512 size 80 coarsen threshold 460 Card regions per heap region 1 cards per card region 2048
 CPUs: 4 total, 4 available
 Memory: 7865M
 Large Page Support: Disabled
 NUMA Support: Disabled
 Compressed Oops: Enabled (32-bit)
 Heap Region Size: 1M
 Heap Min Capacity: 8M
 Heap Initial Capacity: 124M
 Heap Max Capacity: 1968M
 Pre-touch: Disabled
 Parallel Workers: 4
 Concurrent Workers: 1
 Concurrent Refinement Workers: 4
 Periodic GC: Disabled

Heap:
 garbage-first heap   total 126976K, used 23371K [0x0000000085000000, 0x0000000100000000)
  region size 1024K, 15 young (15360K), 4 survivors (4096K)
 Metaspace       used 20516K, committed 20800K, reserved 1114112K
  class space    used 2386K, committed 2560K, reserved 1048576K

Heap Regions: E=young(eden), S=young(survivor), O=old, HS=humongous(starts), HC=humongous(continues), CS=collection set, F=free, TAMS=top-at-mark-start, PB=parsable bottom
|   0|0x0000000085000000, 0x0000000085100000, 0x0000000085100000|100%|HS|  |TAMS 0x0000000085000000| PB 0x0000000085000000| Complete 
|   1|0x0000000085100000, 0x0000000085200000, 0x0000000085200000|100%|HC|  |TAMS 0x0000000085100000| PB 0x0000000085100000| Complete 
|   2|0x0000000085200000, 0x0000000085300000, 0x0000000085300000|100%|HC|  |TAMS 0x0000000085200000| PB 0x0000000085200000| Complete 
|   3|0x0000000085300000, 0x0000000085400000, 0x0000000085400000|100%| O|  |TAMS 0x0000000085300000| PB 0x0000000085300000| Untracked 
|   4|0x0000000085400000, 0x0000000085500000, 0x0000000085500000|100%| O|  |TAMS 0x0000000085400000| PB 0x0000000085400000| Untracked 
|   5|0x0000000085500000, 0x0000000085600000, 0x0000000085600000|100%| O|  |TAMS 0x0000000085500000| PB 0x0000000085500000| Untracked 
|   6|0x0000000085600000, 0x0000000085700000, 0x0000000085700000|100%| O|  |TAMS 0x0000000085600000| PB 0x0000000085600000| Untracked 
|   7|0x0000000085700000, 0x0000000085800000, 0x0000000085800000|100%| O|  |TAMS 0x0000000085700000| PB 0x0000000085700000| Untracked 
|   8|0x0000000085800000, 0x0000000085900000, 0x0000000085900000|100%| O|  |TAMS 0x0000000085800000| PB 0x0000000085800000| Untracked 
|   9|0x0000000085900000, 0x000000008599e640, 0x0000000085a00000| 61%| O|  |TAMS 0x0000000085900000| PB 0x0000000085900000| Untracked 
|  10|0x0000000085a00000, 0x0000000085a00000, 0x0000000085b00000|  0%| F|  |TAMS 0x0000000085a00000| PB 0x0000000085a00000| Untracked 
|  11|0x0000000085b00000, 0x0000000085b00000, 0x0000000085c00000|  0%| F|  |TAMS 0x0000000085b00000| PB 0x0000000085b00000| Untracked 
|  12|0x0000000085c00000, 0x0000000085c00000, 0x0000000085d00000|  0%| F|  |TAMS 0x0000000085c00000| PB 0x0000000085c00000| Untracked 
|  13|0x0000000085d00000, 0x0000000085d00000, 0x0000000085e00000|  0%| F|  |TAMS 0x0000000085d00000| PB 0x0000000085d00000| Untracked 
|  14|0x0000000085e00000, 0x0000000085e00000, 0x0000000085f00000|  0%| F|  |TAMS 0x0000000085e00000| PB 0x0000000085e00000| Untracked 
|  15|0x0000000085f00000, 0x0000000085f00000, 0x0000000086000000|  0%| F|  |TAMS 0x0000000085f00000| PB 0x0000000085f00000| Untracked 
|  16|0x0000000086000000, 0x0000000086000000, 0x0000000086100000|  0%| F|  |TAMS 0x0000000086000000| PB 0x0000000086000000| Untracked 
|  17|0x0000000086100000, 0x0000000086100000, 0x0000000086200000|  0%| F|  |TAMS 0x0000000086100000| PB 0x0000000086100000| Untracked 
|  18|0x0000000086200000, 0x0000000086200000, 0x0000000086300000|  0%| F|  |TAMS 0x0000000086200000| PB 0x0000000086200000| Untracked 
|  19|0x0000000086300000, 0x0000000086300000, 0x0000000086400000|  0%| F|  |TAMS 0x0000000086300000| PB 0x0000000086300000| Untracked 
|  20|0x0000000086400000, 0x0000000086400000, 0x0000000086500000|  0%| F|  |TAMS 0x0000000086400000| PB 0x0000000086400000| Untracked 
|  21|0x0000000086500000, 0x0000000086500000, 0x0000000086600000|  0%| F|  |TAMS 0x0000000086500000| PB 0x0000000086500000| Untracked 
|  22|0x0000000086600000, 0x0000000086600000, 0x0000000086700000|  0%| F|  |TAMS 0x0000000086600000| PB 0x0000000086600000| Untracked 
|  23|0x0000000086700000, 0x0000000086700000, 0x0000000086800000|  0%| F|  |TAMS 0x0000000086700000| PB 0x0000000086700000| Untracked 
|  24|0x0000000086800000, 0x0000000086800000, 0x0000000086900000|  0%| F|  |TAMS 0x0000000086800000| PB 0x0000000086800000| Untracked 
|  25|0x0000000086900000, 0x0000000086900000, 0x0000000086a00000|  0%| F|  |TAMS 0x0000000086900000| PB 0x0000000086900000| Untracked 
|  26|0x0000000086a00000, 0x0000000086a00000, 0x0000000086b00000|  0%| F|  |TAMS 0x0000000086a00000| PB 0x0000000086a00000| Untracked 
|  27|0x0000000086b00000, 0x0000000086b00000, 0x0000000086c00000|  0%| F|  |TAMS 0x0000000086b00000| PB 0x0000000086b00000| Untracked 
|  28|0x0000000086c00000, 0x0000000086c00000, 0x0000000086d00000|  0%| F|  |TAMS 0x0000000086c00000| PB 0x0000000086c00000| Untracked 
|  29|0x0000000086d00000, 0x0000000086d00000, 0x0000000086e00000|  0%| F|  |TAMS 0x0000000086d00000| PB 0x0000000086d00000| Untracked 
|  30|0x0000000086e00000, 0x0000000086e00000, 0x0000000086f00000|  0%| F|  |TAMS 0x0000000086e00000| PB 0x0000000086e00000| Untracked 
|  31|0x0000000086f00000, 0x0000000086f00000, 0x0000000087000000|  0%| F|  |TAMS 0x0000000086f00000| PB 0x0000000086f00000| Untracked 
|  32|0x0000000087000000, 0x0000000087000000, 0x0000000087100000|  0%| F|  |TAMS 0x0000000087000000| PB 0x0000000087000000| Untracked 
|  33|0x0000000087100000, 0x0000000087100000, 0x0000000087200000|  0%| F|  |TAMS 0x0000000087100000| PB 0x0000000087100000| Untracked 
|  34|0x0000000087200000, 0x0000000087200000, 0x0000000087300000|  0%| F|  |TAMS 0x0000000087200000| PB 0x0000000087200000| Untracked 
|  35|0x0000000087300000, 0x0000000087300000, 0x0000000087400000|  0%| F|  |TAMS 0x0000000087300000| PB 0x0000000087300000| Untracked 
|  36|0x0000000087400000, 0x0000000087400000, 0x0000000087500000|  0%| F|  |TAMS 0x0000000087400000| PB 0x0000000087400000| Untracked 
|  37|0x0000000087500000, 0x0000000087500000, 0x0000000087600000|  0%| F|  |TAMS 0x0000000087500000| PB 0x0000000087500000| Untracked 
|  38|0x0000000087600000, 0x0000000087600000, 0x0000000087700000|  0%| F|  |TAMS 0x0000000087600000| PB 0x0000000087600000| Untracked 
|  39|0x0000000087700000, 0x0000000087700000, 0x0000000087800000|  0%| F|  |TAMS 0x0000000087700000| PB 0x0000000087700000| Untracked 
|  40|0x0000000087800000, 0x0000000087800000, 0x0000000087900000|  0%| F|  |TAMS 0x0000000087800000| PB 0x0000000087800000| Untracked 
|  41|0x0000000087900000, 0x0000000087900000, 0x0000000087a00000|  0%| F|  |TAMS 0x0000000087900000| PB 0x0000000087900000| Untracked 
|  42|0x0000000087a00000, 0x0000000087a00000, 0x0000000087b00000|  0%| F|  |TAMS 0x0000000087a00000| PB 0x0000000087a00000| Untracked 
|  43|0x0000000087b00000, 0x0000000087b00000, 0x0000000087c00000|  0%| F|  |TAMS 0x0000000087b00000| PB 0x0000000087b00000| Untracked 
|  44|0x0000000087c00000, 0x0000000087c00000, 0x0000000087d00000|  0%| F|  |TAMS 0x0000000087c00000| PB 0x0000000087c00000| Untracked 
|  45|0x0000000087d00000, 0x0000000087d00000, 0x0000000087e00000|  0%| F|  |TAMS 0x0000000087d00000| PB 0x0000000087d00000| Untracked 
|  46|0x0000000087e00000, 0x0000000087e00000, 0x0000000087f00000|  0%| F|  |TAMS 0x0000000087e00000| PB 0x0000000087e00000| Untracked 
|  47|0x0000000087f00000, 0x0000000087f00000, 0x0000000088000000|  0%| F|  |TAMS 0x0000000087f00000| PB 0x0000000087f00000| Untracked 
|  48|0x0000000088000000, 0x0000000088000000, 0x0000000088100000|  0%| F|  |TAMS 0x0000000088000000| PB 0x0000000088000000| Untracked 
|  49|0x0000000088100000, 0x0000000088100000, 0x0000000088200000|  0%| F|  |TAMS 0x0000000088100000| PB 0x0000000088100000| Untracked 
|  50|0x0000000088200000, 0x0000000088200000, 0x0000000088300000|  0%| F|  |TAMS 0x0000000088200000| PB 0x0000000088200000| Untracked 
|  51|0x0000000088300000, 0x0000000088300000, 0x0000000088400000|  0%| F|  |TAMS 0x0000000088300000| PB 0x0000000088300000| Untracked 
|  52|0x0000000088400000, 0x0000000088400000, 0x0000000088500000|  0%| F|  |TAMS 0x0000000088400000| PB 0x0000000088400000| Untracked 
|  53|0x0000000088500000, 0x0000000088500000, 0x0000000088600000|  0%| F|  |TAMS 0x0000000088500000| PB 0x0000000088500000| Untracked 
|  54|0x0000000088600000, 0x0000000088600000, 0x0000000088700000|  0%| F|  |TAMS 0x0000000088600000| PB 0x0000000088600000| Untracked 
|  55|0x0000000088700000, 0x0000000088700000, 0x0000000088800000|  0%| F|  |TAMS 0x0000000088700000| PB 0x0000000088700000| Untracked 
|  56|0x0000000088800000, 0x0000000088800000, 0x0000000088900000|  0%| F|  |TAMS 0x0000000088800000| PB 0x0000000088800000| Untracked 
|  57|0x0000000088900000, 0x0000000088900000, 0x0000000088a00000|  0%| F|  |TAMS 0x0000000088900000| PB 0x0000000088900000| Untracked 
|  58|0x0000000088a00000, 0x0000000088a00000, 0x0000000088b00000|  0%| F|  |TAMS 0x0000000088a00000| PB 0x0000000088a00000| Untracked 
|  59|0x0000000088b00000, 0x0000000088b00000, 0x0000000088c00000|  0%| F|  |TAMS 0x0000000088b00000| PB 0x0000000088b00000| Untracked 
|  60|0x0000000088c00000, 0x0000000088c00000, 0x0000000088d00000|  0%| F|  |TAMS 0x0000000088c00000| PB 0x0000000088c00000| Untracked 
|  61|0x0000000088d00000, 0x0000000088d00000, 0x0000000088e00000|  0%| F|  |TAMS 0x0000000088d00000| PB 0x0000000088d00000| Untracked 
|  62|0x0000000088e00000, 0x0000000088e00000, 0x0000000088f00000|  0%| F|  |TAMS 0x0000000088e00000| PB 0x0000000088e00000| Untracked 
|  63|0x0000000088f00000, 0x0000000088f00000, 0x0000000089000000|  0%| F|  |TAMS 0x0000000088f00000| PB 0x0000000088f00000| Untracked 
|  64|0x0000000089000000, 0x0000000089000000, 0x0000000089100000|  0%| F|  |TAMS 0x0000000089000000| PB 0x0000000089000000| Untracked 
|  65|0x0000000089100000, 0x0000000089100000, 0x0000000089200000|  0%| F|  |TAMS 0x0000000089100000| PB 0x0000000089100000| Untracked 
|  66|0x0000000089200000, 0x0000000089200000, 0x0000000089300000|  0%| F|  |TAMS 0x0000000089200000| PB 0x0000000089200000| Untracked 
|  67|0x0000000089300000, 0x0000000089334628, 0x0000000089400000| 20%| S|CS|TAMS 0x0000000089300000| PB 0x0000000089300000| Complete 
|  68|0x0000000089400000, 0x0000000089500000, 0x0000000089500000|100%| S|CS|TAMS 0x0000000089400000| PB 0x0000000089400000| Complete 
|  69|0x0000000089500000, 0x0000000089600000, 0x0000000089600000|100%| S|CS|TAMS 0x0000000089500000| PB 0x0000000089500000| Complete 
|  70|0x0000000089600000, 0x0000000089700000, 0x0000000089700000|100%| S|CS|TAMS 0x0000000089600000| PB 0x0000000089600000| Complete 
|  71|0x0000000089700000, 0x0000000089700000, 0x0000000089800000|  0%| F|  |TAMS 0x0000000089700000| PB 0x0000000089700000| Untracked 
|  72|0x0000000089800000, 0x0000000089800000, 0x0000000089900000|  0%| F|  |TAMS 0x0000000089800000| PB 0x0000000089800000| Untracked 
|  73|0x0000000089900000, 0x0000000089900000, 0x0000000089a00000|  0%| F|  |TAMS 0x0000000089900000| PB 0x0000000089900000| Untracked 
|  74|0x0000000089a00000, 0x0000000089a00000, 0x0000000089b00000|  0%| F|  |TAMS 0x0000000089a00000| PB 0x0000000089a00000| Untracked 
|  75|0x0000000089b00000, 0x0000000089b00000, 0x0000000089c00000|  0%| F|  |TAMS 0x0000000089b00000| PB 0x0000000089b00000| Untracked 
|  76|0x0000000089c00000, 0x0000000089c00000, 0x0000000089d00000|  0%| F|  |TAMS 0x0000000089c00000| PB 0x0000000089c00000| Untracked 
|  77|0x0000000089d00000, 0x0000000089d00000, 0x0000000089e00000|  0%| F|  |TAMS 0x0000000089d00000| PB 0x0000000089d00000| Untracked 
|  78|0x0000000089e00000, 0x0000000089e00000, 0x0000000089f00000|  0%| F|  |TAMS 0x0000000089e00000| PB 0x0000000089e00000| Untracked 
|  79|0x0000000089f00000, 0x0000000089f00000, 0x000000008a000000|  0%| F|  |TAMS 0x0000000089f00000| PB 0x0000000089f00000| Untracked 
|  80|0x000000008a000000, 0x000000008a000000, 0x000000008a100000|  0%| F|  |TAMS 0x000000008a000000| PB 0x000000008a000000| Untracked 
|  81|0x000000008a100000, 0x000000008a100000, 0x000000008a200000|  0%| F|  |TAMS 0x000000008a100000| PB 0x000000008a100000| Untracked 
|  82|0x000000008a200000, 0x000000008a200000, 0x000000008a300000|  0%| F|  |TAMS 0x000000008a200000| PB 0x000000008a200000| Untracked 
|  83|0x000000008a300000, 0x000000008a300000, 0x000000008a400000|  0%| F|  |TAMS 0x000000008a300000| PB 0x000000008a300000| Untracked 
|  84|0x000000008a400000, 0x000000008a400000, 0x000000008a500000|  0%| F|  |TAMS 0x000000008a400000| PB 0x000000008a400000| Untracked 
|  85|0x000000008a500000, 0x000000008a500000, 0x000000008a600000|  0%| F|  |TAMS 0x000000008a500000| PB 0x000000008a500000| Untracked 
|  86|0x000000008a600000, 0x000000008a600000, 0x000000008a700000|  0%| F|  |TAMS 0x000000008a600000| PB 0x000000008a600000| Untracked 
|  87|0x000000008a700000, 0x000000008a700000, 0x000000008a800000|  0%| F|  |TAMS 0x000000008a700000| PB 0x000000008a700000| Untracked 
|  88|0x000000008a800000, 0x000000008a800000, 0x000000008a900000|  0%| F|  |TAMS 0x000000008a800000| PB 0x000000008a800000| Untracked 
|  89|0x000000008a900000, 0x000000008a900000, 0x000000008aa00000|  0%| F|  |TAMS 0x000000008a900000| PB 0x000000008a900000| Untracked 
|  90|0x000000008aa00000, 0x000000008aa00000, 0x000000008ab00000|  0%| F|  |TAMS 0x000000008aa00000| PB 0x000000008aa00000| Untracked 
|  91|0x000000008ab00000, 0x000000008ab00000, 0x000000008ac00000|  0%| F|  |TAMS 0x000000008ab00000| PB 0x000000008ab00000| Untracked 
|  92|0x000000008ac00000, 0x000000008ac00000, 0x000000008ad00000|  0%| F|  |TAMS 0x000000008ac00000| PB 0x000000008ac00000| Untracked 
|  93|0x000000008ad00000, 0x000000008ad00000, 0x000000008ae00000|  0%| F|  |TAMS 0x000000008ad00000| PB 0x000000008ad00000| Untracked 
|  94|0x000000008ae00000, 0x000000008ae00000, 0x000000008af00000|  0%| F|  |TAMS 0x000000008ae00000| PB 0x000000008ae00000| Untracked 
|  95|0x000000008af00000, 0x000000008af00000, 0x000000008b000000|  0%| F|  |TAMS 0x000000008af00000| PB 0x000000008af00000| Untracked 
|  96|0x000000008b000000, 0x000000008b000000, 0x000000008b100000|  0%| F|  |TAMS 0x000000008b000000| PB 0x000000008b000000| Untracked 
|  97|0x000000008b100000, 0x000000008b100000, 0x000000008b200000|  0%| F|  |TAMS 0x000000008b100000| PB 0x000000008b100000| Untracked 
|  98|0x000000008b200000, 0x000000008b200000, 0x000000008b300000|  0%| F|  |TAMS 0x000000008b200000| PB 0x000000008b200000| Untracked 
|  99|0x000000008b300000, 0x000000008b300000, 0x000000008b400000|  0%| F|  |TAMS 0x000000008b300000| PB 0x000000008b300000| Untracked 
| 100|0x000000008b400000, 0x000000008b400000, 0x000000008b500000|  0%| F|  |TAMS 0x000000008b400000| PB 0x000000008b400000| Untracked 
| 101|0x000000008b500000, 0x000000008b500000, 0x000000008b600000|  0%| F|  |TAMS 0x000000008b500000| PB 0x000000008b500000| Untracked 
| 102|0x000000008b600000, 0x000000008b600000, 0x000000008b700000|  0%| F|  |TAMS 0x000000008b600000| PB 0x000000008b600000| Untracked 
| 103|0x000000008b700000, 0x000000008b700000, 0x000000008b800000|  0%| F|  |TAMS 0x000000008b700000| PB 0x000000008b700000| Untracked 
| 104|0x000000008b800000, 0x000000008b800000, 0x000000008b900000|  0%| F|  |TAMS 0x000000008b800000| PB 0x000000008b800000| Untracked 
| 105|0x000000008b900000, 0x000000008b900000, 0x000000008ba00000|  0%| F|  |TAMS 0x000000008b900000| PB 0x000000008b900000| Untracked 
| 106|0x000000008ba00000, 0x000000008ba00000, 0x000000008bb00000|  0%| F|  |TAMS 0x000000008ba00000| PB 0x000000008ba00000| Untracked 
| 107|0x000000008bb00000, 0x000000008bb00000, 0x000000008bc00000|  0%| F|  |TAMS 0x000000008bb00000| PB 0x000000008bb00000| Untracked 
| 108|0x000000008bc00000, 0x000000008bc00000, 0x000000008bd00000|  0%| F|  |TAMS 0x000000008bc00000| PB 0x000000008bc00000| Untracked 
| 109|0x000000008bd00000, 0x000000008bd00000, 0x000000008be00000|  0%| F|  |TAMS 0x000000008bd00000| PB 0x000000008bd00000| Untracked 
| 110|0x000000008be00000, 0x000000008be00000, 0x000000008bf00000|  0%| F|  |TAMS 0x000000008be00000| PB 0x000000008be00000| Untracked 
| 111|0x000000008bf00000, 0x000000008bf00000, 0x000000008c000000|  0%| F|  |TAMS 0x000000008bf00000| PB 0x000000008bf00000| Untracked 
| 112|0x000000008c000000, 0x000000008c000000, 0x000000008c100000|  0%| F|  |TAMS 0x000000008c000000| PB 0x000000008c000000| Untracked 
| 113|0x000000008c100000, 0x000000008c200000, 0x000000008c200000|100%| E|  |TAMS 0x000000008c100000| PB 0x000000008c100000| Complete 
| 114|0x000000008c200000, 0x000000008c300000, 0x000000008c300000|100%| E|CS|TAMS 0x000000008c200000| PB 0x000000008c200000| Complete 
| 115|0x000000008c300000, 0x000000008c400000, 0x000000008c400000|100%| E|CS|TAMS 0x000000008c300000| PB 0x000000008c300000| Complete 
| 116|0x000000008c400000, 0x000000008c500000, 0x000000008c500000|100%| E|CS|TAMS 0x000000008c400000| PB 0x000000008c400000| Complete 
| 117|0x000000008c500000, 0x000000008c600000, 0x000000008c600000|100%| E|CS|TAMS 0x000000008c500000| PB 0x000000008c500000| Complete 
| 118|0x000000008c600000, 0x000000008c700000, 0x000000008c700000|100%| E|CS|TAMS 0x000000008c600000| PB 0x000000008c600000| Complete 
| 119|0x000000008c700000, 0x000000008c800000, 0x000000008c800000|100%| E|CS|TAMS 0x000000008c700000| PB 0x000000008c700000| Complete 
| 120|0x000000008c800000, 0x000000008c900000, 0x000000008c900000|100%| E|CS|TAMS 0x000000008c800000| PB 0x000000008c800000| Complete 
| 121|0x000000008c900000, 0x000000008ca00000, 0x000000008ca00000|100%| E|CS|TAMS 0x000000008c900000| PB 0x000000008c900000| Complete 
| 122|0x000000008ca00000, 0x000000008cb00000, 0x000000008cb00000|100%| E|CS|TAMS 0x000000008ca00000| PB 0x000000008ca00000| Complete 
| 123|0x000000008cb00000, 0x000000008cc00000, 0x000000008cc00000|100%| E|CS|TAMS 0x000000008cb00000| PB 0x000000008cb00000| Complete 

Card table byte_map: [0x0000015518810000,0x0000015518bf0000] _byte_map_base: 0x00000155183e8000

Marking Bits: (CMBitMap*) 0x0000015506323f10
 Bits: [0x0000015518bf0000, 0x000001551aab0000)

Polling page: 0x00000155041b0000

Metaspace:

Usage:
  Non-class:     17.71 MB used.
      Class:      2.33 MB used.
       Both:     20.04 MB used.

Virtual space:
  Non-class space:       64.00 MB reserved,      17.81 MB ( 28%) committed,  1 nodes.
      Class space:        1.00 GB reserved,       2.50 MB ( <1%) committed,  1 nodes.
             Both:        1.06 GB reserved,      20.31 MB (  2%) committed. 

Chunk freelists:
   Non-Class:  14.00 MB
       Class:  13.53 MB
        Both:  27.53 MB

MaxMetaspaceSize: unlimited
CompressedClassSpaceSize: 1.00 GB
Initial GC threshold: 21.00 MB
Current GC threshold: 21.00 MB
CDS: off
 - commit_granule_bytes: 65536.
 - commit_granule_words: 8192.
 - virtual_space_node_default_size: 8388608.
 - enlarge_chunks_in_place: 1.
 - use_allocation_guard: 0.


Internal statistics:

num_allocs_failed_limit: 0.
num_arena_births: 236.
num_arena_deaths: 0.
num_vsnodes_births: 2.
num_vsnodes_deaths: 0.
num_space_committed: 325.
num_space_uncommitted: 0.
num_chunks_returned_to_freelist: 0.
num_chunks_taken_from_freelist: 563.
num_chunk_merges: 0.
num_chunk_splits: 370.
num_chunks_enlarged: 278.
num_inconsistent_stats: 0.

CodeHeap 'non-profiled nmethods': size=120000Kb used=1480Kb max_used=1480Kb free=118519Kb
 bounds [0x0000015510f00000, 0x0000015511170000, 0x0000015518430000]
CodeHeap 'profiled nmethods': size=120000Kb used=4609Kb max_used=4609Kb free=115390Kb
 bounds [0x0000015509430000, 0x00000155098c0000, 0x0000015510960000]
CodeHeap 'non-nmethods': size=5760Kb used=1389Kb max_used=1433Kb free=4370Kb
 bounds [0x0000015510960000, 0x0000015510bd0000, 0x0000015510f00000]
CodeCache: size=245760Kb, used=7478Kb, max_used=7522Kb, free=238279Kb
 total_blobs=2999, nmethods=2491, adapters=413, full_count=0
Compilation: enabled, stopped_count=0, restarted_count=0

Compilation events (20 events):
Event: 292.143 Thread 0x000001551d16c120 nmethod 2483 0x00000155098aef10 code [0x00000155098af0c0, 0x00000155098af260]
Event: 302.000 Thread 0x000001551d157140 2484 %     4       com.esotericsoftware.kryo.io.Input::readUtf8_slow @ 11 (255 bytes)
Event: 302.012 Thread 0x000001551d157140 nmethod 2484% 0x000001551106ee90 code [0x000001551106f0a0, 0x000001551106fa00]
Event: 315.312 Thread 0x000001551d157140 2485       4       sun.nio.cs.UTF_8$Encoder::encodeLoop (28 bytes)
Event: 315.324 Thread 0x000001551d157140 nmethod 2485 0x000001551106ff90 code [0x0000015511070160, 0x0000015511070610]
Event: 315.710 Thread 0x000001551d157140 2486       4       sun.nio.cs.StreamEncoder::growByteBufferIfNeeded (59 bytes)
Event: 315.720 Thread 0x000001551d157140 nmethod 2486 0x0000015511070a10 code [0x0000015511070bc0, 0x0000015511070e60]
Event: 343.180 Thread 0x000001551d16c120 2487       1       org.gradle.internal.logging.events.StyledTextOutputEvent$Span::access$000 (5 bytes)
Event: 343.191 Thread 0x000001551d16c120 nmethod 2487 0x0000015511070f90 code [0x0000015511071120, 0x00000155110711d0]
Event: 343.191 Thread 0x000001551d16c120 2488       1       org.gradle.internal.logging.events.StyledTextOutputEvent$Span::access$100 (5 bytes)
Event: 343.192 Thread 0x000001551d16c120 nmethod 2488 0x0000015511071290 code [0x0000015511071420, 0x00000155110714d0]
Event: 343.226 Thread 0x000001551d157140 2489       4       org.gradle.internal.logging.sink.GroupingProgressLogEventGenerator::getGroupFor (49 bytes)
Event: 343.254 Thread 0x000001551d157140 nmethod 2489 0x0000015511071590 code [0x0000015511071760, 0x0000015511071ae8]
Event: 350.817 Thread 0x000001551d157140 2490       4       java.util.concurrent.locks.ReentrantLock$Sync::isHeldExclusively (16 bytes)
Event: 350.822 Thread 0x000001551d157140 nmethod 2490 0x0000015511071e90 code [0x0000015511072020, 0x00000155110720c8]
Event: 352.804 Thread 0x000001551d157140 2491       4       org.gradle.internal.logging.sink.GroupingProgressLogEventGenerator$OperationGroup::maybeFlushOutput (34 bytes)
Event: 352.805 Thread 0x000001551d16c120 2492       3       org.gradle.internal.logging.serializer.StyledTextOutputEventSerializer::read (6 bytes)
Event: 352.809 Thread 0x000001551d16c120 nmethod 2492 0x00000155098af310 code [0x00000155098af4c0, 0x00000155098af618]
Event: 352.809 Thread 0x000001551d16c120 2493       3       org.gradle.internal.logging.serializer.StyledTextOutputEventSerializer::read (90 bytes)
Event: 352.815 Thread 0x000001551d16c120 nmethod 2493 0x00000155098af710 code [0x00000155098af980, 0x00000155098b0488]

GC Heap History (8 events):
Event: 1.158 GC heap before
{Heap before GC invocations=0 (full 0):
 garbage-first heap   total 126976K, used 13312K [0x0000000085000000, 0x0000000100000000)
  region size 1024K, 13 young (13312K), 0 survivors (0K)
 Metaspace       used 8557K, committed 8704K, reserved 1114112K
  class space    used 789K, committed 896K, reserved 1048576K
}
Event: 1.169 GC heap after
{Heap after GC invocations=1 (full 0):
 garbage-first heap   total 126976K, used 1536K [0x0000000085000000, 0x0000000100000000)
  region size 1024K, 2 young (2048K), 2 survivors (2048K)
 Metaspace       used 8557K, committed 8704K, reserved 1114112K
  class space    used 789K, committed 896K, reserved 1048576K
}
Event: 2.738 GC heap before
{Heap before GC invocations=1 (full 0):
 garbage-first heap   total 126976K, used 27136K [0x0000000085000000, 0x0000000100000000)
  region size 1024K, 25 young (25600K), 2 survivors (2048K)
 Metaspace       used 12677K, committed 12864K, reserved 1114112K
  class space    used 1384K, committed 1472K, reserved 1048576K
}
Event: 2.746 GC heap after
{Heap after GC invocations=2 (full 0):
 garbage-first heap   total 126976K, used 9800K [0x0000000085000000, 0x0000000100000000)
  region size 1024K, 4 young (4096K), 4 survivors (4096K)
 Metaspace       used 12677K, committed 12864K, reserved 1114112K
  class space    used 1384K, committed 1472K, reserved 1048576K
}
Event: 205.935 GC heap before
{Heap before GC invocations=2 (full 0):
 garbage-first heap   total 126976K, used 81480K [0x0000000085000000, 0x0000000100000000)
  region size 1024K, 74 young (75776K), 4 survivors (4096K)
 Metaspace       used 20500K, committed 20800K, reserved 1114112K
  class space    used 2386K, committed 2560K, reserved 1048576K
}
Event: 206.148 GC heap after
{Heap after GC invocations=3 (full 0):
 garbage-first heap   total 126976K, used 12732K [0x0000000085000000, 0x0000000100000000)
  region size 1024K, 7 young (7168K), 7 survivors (7168K)
 Metaspace       used 20500K, committed 20800K, reserved 1114112K
  class space    used 2386K, committed 2560K, reserved 1048576K
}
Event: 278.922 GC heap before
{Heap before GC invocations=3 (full 0):
 garbage-first heap   total 126976K, used 67004K [0x0000000085000000, 0x0000000100000000)
  region size 1024K, 60 young (61440K), 7 survivors (7168K)
 Metaspace       used 20515K, committed 20800K, reserved 1114112K
  class space    used 2386K, committed 2560K, reserved 1048576K
}
Event: 278.931 GC heap after
{Heap after GC invocations=4 (full 0):
 garbage-first heap   total 126976K, used 13131K [0x0000000085000000, 0x0000000100000000)
  region size 1024K, 4 young (4096K), 4 survivors (4096K)
 Metaspace       used 20515K, committed 20800K, reserved 1114112K
  class space    used 2386K, committed 2560K, reserved 1048576K
}

Dll operation events (3 events):
Event: 0.065 Loaded shared library C:\Program Files\Android\Android Studio\jbr\bin\java.dll
Event: 0.083 Loaded shared library C:\Program Files\Android\Android Studio\jbr\bin\zip.dll
Event: 0.351 Loaded shared library C:\Program Files\Android\Android Studio\jbr\bin\verify.dll

Deoptimization events (20 events):
Event: 285.743 Thread 0x000001552272e6b0 Uncommon trap: trap_request=0xffffff45 fr.pc=0x00000155110167d8 relative=0x0000000000000ad8
Event: 285.743 Thread 0x000001552272e6b0 Uncommon trap: reason=unstable_if action=reinterpret pc=0x00000155110167d8 method=org.gradle.internal.logging.console.StyledTextOutputBackedRenderer.onOutput(Lorg/gradle/internal/logging/events/OutputEvent;)V @ 80 c2
Event: 285.743 Thread 0x000001552272e6b0 DEOPT PACKING pc=0x00000155110167d8 sp=0x0000004abbcfe980
Event: 285.743 Thread 0x000001552272e6b0 DEOPT UNPACKING pc=0x00000155109b46a2 sp=0x0000004abbcfe960 mode 2
Event: 285.744 Thread 0x000001552272e6b0 Uncommon trap: trap_request=0xffffff45 fr.pc=0x0000015511053488 relative=0x0000000000001028
Event: 285.744 Thread 0x000001552272e6b0 Uncommon trap: reason=unstable_if action=reinterpret pc=0x0000015511053488 method=java.nio.charset.CharsetEncoder.encode(Ljava/nio/CharBuffer;Ljava/nio/ByteBuffer;Z)Ljava/nio/charset/CoderResult; @ 15 c2
Event: 285.744 Thread 0x000001552272e6b0 DEOPT PACKING pc=0x0000015511053488 sp=0x0000004abbcfe6c0
Event: 285.744 Thread 0x000001552272e6b0 DEOPT UNPACKING pc=0x00000155109b46a2 sp=0x0000004abbcfe1b0 mode 2
Event: 285.750 Thread 0x000001552272e6b0 Uncommon trap: trap_request=0xffffff45 fr.pc=0x0000015511061070 relative=0x0000000000000790
Event: 285.750 Thread 0x000001552272e6b0 Uncommon trap: reason=unstable_if action=reinterpret pc=0x0000015511061070 method=org.gradle.internal.logging.sink.ErrorOutputDispatchingListener.onOutput(Lorg/gradle/internal/logging/events/OutputEvent;)V @ 37 c2
Event: 285.750 Thread 0x000001552272e6b0 DEOPT PACKING pc=0x0000015511061070 sp=0x0000004abbcfeba0
Event: 285.750 Thread 0x000001552272e6b0 DEOPT UNPACKING pc=0x00000155109b46a2 sp=0x0000004abbcfe9d8 mode 2
Event: 285.750 Thread 0x000001552272e6b0 Uncommon trap: trap_request=0xffffff45 fr.pc=0x0000015511017bb8 relative=0x00000000000000f8
Event: 285.750 Thread 0x000001552272e6b0 Uncommon trap: reason=unstable_if action=reinterpret pc=0x0000015511017bb8 method=org.gradle.internal.logging.sink.ErrorOutputDispatchingListener.onOutput(Lorg/gradle/internal/logging/events/OutputEvent;)V @ 37 c2
Event: 285.750 Thread 0x000001552272e6b0 DEOPT PACKING pc=0x0000015511017bb8 sp=0x0000004abbcfeaa0
Event: 285.750 Thread 0x000001552272e6b0 DEOPT UNPACKING pc=0x00000155109b46a2 sp=0x0000004abbcfea28 mode 2
Event: 292.019 Thread 0x000001552272e6b0 Uncommon trap: trap_request=0xffffff45 fr.pc=0x00000155110636b4 relative=0x00000000000012d4
Event: 292.019 Thread 0x000001552272e6b0 Uncommon trap: reason=unstable_if action=reinterpret pc=0x00000155110636b4 method=org.gradle.internal.logging.sink.ErrorOutputDispatchingListener.onOutput(Lorg/gradle/internal/logging/events/OutputEvent;)V @ 37 c2
Event: 292.019 Thread 0x000001552272e6b0 DEOPT PACKING pc=0x00000155110636b4 sp=0x0000004abbcfea30
Event: 292.019 Thread 0x000001552272e6b0 DEOPT UNPACKING pc=0x00000155109b46a2 sp=0x0000004abbcfe990 mode 2

Classes loaded (20 events):
Event: 10.502 Loading class java/io/ObjectInputStream$PeekInputStream
Event: 10.502 Loading class java/io/ObjectInputStream$PeekInputStream done
Event: 10.503 Loading class java/io/ObjectInputStream$HandleTable
Event: 10.503 Loading class java/io/ObjectInputStream$HandleTable done
Event: 10.503 Loading class java/io/ObjectInputStream$HandleTable$HandleList
Event: 10.503 Loading class java/io/ObjectInputStream$HandleTable$HandleList done
Event: 10.503 Loading class java/io/ObjectInputStream$ValidationList
Event: 10.503 Loading class java/io/ObjectInputStream$ValidationList done
Event: 10.503 Loading class java/io/ObjectInputFilter$Config
Event: 10.503 Loading class java/io/ObjectInputFilter$Config done
Event: 10.503 Loading class java/io/ObjectInputFilter
Event: 10.503 Loading class java/io/ObjectInputFilter done
Event: 10.505 Loading class java/io/ObjectInputFilter$Config$BuiltinFilterFactory
Event: 10.505 Loading class java/io/ObjectInputFilter$Config$BuiltinFilterFactory done
Event: 10.505 Loading class jdk/internal/access/JavaObjectInputFilterAccess
Event: 10.505 Loading class jdk/internal/access/JavaObjectInputFilterAccess done
Event: 40.549 Loading class java/lang/invoke/MethodHandle$1
Event: 40.549 Loading class java/lang/invoke/MethodHandle$1 done
Event: 151.888 Loading class java/lang/foreign/MemorySegment
Event: 151.926 Loading class java/lang/foreign/MemorySegment done

Classes unloaded (0 events):
No events

Classes redefined (0 events):
No events

Internal exceptions (20 events):
Event: 0.684 Thread 0x00000155062d3680 Exception <a 'java/lang/NoSuchMethodError'{0x000000008c9fa5d0}: 'void java.lang.invoke.DirectMethodHandle$Holder.invokeSpecial(java.lang.Object, java.lang.Object, java.lang.Object)'> (0x000000008c9fa5d0) 
thrown [s\src\hotspot\share\interpreter\linkResolver.cpp, line 784]
Event: 0.828 Thread 0x00000155062d3680 Exception <a 'java/lang/NoSuchMethodError'{0x000000008c733da0}: 'int java.lang.invoke.DirectMethodHandle$Holder.invokeSpecial(java.lang.Object, java.lang.Object, java.lang.Object, java.lang.Object)'> (0x000000008c733da0) 
thrown [s\src\hotspot\share\interpreter\linkResolver.cpp, line 784]
Event: 1.971 Thread 0x00000155062d3680 Exception <a 'java/lang/NoSuchMethodError'{0x000000008bad2110}: 'java.lang.Object java.lang.invoke.DirectMethodHandle$Holder.invokeVirtual(java.lang.Object, java.lang.Object, java.lang.Object)'> (0x000000008bad2110) 
thrown [s\src\hotspot\share\interpreter\linkResolver.cpp, line 784]
Event: 2.678 Thread 0x00000155062d3680 Implicit null exception at 0x0000015510f744ba to 0x0000015510f74734
Event: 2.679 Thread 0x00000155062d3680 Implicit null exception at 0x0000015510f339c0 to 0x0000015510f33a42
Event: 2.693 Thread 0x00000155062d3680 Exception <a 'java/lang/NoSuchMethodError'{0x000000008b38ce60}: 'void java.lang.invoke.DirectMethodHandle$Holder.invokeInterface(java.lang.Object, java.lang.Object, java.lang.Object)'> (0x000000008b38ce60) 
thrown [s\src\hotspot\share\interpreter\linkResolver.cpp, line 784]
Event: 2.729 Thread 0x00000155062d3680 Exception <a 'java/lang/NoClassDefFoundError'{0x000000008b3e71a8}: org/slf4j/impl/StaticMarkerBinder> (0x000000008b3e71a8) 
thrown [s\src\hotspot\share\classfile\systemDictionary.cpp, line 301]
Event: 3.047 Thread 0x00000155062d3680 Exception <a 'java/lang/NoSuchMethodError'{0x000000008c76a418}: 'java.lang.Object java.lang.invoke.DirectMethodHandle$Holder.newInvokeSpecial(java.lang.Object, java.lang.Object, java.lang.Object, java.lang.Object, java.lang.Object)'> (0x000000008c76a418) 
thrown [s\src\hotspot\share\interpreter\linkResolver.cpp, line 784]
Event: 3.064 Thread 0x00000155062d3680 Exception <a 'java/lang/NoSuchMethodError'{0x000000008c7b2650}: 'java.lang.Object java.lang.invoke.Invokers$Holder.invokeExact_MT(java.lang.Object, java.lang.Object, java.lang.Object, java.lang.Object, java.lang.Object)'> (0x000000008c7b2650) 
thrown [s\src\hotspot\share\interpreter\linkResolver.cpp, line 784]
Event: 3.074 Thread 0x00000155062d3680 Exception <a 'java/lang/NoSuchMethodError'{0x000000008c7dee60}: 'java.lang.Object java.lang.invoke.DirectMethodHandle$Holder.invokeVirtual(java.lang.Object, java.lang.Object, java.lang.Object, java.lang.Object, java.lang.Object, java.lang.Object, java.lang.Object)'> (0x000000008c7dee60) 
thrown [s\src\hotspot\share\interpreter\linkResolver.cpp, line 784]
Event: 3.089 Thread 0x00000155062d3680 Exception <a 'java/lang/NoSuchMethodError'{0x000000008c61cf58}: 'java.lang.Object java.lang.invoke.DirectMethodHandle$Holder.invokeVirtual(java.lang.Object, java.lang.Object, java.lang.Object, java.lang.Object)'> (0x000000008c61cf58) 
thrown [s\src\hotspot\share\interpreter\linkResolver.cpp, line 784]
Event: 3.269 Thread 0x00000155062d3680 Exception <a 'java/lang/NoSuchMethodError'{0x000000008c4cb530}: 'java.lang.Object java.lang.invoke.DirectMethodHandle$Holder.invokeVirtual(java.lang.Object, java.lang.Object, java.lang.Object, java.lang.Object, java.lang.Object, java.lang.Object)'> (0x000000008c4cb530) 
thrown [s\src\hotspot\share\interpreter\linkResolver.cpp, line 784]
Event: 3.363 Thread 0x00000155062d3680 Exception <a 'java/lang/NoSuchMethodError'{0x000000008c38b710}: 'java.lang.Object java.lang.invoke.DirectMethodHandle$Holder.invokeVirtual(java.lang.Object, java.lang.Object, java.lang.Object, java.lang.Object, java.lang.Object)'> (0x000000008c38b710) 
thrown [s\src\hotspot\share\interpreter\linkResolver.cpp, line 784]
Event: 3.367 Thread 0x00000155062d3680 Exception <a 'java/lang/NoSuchMethodError'{0x000000008c39e560}: 'java.lang.Object java.lang.invoke.Invokers$Holder.invokeExact_MT(java.lang.Object, java.lang.Object, java.lang.Object, java.lang.Object, java.lang.Object, java.lang.Object)'> (0x000000008c39e560) 
thrown [s\src\hotspot\share\interpreter\linkResolver.cpp, line 784]
Event: 3.466 Thread 0x00000155062d3680 Exception <a 'java/lang/NoSuchMethodError'{0x000000008c2658e8}: 'java.lang.Object java.lang.invoke.DirectMethodHandle$Holder.invokeSpecialIFC(java.lang.Object, java.lang.Object, java.lang.Object, java.lang.Object)'> (0x000000008c2658e8) 
thrown [s\src\hotspot\share\interpreter\linkResolver.cpp, line 784]
Event: 3.469 Thread 0x00000155062d3680 Exception <a 'java/lang/NoSuchMethodError'{0x000000008c26eda0}: 'java.lang.Object java.lang.invoke.DirectMethodHandle$Holder.invokeVirtual(java.lang.Object, java.lang.Object, java.lang.Object, java.lang.Object, java.lang.Object, java.lang.Object, java.lang.Object, java.lang.Object)'> (0x000000008c26eda0) 
thrown [s\src\hotspot\share\interpreter\linkResolver.cpp, line 784]
Event: 3.564 Thread 0x00000155062d3680 Exception <a 'java/lang/NoSuchMethodError'{0x000000008c2cea88}: 'java.lang.Object java.lang.invoke.DirectMethodHandle$Holder.invokeVirtual(java.lang.Object, java.lang.Object, java.lang.Object, java.lang.Object, java.lang.Object, java.lang.Object, java.lang.Object, java.lang.Object, java.lang.Object)'> (0x000000008c2cea88) 
thrown [s\src\hotspot\share\interpreter\linkResolver.cpp, line 784]
Event: 3.949 Thread 0x00000155062d3680 Exception <a 'java/lang/NoSuchMethodError'{0x000000008be2fdb8}: 'java.lang.Object java.lang.invoke.DirectMethodHandle$Holder.invokeStaticInit(java.lang.Object, java.lang.Object, int, int, int, int)'> (0x000000008be2fdb8) 
thrown [s\src\hotspot\share\interpreter\linkResolver.cpp, line 784]
Event: 4.617 Thread 0x00000155228f68b0 Exception <a 'java/lang/NoSuchMethodError'{0x000000008b7e7180}: 'void java.lang.invoke.DirectMethodHandle$Holder.invokeStatic(java.lang.Object, long)'> (0x000000008b7e7180) 
thrown [s\src\hotspot\share\interpreter\linkResolver.cpp, line 784]
Event: 242.672 Thread 0x00000155062d3680 Implicit null exception at 0x000001551103a565 to 0x000001551103ab68

ZGC Phase Switch (0 events):
No events

VM Operations (20 events):
Event: 235.318 Executing VM operation: Cleanup
Event: 235.355 Executing VM operation: Cleanup done
Event: 237.361 Executing VM operation: Cleanup
Event: 237.361 Executing VM operation: Cleanup done
Event: 243.378 Executing VM operation: Cleanup
Event: 243.379 Executing VM operation: Cleanup done
Event: 278.922 Executing VM operation: G1CollectForAllocation (G1 Evacuation Pause)
Event: 278.932 Executing VM operation: G1CollectForAllocation (G1 Evacuation Pause) done
Event: 279.936 Executing VM operation: Cleanup
Event: 279.936 Executing VM operation: Cleanup done
Event: 286.010 Executing VM operation: Cleanup
Event: 286.010 Executing VM operation: Cleanup done
Event: 288.036 Executing VM operation: Cleanup
Event: 288.036 Executing VM operation: Cleanup done
Event: 298.152 Executing VM operation: Cleanup
Event: 298.152 Executing VM operation: Cleanup done
Event: 316.349 Executing VM operation: Cleanup
Event: 316.349 Executing VM operation: Cleanup done
Event: 352.783 Executing VM operation: Cleanup
Event: 352.784 Executing VM operation: Cleanup done

Memory protections (0 events):
No events

Nmethod flushes (0 events):
No events

Events (20 events):
Event: 0.300 Loaded shared library C:\Program Files\Android\Android Studio\jbr\bin\nio.dll
Event: 0.328 Loaded shared library C:\Program Files\Android\Android Studio\jbr\bin\zip.dll
Event: 0.499 Loaded shared library C:\Program Files\Android\Android Studio\jbr\bin\jimage.dll
Event: 1.300 Thread 0x000001551d16c120 Thread added: 0x000001551d5a17a0
Event: 2.084 Thread 0x000001551d5a17a0 Thread exited: 0x000001551d5a17a0
Event: 2.554 Loaded shared library C:\Program Files\Android\Android Studio\jbr\bin\management.dll
Event: 2.560 Loaded shared library C:\Program Files\Android\Android Studio\jbr\bin\management_ext.dll
Event: 2.845 Loaded shared library S:\gradle-home\native\c067742578af261105cb4f569cf0c3c89f3d7b1fecec35dd04571415982c5e48\windows-amd64\native-platform.dll
Event: 2.940 Thread 0x00000155062d3680 Thread added: 0x000001552272e6b0
Event: 4.015 Loaded shared library C:\Program Files\Android\Android Studio\jbr\bin\extnet.dll
Event: 4.398 Thread 0x000001551d157140 Thread added: 0x00000155228f4640
Event: 4.594 Thread 0x00000155062d3680 Thread added: 0x00000155228f68b0
Event: 4.647 Thread 0x00000155228f68b0 Thread added: 0x00000155228f7d90
Event: 4.649 Thread 0x00000155228f68b0 Thread added: 0x0000015522664a20
Event: 4.676 Thread 0x00000155228f7d90 Thread exited: 0x00000155228f7d90
Event: 4.694 Thread 0x00000155228f4640 Thread exited: 0x00000155228f4640
Event: 10.141 Thread 0x00000155228f68b0 Thread exited: 0x00000155228f68b0
Event: 10.141 Thread 0x0000015522664a20 Thread exited: 0x0000015522664a20
Event: 185.884 Thread 0x000001551d157140 Thread added: 0x0000015522eb6000
Event: 186.496 Thread 0x0000015522eb6000 Thread exited: 0x0000015522eb6000


Dynamic libraries:
0x00007ff6016c0000 - 0x00007ff6016ca000 	C:\Program Files\Android\Android Studio\jbr\bin\java.exe
0x00007ffba3d00000 - 0x00007ffba3f09000 	C:\Windows\SYSTEM32\ntdll.dll
0x00007ffba2260000 - 0x00007ffba231e000 	C:\Windows\System32\KERNEL32.DLL
0x00007ffba1800000 - 0x00007ffba1b7c000 	C:\Windows\System32\KERNELBASE.dll
0x00007ffba1550000 - 0x00007ffba1661000 	C:\Windows\System32\ucrtbase.dll
0x00007ffb92970000 - 0x00007ffb92988000 	C:\Program Files\Android\Android Studio\jbr\bin\jli.dll
0x00007ffba3b10000 - 0x00007ffba3cbd000 	C:\Windows\System32\USER32.dll
0x00007ffba1400000 - 0x00007ffba1426000 	C:\Windows\System32\win32u.dll
0x00007ffba2ef0000 - 0x00007ffba2f19000 	C:\Windows\System32\GDI32.dll
0x00007ffba1430000 - 0x00007ffba1548000 	C:\Windows\System32\gdi32full.dll
0x00007ffba1670000 - 0x00007ffba170d000 	C:\Windows\System32\msvcp_win.dll
0x00007ffb929e0000 - 0x00007ffb929fb000 	C:\Program Files\Android\Android Studio\jbr\bin\VCRUNTIME140.dll
0x00007ffb87790000 - 0x00007ffb87a35000 	C:\Windows\WinSxS\amd64_microsoft.windows.common-controls_6595b64144ccf1df_6.0.22000.120_none_9d947278b86cc467\COMCTL32.dll
0x00007ffba39c0000 - 0x00007ffba3a63000 	C:\Windows\System32\msvcrt.dll
0x00007ffba20a0000 - 0x00007ffba20d1000 	C:\Windows\System32\IMM32.DLL
0x00007ffb9d7f0000 - 0x00007ffb9d7fc000 	C:\Program Files\Android\Android Studio\jbr\bin\vcruntime140_1.dll
0x00007ffb3d940000 - 0x00007ffb3d9cd000 	C:\Program Files\Android\Android Studio\jbr\bin\msvcp140.dll
0x00007ffb62f20000 - 0x00007ffb63bb6000 	C:\Program Files\Android\Android Studio\jbr\bin\server\jvm.dll
0x00007ffba1b80000 - 0x00007ffba1c2e000 	C:\Windows\System32\ADVAPI32.dll
0x00007ffba3a70000 - 0x00007ffba3b0e000 	C:\Windows\System32\sechost.dll
0x00007ffba20e0000 - 0x00007ffba2200000 	C:\Windows\System32\RPCRT4.dll
0x00007ffba2010000 - 0x00007ffba207f000 	C:\Windows\System32\WS2_32.dll
0x00007ffba0700000 - 0x00007ffba074d000 	C:\Windows\SYSTEM32\POWRPROF.dll
0x00007ffb922d0000 - 0x00007ffb92303000 	C:\Windows\SYSTEM32\WINMM.dll
0x00007ffb9a230000 - 0x00007ffb9a23a000 	C:\Windows\SYSTEM32\VERSION.dll
0x00007ffba05b0000 - 0x00007ffba05c3000 	C:\Windows\SYSTEM32\UMPDC.dll
0x00007ffba0250000 - 0x00007ffba0268000 	C:\Windows\SYSTEM32\kernel.appcore.dll
0x00007ffb9d7c0000 - 0x00007ffb9d7ca000 	C:\Program Files\Android\Android Studio\jbr\bin\jimage.dll
0x00007ffb86480000 - 0x00007ffb866a1000 	C:\Windows\SYSTEM32\DBGHELP.DLL
0x00007ffb863c0000 - 0x00007ffb863f1000 	C:\Windows\SYSTEM32\dbgcore.DLL
0x00007ffba1780000 - 0x00007ffba17ff000 	C:\Windows\System32\bcryptPrimitives.dll
0x00007ffb92930000 - 0x00007ffb92950000 	C:\Program Files\Android\Android Studio\jbr\bin\java.dll
0x00007ffb92910000 - 0x00007ffb92928000 	C:\Program Files\Android\Android Studio\jbr\bin\zip.dll
0x00007ffba2440000 - 0x00007ffba2c05000 	C:\Windows\System32\SHELL32.dll
0x00007ffb9f2c0000 - 0x00007ffb9fb25000 	C:\Windows\SYSTEM32\windows.storage.dll
0x00007ffba34a0000 - 0x00007ffba3816000 	C:\Windows\System32\combase.dll
0x00007ffb9f150000 - 0x00007ffb9f2b6000 	C:\Windows\SYSTEM32\wintypes.dll
0x00007ffba1cc0000 - 0x00007ffba1daa000 	C:\Windows\System32\SHCORE.dll
0x00007ffba2200000 - 0x00007ffba225d000 	C:\Windows\System32\shlwapi.dll
0x00007ffba1100000 - 0x00007ffba1121000 	C:\Windows\SYSTEM32\profapi.dll
0x00007ffb9cd30000 - 0x00007ffb9cd40000 	C:\Program Files\Android\Android Studio\jbr\bin\net.dll
0x00007ffb9c3d0000 - 0x00007ffb9c4e2000 	C:\Windows\SYSTEM32\WINHTTP.dll
0x00007ffba07e0000 - 0x00007ffba0847000 	C:\Windows\system32\mswsock.dll
0x00007ffb928f0000 - 0x00007ffb92906000 	C:\Program Files\Android\Android Studio\jbr\bin\nio.dll
0x00007ffb928e0000 - 0x00007ffb928f0000 	C:\Program Files\Android\Android Studio\jbr\bin\verify.dll
0x00007ffb928d0000 - 0x00007ffb928d9000 	C:\Program Files\Android\Android Studio\jbr\bin\management.dll
0x00007ffb928c0000 - 0x00007ffb928cb000 	C:\Program Files\Android\Android Studio\jbr\bin\management_ext.dll
0x00007ffba1e40000 - 0x00007ffba1e48000 	C:\Windows\System32\PSAPI.DLL
0x00007ffb92890000 - 0x00007ffb928b7000 	S:\gradle-home\native\c067742578af261105cb4f569cf0c3c89f3d7b1fecec35dd04571415982c5e48\windows-amd64\native-platform.dll
0x00007ffba0a30000 - 0x00007ffba0a48000 	C:\Windows\SYSTEM32\CRYPTSP.dll
0x00007ffba01b0000 - 0x00007ffba01e5000 	C:\Windows\system32\rsaenh.dll
0x00007ffba08d0000 - 0x00007ffba08f9000 	C:\Windows\SYSTEM32\USERENV.dll
0x00007ffba0bb0000 - 0x00007ffba0bd7000 	C:\Windows\SYSTEM32\bcrypt.dll
0x00007ffba0a20000 - 0x00007ffba0a2c000 	C:\Windows\SYSTEM32\CRYPTBASE.dll
0x00007ffb9fd80000 - 0x00007ffb9fdad000 	C:\Windows\SYSTEM32\IPHLPAPI.DLL
0x00007ffba1db0000 - 0x00007ffba1db9000 	C:\Windows\System32\NSI.dll
0x00007ffb92880000 - 0x00007ffb92889000 	C:\Program Files\Android\Android Studio\jbr\bin\extnet.dll
0x00007ffb79c00000 - 0x00007ffb79c08000 	C:\Windows\system32\wshunix.dll

JVMTI agents: none

dbghelp: loaded successfully - version: 4.0.5 - missing functions: none
symbol engine: initialized successfully - sym options: 0x614 - pdb path: .;C:\Program Files\Android\Android Studio\jbr\bin;C:\Windows\SYSTEM32;C:\Windows\WinSxS\amd64_microsoft.windows.common-controls_6595b64144ccf1df_6.0.22000.120_none_9d947278b86cc467;C:\Program Files\Android\Android Studio\jbr\bin\server;S:\gradle-home\native\c067742578af261105cb4f569cf0c3c89f3d7b1fecec35dd04571415982c5e48\windows-amd64

VM Arguments:
jvm_args: -Dorg.gradle.appname=gradlew 
java_command: org.gradle.wrapper.GradleWrapperMain --full-stacktrace --info -Pverbose=true -Ptarget-platform=android-arm64 -Ptarget=S:\dev\CaribTap\flutter-ulistings-app\flutter_universal_listings\lib\main.dart -Pbase-application-name=android.app.Application -Pdart-defines=RkxVVFRFUl9WRVJTSU9OPTMuMzguNg==,RkxVVFRFUl9DSEFOTkVMPXN0YWJsZQ==,RkxVVFRFUl9HSVRfVVJMPWh0dHBzOi8vZ2l0aHViLmNvbS9mbHV0dGVyL2ZsdXR0ZXIuZ2l0,RkxVVFRFUl9GUkFNRVdPUktfUkVWSVNJT049OGI4NzI4Njg0OQ==,RkxVVFRFUl9FTkdJTkVfUkVWSVNJT049NzhmYzMwMTJlNA==,RkxVVFRFUl9EQVJUX1ZFUlNJT049My4xMC43 -Pdart-obfuscation=false -Ptrack-widget-creation=true -Ptree-shake-icons=false -Pfilesystem-scheme=org-dartlang-root assembleDebug
java_class_path (initial): S:\dev\CaribTap\flutter-ulistings-app\flutter_universal_listings\android\\gradle\wrapper\gradle-wrapper.jar
Launcher Type: SUN_STANDARD

[Global flags]
     intx CICompilerCount                          = 3                                         {product} {ergonomic}
     uint ConcGCThreads                            = 1                                         {product} {ergonomic}
     uint G1ConcRefinementThreads                  = 4                                         {product} {ergonomic}
   size_t G1HeapRegionSize                         = 1048576                                   {product} {ergonomic}
    uintx GCDrainStackTargetSize                   = 64                                        {product} {ergonomic}
   size_t InitialHeapSize                          = 130023424                                 {product} {ergonomic}
   size_t MarkStackSize                            = 4194304                                   {product} {ergonomic}
   size_t MaxHeapSize                              = 2063597568                                {product} {ergonomic}
   size_t MaxNewSize                               = 1237319680                                {product} {ergonomic}
   size_t MinHeapDeltaBytes                        = 1048576                                   {product} {ergonomic}
   size_t MinHeapSize                              = 8388608                                   {product} {ergonomic}
    uintx NonNMethodCodeHeapSize                   = 5832780                                {pd product} {ergonomic}
    uintx NonProfiledCodeHeapSize                  = 122912730                              {pd product} {ergonomic}
    uintx ProfiledCodeHeapSize                     = 122912730                              {pd product} {ergonomic}
    uintx ReservedCodeCacheSize                    = 251658240                              {pd product} {ergonomic}
     bool SegmentedCodeCache                       = true                                      {product} {ergonomic}
   size_t SoftMaxHeapSize                          = 2063597568                             {manageable} {ergonomic}
     bool UseCompressedOops                        = true                           {product lp64_product} {ergonomic}
     bool UseG1GC                                  = true                                      {product} {ergonomic}
     bool UseLargePagesIndividualAllocation        = false                                  {pd product} {ergonomic}

Logging:
Log output configuration:
 #0: stdout all=warning uptime,level,tags foldmultilines=false
 #1: stderr all=off uptime,level,tags foldmultilines=false

Environment Variables:
JAVA_HOME=C:\Program Files\Android\Android Studio\jbr
CLASSPATH=S:\dev\CaribTap\flutter-ulistings-app\flutter_universal_listings\android\\gradle\wrapper\gradle-wrapper.jar
PATH=C:\Program Files\Android\Android Studio\jbr\bin;C:\Program Files\Common Files\Oracle\Java\javapath;C:\Program Files\Common Files\Oracle\Java\javapath;C:\Program Files\Common Files\Oracle\Java\javapath;C:\Program Files\Common Files\Oracle\Java\javapath;C:\Program Files\Common Files\Oracle\Java\javapath;C:\Program Files\Common Files\Oracle\Java\javapath;C:\Program Files\Common Files\Oracle\Java\javapath;C:\Program Files\Common Files\Oracle\Java\javapath;C:\Program Files\Common Files\Oracle\Java\javapath;C:\Program Files\Common Files\Oracle\Java\javapath;C:\Program Files\Common Files\Oracle\Java\javapath;C:\Program Files\Common Files\Oracle\Java\javapath;C:\Program Files\Common Files\Oracle\Java\javapath;C:\Program Files\Common Files\Oracle\Java\javapath;C:\Program Files\Common Files\Oracle\Java\javapath;C:\Program Files\Common Files\Oracle\Java\javapath;C:\Program Files\Common Files\Oracle\Java\javapath;C:\Program Files\Common Files\Oracle\Java\javapath;C:\Windows\System32;C:\Program Files\Android\Android Studio\jbr\bin;C:\Users\Experimental\AppData\Local\Microsoft\WindowsApps;S:\flutter\bin;C:\Program Files\Android\Android Studio\jbr\bin;C:\Users\Experimental\AppData\Local\Microsoft\WindowsApps;S:\flutter\bin;C:\Windows\System32;C:\Program Files\Git\cmd;C:\Program Files\Android\Android Studio\jbr\bin;C:\Users\Experimental\AppData\Local\Microsoft\WindowsApps;S:\flutter\bin;C:\Program Files\Android\Android Studio\jbr\bin;C:\Users\Experimental\AppData\Local\Microsoft\WindowsApps;S:\flutter\bin;C:\Windows\System32;C:\Program Files\Git\cmd;C:\Program Files\Android\Android Studio\jbr\bin;C:\Users\Experimental\AppData\Local\Microsoft\WindowsApps;S:\flutter\bin;C:\Program Files\Android\Android Studio\jbr\bin;C:\Users\Experimental\AppData\Local\Microsoft\WindowsApps;S:\flutter\bin;C:\Windows\System32;C:\Program Files\Git\cmd;C:\Windows\System32;C:\Windows\System32\WindowsPowerShell\v1.0\;%NVM_HOME%;%NVM_SYMLINK%;C:\Program Files\nodejs\;C:\Program Files\Android\Android Studio\jbr\bin;C:\Users\Experimental\AppData\Local\Microsoft\WindowsApps;S:\flutter\bin;C:\Program Files\Android\Android Studio\jbr\bin;C:\Users\Experimental\AppData\Local\Microsoft\WindowsApps;S:\flutter\bin;C:\Windows\System32;C:\Program Files\Git\cmd;C:\Program Files\Android\Android Studio\jbr\bin;C:\Users\Experimental\AppData\Local\Microsoft\WindowsApps;S:\flutter\bin;C:\Program Files\Android\Android Studio\jbr\bin;C:\Users\Experimental\AppData\Local\Microsoft\WindowsApps;S:\flutter\bin;C:\Windows\System32;C:\Program Files\Git\cmd;C:\Program Files\Android\Android Studio\jbr\bin;C:\Users\Experimental\AppData\Local\Microsoft\WindowsApps;S:\flutter\bin;C:\Program Files\Android\Android Studio\jbr\bin;C:\Users\Experimental\AppData\Local\Microsoft\WindowsApps;S:\flutter\bin;C:\Windows\System32;C:\Program Files\Git\cmd;C:\Windows\System32;C:\Windows\System32\WindowsPowerShell\v1.0\;C:\Users\Experimental\AppData\Local\nvm;C:\nvm4w\nodejs;C:\Program Files\nodejs\;C:\Program Files\Android\Android Studio\jbr\bin;C:\Users\Experimental\AppData\Local\Microsoft\WindowsApps;S:\flutter\bin;C:\Program Files\Android\Android Studio\jbr\bin;C:\Users\Experimental\AppData\Local\Microsoft\WindowsApps;S:\flutter\bin;C:\Windows\System32;C:\Program Files\Git\cmd;C:\Program Files\Android\Android Studio\jbr\bin;C:\Users\Experimental\AppData\Local\Microsoft\WindowsApps;S:\flutter\bin;C:\Program Files\Android\Android Studio\jbr\bin;C:\Users\Experimental\AppData\Local\Microsoft\WindowsApps;S:\flutter\bin;C:\Windows\System32;C:\Program Files\Git\cmd;C:\Program Files\Android\Android Studio\jbr\bin;C:\Users\Experimental\AppData\Local\Microsoft\WindowsApps;S:\flutter\bin;C:\Program Files\Android\Android Studio\jbr\bin;C:\Users\Experimental\AppData\Local\Microsoft\WindowsApps;S:\flutter\bin;C:\Windows\System32;C:\Program Files\Git\cmd;C:\Windows\System32;C:\Windows\System32\WindowsPowerShell\v1.0\;C:\Users\Experimental\AppData\Local\nvm;C:\nvm4w\nodejs;C:\Program Files\nodejs\;C:\Windows\System32;C:\Windows;C:\Windows\System32\Wbem;C:\Windows\System32\WindowsPowerShell\v1.0\;S:\flutter\bin;C:\Program Files\Git\cmd;C:\Program Files\Android\Android Studio\jbr\bin;C:\Users\Experimental\AppData\Local\Microsoft\WindowsApps;C:\Users\Experimental\AppData\Local\Android\Sdk\platform-tools;C:\Users\Experimental\AppData\Local\Programs\Microsoft VS Code\bin;C:\Users\Experimental\AppData\Local\nvm;C:\nvm4w\nodejs;C:\Users\Experimental\AppData\Roaming\npm;S:\flutter\bin\mingit\cmd
USERNAME=Experimental
OS=Windows_NT
PROCESSOR_IDENTIFIER=Intel64 Family 6 Model 94 Stepping 3, GenuineIntel
TMP=C:\Users\EXPERI~1\AppData\Local\Temp
TEMP=C:\Users\EXPERI~1\AppData\Local\Temp




Periodic native trim disabled

JNI global refs:
JNI global refs: 20, weak refs: 0

JNI global refs memory usage: 835, weak refs: 833

Process memory usage:
Resident Set Size: 27488K (0% of 8054368K total physical memory with 171256K free physical memory)

OOME stack traces (most recent first):
Classloader memory used:
Loader bootstrap                                                                       : 14454K
Loader org.gradle.internal.classloader.VisitableURLClassLoader                         : 5560K
Loader java.net.URLClassLoader                                                         : 233K
Loader jdk.internal.loader.ClassLoaders$AppClassLoader                                 : 142K
Loader jdk.internal.loader.ClassLoaders$PlatformClassLoader                            : 124K

Classes loaded by more than one classloader:
Class org.gradle.internal.classloader.ClassLoaderHierarchy                            : loaded 2 times (x 70B)
Class org.gradle.cli.AbstractPropertiesCommandLineConverter                           : loaded 2 times (x 83B)
Class org.gradle.api.internal.classpath.ManifestUtil                                  : loaded 2 times (x 71B)
Class org.gradle.cli.CommandLineParser                                                : loaded 2 times (x 79B)
Class org.gradle.internal.classloader.ClassLoaderVisitor                              : loaded 2 times (x 76B)
Class org.gradle.api.internal.classpath.EffectiveClassPath                            : loaded 2 times (x 90B)
Class org.gradle.internal.service.UnknownServiceException                             : loaded 2 times (x 83B)
Class org.gradle.cli.SystemPropertiesCommandLineConverter                             : loaded 2 times (x 83B)
Class org.gradle.cli.CommandLineArgumentException                                     : loaded 2 times (x 82B)
Class org.gradle.cli.CommandLineParser$KnownOptionParserState                         : loaded 2 times (x 76B)
Class org.gradle.internal.InternalTransformer                                         : loaded 2 times (x 70B)
Class org.gradle.internal.classloader.ClasspathUtil$1                                 : loaded 2 times (x 76B)
Class org.gradle.api.internal.classpath.DefaultModuleRegistry$DefaultModule           : loaded 2 times (x 86B)
Class org.gradle.api.internal.classpath.Module                                        : loaded 2 times (x 70B)
Class org.gradle.api.internal.classpath.UnknownModuleException                        : loaded 2 times (x 82B)
Class org.gradle.internal.classpath.DefaultClassPath$ImmutableUniqueList              : loaded 2 times (x 199B)
Class org.gradle.cli.CommandLineParser$OptionAwareParserState                         : loaded 2 times (x 77B)
Class org.gradle.cli.ParsedCommandLine                                                : loaded 2 times (x 80B)
Class org.gradle.internal.classpath.ClassPath                                         : loaded 2 times (x 70B)
Class org.gradle.cli.CommandLineParser$UnknownOptionParserState                       : loaded 2 times (x 76B)
Class org.gradle.cli.ParsedCommandLineOption                                          : loaded 2 times (x 76B)
Class org.gradle.api.UncheckedIOException                                             : loaded 2 times (x 82B)
Class org.gradle.cli.CommandLineParser$AfterFirstSubCommand                           : loaded 2 times (x 77B)
Class org.gradle.api.internal.classpath.ModuleRegistry                                : loaded 2 times (x 70B)
Class org.gradle.internal.installation.GradleInstallation$1                           : loaded 2 times (x 75B)
Class org.gradle.api.internal.classpath.DefaultModuleRegistry                         : loaded 2 times (x 86B)
Class org.gradle.cli.CommandLineOption                                                : loaded 2 times (x 86B)
Class org.gradle.cli.CommandLineParser$BeforeFirstSubCommand                          : loaded 2 times (x 77B)
Class org.gradle.internal.service.ServiceLookupException                              : loaded 2 times (x 82B)
Class org.gradle.cli.CommandLineParser$OptionParserState                              : loaded 2 times (x 75B)
Class org.gradle.internal.classloader.ClasspathUtil                                   : loaded 2 times (x 71B)
Class org.gradle.api.specs.Spec                                                       : loaded 2 times (x 70B)
Class org.gradle.internal.classpath.DefaultClassPath                                  : loaded 2 times (x 90B)
Class org.gradle.internal.classloader.ClassLoaderSpec                                 : loaded 2 times (x 71B)
Class org.gradle.internal.Cast                                                        : loaded 2 times (x 71B)
Class org.gradle.api.Action                                                           : loaded 2 times (x 70B)
Class org.gradle.internal.classpath.DefaultClassPath$ImmutableUniqueList$Builder      : loaded 2 times (x 75B)
Class org.gradle.cli.AbstractCommandLineConverter                                     : loaded 2 times (x 79B)
Class org.gradle.api.GradleException                                                  : loaded 2 times (x 82B)
Class org.gradle.internal.IoActions                                                   : loaded 2 times (x 71B)
Class org.gradle.internal.classloader.SystemClassLoaderSpec                           : loaded 2 times (x 71B)
Class org.gradle.cli.CommandLineConverter                                             : loaded 2 times (x 70B)
Class org.gradle.cli.CommandLineParser$ParserState                                    : loaded 2 times (x 76B)
Class org.gradle.cli.CommandLineParser$OptionString                                   : loaded 2 times (x 73B)
Class org.gradle.api.internal.classpath.GlobalCacheRootsProvider                      : loaded 2 times (x 70B)
Class org.gradle.internal.installation.CurrentGradleInstallationLocator               : loaded 2 times (x 71B)
Class org.gradle.internal.installation.CurrentGradleInstallation                      : loaded 2 times (x 73B)
Class org.gradle.util.internal.GUtil                                                  : loaded 2 times (x 71B)
Class org.gradle.cli.CommandLineParser$AfterOptions                                   : loaded 2 times (x 77B)
Class org.gradle.internal.installation.GradleInstallation                             : loaded 2 times (x 75B)

---------------  S Y S T E M  ---------------

OS:
 Windows 11 , 64 bit Build 22000 (10.0.22000.1516)
OS uptime: 0 days 5:27 hours

CPU: total 4 (initial active 4) (4 cores per cpu, 1 threads per core) family 6 model 94 stepping 3 microcode 0xd6, cx8, cmov, fxsr, mmx, 3dnowpref, sse, sse2, sse3, ssse3, sse4.1, sse4.2, popcnt, lzcnt, tsc, tscinvbit, avx, avx2, aes, erms, clmul, bmi1, bmi2, rtm, adx, fma, vzeroupper, clflush, clflushopt, rdtscp, f16c
Processor Information for the first 4 processors :
  Max Mhz: 2301, Current Mhz: 2301, Mhz Limit: 2301

Memory: 4k page, system-wide physical 7865M (174M free)
TotalPageFile size 22397M (AvailPageFile size 2M)
current process WorkingSet (physical memory assigned to process): 31M, peak: 113M
current process commit charge ("private bytes"): 227M, peak: 233M

vm_info: OpenJDK 64-Bit Server VM (21.0.8+-14196175-b1038.72) for windows-amd64 JRE (21.0.8+-14196175-b1038.72), built on 2025-10-01T10:24:33Z by "builder" with MS VC++ 16.10 / 16.11 (VS2019)

END.
