#
# There is insufficient memory for the Java Runtime Environment to continue.
# Native memory allocation (malloc) failed to allocate 134096 bytes. Error detail: Chunk::new
# Possible reasons:
#   The system is out of physical RAM or swap space
#   This process is running with CompressedOops enabled, and the Java Heap may be blocking the growth of the native heap
# Possible solutions:
#   Reduce memory load on the system
#   Increase physical memory or swap space
#   Check if swap backing store is full
#   Decrease Java heap size (-Xmx/-Xms)
#   Decrease number of Java threads
#   Decrease Java thread stack sizes (-Xss)
#   Set larger code cache with -XX:ReservedCodeCacheSize=
#   JVM is running with Unscaled Compressed Oops mode in which the Java heap is
#     placed in the first 4GB address space. The Java Heap base address is the
#     maximum limit for the native heap growth. Please use -XX:HeapBaseMinAddress
#     to set the Java Heap base and to place the Java Heap above 4GB virtual address.
# This output file may be truncated or incomplete.
#
#  Out of Memory Error (arena.cpp:168), pid=6348, tid=17488
#
# JRE version: OpenJDK Runtime Environment (21.0.8) (build 21.0.8+-14196175-b1038.72)
# Java VM: OpenJDK 64-Bit Server VM (21.0.8+-14196175-b1038.72, mixed mode, tiered, compressed oops, compressed class ptrs, g1 gc, windows-amd64)
# No core dump will be written. Minidumps are not enabled by default on client versions of Windows
#

---------------  S U M M A R Y ------------

Command Line: -Dorg.gradle.appname=gradlew org.gradle.wrapper.GradleWrapperMain --full-stacktrace --info -Pverbose=true -Ptarget-platform=android-arm64 -Ptarget=S:\dev\CaribTap\flutter-ulistings-app\flutter_universal_listings\lib\main.dart -Pbase-application-name=android.app.Application -Pdart-defines=RkxVVFRFUl9WRVJTSU9OPTMuMzguNg==,RkxVVFRFUl9DSEFOTkVMPXN0YWJsZQ==,RkxVVFRFUl9HSVRfVVJMPWh0dHBzOi8vZ2l0aHViLmNvbS9mbHV0dGVyL2ZsdXR0ZXIuZ2l0,RkxVVFRFUl9GUkFNRVdPUktfUkVWSVNJT049OGI4NzI4Njg0OQ==,RkxVVFRFUl9FTkdJTkVfUkVWSVNJT049NzhmYzMwMTJlNA==,RkxVVFRFUl9EQVJUX1ZFUlNJT049My4xMC43 -Pdart-obfuscation=false -Ptrack-widget-creation=true -Ptree-shake-icons=false -Pfilesystem-scheme=org-dartlang-root assembleDebug

Host: Intel(R) Core(TM) i5-6300HQ CPU @ 2.30GHz, 4 cores, 7G,  Windows 11 , 64 bit Build 22000 (10.0.22000.1516)
Time: Wed Jan 21 19:18:07 2026 SA Western Standard Time elapsed time: 96.521948 seconds (0d 0h 1m 36s)

---------------  T H R E A D  ---------------

Current thread (0x000001b7f8862ff0):  JavaThread "C2 CompilerThread0" daemon [_thread_in_native, id=17488, stack(0x0000009964400000,0x0000009964500000) (1024K)]


Current CompileTask:
C2:96552 2096       4       org.gradle.internal.logging.text.StreamingStyledTextOutput::doAppend (11 bytes)

Stack: [0x0000009964400000,0x0000009964500000]
Native frames: (J=compiled Java code, j=interpreted, Vv=VM code, C=native code)
V  [jvm.dll+0x6d68d9]
V  [jvm.dll+0x866693]
V  [jvm.dll+0x868c4e]
V  [jvm.dll+0x869333]
V  [jvm.dll+0x280566]
V  [jvm.dll+0xc07cd]
V  [jvm.dll+0xc0d03]
V  [jvm.dll+0x2f5970]
V  [jvm.dll+0x5ff719]
V  [jvm.dll+0x252362]
V  [jvm.dll+0x25271f]
V  [jvm.dll+0x24aec5]
V  [jvm.dll+0x24871e]
V  [jvm.dll+0x1c73a4]
V  [jvm.dll+0x257f9e]
V  [jvm.dll+0x2564e6]
V  [jvm.dll+0x3f4696]
V  [jvm.dll+0x80eac8]
V  [jvm.dll+0x6d512d]
C  [ucrtbase.dll+0x26c0c]
C  [KERNEL32.DLL+0x155a0]
C  [ntdll.dll+0x485b]


---------------  P R O C E S S  ---------------

Threads class SMR info:
_java_thread_list=0x000001b7fda92d40, length=12, elements={
0x000001b7f09e3390, 0x000001b7f885a5a0, 0x000001b7f887a8f0, 0x000001b7f887d360,
0x000001b7f887e1d0, 0x000001b7f887ec30, 0x000001b7f887f690, 0x000001b7f88800f0,
0x000001b7f8862ff0, 0x000001b7f8867eb0, 0x000001b7f8a218b0, 0x000001b7fd4795b0
}

Java Threads: ( => current thread )
  0x000001b7f09e3390 JavaThread "main"                              [_thread_blocked, id=11444, stack(0x0000009963500000,0x0000009963600000) (1024K)]
  0x000001b7f885a5a0 JavaThread "Common-Cleaner"             daemon [_thread_blocked, id=11184, stack(0x0000009963d00000,0x0000009963e00000) (1024K)]
  0x000001b7f887a8f0 JavaThread "Reference Handler"          daemon [_thread_blocked, id=6740, stack(0x0000009963e00000,0x0000009963f00000) (1024K)]
  0x000001b7f887d360 JavaThread "Finalizer"                  daemon [_thread_blocked, id=22148, stack(0x0000009963f00000,0x0000009964000000) (1024K)]
  0x000001b7f887e1d0 JavaThread "Signal Dispatcher"          daemon [_thread_blocked, id=19972, stack(0x0000009964000000,0x0000009964100000) (1024K)]
  0x000001b7f887ec30 JavaThread "Attach Listener"            daemon [_thread_blocked, id=18392, stack(0x0000009964100000,0x0000009964200000) (1024K)]
  0x000001b7f887f690 JavaThread "Service Thread"             daemon [_thread_blocked, id=18116, stack(0x0000009964200000,0x0000009964300000) (1024K)]
  0x000001b7f88800f0 JavaThread "Monitor Deflation Thread"   daemon [_thread_blocked, id=4344, stack(0x0000009964300000,0x0000009964400000) (1024K)]
=>0x000001b7f8862ff0 JavaThread "C2 CompilerThread0"         daemon [_thread_in_native, id=17488, stack(0x0000009964400000,0x0000009964500000) (1024K)]
  0x000001b7f8867eb0 JavaThread "C1 CompilerThread0"         daemon [_thread_blocked, id=20752, stack(0x0000009964500000,0x0000009964600000) (1024K)]
  0x000001b7f8a218b0 JavaThread "Notification Thread"        daemon [_thread_blocked, id=2652, stack(0x0000009964600000,0x0000009964700000) (1024K)]
  0x000001b7fd4795b0 JavaThread "pool-1-thread-1"                   [_thread_in_native, id=10660, stack(0x0000009964a00000,0x0000009964b00000) (1024K)]
Total: 12

Other Threads:
  0x000001b7f86d2540 VMThread "VM Thread"                           [id=6632, stack(0x0000009963c00000,0x0000009963d00000) (1024K)]
  0x000001b7f863e5a0 WatcherThread "VM Periodic Task Thread"        [id=18864, stack(0x0000009963b00000,0x0000009963c00000) (1024K)]
  0x000001b7f0a33660 WorkerThread "GC Thread#0"                     [id=22336, stack(0x0000009963600000,0x0000009963700000) (1024K)]
  0x000001b7fd091100 WorkerThread "GC Thread#1"                     [id=18892, stack(0x0000009964700000,0x0000009964800000) (1024K)]
  0x000001b7fd0ad8a0 WorkerThread "GC Thread#2"                     [id=22420, stack(0x0000009964800000,0x0000009964900000) (1024K)]
  0x000001b7fd0adc40 WorkerThread "GC Thread#3"                     [id=10920, stack(0x0000009964900000,0x0000009964a00000) (1024K)]
  0x000001b7f0a43c40 ConcurrentGCThread "G1 Main Marker"            [id=5720, stack(0x0000009963700000,0x0000009963800000) (1024K)]
  0x000001b7f0a44740 WorkerThread "G1 Conc#0"                       [id=13984, stack(0x0000009963800000,0x0000009963900000) (1024K)]
  0x000001b7f85120c0 ConcurrentGCThread "G1 Refine#0"               [id=1452, stack(0x0000009963900000,0x0000009963a00000) (1024K)]
  0x000001b7f0aa9f90 ConcurrentGCThread "G1 Service"                [id=17220, stack(0x0000009963a00000,0x0000009963b00000) (1024K)]
Total: 10

Threads with active compile tasks:
C2 CompilerThread0  96974 2096       4       org.gradle.internal.logging.text.StreamingStyledTextOutput::doAppend (11 bytes)
Total: 1

VM state: not at safepoint (normal execution)

VM Mutex/Monitor currently owned by a thread: None

Heap address: 0x0000000085000000, size: 1968 MB, Compressed Oops mode: 32-bit

CDS archive(s) not mapped
Compressed class space mapped at: 0x0000000100000000-0x0000000140000000, reserved size: 1073741824
Narrow klass base: 0x0000000000000000, Narrow klass shift: 3, Narrow klass range: 0x140000000

GC Precious Log:
 CardTable entry size: 512
 Card Set container configuration: InlinePtr #cards 5 size 8 Array Of Cards #cards 12 size 40 Howl #buckets 4 coarsen threshold 1843 Howl Bitmap #cards 512 size 80 coarsen threshold 460 Card regions per heap region 1 cards per card region 2048
 CPUs: 4 total, 4 available
 Memory: 7865M
 Large Page Support: Disabled
 NUMA Support: Disabled
 Compressed Oops: Enabled (32-bit)
 Heap Region Size: 1M
 Heap Min Capacity: 8M
 Heap Initial Capacity: 124M
 Heap Max Capacity: 1968M
 Pre-touch: Disabled
 Parallel Workers: 4
 Concurrent Workers: 1
 Concurrent Refinement Workers: 4
 Periodic GC: Disabled

Heap:
 garbage-first heap   total 126976K, used 15530K [0x0000000085000000, 0x0000000100000000)
  region size 1024K, 10 young (10240K), 7 survivors (7168K)
 Metaspace       used 18746K, committed 19008K, reserved 1114112K
  class space    used 2223K, committed 2368K, reserved 1048576K

Heap Regions: E=young(eden), S=young(survivor), O=old, HS=humongous(starts), HC=humongous(continues), CS=collection set, F=free, TAMS=top-at-mark-start, PB=parsable bottom
|   0|0x0000000085000000, 0x0000000085100000, 0x0000000085100000|100%|HS|  |TAMS 0x0000000085000000| PB 0x0000000085000000| Complete 
|   1|0x0000000085100000, 0x0000000085200000, 0x0000000085200000|100%|HC|  |TAMS 0x0000000085100000| PB 0x0000000085100000| Complete 
|   2|0x0000000085200000, 0x0000000085300000, 0x0000000085300000|100%|HC|  |TAMS 0x0000000085200000| PB 0x0000000085200000| Complete 
|   3|0x0000000085300000, 0x0000000085400000, 0x0000000085400000|100%|HC|  |TAMS 0x0000000085300000| PB 0x0000000085300000| Complete 
|   4|0x0000000085400000, 0x0000000085500000, 0x0000000085500000|100%| O|  |TAMS 0x0000000085400000| PB 0x0000000085400000| Untracked 
|   5|0x0000000085500000, 0x0000000085600000, 0x0000000085600000|100%| O|  |TAMS 0x0000000085500000| PB 0x0000000085500000| Untracked 
|   6|0x0000000085600000, 0x00000000856c14e8, 0x0000000085700000| 75%| O|  |TAMS 0x0000000085600000| PB 0x0000000085600000| Untracked 
|   7|0x0000000085700000, 0x0000000085700000, 0x0000000085800000|  0%| F|  |TAMS 0x0000000085700000| PB 0x0000000085700000| Untracked 
|   8|0x0000000085800000, 0x0000000085800000, 0x0000000085900000|  0%| F|  |TAMS 0x0000000085800000| PB 0x0000000085800000| Untracked 
|   9|0x0000000085900000, 0x0000000085900000, 0x0000000085a00000|  0%| F|  |TAMS 0x0000000085900000| PB 0x0000000085900000| Untracked 
|  10|0x0000000085a00000, 0x0000000085a00000, 0x0000000085b00000|  0%| F|  |TAMS 0x0000000085a00000| PB 0x0000000085a00000| Untracked 
|  11|0x0000000085b00000, 0x0000000085b00000, 0x0000000085c00000|  0%| F|  |TAMS 0x0000000085b00000| PB 0x0000000085b00000| Untracked 
|  12|0x0000000085c00000, 0x0000000085c00000, 0x0000000085d00000|  0%| F|  |TAMS 0x0000000085c00000| PB 0x0000000085c00000| Untracked 
|  13|0x0000000085d00000, 0x0000000085d00000, 0x0000000085e00000|  0%| F|  |TAMS 0x0000000085d00000| PB 0x0000000085d00000| Untracked 
|  14|0x0000000085e00000, 0x0000000085e00000, 0x0000000085f00000|  0%| F|  |TAMS 0x0000000085e00000| PB 0x0000000085e00000| Untracked 
|  15|0x0000000085f00000, 0x0000000085f00000, 0x0000000086000000|  0%| F|  |TAMS 0x0000000085f00000| PB 0x0000000085f00000| Untracked 
|  16|0x0000000086000000, 0x0000000086000000, 0x0000000086100000|  0%| F|  |TAMS 0x0000000086000000| PB 0x0000000086000000| Untracked 
|  17|0x0000000086100000, 0x0000000086100000, 0x0000000086200000|  0%| F|  |TAMS 0x0000000086100000| PB 0x0000000086100000| Untracked 
|  18|0x0000000086200000, 0x0000000086200000, 0x0000000086300000|  0%| F|  |TAMS 0x0000000086200000| PB 0x0000000086200000| Untracked 
|  19|0x0000000086300000, 0x0000000086300000, 0x0000000086400000|  0%| F|  |TAMS 0x0000000086300000| PB 0x0000000086300000| Untracked 
|  20|0x0000000086400000, 0x0000000086400000, 0x0000000086500000|  0%| F|  |TAMS 0x0000000086400000| PB 0x0000000086400000| Untracked 
|  21|0x0000000086500000, 0x0000000086500000, 0x0000000086600000|  0%| F|  |TAMS 0x0000000086500000| PB 0x0000000086500000| Untracked 
|  22|0x0000000086600000, 0x0000000086600000, 0x0000000086700000|  0%| F|  |TAMS 0x0000000086600000| PB 0x0000000086600000| Untracked 
|  23|0x0000000086700000, 0x0000000086700000, 0x0000000086800000|  0%| F|  |TAMS 0x0000000086700000| PB 0x0000000086700000| Untracked 
|  24|0x0000000086800000, 0x0000000086800000, 0x0000000086900000|  0%| F|  |TAMS 0x0000000086800000| PB 0x0000000086800000| Untracked 
|  25|0x0000000086900000, 0x0000000086900000, 0x0000000086a00000|  0%| F|  |TAMS 0x0000000086900000| PB 0x0000000086900000| Untracked 
|  26|0x0000000086a00000, 0x0000000086a00000, 0x0000000086b00000|  0%| F|  |TAMS 0x0000000086a00000| PB 0x0000000086a00000| Untracked 
|  27|0x0000000086b00000, 0x0000000086b00000, 0x0000000086c00000|  0%| F|  |TAMS 0x0000000086b00000| PB 0x0000000086b00000| Untracked 
|  28|0x0000000086c00000, 0x0000000086c00000, 0x0000000086d00000|  0%| F|  |TAMS 0x0000000086c00000| PB 0x0000000086c00000| Untracked 
|  29|0x0000000086d00000, 0x0000000086d00000, 0x0000000086e00000|  0%| F|  |TAMS 0x0000000086d00000| PB 0x0000000086d00000| Untracked 
|  30|0x0000000086e00000, 0x0000000086e00000, 0x0000000086f00000|  0%| F|  |TAMS 0x0000000086e00000| PB 0x0000000086e00000| Untracked 
|  31|0x0000000086f00000, 0x0000000086f00000, 0x0000000087000000|  0%| F|  |TAMS 0x0000000086f00000| PB 0x0000000086f00000| Untracked 
|  32|0x0000000087000000, 0x0000000087000000, 0x0000000087100000|  0%| F|  |TAMS 0x0000000087000000| PB 0x0000000087000000| Untracked 
|  33|0x0000000087100000, 0x0000000087100000, 0x0000000087200000|  0%| F|  |TAMS 0x0000000087100000| PB 0x0000000087100000| Untracked 
|  34|0x0000000087200000, 0x0000000087200000, 0x0000000087300000|  0%| F|  |TAMS 0x0000000087200000| PB 0x0000000087200000| Untracked 
|  35|0x0000000087300000, 0x0000000087300000, 0x0000000087400000|  0%| F|  |TAMS 0x0000000087300000| PB 0x0000000087300000| Untracked 
|  36|0x0000000087400000, 0x0000000087400000, 0x0000000087500000|  0%| F|  |TAMS 0x0000000087400000| PB 0x0000000087400000| Untracked 
|  37|0x0000000087500000, 0x0000000087500000, 0x0000000087600000|  0%| F|  |TAMS 0x0000000087500000| PB 0x0000000087500000| Untracked 
|  38|0x0000000087600000, 0x0000000087600000, 0x0000000087700000|  0%| F|  |TAMS 0x0000000087600000| PB 0x0000000087600000| Untracked 
|  39|0x0000000087700000, 0x0000000087700000, 0x0000000087800000|  0%| F|  |TAMS 0x0000000087700000| PB 0x0000000087700000| Untracked 
|  40|0x0000000087800000, 0x0000000087800000, 0x0000000087900000|  0%| F|  |TAMS 0x0000000087800000| PB 0x0000000087800000| Untracked 
|  41|0x0000000087900000, 0x0000000087900000, 0x0000000087a00000|  0%| F|  |TAMS 0x0000000087900000| PB 0x0000000087900000| Untracked 
|  42|0x0000000087a00000, 0x0000000087a00000, 0x0000000087b00000|  0%| F|  |TAMS 0x0000000087a00000| PB 0x0000000087a00000| Untracked 
|  43|0x0000000087b00000, 0x0000000087b69390, 0x0000000087c00000| 41%| S|CS|TAMS 0x0000000087b00000| PB 0x0000000087b00000| Complete 
|  44|0x0000000087c00000, 0x0000000087d00000, 0x0000000087d00000|100%| S|CS|TAMS 0x0000000087c00000| PB 0x0000000087c00000| Complete 
|  45|0x0000000087d00000, 0x0000000087e00000, 0x0000000087e00000|100%| S|CS|TAMS 0x0000000087d00000| PB 0x0000000087d00000| Complete 
|  46|0x0000000087e00000, 0x0000000087f00000, 0x0000000087f00000|100%| S|CS|TAMS 0x0000000087e00000| PB 0x0000000087e00000| Complete 
|  47|0x0000000087f00000, 0x0000000088000000, 0x0000000088000000|100%| S|CS|TAMS 0x0000000087f00000| PB 0x0000000087f00000| Complete 
|  48|0x0000000088000000, 0x0000000088100000, 0x0000000088100000|100%| S|CS|TAMS 0x0000000088000000| PB 0x0000000088000000| Complete 
|  49|0x0000000088100000, 0x0000000088200000, 0x0000000088200000|100%| S|CS|TAMS 0x0000000088100000| PB 0x0000000088100000| Complete 
|  50|0x0000000088200000, 0x0000000088200000, 0x0000000088300000|  0%| F|  |TAMS 0x0000000088200000| PB 0x0000000088200000| Untracked 
|  51|0x0000000088300000, 0x0000000088300000, 0x0000000088400000|  0%| F|  |TAMS 0x0000000088300000| PB 0x0000000088300000| Untracked 
|  52|0x0000000088400000, 0x0000000088400000, 0x0000000088500000|  0%| F|  |TAMS 0x0000000088400000| PB 0x0000000088400000| Untracked 
|  53|0x0000000088500000, 0x0000000088500000, 0x0000000088600000|  0%| F|  |TAMS 0x0000000088500000| PB 0x0000000088500000| Untracked 
|  54|0x0000000088600000, 0x0000000088600000, 0x0000000088700000|  0%| F|  |TAMS 0x0000000088600000| PB 0x0000000088600000| Untracked 
|  55|0x0000000088700000, 0x0000000088700000, 0x0000000088800000|  0%| F|  |TAMS 0x0000000088700000| PB 0x0000000088700000| Untracked 
|  56|0x0000000088800000, 0x0000000088800000, 0x0000000088900000|  0%| F|  |TAMS 0x0000000088800000| PB 0x0000000088800000| Untracked 
|  57|0x0000000088900000, 0x0000000088900000, 0x0000000088a00000|  0%| F|  |TAMS 0x0000000088900000| PB 0x0000000088900000| Untracked 
|  58|0x0000000088a00000, 0x0000000088a00000, 0x0000000088b00000|  0%| F|  |TAMS 0x0000000088a00000| PB 0x0000000088a00000| Untracked 
|  59|0x0000000088b00000, 0x0000000088b00000, 0x0000000088c00000|  0%| F|  |TAMS 0x0000000088b00000| PB 0x0000000088b00000| Untracked 
|  60|0x0000000088c00000, 0x0000000088c00000, 0x0000000088d00000|  0%| F|  |TAMS 0x0000000088c00000| PB 0x0000000088c00000| Untracked 
|  61|0x0000000088d00000, 0x0000000088d00000, 0x0000000088e00000|  0%| F|  |TAMS 0x0000000088d00000| PB 0x0000000088d00000| Untracked 
|  62|0x0000000088e00000, 0x0000000088e00000, 0x0000000088f00000|  0%| F|  |TAMS 0x0000000088e00000| PB 0x0000000088e00000| Untracked 
|  63|0x0000000088f00000, 0x0000000088f00000, 0x0000000089000000|  0%| F|  |TAMS 0x0000000088f00000| PB 0x0000000088f00000| Untracked 
|  64|0x0000000089000000, 0x0000000089000000, 0x0000000089100000|  0%| F|  |TAMS 0x0000000089000000| PB 0x0000000089000000| Untracked 
|  65|0x0000000089100000, 0x0000000089100000, 0x0000000089200000|  0%| F|  |TAMS 0x0000000089100000| PB 0x0000000089100000| Untracked 
|  66|0x0000000089200000, 0x0000000089200000, 0x0000000089300000|  0%| F|  |TAMS 0x0000000089200000| PB 0x0000000089200000| Untracked 
|  67|0x0000000089300000, 0x0000000089300000, 0x0000000089400000|  0%| F|  |TAMS 0x0000000089300000| PB 0x0000000089300000| Untracked 
|  68|0x0000000089400000, 0x0000000089400000, 0x0000000089500000|  0%| F|  |TAMS 0x0000000089400000| PB 0x0000000089400000| Untracked 
|  69|0x0000000089500000, 0x0000000089500000, 0x0000000089600000|  0%| F|  |TAMS 0x0000000089500000| PB 0x0000000089500000| Untracked 
|  70|0x0000000089600000, 0x0000000089600000, 0x0000000089700000|  0%| F|  |TAMS 0x0000000089600000| PB 0x0000000089600000| Untracked 
|  71|0x0000000089700000, 0x0000000089700000, 0x0000000089800000|  0%| F|  |TAMS 0x0000000089700000| PB 0x0000000089700000| Untracked 
|  72|0x0000000089800000, 0x0000000089800000, 0x0000000089900000|  0%| F|  |TAMS 0x0000000089800000| PB 0x0000000089800000| Untracked 
|  73|0x0000000089900000, 0x0000000089900000, 0x0000000089a00000|  0%| F|  |TAMS 0x0000000089900000| PB 0x0000000089900000| Untracked 
|  74|0x0000000089a00000, 0x0000000089a00000, 0x0000000089b00000|  0%| F|  |TAMS 0x0000000089a00000| PB 0x0000000089a00000| Untracked 
|  75|0x0000000089b00000, 0x0000000089b00000, 0x0000000089c00000|  0%| F|  |TAMS 0x0000000089b00000| PB 0x0000000089b00000| Untracked 
|  76|0x0000000089c00000, 0x0000000089c00000, 0x0000000089d00000|  0%| F|  |TAMS 0x0000000089c00000| PB 0x0000000089c00000| Untracked 
|  77|0x0000000089d00000, 0x0000000089d00000, 0x0000000089e00000|  0%| F|  |TAMS 0x0000000089d00000| PB 0x0000000089d00000| Untracked 
|  78|0x0000000089e00000, 0x0000000089e00000, 0x0000000089f00000|  0%| F|  |TAMS 0x0000000089e00000| PB 0x0000000089e00000| Untracked 
|  79|0x0000000089f00000, 0x0000000089f00000, 0x000000008a000000|  0%| F|  |TAMS 0x0000000089f00000| PB 0x0000000089f00000| Untracked 
|  80|0x000000008a000000, 0x000000008a000000, 0x000000008a100000|  0%| F|  |TAMS 0x000000008a000000| PB 0x000000008a000000| Untracked 
|  81|0x000000008a100000, 0x000000008a100000, 0x000000008a200000|  0%| F|  |TAMS 0x000000008a100000| PB 0x000000008a100000| Untracked 
|  82|0x000000008a200000, 0x000000008a200000, 0x000000008a300000|  0%| F|  |TAMS 0x000000008a200000| PB 0x000000008a200000| Untracked 
|  83|0x000000008a300000, 0x000000008a300000, 0x000000008a400000|  0%| F|  |TAMS 0x000000008a300000| PB 0x000000008a300000| Untracked 
|  84|0x000000008a400000, 0x000000008a400000, 0x000000008a500000|  0%| F|  |TAMS 0x000000008a400000| PB 0x000000008a400000| Untracked 
|  85|0x000000008a500000, 0x000000008a500000, 0x000000008a600000|  0%| F|  |TAMS 0x000000008a500000| PB 0x000000008a500000| Untracked 
|  86|0x000000008a600000, 0x000000008a600000, 0x000000008a700000|  0%| F|  |TAMS 0x000000008a600000| PB 0x000000008a600000| Untracked 
|  87|0x000000008a700000, 0x000000008a700000, 0x000000008a800000|  0%| F|  |TAMS 0x000000008a700000| PB 0x000000008a700000| Untracked 
|  88|0x000000008a800000, 0x000000008a800000, 0x000000008a900000|  0%| F|  |TAMS 0x000000008a800000| PB 0x000000008a800000| Untracked 
|  89|0x000000008a900000, 0x000000008a900000, 0x000000008aa00000|  0%| F|  |TAMS 0x000000008a900000| PB 0x000000008a900000| Untracked 
|  90|0x000000008aa00000, 0x000000008aa00000, 0x000000008ab00000|  0%| F|  |TAMS 0x000000008aa00000| PB 0x000000008aa00000| Untracked 
|  91|0x000000008ab00000, 0x000000008ab00000, 0x000000008ac00000|  0%| F|  |TAMS 0x000000008ab00000| PB 0x000000008ab00000| Untracked 
|  92|0x000000008ac00000, 0x000000008ac00000, 0x000000008ad00000|  0%| F|  |TAMS 0x000000008ac00000| PB 0x000000008ac00000| Untracked 
|  93|0x000000008ad00000, 0x000000008ad00000, 0x000000008ae00000|  0%| F|  |TAMS 0x000000008ad00000| PB 0x000000008ad00000| Untracked 
|  94|0x000000008ae00000, 0x000000008ae00000, 0x000000008af00000|  0%| F|  |TAMS 0x000000008ae00000| PB 0x000000008ae00000| Untracked 
|  95|0x000000008af00000, 0x000000008af00000, 0x000000008b000000|  0%| F|  |TAMS 0x000000008af00000| PB 0x000000008af00000| Untracked 
|  96|0x000000008b000000, 0x000000008b000000, 0x000000008b100000|  0%| F|  |TAMS 0x000000008b000000| PB 0x000000008b000000| Untracked 
|  97|0x000000008b100000, 0x000000008b100000, 0x000000008b200000|  0%| F|  |TAMS 0x000000008b100000| PB 0x000000008b100000| Untracked 
|  98|0x000000008b200000, 0x000000008b200000, 0x000000008b300000|  0%| F|  |TAMS 0x000000008b200000| PB 0x000000008b200000| Untracked 
|  99|0x000000008b300000, 0x000000008b300000, 0x000000008b400000|  0%| F|  |TAMS 0x000000008b300000| PB 0x000000008b300000| Untracked 
| 100|0x000000008b400000, 0x000000008b400000, 0x000000008b500000|  0%| F|  |TAMS 0x000000008b400000| PB 0x000000008b400000| Untracked 
| 101|0x000000008b500000, 0x000000008b500000, 0x000000008b600000|  0%| F|  |TAMS 0x000000008b500000| PB 0x000000008b500000| Untracked 
| 102|0x000000008b600000, 0x000000008b600000, 0x000000008b700000|  0%| F|  |TAMS 0x000000008b600000| PB 0x000000008b600000| Untracked 
| 103|0x000000008b700000, 0x000000008b700000, 0x000000008b800000|  0%| F|  |TAMS 0x000000008b700000| PB 0x000000008b700000| Untracked 
| 104|0x000000008b800000, 0x000000008b800000, 0x000000008b900000|  0%| F|  |TAMS 0x000000008b800000| PB 0x000000008b800000| Untracked 
| 105|0x000000008b900000, 0x000000008b900000, 0x000000008ba00000|  0%| F|  |TAMS 0x000000008b900000| PB 0x000000008b900000| Untracked 
| 106|0x000000008ba00000, 0x000000008ba00000, 0x000000008bb00000|  0%| F|  |TAMS 0x000000008ba00000| PB 0x000000008ba00000| Untracked 
| 107|0x000000008bb00000, 0x000000008bb00000, 0x000000008bc00000|  0%| F|  |TAMS 0x000000008bb00000| PB 0x000000008bb00000| Untracked 
| 108|0x000000008bc00000, 0x000000008bc00000, 0x000000008bd00000|  0%| F|  |TAMS 0x000000008bc00000| PB 0x000000008bc00000| Untracked 
| 109|0x000000008bd00000, 0x000000008bd00000, 0x000000008be00000|  0%| F|  |TAMS 0x000000008bd00000| PB 0x000000008bd00000| Untracked 
| 110|0x000000008be00000, 0x000000008be00000, 0x000000008bf00000|  0%| F|  |TAMS 0x000000008be00000| PB 0x000000008be00000| Untracked 
| 111|0x000000008bf00000, 0x000000008bf00000, 0x000000008c000000|  0%| F|  |TAMS 0x000000008bf00000| PB 0x000000008bf00000| Untracked 
| 112|0x000000008c000000, 0x000000008c000000, 0x000000008c100000|  0%| F|  |TAMS 0x000000008c000000| PB 0x000000008c000000| Untracked 
| 113|0x000000008c100000, 0x000000008c100000, 0x000000008c200000|  0%| F|  |TAMS 0x000000008c100000| PB 0x000000008c100000| Untracked 
| 114|0x000000008c200000, 0x000000008c200000, 0x000000008c300000|  0%| F|  |TAMS 0x000000008c200000| PB 0x000000008c200000| Untracked 
| 115|0x000000008c300000, 0x000000008c300000, 0x000000008c400000|  0%| F|  |TAMS 0x000000008c300000| PB 0x000000008c300000| Untracked 
| 116|0x000000008c400000, 0x000000008c400000, 0x000000008c500000|  0%| F|  |TAMS 0x000000008c400000| PB 0x000000008c400000| Untracked 
| 117|0x000000008c500000, 0x000000008c500000, 0x000000008c600000|  0%| F|  |TAMS 0x000000008c500000| PB 0x000000008c500000| Untracked 
| 118|0x000000008c600000, 0x000000008c600000, 0x000000008c700000|  0%| F|  |TAMS 0x000000008c600000| PB 0x000000008c600000| Untracked 
| 119|0x000000008c700000, 0x000000008c700000, 0x000000008c800000|  0%| F|  |TAMS 0x000000008c700000| PB 0x000000008c700000| Untracked 
| 120|0x000000008c800000, 0x000000008c800000, 0x000000008c900000|  0%| F|  |TAMS 0x000000008c800000| PB 0x000000008c800000| Untracked 
| 121|0x000000008c900000, 0x000000008c935620, 0x000000008ca00000| 20%| E|  |TAMS 0x000000008c900000| PB 0x000000008c900000| Complete 
| 122|0x000000008ca00000, 0x000000008cb00000, 0x000000008cb00000|100%| E|CS|TAMS 0x000000008ca00000| PB 0x000000008ca00000| Complete 
| 123|0x000000008cb00000, 0x000000008cc00000, 0x000000008cc00000|100%| E|CS|TAMS 0x000000008cb00000| PB 0x000000008cb00000| Complete 

Card table byte_map: [0x000001b7f3f20000,0x000001b7f4300000] _byte_map_base: 0x000001b7f3af8000

Marking Bits: (CMBitMap*) 0x000001b7f0a33d60
 Bits: [0x000001b7f4300000, 0x000001b7f61c0000)

Polling page: 0x000001b7f01b0000

Metaspace:

Usage:
  Non-class:     16.14 MB used.
      Class:      2.17 MB used.
       Both:     18.31 MB used.

Virtual space:
  Non-class space:       64.00 MB reserved,      16.25 MB ( 25%) committed,  1 nodes.
      Class space:        1.00 GB reserved,       2.31 MB ( <1%) committed,  1 nodes.
             Both:        1.06 GB reserved,      18.56 MB (  2%) committed. 

Chunk freelists:
   Non-Class:  14.94 MB
       Class:  13.60 MB
        Both:  28.54 MB

MaxMetaspaceSize: unlimited
CompressedClassSpaceSize: 1.00 GB
Initial GC threshold: 21.00 MB
Current GC threshold: 21.00 MB
CDS: off
 - commit_granule_bytes: 65536.
 - commit_granule_words: 8192.
 - virtual_space_node_default_size: 8388608.
 - enlarge_chunks_in_place: 1.
 - use_allocation_guard: 0.


Internal statistics:

num_allocs_failed_limit: 0.
num_arena_births: 224.
num_arena_deaths: 0.
num_vsnodes_births: 2.
num_vsnodes_deaths: 0.
num_space_committed: 297.
num_space_uncommitted: 0.
num_chunks_returned_to_freelist: 0.
num_chunks_taken_from_freelist: 528.
num_chunk_merges: 0.
num_chunk_splits: 344.
num_chunks_enlarged: 261.
num_inconsistent_stats: 0.

CodeHeap 'non-profiled nmethods': size=120000Kb used=1138Kb max_used=1138Kb free=118861Kb
 bounds [0x000001b787ad0000, 0x000001b787d40000, 0x000001b78f000000]
CodeHeap 'profiled nmethods': size=120000Kb used=3820Kb max_used=3820Kb free=116179Kb
 bounds [0x000001b780000000, 0x000001b7803c0000, 0x000001b787530000]
CodeHeap 'non-nmethods': size=5760Kb used=1368Kb max_used=1415Kb free=4391Kb
 bounds [0x000001b787530000, 0x000001b7877a0000, 0x000001b787ad0000]
CodeCache: size=245760Kb, used=6326Kb, max_used=6373Kb, free=239431Kb
 total_blobs=2582, nmethods=2091, adapters=396, full_count=0
Compilation: enabled, stopped_count=0, restarted_count=0

Compilation events (20 events):
Event: 89.632 Thread 0x000001b7f8862ff0 nmethod 2086 0x000001b787bec610 code [0x000001b787bec7a0, 0x000001b787bec850]
Event: 89.687 Thread 0x000001b7f8867eb0 2087       3       java.lang.ref.ReferenceQueue::poll0 (65 bytes)
Event: 89.688 Thread 0x000001b7f8867eb0 nmethod 2087 0x000001b7803b4e10 code [0x000001b7803b4fe0, 0x000001b7803b54c8]
Event: 90.044 Thread 0x000001b7f8867eb0 2088       3       org.gradle.internal.logging.sink.GroupingProgressLogEventGenerator$OperationGroup::<init> (59 bytes)
Event: 90.044 Thread 0x000001b7f8867eb0 nmethod 2088 0x000001b7803b5610 code [0x000001b7803b5820, 0x000001b7803b5f98]
Event: 90.146 Thread 0x000001b7f8867eb0 2089       3       java.util.Collections::addAll (43 bytes)
Event: 90.146 Thread 0x000001b7f8867eb0 nmethod 2089 0x000001b7803b6190 code [0x000001b7803b6340, 0x000001b7803b65e0]
Event: 92.516 Thread 0x000001b7f8867eb0 2090       3       org.gradle.internal.logging.events.LogEvent::<init> (14 bytes)
Event: 92.517 Thread 0x000001b7f8867eb0 nmethod 2090 0x000001b7803b6710 code [0x000001b7803b68c0, 0x000001b7803b6a00]
Event: 92.517 Thread 0x000001b7f8867eb0 2091       3       com.google.common.collect.CollectPreconditions::checkNonnegative (37 bytes)
Event: 92.524 Thread 0x000001b7f8867eb0 nmethod 2091 0x000001b7803b6b10 code [0x000001b7803b6d60, 0x000001b7803b73c8]
Event: 92.524 Thread 0x000001b7f8867eb0 2092       3       org.gradle.internal.logging.format.PrettyPrefixedLogHeaderFormatter::format (62 bytes)
Event: 92.529 Thread 0x000001b7f8867eb0 nmethod 2092 0x000001b7803b7690 code [0x000001b7803b78e0, 0x000001b7803b8470]
Event: 92.529 Thread 0x000001b7f8867eb0 2093       3       org.gradle.internal.logging.format.PrettyPrefixedLogHeaderFormatter::header (42 bytes)
Event: 92.530 Thread 0x000001b7f8867eb0 nmethod 2093 0x000001b7803b8790 code [0x000001b7803b89c0, 0x000001b7803b90d8]
Event: 93.203 Thread 0x000001b7f8867eb0 2094       3       org.gradle.internal.logging.sink.GroupingProgressLogEventGenerator::spacerLine (16 bytes)
Event: 93.203 Thread 0x000001b7f8867eb0 nmethod 2094 0x000001b7803b9390 code [0x000001b7803b9540, 0x000001b7803b96f0]
Event: 94.384 Thread 0x000001b7f8867eb0 2095       3       org.gradle.internal.logging.sink.GroupingProgressLogEventGenerator$OperationGroup::header (47 bytes)
Event: 94.384 Thread 0x000001b7f8867eb0 nmethod 2095 0x000001b7803b9790 code [0x000001b7803b9960, 0x000001b7803b9c08]
Event: 96.358 Thread 0x000001b7f8862ff0 2096       4       org.gradle.internal.logging.text.StreamingStyledTextOutput::doAppend (11 bytes)

GC Heap History (6 events):
Event: 1.582 GC heap before
{Heap before GC invocations=0 (full 0):
 garbage-first heap   total 126976K, used 13312K [0x0000000085000000, 0x0000000100000000)
  region size 1024K, 13 young (13312K), 0 survivors (0K)
 Metaspace       used 8554K, committed 8704K, reserved 1114112K
  class space    used 789K, committed 896K, reserved 1048576K
}
Event: 1.587 GC heap after
{Heap after GC invocations=1 (full 0):
 garbage-first heap   total 126976K, used 1616K [0x0000000085000000, 0x0000000100000000)
  region size 1024K, 2 young (2048K), 2 survivors (2048K)
 Metaspace       used 8554K, committed 8704K, reserved 1114112K
  class space    used 789K, committed 896K, reserved 1048576K
}
Event: 2.312 GC heap before
{Heap before GC invocations=1 (full 0):
 garbage-first heap   total 126976K, used 28240K [0x0000000085000000, 0x0000000100000000)
  region size 1024K, 25 young (25600K), 2 survivors (2048K)
 Metaspace       used 12827K, committed 12992K, reserved 1114112K
  class space    used 1443K, committed 1536K, reserved 1048576K
}
Event: 2.317 GC heap after
{Heap after GC invocations=2 (full 0):
 garbage-first heap   total 126976K, used 11013K [0x0000000085000000, 0x0000000100000000)
  region size 1024K, 4 young (4096K), 4 survivors (4096K)
 Metaspace       used 12827K, committed 12992K, reserved 1114112K
  class space    used 1443K, committed 1536K, reserved 1048576K
}
Event: 88.982 GC heap before
{Heap before GC invocations=2 (full 0):
 garbage-first heap   total 126976K, used 82693K [0x0000000085000000, 0x0000000100000000)
  region size 1024K, 74 young (75776K), 4 survivors (4096K)
 Metaspace       used 18739K, committed 19008K, reserved 1114112K
  class space    used 2223K, committed 2368K, reserved 1048576K
}
Event: 89.581 GC heap after
{Heap after GC invocations=3 (full 0):
 garbage-first heap   total 126976K, used 13482K [0x0000000085000000, 0x0000000100000000)
  region size 1024K, 7 young (7168K), 7 survivors (7168K)
 Metaspace       used 18739K, committed 19008K, reserved 1114112K
  class space    used 2223K, committed 2368K, reserved 1048576K
}

Dll operation events (3 events):
Event: 0.075 Loaded shared library C:\Program Files\Android\Android Studio\jbr\bin\java.dll
Event: 0.102 Loaded shared library C:\Program Files\Android\Android Studio\jbr\bin\zip.dll
Event: 0.986 Loaded shared library C:\Program Files\Android\Android Studio\jbr\bin\verify.dll

Deoptimization events (20 events):
Event: 42.210 Thread 0x000001b7fd4795b0 DEOPT PACKING pc=0x000001b787ba6068 sp=0x0000009964afecb0
Event: 42.210 Thread 0x000001b7fd4795b0 DEOPT UNPACKING pc=0x000001b7875846a2 sp=0x0000009964afea70 mode 2
Event: 75.790 Thread 0x000001b7f09e3390 Uncommon trap: trap_request=0xffffff45 fr.pc=0x000001b787b9c21c relative=0x0000000000000efc
Event: 75.790 Thread 0x000001b7f09e3390 Uncommon trap: reason=unstable_if action=reinterpret pc=0x000001b787b9c21c method=com.esotericsoftware.kryo.io.Input.readUtf8Length(I)I @ 46 c2
Event: 75.790 Thread 0x000001b7f09e3390 DEOPT PACKING pc=0x000001b787b9c21c sp=0x00000099635fe280
Event: 75.790 Thread 0x000001b7f09e3390 DEOPT UNPACKING pc=0x000001b7875846a2 sp=0x00000099635fe170 mode 2
Event: 75.839 Thread 0x000001b7f09e3390 Uncommon trap: trap_request=0xffffff45 fr.pc=0x000001b787bbf4dc relative=0x000000000000343c
Event: 75.846 Thread 0x000001b7f09e3390 Uncommon trap: reason=unstable_if action=reinterpret pc=0x000001b787bbf4dc method=org.gradle.internal.logging.serializer.LogEventSerializer.read(Lorg/gradle/internal/serialize/Decoder;)Lorg/gradle/internal/logging/events/LogEvent; @ 59 c2
Event: 75.846 Thread 0x000001b7f09e3390 DEOPT PACKING pc=0x000001b787bbf4dc sp=0x00000099635fe300
Event: 75.847 Thread 0x000001b7f09e3390 DEOPT UNPACKING pc=0x000001b7875846a2 sp=0x00000099635fe2c0 mode 2
Event: 75.850 Thread 0x000001b7f09e3390 Uncommon trap: trap_request=0xffffff45 fr.pc=0x000001b787bc6ff8 relative=0x0000000000003458
Event: 75.850 Thread 0x000001b7f09e3390 Uncommon trap: reason=unstable_if action=reinterpret pc=0x000001b787bc6ff8 method=org.gradle.internal.logging.serializer.LogEventSerializer.read(Lorg/gradle/internal/serialize/Decoder;)Lorg/gradle/internal/logging/events/LogEvent; @ 59 c2
Event: 75.850 Thread 0x000001b7f09e3390 DEOPT PACKING pc=0x000001b787bc6ff8 sp=0x00000099635fe280
Event: 75.850 Thread 0x000001b7f09e3390 DEOPT UNPACKING pc=0x000001b7875846a2 sp=0x00000099635fe2b8 mode 2
Event: 75.865 Thread 0x000001b7f09e3390 DEOPT PACKING pc=0x000001b78038d4ee sp=0x00000099635fe170
Event: 75.865 Thread 0x000001b7f09e3390 DEOPT UNPACKING pc=0x000001b787584e42 sp=0x00000099635fd638 mode 0
Event: 80.443 Thread 0x000001b7fd4795b0 Uncommon trap: trap_request=0xffffff45 fr.pc=0x000001b787b974f0 relative=0x00000000000017b0
Event: 80.444 Thread 0x000001b7fd4795b0 Uncommon trap: reason=unstable_if action=reinterpret pc=0x000001b787b974f0 method=sun.nio.cs.UTF_8$Encoder.encodeArrayLoop(Ljava/nio/CharBuffer;Ljava/nio/ByteBuffer;)Ljava/nio/charset/CoderResult; @ 103 c2
Event: 80.478 Thread 0x000001b7fd4795b0 DEOPT PACKING pc=0x000001b787b974f0 sp=0x0000009964afe8b0
Event: 80.541 Thread 0x000001b7fd4795b0 DEOPT UNPACKING pc=0x000001b7875846a2 sp=0x0000009964afe2d8 mode 2

Classes loaded (20 events):
Event: 4.244 Loading class jdk/internal/logger/LazyLoggers$LazyLoggerFactories
Event: 4.244 Loading class jdk/internal/logger/LazyLoggers$LazyLoggerFactories done
Event: 4.245 Loading class jdk/internal/logger/LoggerFinderLoader
Event: 4.245 Loading class jdk/internal/logger/LoggerFinderLoader done
Event: 4.245 Loading class jdk/internal/logger/LoggerFinderLoader$TemporaryLoggerFinder
Event: 4.245 Loading class jdk/internal/logger/LoggerFinderLoader$TemporaryLoggerFinder done
Event: 4.245 Loading class sun/util/logging/internal/LoggingProviderImpl$JULWrapper
Event: 4.246 Loading class sun/util/logging/PlatformLogger$ConfigurableBridge$LoggerConfiguration
Event: 4.246 Loading class sun/util/logging/PlatformLogger$ConfigurableBridge$LoggerConfiguration done
Event: 4.246 Loading class sun/util/logging/internal/LoggingProviderImpl$JULWrapper done
Event: 4.246 Loading class java/io/ObjectInputFilter$Config$BuiltinFilterFactory
Event: 4.246 Loading class java/io/ObjectInputFilter$Config$BuiltinFilterFactory done
Event: 4.246 Loading class jdk/internal/access/JavaObjectInputFilterAccess
Event: 4.246 Loading class jdk/internal/access/JavaObjectInputFilterAccess done
Event: 4.247 Loading class java/lang/System$Logger$Level
Event: 4.247 Loading class java/lang/System$Logger$Level done
Event: 12.119 Loading class java/lang/invoke/MethodHandle$1
Event: 12.119 Loading class java/lang/invoke/MethodHandle$1 done
Event: 24.401 Loading class java/lang/foreign/MemorySegment
Event: 24.404 Loading class java/lang/foreign/MemorySegment done

Classes unloaded (0 events):
No events

Classes redefined (0 events):
No events

Internal exceptions (17 events):
Event: 1.288 Thread 0x000001b7f09e3390 Exception <a 'java/lang/NoSuchMethodError'{0x000000008c9f7cf8}: 'void java.lang.invoke.DirectMethodHandle$Holder.invokeSpecial(java.lang.Object, java.lang.Object, java.lang.Object)'> (0x000000008c9f7cf8) 
thrown [s\src\hotspot\share\interpreter\linkResolver.cpp, line 784]
Event: 1.408 Thread 0x000001b7f09e3390 Exception <a 'java/lang/NoSuchMethodError'{0x000000008c72d6c0}: 'int java.lang.invoke.DirectMethodHandle$Holder.invokeSpecial(java.lang.Object, java.lang.Object, java.lang.Object, java.lang.Object)'> (0x000000008c72d6c0) 
thrown [s\src\hotspot\share\interpreter\linkResolver.cpp, line 784]
Event: 1.980 Thread 0x000001b7f09e3390 Exception <a 'java/lang/NoSuchMethodError'{0x000000008bb4d900}: 'java.lang.Object java.lang.invoke.DirectMethodHandle$Holder.invokeVirtual(java.lang.Object, java.lang.Object, java.lang.Object)'> (0x000000008bb4d900) 
thrown [s\src\hotspot\share\interpreter\linkResolver.cpp, line 784]
Event: 2.133 Thread 0x000001b7f09e3390 Exception <a 'java/lang/NoSuchMethodError'{0x000000008b763e98}: 'void java.lang.invoke.DirectMethodHandle$Holder.invokeInterface(java.lang.Object, java.lang.Object, java.lang.Object)'> (0x000000008b763e98) 
thrown [s\src\hotspot\share\interpreter\linkResolver.cpp, line 784]
Event: 2.158 Thread 0x000001b7f09e3390 Exception <a 'java/lang/NoClassDefFoundError'{0x000000008b7e9a50}: org/slf4j/impl/StaticMarkerBinder> (0x000000008b7e9a50) 
thrown [s\src\hotspot\share\classfile\systemDictionary.cpp, line 301]
Event: 2.321 Thread 0x000001b7f09e3390 Exception <a 'java/lang/NoSuchMethodError'{0x000000008cb19410}: 'java.lang.Object java.lang.invoke.DirectMethodHandle$Holder.newInvokeSpecial(java.lang.Object, java.lang.Object, java.lang.Object, java.lang.Object, java.lang.Object)'> (0x000000008cb19410) 
thrown [s\src\hotspot\share\interpreter\linkResolver.cpp, line 784]
Event: 2.332 Thread 0x000001b7f09e3390 Exception <a 'java/lang/NoSuchMethodError'{0x000000008cbd7a20}: 'java.lang.Object java.lang.invoke.Invokers$Holder.invokeExact_MT(java.lang.Object, java.lang.Object, java.lang.Object, java.lang.Object, java.lang.Object)'> (0x000000008cbd7a20) 
thrown [s\src\hotspot\share\interpreter\linkResolver.cpp, line 784]
Event: 2.337 Thread 0x000001b7f09e3390 Exception <a 'java/lang/NoSuchMethodError'{0x000000008ca075d8}: 'java.lang.Object java.lang.invoke.DirectMethodHandle$Holder.invokeVirtual(java.lang.Object, java.lang.Object, java.lang.Object, java.lang.Object, java.lang.Object, java.lang.Object, java.lang.Object)'> (0x000000008ca075d8) 
thrown [s\src\hotspot\share\interpreter\linkResolver.cpp, line 784]
Event: 2.346 Thread 0x000001b7f09e3390 Exception <a 'java/lang/NoSuchMethodError'{0x000000008ca4cb38}: 'java.lang.Object java.lang.invoke.DirectMethodHandle$Holder.invokeVirtual(java.lang.Object, java.lang.Object, java.lang.Object, java.lang.Object)'> (0x000000008ca4cb38) 
thrown [s\src\hotspot\share\interpreter\linkResolver.cpp, line 784]
Event: 2.369 Thread 0x000001b7f09e3390 Exception <a 'java/lang/NoSuchMethodError'{0x000000008c906780}: 'java.lang.Object java.lang.invoke.DirectMethodHandle$Holder.invokeVirtual(java.lang.Object, java.lang.Object, java.lang.Object, java.lang.Object, java.lang.Object, java.lang.Object)'> (0x000000008c906780) 
thrown [s\src\hotspot\share\interpreter\linkResolver.cpp, line 784]
Event: 2.437 Thread 0x000001b7f09e3390 Implicit null exception at 0x000001b787b3ac41 to 0x000001b787b3aec0
Event: 2.599 Thread 0x000001b7f09e3390 Exception <a 'java/lang/NoSuchMethodError'{0x000000008c5f0450}: 'java.lang.Object java.lang.invoke.DirectMethodHandle$Holder.invokeVirtual(java.lang.Object, java.lang.Object, java.lang.Object, java.lang.Object, java.lang.Object)'> (0x000000008c5f0450) 
thrown [s\src\hotspot\share\interpreter\linkResolver.cpp, line 784]
Event: 2.601 Thread 0x000001b7f09e3390 Exception <a 'java/lang/NoSuchMethodError'{0x000000008c4034e0}: 'java.lang.Object java.lang.invoke.Invokers$Holder.invokeExact_MT(java.lang.Object, java.lang.Object, java.lang.Object, java.lang.Object, java.lang.Object, java.lang.Object)'> (0x000000008c4034e0) 
thrown [s\src\hotspot\share\interpreter\linkResolver.cpp, line 784]
Event: 2.625 Thread 0x000001b7f09e3390 Exception <a 'java/lang/NoSuchMethodError'{0x000000008c4aab08}: 'java.lang.Object java.lang.invoke.DirectMethodHandle$Holder.invokeSpecialIFC(java.lang.Object, java.lang.Object, java.lang.Object, java.lang.Object)'> (0x000000008c4aab08) 
thrown [s\src\hotspot\share\interpreter\linkResolver.cpp, line 784]
Event: 2.627 Thread 0x000001b7f09e3390 Exception <a 'java/lang/NoSuchMethodError'{0x000000008c4b3d80}: 'java.lang.Object java.lang.invoke.DirectMethodHandle$Holder.invokeVirtual(java.lang.Object, java.lang.Object, java.lang.Object, java.lang.Object, java.lang.Object, java.lang.Object, java.lang.Object, java.lang.Object)'> (0x000000008c4b3d80) 
thrown [s\src\hotspot\share\interpreter\linkResolver.cpp, line 784]
Event: 3.037 Thread 0x000001b7f09e3390 Exception <a 'java/lang/NoSuchMethodError'{0x000000008c04d3b0}: 'java.lang.Object java.lang.invoke.DirectMethodHandle$Holder.invokeStaticInit(java.lang.Object, java.lang.Object, int, int, int, int)'> (0x000000008c04d3b0) 
thrown [s\src\hotspot\share\interpreter\linkResolver.cpp, line 784]
Event: 3.126 Thread 0x000001b7f09e3390 Implicit null exception at 0x000001b787b4c624 to 0x000001b787b4cca0

ZGC Phase Switch (0 events):
No events

VM Operations (20 events):
Event: 43.415 Executing VM operation: Cleanup
Event: 43.415 Executing VM operation: Cleanup done
Event: 52.490 Executing VM operation: Cleanup
Event: 52.490 Executing VM operation: Cleanup done
Event: 53.493 Executing VM operation: Cleanup
Event: 53.493 Executing VM operation: Cleanup done
Event: 64.592 Executing VM operation: Cleanup
Event: 64.592 Executing VM operation: Cleanup done
Event: 65.604 Executing VM operation: Cleanup
Event: 65.965 Executing VM operation: Cleanup done
Event: 76.028 Executing VM operation: Cleanup
Event: 76.028 Executing VM operation: Cleanup done
Event: 81.070 Executing VM operation: Cleanup
Event: 81.070 Executing VM operation: Cleanup done
Event: 82.079 Executing VM operation: Cleanup
Event: 82.079 Executing VM operation: Cleanup done
Event: 88.967 Executing VM operation: G1CollectForAllocation (G1 Evacuation Pause)
Event: 89.581 Executing VM operation: G1CollectForAllocation (G1 Evacuation Pause) done
Event: 90.593 Executing VM operation: Cleanup
Event: 90.593 Executing VM operation: Cleanup done

Memory protections (0 events):
No events

Nmethod flushes (0 events):
No events

Events (20 events):
Event: 0.093 Thread 0x000001b7f09e3390 Thread added: 0x000001b7f09e3390
Event: 0.474 Thread 0x000001b7f09e3390 Thread added: 0x000001b7f885a5a0
Event: 0.490 Thread 0x000001b7f09e3390 Thread added: 0x000001b7f887a8f0
Event: 0.490 Thread 0x000001b7f09e3390 Thread added: 0x000001b7f887d360
Event: 0.493 Thread 0x000001b7f09e3390 Thread added: 0x000001b7f887e1d0
Event: 0.493 Thread 0x000001b7f09e3390 Thread added: 0x000001b7f887ec30
Event: 0.493 Thread 0x000001b7f09e3390 Thread added: 0x000001b7f887f690
Event: 0.493 Thread 0x000001b7f09e3390 Thread added: 0x000001b7f88800f0
Event: 0.493 Thread 0x000001b7f09e3390 Thread added: 0x000001b7f8862ff0
Event: 0.545 Thread 0x000001b7f09e3390 Thread added: 0x000001b7f8867eb0
Event: 0.806 Thread 0x000001b7f09e3390 Thread added: 0x000001b7f8a218b0
Event: 0.835 Loaded shared library C:\Program Files\Android\Android Studio\jbr\bin\net.dll
Event: 0.840 Loaded shared library C:\Program Files\Android\Android Studio\jbr\bin\nio.dll
Event: 0.898 Loaded shared library C:\Program Files\Android\Android Studio\jbr\bin\zip.dll
Event: 1.160 Loaded shared library C:\Program Files\Android\Android Studio\jbr\bin\jimage.dll
Event: 2.215 Loaded shared library S:\gradle-home\native\c067742578af261105cb4f569cf0c3c89f3d7b1fecec35dd04571415982c5e48\windows-amd64\native-platform.dll
Event: 2.254 Thread 0x000001b7f09e3390 Thread added: 0x000001b7fd4795b0
Event: 2.471 Loaded shared library C:\Program Files\Android\Android Studio\jbr\bin\management.dll
Event: 2.481 Loaded shared library C:\Program Files\Android\Android Studio\jbr\bin\management_ext.dll
Event: 3.073 Loaded shared library C:\Program Files\Android\Android Studio\jbr\bin\extnet.dll


Dynamic libraries:
0x00007ff647d50000 - 0x00007ff647d5a000 	C:\Program Files\Android\Android Studio\jbr\bin\java.exe
0x00007ff93ecc0000 - 0x00007ff93eec9000 	C:\Windows\SYSTEM32\ntdll.dll
0x00007ff93da50000 - 0x00007ff93db0e000 	C:\Windows\System32\KERNEL32.DLL
0x00007ff93c7c0000 - 0x00007ff93cb3c000 	C:\Windows\System32\KERNELBASE.dll
0x00007ff93c410000 - 0x00007ff93c521000 	C:\Windows\System32\ucrtbase.dll
0x00007ff935a60000 - 0x00007ff935a78000 	C:\Program Files\Android\Android Studio\jbr\bin\jli.dll
0x00007ff93d2f0000 - 0x00007ff93d49d000 	C:\Windows\System32\USER32.dll
0x00007ff93c280000 - 0x00007ff93c2a6000 	C:\Windows\System32\win32u.dll
0x00007ff93d170000 - 0x00007ff93d199000 	C:\Windows\System32\GDI32.dll
0x00007ff93c6a0000 - 0x00007ff93c7b8000 	C:\Windows\System32\gdi32full.dll
0x00007ff93c370000 - 0x00007ff93c40d000 	C:\Windows\System32\msvcp_win.dll
0x00007ff932510000 - 0x00007ff93252b000 	C:\Program Files\Android\Android Studio\jbr\bin\VCRUNTIME140.dll
0x00007ff922f10000 - 0x00007ff9231b5000 	C:\Windows\WinSxS\amd64_microsoft.windows.common-controls_6595b64144ccf1df_6.0.22000.120_none_9d947278b86cc467\COMCTL32.dll
0x00007ff93ea10000 - 0x00007ff93eab3000 	C:\Windows\System32\msvcrt.dll
0x00007ff93e950000 - 0x00007ff93e981000 	C:\Windows\System32\IMM32.DLL
0x00007ff9385e0000 - 0x00007ff9385ec000 	C:\Program Files\Android\Android Studio\jbr\bin\vcruntime140_1.dll
0x00007ff91e690000 - 0x00007ff91e71d000 	C:\Program Files\Android\Android Studio\jbr\bin\msvcp140.dll
0x00007ff8a4750000 - 0x00007ff8a53e6000 	C:\Program Files\Android\Android Studio\jbr\bin\server\jvm.dll
0x00007ff93dc20000 - 0x00007ff93dcce000 	C:\Windows\System32\ADVAPI32.dll
0x00007ff93db80000 - 0x00007ff93dc1e000 	C:\Windows\System32\sechost.dll
0x00007ff93e4a0000 - 0x00007ff93e5c0000 	C:\Windows\System32\RPCRT4.dll
0x00007ff93eac0000 - 0x00007ff93eb2f000 	C:\Windows\System32\WS2_32.dll
0x00007ff93bec0000 - 0x00007ff93bf0d000 	C:\Windows\SYSTEM32\POWRPROF.dll
0x00007ff935860000 - 0x00007ff935893000 	C:\Windows\SYSTEM32\WINMM.dll
0x00007ff930fa0000 - 0x00007ff930faa000 	C:\Windows\SYSTEM32\VERSION.dll
0x00007ff93bea0000 - 0x00007ff93beb3000 	C:\Windows\SYSTEM32\UMPDC.dll
0x00007ff93b210000 - 0x00007ff93b228000 	C:\Windows\SYSTEM32\kernel.appcore.dll
0x00007ff933010000 - 0x00007ff93301a000 	C:\Program Files\Android\Android Studio\jbr\bin\jimage.dll
0x00007ff9232f0000 - 0x00007ff923511000 	C:\Windows\SYSTEM32\DBGHELP.DLL
0x00007ff923290000 - 0x00007ff9232c1000 	C:\Windows\SYSTEM32\dbgcore.DLL
0x00007ff93c190000 - 0x00007ff93c20f000 	C:\Windows\System32\bcryptPrimitives.dll
0x00007ff92b580000 - 0x00007ff92b5a0000 	C:\Program Files\Android\Android Studio\jbr\bin\java.dll
0x00007ff92b560000 - 0x00007ff92b578000 	C:\Program Files\Android\Android Studio\jbr\bin\zip.dll
0x00007ff93dcd0000 - 0x00007ff93e495000 	C:\Windows\System32\SHELL32.dll
0x00007ff93a280000 - 0x00007ff93aae5000 	C:\Windows\SYSTEM32\windows.storage.dll
0x00007ff93d4a0000 - 0x00007ff93d816000 	C:\Windows\System32\combase.dll
0x00007ff93a110000 - 0x00007ff93a276000 	C:\Windows\SYSTEM32\wintypes.dll
0x00007ff93eb90000 - 0x00007ff93ec7a000 	C:\Windows\System32\SHCORE.dll
0x00007ff93db20000 - 0x00007ff93db7d000 	C:\Windows\System32\shlwapi.dll
0x00007ff93c0c0000 - 0x00007ff93c0e1000 	C:\Windows\SYSTEM32\profapi.dll
0x00007ff932500000 - 0x00007ff932510000 	C:\Program Files\Android\Android Studio\jbr\bin\net.dll
0x00007ff935ae0000 - 0x00007ff935bf2000 	C:\Windows\SYSTEM32\WINHTTP.dll
0x00007ff93b6b0000 - 0x00007ff93b717000 	C:\Windows\system32\mswsock.dll
0x00007ff925110000 - 0x00007ff925126000 	C:\Program Files\Android\Android Studio\jbr\bin\nio.dll
0x00007ff923660000 - 0x00007ff923670000 	C:\Program Files\Android\Android Studio\jbr\bin\verify.dll
0x00007ff933f50000 - 0x00007ff933f77000 	S:\gradle-home\native\c067742578af261105cb4f569cf0c3c89f3d7b1fecec35dd04571415982c5e48\windows-amd64\native-platform.dll
0x00007ff931300000 - 0x00007ff931309000 	C:\Program Files\Android\Android Studio\jbr\bin\management.dll
0x00007ff92b530000 - 0x00007ff92b53b000 	C:\Program Files\Android\Android Studio\jbr\bin\management_ext.dll
0x00007ff93d1a0000 - 0x00007ff93d1a8000 	C:\Windows\System32\PSAPI.DLL
0x00007ff93b8f0000 - 0x00007ff93b908000 	C:\Windows\SYSTEM32\CRYPTSP.dll
0x00007ff93b170000 - 0x00007ff93b1a5000 	C:\Windows\system32\rsaenh.dll
0x00007ff93b7a0000 - 0x00007ff93b7c9000 	C:\Windows\SYSTEM32\USERENV.dll
0x00007ff93baf0000 - 0x00007ff93bb17000 	C:\Windows\SYSTEM32\bcrypt.dll
0x00007ff93b910000 - 0x00007ff93b91c000 	C:\Windows\SYSTEM32\CRYPTBASE.dll
0x00007ff93ad40000 - 0x00007ff93ad6d000 	C:\Windows\SYSTEM32\IPHLPAPI.DLL
0x00007ff93db10000 - 0x00007ff93db19000 	C:\Windows\System32\NSI.dll
0x00007ff931c60000 - 0x00007ff931c69000 	C:\Program Files\Android\Android Studio\jbr\bin\extnet.dll
0x00007ff917720000 - 0x00007ff917728000 	C:\Windows\system32\wshunix.dll

JVMTI agents: none

dbghelp: loaded successfully - version: 4.0.5 - missing functions: none
symbol engine: initialized successfully - sym options: 0x614 - pdb path: .;C:\Program Files\Android\Android Studio\jbr\bin;C:\Windows\SYSTEM32;C:\Windows\WinSxS\amd64_microsoft.windows.common-controls_6595b64144ccf1df_6.0.22000.120_none_9d947278b86cc467;C:\Program Files\Android\Android Studio\jbr\bin\server;S:\gradle-home\native\c067742578af261105cb4f569cf0c3c89f3d7b1fecec35dd04571415982c5e48\windows-amd64

VM Arguments:
jvm_args: -Dorg.gradle.appname=gradlew 
java_command: org.gradle.wrapper.GradleWrapperMain --full-stacktrace --info -Pverbose=true -Ptarget-platform=android-arm64 -Ptarget=S:\dev\CaribTap\flutter-ulistings-app\flutter_universal_listings\lib\main.dart -Pbase-application-name=android.app.Application -Pdart-defines=RkxVVFRFUl9WRVJTSU9OPTMuMzguNg==,RkxVVFRFUl9DSEFOTkVMPXN0YWJsZQ==,RkxVVFRFUl9HSVRfVVJMPWh0dHBzOi8vZ2l0aHViLmNvbS9mbHV0dGVyL2ZsdXR0ZXIuZ2l0,RkxVVFRFUl9GUkFNRVdPUktfUkVWSVNJT049OGI4NzI4Njg0OQ==,RkxVVFRFUl9FTkdJTkVfUkVWSVNJT049NzhmYzMwMTJlNA==,RkxVVFRFUl9EQVJUX1ZFUlNJT049My4xMC43 -Pdart-obfuscation=false -Ptrack-widget-creation=true -Ptree-shake-icons=false -Pfilesystem-scheme=org-dartlang-root assembleDebug
java_class_path (initial): S:\dev\CaribTap\flutter-ulistings-app\flutter_universal_listings\android\\gradle\wrapper\gradle-wrapper.jar
Launcher Type: SUN_STANDARD

[Global flags]
     intx CICompilerCount                          = 3                                         {product} {ergonomic}
     uint ConcGCThreads                            = 1                                         {product} {ergonomic}
     uint G1ConcRefinementThreads                  = 4                                         {product} {ergonomic}
   size_t G1HeapRegionSize                         = 1048576                                   {product} {ergonomic}
    uintx GCDrainStackTargetSize                   = 64                                        {product} {ergonomic}
   size_t InitialHeapSize                          = 130023424                                 {product} {ergonomic}
   size_t MarkStackSize                            = 4194304                                   {product} {ergonomic}
   size_t MaxHeapSize                              = 2063597568                                {product} {ergonomic}
   size_t MaxNewSize                               = 1237319680                                {product} {ergonomic}
   size_t MinHeapDeltaBytes                        = 1048576                                   {product} {ergonomic}
   size_t MinHeapSize                              = 8388608                                   {product} {ergonomic}
    uintx NonNMethodCodeHeapSize                   = 5832780                                {pd product} {ergonomic}
    uintx NonProfiledCodeHeapSize                  = 122912730                              {pd product} {ergonomic}
    uintx ProfiledCodeHeapSize                     = 122912730                              {pd product} {ergonomic}
    uintx ReservedCodeCacheSize                    = 251658240                              {pd product} {ergonomic}
     bool SegmentedCodeCache                       = true                                      {product} {ergonomic}
   size_t SoftMaxHeapSize                          = 2063597568                             {manageable} {ergonomic}
     bool UseCompressedOops                        = true                           {product lp64_product} {ergonomic}
     bool UseG1GC                                  = true                                      {product} {ergonomic}
     bool UseLargePagesIndividualAllocation        = false                                  {pd product} {ergonomic}

Logging:
Log output configuration:
 #0: stdout all=warning uptime,level,tags foldmultilines=false
 #1: stderr all=off uptime,level,tags foldmultilines=false

Environment Variables:
JAVA_HOME=C:\Program Files\Android\Android Studio\jbr
CLASSPATH=S:\dev\CaribTap\flutter-ulistings-app\flutter_universal_listings\android\\gradle\wrapper\gradle-wrapper.jar
PATH=C:\Program Files\Android\Android Studio\jbr\bin;C:\Program Files\Common Files\Oracle\Java\javapath;C:\Program Files\Common Files\Oracle\Java\javapath;C:\Program Files\Common Files\Oracle\Java\javapath;C:\Program Files\Common Files\Oracle\Java\javapath;C:\Program Files\Common Files\Oracle\Java\javapath;C:\Program Files\Common Files\Oracle\Java\javapath;C:\Program Files\Common Files\Oracle\Java\javapath;C:\Program Files\Common Files\Oracle\Java\javapath;C:\Program Files\Common Files\Oracle\Java\javapath;C:\Program Files\Common Files\Oracle\Java\javapath;C:\Program Files\Common Files\Oracle\Java\javapath;C:\Program Files\Common Files\Oracle\Java\javapath;C:\Program Files\Common Files\Oracle\Java\javapath;C:\Program Files\Common Files\Oracle\Java\javapath;C:\Program Files\Common Files\Oracle\Java\javapath;C:\Program Files\Common Files\Oracle\Java\javapath;C:\Program Files\Common Files\Oracle\Java\javapath;C:\Program Files\Common Files\Oracle\Java\javapath;C:\Windows\System32;C:\Program Files\Android\Android Studio\jbr\bin;C:\Users\Experimental\AppData\Local\Microsoft\WindowsApps;S:\flutter\bin;C:\Program Files\Android\Android Studio\jbr\bin;C:\Users\Experimental\AppData\Local\Microsoft\WindowsApps;S:\flutter\bin;C:\Windows\System32;C:\Program Files\Git\cmd;C:\Program Files\Android\Android Studio\jbr\bin;C:\Users\Experimental\AppData\Local\Microsoft\WindowsApps;S:\flutter\bin;C:\Program Files\Android\Android Studio\jbr\bin;C:\Users\Experimental\AppData\Local\Microsoft\WindowsApps;S:\flutter\bin;C:\Windows\System32;C:\Program Files\Git\cmd;C:\Program Files\Android\Android Studio\jbr\bin;C:\Users\Experimental\AppData\Local\Microsoft\WindowsApps;S:\flutter\bin;C:\Program Files\Android\Android Studio\jbr\bin;C:\Users\Experimental\AppData\Local\Microsoft\WindowsApps;S:\flutter\bin;C:\Windows\System32;C:\Program Files\Git\cmd;C:\Windows\System32;C:\Windows\System32\WindowsPowerShell\v1.0\;%NVM_HOME%;%NVM_SYMLINK%;C:\Program Files\nodejs\;C:\Program Files\Android\Android Studio\jbr\bin;C:\Users\Experimental\AppData\Local\Microsoft\WindowsApps;S:\flutter\bin;C:\Program Files\Android\Android Studio\jbr\bin;C:\Users\Experimental\AppData\Local\Microsoft\WindowsApps;S:\flutter\bin;C:\Windows\System32;C:\Program Files\Git\cmd;C:\Program Files\Android\Android Studio\jbr\bin;C:\Users\Experimental\AppData\Local\Microsoft\WindowsApps;S:\flutter\bin;C:\Program Files\Android\Android Studio\jbr\bin;C:\Users\Experimental\AppData\Local\Microsoft\WindowsApps;S:\flutter\bin;C:\Windows\System32;C:\Program Files\Git\cmd;C:\Program Files\Android\Android Studio\jbr\bin;C:\Users\Experimental\AppData\Local\Microsoft\WindowsApps;S:\flutter\bin;C:\Program Files\Android\Android Studio\jbr\bin;C:\Users\Experimental\AppData\Local\Microsoft\WindowsApps;S:\flutter\bin;C:\Windows\System32;C:\Program Files\Git\cmd;C:\Windows\System32;C:\Windows\System32\WindowsPowerShell\v1.0\;C:\Users\Experimental\AppData\Local\nvm;C:\nvm4w\nodejs;C:\Program Files\nodejs\;C:\Program Files\Android\Android Studio\jbr\bin;C:\Users\Experimental\AppData\Local\Microsoft\WindowsApps;S:\flutter\bin;C:\Program Files\Android\Android Studio\jbr\bin;C:\Users\Experimental\AppData\Local\Microsoft\WindowsApps;S:\flutter\bin;C:\Windows\System32;C:\Program Files\Git\cmd;C:\Program Files\Android\Android Studio\jbr\bin;C:\Users\Experimental\AppData\Local\Microsoft\WindowsApps;S:\flutter\bin;C:\Program Files\Android\Android Studio\jbr\bin;C:\Users\Experimental\AppData\Local\Microsoft\WindowsApps;S:\flutter\bin;C:\Windows\System32;C:\Program Files\Git\cmd;C:\Program Files\Android\Android Studio\jbr\bin;C:\Users\Experimental\AppData\Local\Microsoft\WindowsApps;S:\flutter\bin;C:\Program Files\Android\Android Studio\jbr\bin;C:\Users\Experimental\AppData\Local\Microsoft\WindowsApps;S:\flutter\bin;C:\Windows\System32;C:\Program Files\Git\cmd;C:\Windows\System32;C:\Windows\System32\WindowsPowerShell\v1.0\;C:\Users\Experimental\AppData\Local\nvm;C:\nvm4w\nodejs;C:\Program Files\nodejs\;C:\Windows\System32;C:\Windows;C:\Windows\System32\Wbem;C:\Windows\System32\WindowsPowerShell\v1.0\;S:\flutter\bin;C:\Program Files\Git\cmd;C:\Program Files\Android\Android Studio\jbr\bin;C:\Users\Experimental\AppData\Local\Microsoft\WindowsApps;C:\Users\Experimental\AppData\Local\Android\Sdk\platform-tools;C:\Users\Experimental\AppData\Local\Programs\Microsoft VS Code\bin;C:\Users\Experimental\AppData\Local\nvm;C:\nvm4w\nodejs;C:\Users\Experimental\AppData\Roaming\npm;S:\flutter\bin\mingit\cmd
USERNAME=Experimental
OS=Windows_NT
PROCESSOR_IDENTIFIER=Intel64 Family 6 Model 94 Stepping 3, GenuineIntel
TMP=C:\Users\EXPERI~1\AppData\Local\Temp
TEMP=C:\Users\EXPERI~1\AppData\Local\Temp




Periodic native trim disabled

JNI global refs:
JNI global refs: 19, weak refs: 1

JNI global refs memory usage: 835, weak refs: 833

Process memory usage:
Resident Set Size: 55008K (0% of 8054368K total physical memory with 125196K free physical memory)

OOME stack traces (most recent first):
Classloader memory used:
Loader bootstrap                                                                       : 13071K
Loader org.gradle.internal.classloader.VisitableURLClassLoader                         : 5188K
Loader java.net.URLClassLoader                                                         : 233K
Loader jdk.internal.loader.ClassLoaders$AppClassLoader                                 : 142K
Loader jdk.internal.loader.ClassLoaders$PlatformClassLoader                            : 110K

Classes loaded by more than one classloader:
Class org.gradle.cli.AbstractPropertiesCommandLineConverter                           : loaded 2 times (x 83B)
Class org.gradle.cli.CommandLineParser                                                : loaded 2 times (x 79B)
Class org.gradle.internal.service.UnknownServiceException                             : loaded 2 times (x 83B)
Class org.gradle.cli.SystemPropertiesCommandLineConverter                             : loaded 2 times (x 83B)
Class org.gradle.cli.CommandLineArgumentException                                     : loaded 2 times (x 82B)
Class org.gradle.cli.CommandLineParser$KnownOptionParserState                         : loaded 2 times (x 76B)
Class org.gradle.internal.InternalTransformer                                         : loaded 2 times (x 70B)
Class org.gradle.internal.classpath.DefaultClassPath$ImmutableUniqueList              : loaded 2 times (x 199B)
Class org.gradle.cli.CommandLineParser$OptionAwareParserState                         : loaded 2 times (x 77B)
Class org.gradle.cli.ParsedCommandLine                                                : loaded 2 times (x 80B)
Class org.gradle.internal.classpath.ClassPath                                         : loaded 2 times (x 70B)
Class org.gradle.cli.CommandLineParser$UnknownOptionParserState                       : loaded 2 times (x 76B)
Class org.gradle.cli.ParsedCommandLineOption                                          : loaded 2 times (x 76B)
Class org.gradle.api.UncheckedIOException                                             : loaded 2 times (x 82B)
Class org.gradle.cli.CommandLineParser$AfterFirstSubCommand                           : loaded 2 times (x 77B)
Class org.gradle.api.internal.classpath.ModuleRegistry                                : loaded 2 times (x 70B)
Class org.gradle.internal.installation.GradleInstallation$1                           : loaded 2 times (x 75B)
Class org.gradle.cli.CommandLineOption                                                : loaded 2 times (x 86B)
Class org.gradle.cli.CommandLineParser$BeforeFirstSubCommand                          : loaded 2 times (x 77B)
Class org.gradle.internal.service.ServiceLookupException                              : loaded 2 times (x 82B)
Class org.gradle.cli.CommandLineParser$OptionParserState                              : loaded 2 times (x 75B)
Class org.gradle.internal.classloader.ClasspathUtil                                   : loaded 2 times (x 71B)
Class org.gradle.api.specs.Spec                                                       : loaded 2 times (x 70B)
Class org.gradle.internal.classpath.DefaultClassPath                                  : loaded 2 times (x 90B)
Class org.gradle.internal.Cast                                                        : loaded 2 times (x 71B)
Class org.gradle.api.Action                                                           : loaded 2 times (x 70B)
Class org.gradle.cli.AbstractCommandLineConverter                                     : loaded 2 times (x 79B)
Class org.gradle.api.GradleException                                                  : loaded 2 times (x 82B)
Class org.gradle.internal.IoActions                                                   : loaded 2 times (x 71B)
Class org.gradle.cli.CommandLineConverter                                             : loaded 2 times (x 70B)
Class org.gradle.cli.CommandLineParser$ParserState                                    : loaded 2 times (x 76B)
Class org.gradle.cli.CommandLineParser$OptionString                                   : loaded 2 times (x 73B)
Class org.gradle.internal.installation.CurrentGradleInstallationLocator               : loaded 2 times (x 71B)
Class org.gradle.internal.installation.CurrentGradleInstallation                      : loaded 2 times (x 73B)
Class org.gradle.util.internal.GUtil                                                  : loaded 2 times (x 71B)
Class org.gradle.cli.CommandLineParser$AfterOptions                                   : loaded 2 times (x 77B)
Class org.gradle.internal.installation.GradleInstallation                             : loaded 2 times (x 75B)

---------------  S Y S T E M  ---------------

OS:
 Windows 11 , 64 bit Build 22000 (10.0.22000.1516)
OS uptime: 1 days 10:25 hours

CPU: total 4 (initial active 4) (4 cores per cpu, 1 threads per core) family 6 model 94 stepping 3 microcode 0xd6, cx8, cmov, fxsr, mmx, 3dnowpref, sse, sse2, sse3, ssse3, sse4.1, sse4.2, popcnt, lzcnt, tsc, tscinvbit, avx, avx2, aes, erms, clmul, bmi1, bmi2, rtm, adx, fma, vzeroupper, clflush, clflushopt, rdtscp, f16c
Processor Information for the first 4 processors :
  Max Mhz: 2301, Current Mhz: 2301, Mhz Limit: 2301

Memory: 4k page, system-wide physical 7865M (117M free)
TotalPageFile size 22397M (AvailPageFile size 0M)
current process WorkingSet (physical memory assigned to process): 56M, peak: 108M
current process commit charge ("private bytes"): 220M, peak: 231M

vm_info: OpenJDK 64-Bit Server VM (21.0.8+-14196175-b1038.72) for windows-amd64 JRE (21.0.8+-14196175-b1038.72), built on 2025-10-01T10:24:33Z by "builder" with MS VC++ 16.10 / 16.11 (VS2019)

END.
