#
# There is insufficient memory for the Java Runtime Environment to continue.
# Native memory allocation (malloc) failed to allocate 44192 bytes. Error detail: Chunk::new
# Possible reasons:
#   The system is out of physical RAM or swap space
#   This process is running with CompressedOops enabled, and the Java Heap may be blocking the growth of the native heap
# Possible solutions:
#   Reduce memory load on the system
#   Increase physical memory or swap space
#   Check if swap backing store is full
#   Decrease Java heap size (-Xmx/-Xms)
#   Decrease number of Java threads
#   Decrease Java thread stack sizes (-Xss)
#   Set larger code cache with -XX:ReservedCodeCacheSize=
#   JVM is running with Unscaled Compressed Oops mode in which the Java heap is
#     placed in the first 4GB address space. The Java Heap base address is the
#     maximum limit for the native heap growth. Please use -XX:HeapBaseMinAddress
#     to set the Java Heap base and to place the Java Heap above 4GB virtual address.
# This output file may be truncated or incomplete.
#
#  Out of Memory Error (arena.cpp:168), pid=8856, tid=12668
#
# JRE version: OpenJDK Runtime Environment (21.0.8) (build 21.0.8+-14196175-b1038.72)
# Java VM: OpenJDK 64-Bit Server VM (21.0.8+-14196175-b1038.72, mixed mode, tiered, compressed oops, compressed class ptrs, g1 gc, windows-amd64)
# No core dump will be written. Minidumps are not enabled by default on client versions of Windows
#

---------------  S U M M A R Y ------------

Command Line: -Dorg.gradle.appname=gradlew org.gradle.wrapper.GradleWrapperMain --full-stacktrace --info -Pverbose=true -Ptarget-platform=android-arm64 -Ptarget=S:\dev\CaribTap\flutter-ulistings-app\flutter_universal_listings\lib\main.dart -Pbase-application-name=android.app.Application -Pdart-defines=RkxVVFRFUl9WRVJTSU9OPTMuMzguNg==,RkxVVFRFUl9DSEFOTkVMPXN0YWJsZQ==,RkxVVFRFUl9HSVRfVVJMPWh0dHBzOi8vZ2l0aHViLmNvbS9mbHV0dGVyL2ZsdXR0ZXIuZ2l0,RkxVVFRFUl9GUkFNRVdPUktfUkVWSVNJT049OGI4NzI4Njg0OQ==,RkxVVFRFUl9FTkdJTkVfUkVWSVNJT049NzhmYzMwMTJlNA==,RkxVVFRFUl9EQVJUX1ZFUlNJT049My4xMC43 -Pdart-obfuscation=false -Ptrack-widget-creation=true -Ptree-shake-icons=false -Pfilesystem-scheme=org-dartlang-root assembleDebug

Host: Intel(R) Core(TM) i5-6300HQ CPU @ 2.30GHz, 4 cores, 7G,  Windows 11 , 64 bit Build 22000 (10.0.22000.1516)
Time: Fri Feb 27 14:46:40 2026 SA Western Standard Time elapsed time: 101.641895 seconds (0d 0h 1m 41s)

---------------  T H R E A D  ---------------

Current thread (0x00000227f97418e0):  JavaThread "C2 CompilerThread0" daemon [_thread_in_native, id=12668, stack(0x0000005f4e500000,0x0000005f4e600000) (1024K)]


Current CompileTask:
C2:101642 2071       4       com.esotericsoftware.kryo.io.Input::readUtf8_slow (255 bytes)

Stack: [0x0000005f4e500000,0x0000005f4e600000]
Native frames: (J=compiled Java code, j=interpreted, Vv=VM code, C=native code)
V  [jvm.dll+0x6d68d9]
V  [jvm.dll+0x866693]
V  [jvm.dll+0x868c4e]
V  [jvm.dll+0x869333]
V  [jvm.dll+0x280566]
V  [jvm.dll+0xc07cd]
V  [jvm.dll+0xc0d03]
V  [jvm.dll+0x3b961b]
V  [jvm.dll+0x1dfb24]
V  [jvm.dll+0x2493a4]
V  [jvm.dll+0x248821]
V  [jvm.dll+0x1c73a4]
V  [jvm.dll+0x257f9e]
V  [jvm.dll+0x2564e6]
V  [jvm.dll+0x3f4696]
V  [jvm.dll+0x80eac8]
V  [jvm.dll+0x6d512d]
C  [ucrtbase.dll+0x26c0c]
C  [KERNEL32.DLL+0x155a0]
C  [ntdll.dll+0x485b]


---------------  P R O C E S S  ---------------

Threads class SMR info:
_java_thread_list=0x00000227fed40b20, length=12, elements={
0x00000227f1893930, 0x00000227f970ed10, 0x00000227f9710b00, 0x00000227f9729440,
0x00000227f9729ab0, 0x00000227f972a120, 0x00000227f972a790, 0x00000227f972b210,
0x00000227f97418e0, 0x00000227f9753fa0, 0x00000227f98df3a0, 0x00000227febc71e0
}

Java Threads: ( => current thread )
  0x00000227f1893930 JavaThread "main"                              [_thread_blocked, id=8996, stack(0x0000005f4d600000,0x0000005f4d700000) (1024K)]
  0x00000227f970ed10 JavaThread "Common-Cleaner"             daemon [_thread_blocked, id=12860, stack(0x0000005f4de00000,0x0000005f4df00000) (1024K)]
  0x00000227f9710b00 JavaThread "Reference Handler"          daemon [_thread_blocked, id=32, stack(0x0000005f4df00000,0x0000005f4e000000) (1024K)]
  0x00000227f9729440 JavaThread "Finalizer"                  daemon [_thread_blocked, id=11108, stack(0x0000005f4e000000,0x0000005f4e100000) (1024K)]
  0x00000227f9729ab0 JavaThread "Signal Dispatcher"          daemon [_thread_blocked, id=9640, stack(0x0000005f4e100000,0x0000005f4e200000) (1024K)]
  0x00000227f972a120 JavaThread "Attach Listener"            daemon [_thread_blocked, id=12380, stack(0x0000005f4e200000,0x0000005f4e300000) (1024K)]
  0x00000227f972a790 JavaThread "Service Thread"             daemon [_thread_blocked, id=6976, stack(0x0000005f4e300000,0x0000005f4e400000) (1024K)]
  0x00000227f972b210 JavaThread "Monitor Deflation Thread"   daemon [_thread_blocked, id=3744, stack(0x0000005f4e400000,0x0000005f4e500000) (1024K)]
=>0x00000227f97418e0 JavaThread "C2 CompilerThread0"         daemon [_thread_in_native, id=12668, stack(0x0000005f4e500000,0x0000005f4e600000) (1024K)]
  0x00000227f9753fa0 JavaThread "C1 CompilerThread0"         daemon [_thread_in_native, id=10836, stack(0x0000005f4e600000,0x0000005f4e700000) (1024K)]
  0x00000227f98df3a0 JavaThread "Notification Thread"        daemon [_thread_blocked, id=8396, stack(0x0000005f4e700000,0x0000005f4e800000) (1024K)]
  0x00000227febc71e0 JavaThread "pool-1-thread-1"                   [_thread_in_native, id=7408, stack(0x0000005f4eb00000,0x0000005f4ec00000) (1024K)]
Total: 12

Other Threads:
  0x00000227f955aa90 VMThread "VM Thread"                           [id=13828, stack(0x0000005f4dd00000,0x0000005f4de00000) (1024K)]
  0x00000227f94f7130 WatcherThread "VM Periodic Task Thread"        [id=8956, stack(0x0000005f4dc00000,0x0000005f4dd00000) (1024K)]
  0x00000227f18e45b0 WorkerThread "GC Thread#0"                     [id=7228, stack(0x0000005f4d700000,0x0000005f4d800000) (1024K)]
  0x00000227fe1911c0 WorkerThread "GC Thread#1"                     [id=9204, stack(0x0000005f4e800000,0x0000005f4e900000) (1024K)]
  0x00000227fe10d690 WorkerThread "GC Thread#2"                     [id=13544, stack(0x0000005f4e900000,0x0000005f4ea00000) (1024K)]
  0x00000227fe10da30 WorkerThread "GC Thread#3"                     [id=15648, stack(0x0000005f4ea00000,0x0000005f4eb00000) (1024K)]
  0x00000227f18f4e60 ConcurrentGCThread "G1 Main Marker"            [id=6640, stack(0x0000005f4d800000,0x0000005f4d900000) (1024K)]
  0x00000227f18f93d0 WorkerThread "G1 Conc#0"                       [id=9560, stack(0x0000005f4d900000,0x0000005f4da00000) (1024K)]
  0x00000227f93ca100 ConcurrentGCThread "G1 Refine#0"               [id=7708, stack(0x0000005f4da00000,0x0000005f4db00000) (1024K)]
  0x00000227f93ca530 ConcurrentGCThread "G1 Service"                [id=9700, stack(0x0000005f4db00000,0x0000005f4dc00000) (1024K)]
Total: 10

Threads with active compile tasks:
C2 CompilerThread0  101703 2071       4       com.esotericsoftware.kryo.io.Input::readUtf8_slow (255 bytes)
C1 CompilerThread0  101703 2072       3       org.gradle.internal.logging.sink.OutputEventTransformer::onOutput (369 bytes)
Total: 2

VM state: not at safepoint (normal execution)

VM Mutex/Monitor currently owned by a thread: None

Heap address: 0x0000000085000000, size: 1968 MB, Compressed Oops mode: 32-bit

CDS archive(s) not mapped
Compressed class space mapped at: 0x0000000100000000-0x0000000140000000, reserved size: 1073741824
Narrow klass base: 0x0000000000000000, Narrow klass shift: 3, Narrow klass range: 0x140000000

GC Precious Log:
 CardTable entry size: 512
 Card Set container configuration: InlinePtr #cards 5 size 8 Array Of Cards #cards 12 size 40 Howl #buckets 4 coarsen threshold 1843 Howl Bitmap #cards 512 size 80 coarsen threshold 460 Card regions per heap region 1 cards per card region 2048
 CPUs: 4 total, 4 available
 Memory: 7865M
 Large Page Support: Disabled
 NUMA Support: Disabled
 Compressed Oops: Enabled (32-bit)
 Heap Region Size: 1M
 Heap Min Capacity: 8M
 Heap Initial Capacity: 124M
 Heap Max Capacity: 1968M
 Pre-touch: Disabled
 Parallel Workers: 4
 Concurrent Workers: 1
 Concurrent Refinement Workers: 4
 Periodic GC: Disabled

Heap:
 garbage-first heap   total 126976K, used 24683K [0x0000000085000000, 0x0000000100000000)
  region size 1024K, 20 young (20480K), 9 survivors (9216K)
 Metaspace       used 18697K, committed 19008K, reserved 1114112K
  class space    used 2220K, committed 2368K, reserved 1048576K

Heap Regions: E=young(eden), S=young(survivor), O=old, HS=humongous(starts), HC=humongous(continues), CS=collection set, F=free, TAMS=top-at-mark-start, PB=parsable bottom
|   0|0x0000000085000000, 0x0000000085100000, 0x0000000085100000|100%|HS|  |TAMS 0x0000000085000000| PB 0x0000000085000000| Complete 
|   1|0x0000000085100000, 0x0000000085200000, 0x0000000085200000|100%|HC|  |TAMS 0x0000000085100000| PB 0x0000000085100000| Complete 
|   2|0x0000000085200000, 0x0000000085300000, 0x0000000085300000|100%|HC|  |TAMS 0x0000000085200000| PB 0x0000000085200000| Complete 
|   3|0x0000000085300000, 0x0000000085400000, 0x0000000085400000|100%| O|  |TAMS 0x0000000085300000| PB 0x0000000085300000| Untracked 
|   4|0x0000000085400000, 0x0000000085500000, 0x0000000085500000|100%| O|  |TAMS 0x0000000085400000| PB 0x0000000085400000| Untracked 
|   5|0x0000000085500000, 0x00000000855dd218, 0x0000000085600000| 86%| O|  |TAMS 0x0000000085500000| PB 0x0000000085500000| Untracked 
|   6|0x0000000085600000, 0x0000000085600000, 0x0000000085700000|  0%| F|  |TAMS 0x0000000085600000| PB 0x0000000085600000| Untracked 
|   7|0x0000000085700000, 0x0000000085700000, 0x0000000085800000|  0%| F|  |TAMS 0x0000000085700000| PB 0x0000000085700000| Untracked 
|   8|0x0000000085800000, 0x0000000085800000, 0x0000000085900000|  0%| F|  |TAMS 0x0000000085800000| PB 0x0000000085800000| Untracked 
|   9|0x0000000085900000, 0x0000000085900000, 0x0000000085a00000|  0%| F|  |TAMS 0x0000000085900000| PB 0x0000000085900000| Untracked 
|  10|0x0000000085a00000, 0x0000000085a00000, 0x0000000085b00000|  0%| F|  |TAMS 0x0000000085a00000| PB 0x0000000085a00000| Untracked 
|  11|0x0000000085b00000, 0x0000000085b00000, 0x0000000085c00000|  0%| F|  |TAMS 0x0000000085b00000| PB 0x0000000085b00000| Untracked 
|  12|0x0000000085c00000, 0x0000000085c00000, 0x0000000085d00000|  0%| F|  |TAMS 0x0000000085c00000| PB 0x0000000085c00000| Untracked 
|  13|0x0000000085d00000, 0x0000000085d00000, 0x0000000085e00000|  0%| F|  |TAMS 0x0000000085d00000| PB 0x0000000085d00000| Untracked 
|  14|0x0000000085e00000, 0x0000000085e00000, 0x0000000085f00000|  0%| F|  |TAMS 0x0000000085e00000| PB 0x0000000085e00000| Untracked 
|  15|0x0000000085f00000, 0x0000000085f00000, 0x0000000086000000|  0%| F|  |TAMS 0x0000000085f00000| PB 0x0000000085f00000| Untracked 
|  16|0x0000000086000000, 0x0000000086000000, 0x0000000086100000|  0%| F|  |TAMS 0x0000000086000000| PB 0x0000000086000000| Untracked 
|  17|0x0000000086100000, 0x0000000086100000, 0x0000000086200000|  0%| F|  |TAMS 0x0000000086100000| PB 0x0000000086100000| Untracked 
|  18|0x0000000086200000, 0x0000000086200000, 0x0000000086300000|  0%| F|  |TAMS 0x0000000086200000| PB 0x0000000086200000| Untracked 
|  19|0x0000000086300000, 0x0000000086300000, 0x0000000086400000|  0%| F|  |TAMS 0x0000000086300000| PB 0x0000000086300000| Untracked 
|  20|0x0000000086400000, 0x0000000086400000, 0x0000000086500000|  0%| F|  |TAMS 0x0000000086400000| PB 0x0000000086400000| Untracked 
|  21|0x0000000086500000, 0x0000000086500000, 0x0000000086600000|  0%| F|  |TAMS 0x0000000086500000| PB 0x0000000086500000| Untracked 
|  22|0x0000000086600000, 0x0000000086600000, 0x0000000086700000|  0%| F|  |TAMS 0x0000000086600000| PB 0x0000000086600000| Untracked 
|  23|0x0000000086700000, 0x0000000086700000, 0x0000000086800000|  0%| F|  |TAMS 0x0000000086700000| PB 0x0000000086700000| Untracked 
|  24|0x0000000086800000, 0x0000000086800000, 0x0000000086900000|  0%| F|  |TAMS 0x0000000086800000| PB 0x0000000086800000| Untracked 
|  25|0x0000000086900000, 0x0000000086900000, 0x0000000086a00000|  0%| F|  |TAMS 0x0000000086900000| PB 0x0000000086900000| Untracked 
|  26|0x0000000086a00000, 0x0000000086a00000, 0x0000000086b00000|  0%| F|  |TAMS 0x0000000086a00000| PB 0x0000000086a00000| Untracked 
|  27|0x0000000086b00000, 0x0000000086b00000, 0x0000000086c00000|  0%| F|  |TAMS 0x0000000086b00000| PB 0x0000000086b00000| Untracked 
|  28|0x0000000086c00000, 0x0000000086c00000, 0x0000000086d00000|  0%| F|  |TAMS 0x0000000086c00000| PB 0x0000000086c00000| Untracked 
|  29|0x0000000086d00000, 0x0000000086d00000, 0x0000000086e00000|  0%| F|  |TAMS 0x0000000086d00000| PB 0x0000000086d00000| Untracked 
|  30|0x0000000086e00000, 0x0000000086e00000, 0x0000000086f00000|  0%| F|  |TAMS 0x0000000086e00000| PB 0x0000000086e00000| Untracked 
|  31|0x0000000086f00000, 0x0000000086f00000, 0x0000000087000000|  0%| F|  |TAMS 0x0000000086f00000| PB 0x0000000086f00000| Untracked 
|  32|0x0000000087000000, 0x0000000087000000, 0x0000000087100000|  0%| F|  |TAMS 0x0000000087000000| PB 0x0000000087000000| Untracked 
|  33|0x0000000087100000, 0x0000000087100000, 0x0000000087200000|  0%| F|  |TAMS 0x0000000087100000| PB 0x0000000087100000| Untracked 
|  34|0x0000000087200000, 0x0000000087200000, 0x0000000087300000|  0%| F|  |TAMS 0x0000000087200000| PB 0x0000000087200000| Untracked 
|  35|0x0000000087300000, 0x0000000087300000, 0x0000000087400000|  0%| F|  |TAMS 0x0000000087300000| PB 0x0000000087300000| Untracked 
|  36|0x0000000087400000, 0x0000000087400000, 0x0000000087500000|  0%| F|  |TAMS 0x0000000087400000| PB 0x0000000087400000| Untracked 
|  37|0x0000000087500000, 0x0000000087500000, 0x0000000087600000|  0%| F|  |TAMS 0x0000000087500000| PB 0x0000000087500000| Untracked 
|  38|0x0000000087600000, 0x0000000087600000, 0x0000000087700000|  0%| F|  |TAMS 0x0000000087600000| PB 0x0000000087600000| Untracked 
|  39|0x0000000087700000, 0x0000000087700000, 0x0000000087800000|  0%| F|  |TAMS 0x0000000087700000| PB 0x0000000087700000| Untracked 
|  40|0x0000000087800000, 0x0000000087800000, 0x0000000087900000|  0%| F|  |TAMS 0x0000000087800000| PB 0x0000000087800000| Untracked 
|  41|0x0000000087900000, 0x000000008793dd40, 0x0000000087a00000| 24%| S|CS|TAMS 0x0000000087900000| PB 0x0000000087900000| Complete 
|  42|0x0000000087a00000, 0x0000000087b00000, 0x0000000087b00000|100%| S|CS|TAMS 0x0000000087a00000| PB 0x0000000087a00000| Complete 
|  43|0x0000000087b00000, 0x0000000087c00000, 0x0000000087c00000|100%| S|CS|TAMS 0x0000000087b00000| PB 0x0000000087b00000| Complete 
|  44|0x0000000087c00000, 0x0000000087d00000, 0x0000000087d00000|100%| S|CS|TAMS 0x0000000087c00000| PB 0x0000000087c00000| Complete 
|  45|0x0000000087d00000, 0x0000000087e00000, 0x0000000087e00000|100%| S|CS|TAMS 0x0000000087d00000| PB 0x0000000087d00000| Complete 
|  46|0x0000000087e00000, 0x0000000087f00000, 0x0000000087f00000|100%| S|CS|TAMS 0x0000000087e00000| PB 0x0000000087e00000| Complete 
|  47|0x0000000087f00000, 0x0000000088000000, 0x0000000088000000|100%| S|CS|TAMS 0x0000000087f00000| PB 0x0000000087f00000| Complete 
|  48|0x0000000088000000, 0x0000000088100000, 0x0000000088100000|100%| S|CS|TAMS 0x0000000088000000| PB 0x0000000088000000| Complete 
|  49|0x0000000088100000, 0x0000000088200000, 0x0000000088200000|100%| S|CS|TAMS 0x0000000088100000| PB 0x0000000088100000| Complete 
|  50|0x0000000088200000, 0x0000000088200000, 0x0000000088300000|  0%| F|  |TAMS 0x0000000088200000| PB 0x0000000088200000| Untracked 
|  51|0x0000000088300000, 0x0000000088300000, 0x0000000088400000|  0%| F|  |TAMS 0x0000000088300000| PB 0x0000000088300000| Untracked 
|  52|0x0000000088400000, 0x0000000088400000, 0x0000000088500000|  0%| F|  |TAMS 0x0000000088400000| PB 0x0000000088400000| Untracked 
|  53|0x0000000088500000, 0x0000000088500000, 0x0000000088600000|  0%| F|  |TAMS 0x0000000088500000| PB 0x0000000088500000| Untracked 
|  54|0x0000000088600000, 0x0000000088600000, 0x0000000088700000|  0%| F|  |TAMS 0x0000000088600000| PB 0x0000000088600000| Untracked 
|  55|0x0000000088700000, 0x0000000088700000, 0x0000000088800000|  0%| F|  |TAMS 0x0000000088700000| PB 0x0000000088700000| Untracked 
|  56|0x0000000088800000, 0x0000000088800000, 0x0000000088900000|  0%| F|  |TAMS 0x0000000088800000| PB 0x0000000088800000| Untracked 
|  57|0x0000000088900000, 0x0000000088900000, 0x0000000088a00000|  0%| F|  |TAMS 0x0000000088900000| PB 0x0000000088900000| Untracked 
|  58|0x0000000088a00000, 0x0000000088a00000, 0x0000000088b00000|  0%| F|  |TAMS 0x0000000088a00000| PB 0x0000000088a00000| Untracked 
|  59|0x0000000088b00000, 0x0000000088b00000, 0x0000000088c00000|  0%| F|  |TAMS 0x0000000088b00000| PB 0x0000000088b00000| Untracked 
|  60|0x0000000088c00000, 0x0000000088c00000, 0x0000000088d00000|  0%| F|  |TAMS 0x0000000088c00000| PB 0x0000000088c00000| Untracked 
|  61|0x0000000088d00000, 0x0000000088d00000, 0x0000000088e00000|  0%| F|  |TAMS 0x0000000088d00000| PB 0x0000000088d00000| Untracked 
|  62|0x0000000088e00000, 0x0000000088e00000, 0x0000000088f00000|  0%| F|  |TAMS 0x0000000088e00000| PB 0x0000000088e00000| Untracked 
|  63|0x0000000088f00000, 0x0000000088f00000, 0x0000000089000000|  0%| F|  |TAMS 0x0000000088f00000| PB 0x0000000088f00000| Untracked 
|  64|0x0000000089000000, 0x0000000089000000, 0x0000000089100000|  0%| F|  |TAMS 0x0000000089000000| PB 0x0000000089000000| Untracked 
|  65|0x0000000089100000, 0x0000000089100000, 0x0000000089200000|  0%| F|  |TAMS 0x0000000089100000| PB 0x0000000089100000| Untracked 
|  66|0x0000000089200000, 0x0000000089200000, 0x0000000089300000|  0%| F|  |TAMS 0x0000000089200000| PB 0x0000000089200000| Untracked 
|  67|0x0000000089300000, 0x0000000089300000, 0x0000000089400000|  0%| F|  |TAMS 0x0000000089300000| PB 0x0000000089300000| Untracked 
|  68|0x0000000089400000, 0x0000000089400000, 0x0000000089500000|  0%| F|  |TAMS 0x0000000089400000| PB 0x0000000089400000| Untracked 
|  69|0x0000000089500000, 0x0000000089500000, 0x0000000089600000|  0%| F|  |TAMS 0x0000000089500000| PB 0x0000000089500000| Untracked 
|  70|0x0000000089600000, 0x0000000089600000, 0x0000000089700000|  0%| F|  |TAMS 0x0000000089600000| PB 0x0000000089600000| Untracked 
|  71|0x0000000089700000, 0x0000000089700000, 0x0000000089800000|  0%| F|  |TAMS 0x0000000089700000| PB 0x0000000089700000| Untracked 
|  72|0x0000000089800000, 0x0000000089800000, 0x0000000089900000|  0%| F|  |TAMS 0x0000000089800000| PB 0x0000000089800000| Untracked 
|  73|0x0000000089900000, 0x0000000089900000, 0x0000000089a00000|  0%| F|  |TAMS 0x0000000089900000| PB 0x0000000089900000| Untracked 
|  74|0x0000000089a00000, 0x0000000089a00000, 0x0000000089b00000|  0%| F|  |TAMS 0x0000000089a00000| PB 0x0000000089a00000| Untracked 
|  75|0x0000000089b00000, 0x0000000089b00000, 0x0000000089c00000|  0%| F|  |TAMS 0x0000000089b00000| PB 0x0000000089b00000| Untracked 
|  76|0x0000000089c00000, 0x0000000089c00000, 0x0000000089d00000|  0%| F|  |TAMS 0x0000000089c00000| PB 0x0000000089c00000| Untracked 
|  77|0x0000000089d00000, 0x0000000089d00000, 0x0000000089e00000|  0%| F|  |TAMS 0x0000000089d00000| PB 0x0000000089d00000| Untracked 
|  78|0x0000000089e00000, 0x0000000089e00000, 0x0000000089f00000|  0%| F|  |TAMS 0x0000000089e00000| PB 0x0000000089e00000| Untracked 
|  79|0x0000000089f00000, 0x0000000089f00000, 0x000000008a000000|  0%| F|  |TAMS 0x0000000089f00000| PB 0x0000000089f00000| Untracked 
|  80|0x000000008a000000, 0x000000008a000000, 0x000000008a100000|  0%| F|  |TAMS 0x000000008a000000| PB 0x000000008a000000| Untracked 
|  81|0x000000008a100000, 0x000000008a100000, 0x000000008a200000|  0%| F|  |TAMS 0x000000008a100000| PB 0x000000008a100000| Untracked 
|  82|0x000000008a200000, 0x000000008a200000, 0x000000008a300000|  0%| F|  |TAMS 0x000000008a200000| PB 0x000000008a200000| Untracked 
|  83|0x000000008a300000, 0x000000008a300000, 0x000000008a400000|  0%| F|  |TAMS 0x000000008a300000| PB 0x000000008a300000| Untracked 
|  84|0x000000008a400000, 0x000000008a400000, 0x000000008a500000|  0%| F|  |TAMS 0x000000008a400000| PB 0x000000008a400000| Untracked 
|  85|0x000000008a500000, 0x000000008a500000, 0x000000008a600000|  0%| F|  |TAMS 0x000000008a500000| PB 0x000000008a500000| Untracked 
|  86|0x000000008a600000, 0x000000008a600000, 0x000000008a700000|  0%| F|  |TAMS 0x000000008a600000| PB 0x000000008a600000| Untracked 
|  87|0x000000008a700000, 0x000000008a700000, 0x000000008a800000|  0%| F|  |TAMS 0x000000008a700000| PB 0x000000008a700000| Untracked 
|  88|0x000000008a800000, 0x000000008a800000, 0x000000008a900000|  0%| F|  |TAMS 0x000000008a800000| PB 0x000000008a800000| Untracked 
|  89|0x000000008a900000, 0x000000008a900000, 0x000000008aa00000|  0%| F|  |TAMS 0x000000008a900000| PB 0x000000008a900000| Untracked 
|  90|0x000000008aa00000, 0x000000008aa00000, 0x000000008ab00000|  0%| F|  |TAMS 0x000000008aa00000| PB 0x000000008aa00000| Untracked 
|  91|0x000000008ab00000, 0x000000008ab00000, 0x000000008ac00000|  0%| F|  |TAMS 0x000000008ab00000| PB 0x000000008ab00000| Untracked 
|  92|0x000000008ac00000, 0x000000008ac00000, 0x000000008ad00000|  0%| F|  |TAMS 0x000000008ac00000| PB 0x000000008ac00000| Untracked 
|  93|0x000000008ad00000, 0x000000008ad00000, 0x000000008ae00000|  0%| F|  |TAMS 0x000000008ad00000| PB 0x000000008ad00000| Untracked 
|  94|0x000000008ae00000, 0x000000008ae00000, 0x000000008af00000|  0%| F|  |TAMS 0x000000008ae00000| PB 0x000000008ae00000| Untracked 
|  95|0x000000008af00000, 0x000000008af00000, 0x000000008b000000|  0%| F|  |TAMS 0x000000008af00000| PB 0x000000008af00000| Untracked 
|  96|0x000000008b000000, 0x000000008b000000, 0x000000008b100000|  0%| F|  |TAMS 0x000000008b000000| PB 0x000000008b000000| Untracked 
|  97|0x000000008b100000, 0x000000008b100000, 0x000000008b200000|  0%| F|  |TAMS 0x000000008b100000| PB 0x000000008b100000| Untracked 
|  98|0x000000008b200000, 0x000000008b200000, 0x000000008b300000|  0%| F|  |TAMS 0x000000008b200000| PB 0x000000008b200000| Untracked 
|  99|0x000000008b300000, 0x000000008b300000, 0x000000008b400000|  0%| F|  |TAMS 0x000000008b300000| PB 0x000000008b300000| Untracked 
| 100|0x000000008b400000, 0x000000008b400000, 0x000000008b500000|  0%| F|  |TAMS 0x000000008b400000| PB 0x000000008b400000| Untracked 
| 101|0x000000008b500000, 0x000000008b500000, 0x000000008b600000|  0%| F|  |TAMS 0x000000008b500000| PB 0x000000008b500000| Untracked 
| 102|0x000000008b600000, 0x000000008b600000, 0x000000008b700000|  0%| F|  |TAMS 0x000000008b600000| PB 0x000000008b600000| Untracked 
| 103|0x000000008b700000, 0x000000008b700000, 0x000000008b800000|  0%| F|  |TAMS 0x000000008b700000| PB 0x000000008b700000| Untracked 
| 104|0x000000008b800000, 0x000000008b800000, 0x000000008b900000|  0%| F|  |TAMS 0x000000008b800000| PB 0x000000008b800000| Untracked 
| 105|0x000000008b900000, 0x000000008b900000, 0x000000008ba00000|  0%| F|  |TAMS 0x000000008b900000| PB 0x000000008b900000| Untracked 
| 106|0x000000008ba00000, 0x000000008ba00000, 0x000000008bb00000|  0%| F|  |TAMS 0x000000008ba00000| PB 0x000000008ba00000| Untracked 
| 107|0x000000008bb00000, 0x000000008bb00000, 0x000000008bc00000|  0%| F|  |TAMS 0x000000008bb00000| PB 0x000000008bb00000| Untracked 
| 108|0x000000008bc00000, 0x000000008bc00000, 0x000000008bd00000|  0%| F|  |TAMS 0x000000008bc00000| PB 0x000000008bc00000| Untracked 
| 109|0x000000008bd00000, 0x000000008bd00000, 0x000000008be00000|  0%| F|  |TAMS 0x000000008bd00000| PB 0x000000008bd00000| Untracked 
| 110|0x000000008be00000, 0x000000008be00000, 0x000000008bf00000|  0%| F|  |TAMS 0x000000008be00000| PB 0x000000008be00000| Untracked 
| 111|0x000000008bf00000, 0x000000008bf00000, 0x000000008c000000|  0%| F|  |TAMS 0x000000008bf00000| PB 0x000000008bf00000| Untracked 
| 112|0x000000008c000000, 0x000000008c000000, 0x000000008c100000|  0%| F|  |TAMS 0x000000008c000000| PB 0x000000008c000000| Untracked 
| 113|0x000000008c100000, 0x000000008c200000, 0x000000008c200000|100%| E|  |TAMS 0x000000008c100000| PB 0x000000008c100000| Complete 
| 114|0x000000008c200000, 0x000000008c300000, 0x000000008c300000|100%| E|CS|TAMS 0x000000008c200000| PB 0x000000008c200000| Complete 
| 115|0x000000008c300000, 0x000000008c400000, 0x000000008c400000|100%| E|CS|TAMS 0x000000008c300000| PB 0x000000008c300000| Complete 
| 116|0x000000008c400000, 0x000000008c500000, 0x000000008c500000|100%| E|CS|TAMS 0x000000008c400000| PB 0x000000008c400000| Complete 
| 117|0x000000008c500000, 0x000000008c600000, 0x000000008c600000|100%| E|CS|TAMS 0x000000008c500000| PB 0x000000008c500000| Complete 
| 118|0x000000008c600000, 0x000000008c700000, 0x000000008c700000|100%| E|CS|TAMS 0x000000008c600000| PB 0x000000008c600000| Complete 
| 119|0x000000008c700000, 0x000000008c800000, 0x000000008c800000|100%| E|CS|TAMS 0x000000008c700000| PB 0x000000008c700000| Complete 
| 120|0x000000008c800000, 0x000000008c900000, 0x000000008c900000|100%| E|CS|TAMS 0x000000008c800000| PB 0x000000008c800000| Complete 
| 121|0x000000008c900000, 0x000000008ca00000, 0x000000008ca00000|100%| E|CS|TAMS 0x000000008c900000| PB 0x000000008c900000| Complete 
| 122|0x000000008ca00000, 0x000000008cb00000, 0x000000008cb00000|100%| E|CS|TAMS 0x000000008ca00000| PB 0x000000008ca00000| Complete 
| 123|0x000000008cb00000, 0x000000008cc00000, 0x000000008cc00000|100%| E|CS|TAMS 0x000000008cb00000| PB 0x000000008cb00000| Complete 

Card table byte_map: [0x00000227f4dd0000,0x00000227f51b0000] _byte_map_base: 0x00000227f49a8000

Marking Bits: (CMBitMap*) 0x00000227f18e4cb0
 Bits: [0x00000227f51b0000, 0x00000227f7070000)

Polling page: 0x00000227ef930000

Metaspace:

Usage:
  Non-class:     16.09 MB used.
      Class:      2.17 MB used.
       Both:     18.26 MB used.

Virtual space:
  Non-class space:       64.00 MB reserved,      16.25 MB ( 25%) committed,  1 nodes.
      Class space:        1.00 GB reserved,       2.31 MB ( <1%) committed,  1 nodes.
             Both:        1.06 GB reserved,      18.56 MB (  2%) committed. 

Chunk freelists:
   Non-Class:  15.61 MB
       Class:  13.59 MB
        Both:  29.20 MB

MaxMetaspaceSize: unlimited
CompressedClassSpaceSize: 1.00 GB
Initial GC threshold: 21.00 MB
Current GC threshold: 21.00 MB
CDS: off
 - commit_granule_bytes: 65536.
 - commit_granule_words: 8192.
 - virtual_space_node_default_size: 8388608.
 - enlarge_chunks_in_place: 1.
 - use_allocation_guard: 0.


Internal statistics:

num_allocs_failed_limit: 0.
num_arena_births: 244.
num_arena_deaths: 0.
num_vsnodes_births: 2.
num_vsnodes_deaths: 0.
num_space_committed: 297.
num_space_uncommitted: 0.
num_chunks_returned_to_freelist: 0.
num_chunks_taken_from_freelist: 545.
num_chunk_merges: 0.
num_chunk_splits: 364.
num_chunks_enlarged: 275.
num_inconsistent_stats: 0.

CodeHeap 'non-profiled nmethods': size=120000Kb used=1106Kb max_used=1106Kb free=118893Kb
 bounds [0x0000022787ad0000, 0x0000022787d40000, 0x000002278f000000]
CodeHeap 'profiled nmethods': size=120000Kb used=3791Kb max_used=3791Kb free=116208Kb
 bounds [0x0000022780000000, 0x00000227803c0000, 0x0000022787530000]
CodeHeap 'non-nmethods': size=5760Kb used=1368Kb max_used=1415Kb free=4391Kb
 bounds [0x0000022787530000, 0x00000227877a0000, 0x0000022787ad0000]
CodeCache: size=245760Kb, used=6265Kb, max_used=6312Kb, free=239492Kb
 total_blobs=2560, nmethods=2069, adapters=396, full_count=0
Compilation: enabled, stopped_count=0, restarted_count=0

Compilation events (20 events):
Event: 81.310 Thread 0x00000227f9753fa0 2061       3       org.gradle.internal.logging.events.ProgressStartEvent::<init> (74 bytes)
Event: 81.311 Thread 0x00000227f9753fa0 nmethod 2061 0x00000227803b0990 code [0x00000227803b0b80, 0x00000227803b1180]
Event: 81.311 Thread 0x00000227f9753fa0 2062       3       org.gradle.internal.logging.serializer.ProgressStartEventSerializer::read (6 bytes)
Event: 81.311 Thread 0x00000227f9753fa0 nmethod 2062 0x00000227803b1310 code [0x00000227803b14c0, 0x00000227803b1618]
Event: 81.362 Thread 0x00000227f97418e0 nmethod 2059% 0x0000022787be1710 code [0x0000022787be18e0, 0x0000022787be1f48]
Event: 81.363 Thread 0x00000227f9753fa0 2063       3       java.lang.ref.Reference::enqueueFromPending (19 bytes)
Event: 81.363 Thread 0x00000227f9753fa0 nmethod 2063 0x00000227803b1710 code [0x00000227803b18c0, 0x00000227803b1ad0]
Event: 81.363 Thread 0x00000227f9753fa0 2064       3       java.lang.ref.ReferenceQueue::enqueue0 (98 bytes)
Event: 81.364 Thread 0x00000227f9753fa0 nmethod 2064 0x00000227803b1b90 code [0x00000227803b1d80, 0x00000227803b2370]
Event: 81.364 Thread 0x00000227f9753fa0 2066       3       java.lang.ref.ReferenceQueue::poll0 (65 bytes)
Event: 81.364 Thread 0x00000227f9753fa0 nmethod 2066 0x00000227803b2490 code [0x00000227803b2660, 0x00000227803b2b48]
Event: 91.810 Thread 0x00000227f97418e0 2067       4       org.gradle.internal.logging.console.ThrottlingOutputEventListener::renderNow (40 bytes)
Event: 91.845 Thread 0x00000227f97418e0 nmethod 2067 0x0000022787be2790 code [0x0000022787be2ae0, 0x0000022787be3bb8]
Event: 99.446 Thread 0x00000227f9753fa0 2068       3       org.gradle.internal.logging.sink.GroupingProgressLogEventGenerator$OperationState::<init> (15 bytes)
Event: 99.447 Thread 0x00000227f9753fa0 nmethod 2068 0x00000227803b2c90 code [0x00000227803b2e40, 0x00000227803b3060]
Event: 99.447 Thread 0x00000227f9753fa0 2069       3       java.util.LinkedHashMap::afterNodeRemoval (65 bytes)
Event: 99.448 Thread 0x00000227f9753fa0 nmethod 2069 0x00000227803b3110 code [0x00000227803b32e0, 0x00000227803b3768]
Event: 101.573 Thread 0x00000227f9753fa0 2070   !   3       com.esotericsoftware.kryo.io.Input::fill (32 bytes)
Event: 101.575 Thread 0x00000227f9753fa0 nmethod 2070 0x00000227803b3890 code [0x00000227803b3a60, 0x00000227803b3d80]
Event: 101.581 Thread 0x00000227f97418e0 2071       4       com.esotericsoftware.kryo.io.Input::readUtf8_slow (255 bytes)

GC Heap History (6 events):
Event: 1.101 GC heap before
{Heap before GC invocations=0 (full 0):
 garbage-first heap   total 126976K, used 13312K [0x0000000085000000, 0x0000000100000000)
  region size 1024K, 13 young (13312K), 0 survivors (0K)
 Metaspace       used 8555K, committed 8704K, reserved 1114112K
  class space    used 789K, committed 896K, reserved 1048576K
}
Event: 1.113 GC heap after
{Heap after GC invocations=1 (full 0):
 garbage-first heap   total 126976K, used 1536K [0x0000000085000000, 0x0000000100000000)
  region size 1024K, 2 young (2048K), 2 survivors (2048K)
 Metaspace       used 8555K, committed 8704K, reserved 1114112K
  class space    used 789K, committed 896K, reserved 1048576K
}
Event: 2.565 GC heap before
{Heap before GC invocations=1 (full 0):
 garbage-first heap   total 126976K, used 27136K [0x0000000085000000, 0x0000000100000000)
  region size 1024K, 25 young (25600K), 2 survivors (2048K)
 Metaspace       used 12644K, committed 12800K, reserved 1114112K
  class space    used 1377K, committed 1472K, reserved 1048576K
}
Event: 2.577 GC heap after
{Heap after GC invocations=2 (full 0):
 garbage-first heap   total 126976K, used 10100K [0x0000000085000000, 0x0000000100000000)
  region size 1024K, 4 young (4096K), 4 survivors (4096K)
 Metaspace       used 12644K, committed 12800K, reserved 1114112K
  class space    used 1377K, committed 1472K, reserved 1048576K
}
Event: 81.315 GC heap before
{Heap before GC invocations=2 (full 0):
 garbage-first heap   total 126976K, used 81780K [0x0000000085000000, 0x0000000100000000)
  region size 1024K, 74 young (75776K), 4 survivors (4096K)
 Metaspace       used 18695K, committed 19008K, reserved 1114112K
  class space    used 2220K, committed 2368K, reserved 1048576K
}
Event: 81.361 GC heap after
{Heap after GC invocations=3 (full 0):
 garbage-first heap   total 126976K, used 14443K [0x0000000085000000, 0x0000000100000000)
  region size 1024K, 9 young (9216K), 9 survivors (9216K)
 Metaspace       used 18695K, committed 19008K, reserved 1114112K
  class space    used 2220K, committed 2368K, reserved 1048576K
}

Dll operation events (3 events):
Event: 0.015 Loaded shared library C:\Program Files\Android\Android Studio\jbr\bin\java.dll
Event: 0.026 Loaded shared library C:\Program Files\Android\Android Studio\jbr\bin\zip.dll
Event: 0.301 Loaded shared library C:\Program Files\Android\Android Studio\jbr\bin\verify.dll

Deoptimization events (20 events):
Event: 33.261 Thread 0x00000227febc71e0 DEOPT PACKING pc=0x000002278038554c sp=0x0000005f4ebfece0
Event: 33.261 Thread 0x00000227febc71e0 DEOPT UNPACKING pc=0x0000022787584e42 sp=0x0000005f4ebfe1b0 mode 0
Event: 49.088 Thread 0x00000227f1893930 Uncommon trap: trap_request=0xffffff66 fr.pc=0x0000022787bbec30 relative=0x0000000000000530
Event: 49.088 Thread 0x00000227f1893930 Uncommon trap: reason=speculate_class_check action=maybe_recompile pc=0x0000022787bbec30 method=org.gradle.internal.logging.console.ThrottlingOutputEventListener.onOutput(Lorg/gradle/internal/logging/events/OutputEvent;)V @ 41 c2
Event: 49.088 Thread 0x00000227f1893930 DEOPT PACKING pc=0x0000022787bbec30 sp=0x0000005f4d6fdcf0
Event: 49.088 Thread 0x00000227f1893930 DEOPT UNPACKING pc=0x00000227875846a2 sp=0x0000005f4d6fdb98 mode 2
Event: 49.088 Thread 0x00000227f1893930 Uncommon trap: trap_request=0xffffff66 fr.pc=0x0000022787bbec30 relative=0x0000000000000530
Event: 49.088 Thread 0x00000227f1893930 Uncommon trap: reason=speculate_class_check action=maybe_recompile pc=0x0000022787bbec30 method=org.gradle.internal.logging.console.ThrottlingOutputEventListener.onOutput(Lorg/gradle/internal/logging/events/OutputEvent;)V @ 41 c2
Event: 49.088 Thread 0x00000227f1893930 DEOPT PACKING pc=0x0000022787bbec30 sp=0x0000005f4d6fdcf0
Event: 49.088 Thread 0x00000227f1893930 DEOPT UNPACKING pc=0x00000227875846a2 sp=0x0000005f4d6fdb98 mode 2
Event: 49.088 Thread 0x00000227f1893930 Uncommon trap: trap_request=0xffffff66 fr.pc=0x0000022787bbec30 relative=0x0000000000000530
Event: 49.088 Thread 0x00000227f1893930 Uncommon trap: reason=speculate_class_check action=maybe_recompile pc=0x0000022787bbec30 method=org.gradle.internal.logging.console.ThrottlingOutputEventListener.onOutput(Lorg/gradle/internal/logging/events/OutputEvent;)V @ 41 c2
Event: 49.088 Thread 0x00000227f1893930 DEOPT PACKING pc=0x0000022787bbec30 sp=0x0000005f4d6fdcf0
Event: 49.088 Thread 0x00000227f1893930 DEOPT UNPACKING pc=0x00000227875846a2 sp=0x0000005f4d6fdb98 mode 2
Event: 49.088 Thread 0x00000227f1893930 Uncommon trap: trap_request=0xffffff66 fr.pc=0x0000022787bbec30 relative=0x0000000000000530
Event: 49.088 Thread 0x00000227f1893930 Uncommon trap: reason=speculate_class_check action=maybe_recompile pc=0x0000022787bbec30 method=org.gradle.internal.logging.console.ThrottlingOutputEventListener.onOutput(Lorg/gradle/internal/logging/events/OutputEvent;)V @ 41 c2
Event: 49.088 Thread 0x00000227f1893930 DEOPT PACKING pc=0x0000022787bbec30 sp=0x0000005f4d6fdcf0
Event: 49.088 Thread 0x00000227f1893930 DEOPT UNPACKING pc=0x00000227875846a2 sp=0x0000005f4d6fdb98 mode 2
Event: 101.583 Thread 0x00000227f1893930 DEOPT PACKING pc=0x00000227803888ee sp=0x0000005f4d6fde70
Event: 101.584 Thread 0x00000227f1893930 DEOPT UNPACKING pc=0x0000022787584e42 sp=0x0000005f4d6fd338 mode 0

Classes loaded (20 events):
Event: 4.692 Loading class jdk/internal/logger/LazyLoggers$LazyLoggerFactories
Event: 4.692 Loading class jdk/internal/logger/LazyLoggers$LazyLoggerFactories done
Event: 4.693 Loading class jdk/internal/logger/LoggerFinderLoader
Event: 4.693 Loading class jdk/internal/logger/LoggerFinderLoader done
Event: 4.694 Loading class jdk/internal/logger/LoggerFinderLoader$TemporaryLoggerFinder
Event: 4.694 Loading class jdk/internal/logger/LoggerFinderLoader$TemporaryLoggerFinder done
Event: 4.694 Loading class sun/util/logging/internal/LoggingProviderImpl$JULWrapper
Event: 4.694 Loading class sun/util/logging/PlatformLogger$ConfigurableBridge$LoggerConfiguration
Event: 4.694 Loading class sun/util/logging/PlatformLogger$ConfigurableBridge$LoggerConfiguration done
Event: 4.694 Loading class sun/util/logging/internal/LoggingProviderImpl$JULWrapper done
Event: 4.695 Loading class java/io/ObjectInputFilter$Config$BuiltinFilterFactory
Event: 4.696 Loading class java/io/ObjectInputFilter$Config$BuiltinFilterFactory done
Event: 4.696 Loading class jdk/internal/access/JavaObjectInputFilterAccess
Event: 4.696 Loading class jdk/internal/access/JavaObjectInputFilterAccess done
Event: 4.696 Loading class java/lang/System$Logger$Level
Event: 4.696 Loading class java/lang/System$Logger$Level done
Event: 16.616 Loading class java/lang/invoke/MethodHandle$1
Event: 16.617 Loading class java/lang/invoke/MethodHandle$1 done
Event: 37.974 Loading class java/lang/foreign/MemorySegment
Event: 37.977 Loading class java/lang/foreign/MemorySegment done

Classes unloaded (0 events):
No events

Classes redefined (0 events):
No events

Internal exceptions (18 events):
Event: 0.679 Thread 0x00000227f1893930 Exception <a 'java/lang/NoSuchMethodError'{0x000000008c9fa688}: 'void java.lang.invoke.DirectMethodHandle$Holder.invokeSpecial(java.lang.Object, java.lang.Object, java.lang.Object)'> (0x000000008c9fa688) 
thrown [s\src\hotspot\share\interpreter\linkResolver.cpp, line 784]
Event: 0.818 Thread 0x00000227f1893930 Exception <a 'java/lang/NoSuchMethodError'{0x000000008c733da0}: 'int java.lang.invoke.DirectMethodHandle$Holder.invokeSpecial(java.lang.Object, java.lang.Object, java.lang.Object, java.lang.Object)'> (0x000000008c733da0) 
thrown [s\src\hotspot\share\interpreter\linkResolver.cpp, line 784]
Event: 1.984 Thread 0x00000227f1893930 Exception <a 'java/lang/NoSuchMethodError'{0x000000008baf3910}: 'java.lang.Object java.lang.invoke.DirectMethodHandle$Holder.invokeVirtual(java.lang.Object, java.lang.Object, java.lang.Object)'> (0x000000008baf3910) 
thrown [s\src\hotspot\share\interpreter\linkResolver.cpp, line 784]
Event: 2.517 Thread 0x00000227f1893930 Implicit null exception at 0x0000022787b3b53a to 0x0000022787b3b7b4
Event: 2.542 Thread 0x00000227f1893930 Exception <a 'java/lang/NoSuchMethodError'{0x000000008b3ad4c0}: 'void java.lang.invoke.DirectMethodHandle$Holder.invokeInterface(java.lang.Object, java.lang.Object, java.lang.Object)'> (0x000000008b3ad4c0) 
thrown [s\src\hotspot\share\interpreter\linkResolver.cpp, line 784]
Event: 2.582 Thread 0x00000227f1893930 Exception <a 'java/lang/NoClassDefFoundError'{0x000000008cb06b50}: org/slf4j/impl/StaticMarkerBinder> (0x000000008cb06b50) 
thrown [s\src\hotspot\share\classfile\systemDictionary.cpp, line 301]
Event: 2.819 Thread 0x00000227f1893930 Exception <a 'java/lang/NoSuchMethodError'{0x000000008c73e980}: 'java.lang.Object java.lang.invoke.DirectMethodHandle$Holder.newInvokeSpecial(java.lang.Object, java.lang.Object, java.lang.Object, java.lang.Object, java.lang.Object)'> (0x000000008c73e980) 
thrown [s\src\hotspot\share\interpreter\linkResolver.cpp, line 784]
Event: 2.841 Thread 0x00000227f1893930 Exception <a 'java/lang/NoSuchMethodError'{0x000000008c786e78}: 'java.lang.Object java.lang.invoke.Invokers$Holder.invokeExact_MT(java.lang.Object, java.lang.Object, java.lang.Object, java.lang.Object, java.lang.Object)'> (0x000000008c786e78) 
thrown [s\src\hotspot\share\interpreter\linkResolver.cpp, line 784]
Event: 2.857 Thread 0x00000227f1893930 Exception <a 'java/lang/NoSuchMethodError'{0x000000008c7b3448}: 'java.lang.Object java.lang.invoke.DirectMethodHandle$Holder.invokeVirtual(java.lang.Object, java.lang.Object, java.lang.Object, java.lang.Object, java.lang.Object, java.lang.Object, java.lang.Object)'> (0x000000008c7b3448) 
thrown [s\src\hotspot\share\interpreter\linkResolver.cpp, line 784]
Event: 2.891 Thread 0x00000227f1893930 Exception <a 'java/lang/NoSuchMethodError'{0x000000008c7f15f0}: 'java.lang.Object java.lang.invoke.DirectMethodHandle$Holder.invokeVirtual(java.lang.Object, java.lang.Object, java.lang.Object, java.lang.Object)'> (0x000000008c7f15f0) 
thrown [s\src\hotspot\share\interpreter\linkResolver.cpp, line 784]
Event: 3.139 Thread 0x00000227f1893930 Exception <a 'java/lang/NoSuchMethodError'{0x000000008c4a12f8}: 'java.lang.Object java.lang.invoke.DirectMethodHandle$Holder.invokeVirtual(java.lang.Object, java.lang.Object, java.lang.Object, java.lang.Object, java.lang.Object, java.lang.Object)'> (0x000000008c4a12f8) 
thrown [s\src\hotspot\share\interpreter\linkResolver.cpp, line 784]
Event: 3.185 Thread 0x00000227f1893930 Exception <a 'java/lang/NoSuchMethodError'{0x000000008c3680f8}: 'java.lang.Object java.lang.invoke.DirectMethodHandle$Holder.invokeVirtual(java.lang.Object, java.lang.Object, java.lang.Object, java.lang.Object, java.lang.Object)'> (0x000000008c3680f8) 
thrown [s\src\hotspot\share\interpreter\linkResolver.cpp, line 784]
Event: 3.188 Thread 0x00000227f1893930 Exception <a 'java/lang/NoSuchMethodError'{0x000000008c37b198}: 'java.lang.Object java.lang.invoke.Invokers$Holder.invokeExact_MT(java.lang.Object, java.lang.Object, java.lang.Object, java.lang.Object, java.lang.Object, java.lang.Object)'> (0x000000008c37b198) 
thrown [s\src\hotspot\share\interpreter\linkResolver.cpp, line 784]
Event: 3.230 Thread 0x00000227f1893930 Exception <a 'java/lang/NoSuchMethodError'{0x000000008c2473e0}: 'java.lang.Object java.lang.invoke.DirectMethodHandle$Holder.invokeSpecialIFC(java.lang.Object, java.lang.Object, java.lang.Object, java.lang.Object)'> (0x000000008c2473e0) 
thrown [s\src\hotspot\share\interpreter\linkResolver.cpp, line 784]
Event: 3.233 Thread 0x00000227f1893930 Exception <a 'java/lang/NoSuchMethodError'{0x000000008c250658}: 'java.lang.Object java.lang.invoke.DirectMethodHandle$Holder.invokeVirtual(java.lang.Object, java.lang.Object, java.lang.Object, java.lang.Object, java.lang.Object, java.lang.Object, java.lang.Object, java.lang.Object)'> (0x000000008c250658) 
thrown [s\src\hotspot\share\interpreter\linkResolver.cpp, line 784]
Event: 3.254 Thread 0x00000227f1893930 Exception <a 'java/lang/NoSuchMethodError'{0x000000008c2b05e0}: 'java.lang.Object java.lang.invoke.DirectMethodHandle$Holder.invokeVirtual(java.lang.Object, java.lang.Object, java.lang.Object, java.lang.Object, java.lang.Object, java.lang.Object, java.lang.Object, java.lang.Object, java.lang.Object)'> (0x000000008c2b05e0) 
thrown [s\src\hotspot\share\interpreter\linkResolver.cpp, line 784]
Event: 3.693 Thread 0x00000227f1893930 Exception <a 'java/lang/NoSuchMethodError'{0x000000008be164b0}: 'java.lang.Object java.lang.invoke.DirectMethodHandle$Holder.invokeStaticInit(java.lang.Object, java.lang.Object, int, int, int, int)'> (0x000000008be164b0) 
thrown [s\src\hotspot\share\interpreter\linkResolver.cpp, line 784]
Event: 3.840 Thread 0x00000227f1893930 Implicit null exception at 0x0000022787b19da4 to 0x0000022787b1a424

ZGC Phase Switch (0 events):
No events

VM Operations (20 events):
Event: 46.137 Executing VM operation: Cleanup
Event: 46.137 Executing VM operation: Cleanup done
Event: 47.143 Executing VM operation: Cleanup
Event: 47.143 Executing VM operation: Cleanup done
Event: 48.147 Executing VM operation: Cleanup
Event: 48.147 Executing VM operation: Cleanup done
Event: 49.152 Executing VM operation: Cleanup
Event: 49.152 Executing VM operation: Cleanup done
Event: 60.502 Executing VM operation: HandshakeAllThreads (HandshakeForDeflation)
Event: 60.502 Executing VM operation: HandshakeAllThreads (HandshakeForDeflation) done
Event: 60.502 Executing VM operation: RendezvousGCThreads
Event: 60.502 Executing VM operation: RendezvousGCThreads done
Event: 63.517 Executing VM operation: Cleanup
Event: 63.518 Executing VM operation: Cleanup done
Event: 81.315 Executing VM operation: G1CollectForAllocation (G1 Evacuation Pause)
Event: 81.361 Executing VM operation: G1CollectForAllocation (G1 Evacuation Pause) done
Event: 82.365 Executing VM operation: Cleanup
Event: 82.365 Executing VM operation: Cleanup done
Event: 100.534 Executing VM operation: Cleanup
Event: 100.534 Executing VM operation: Cleanup done

Memory protections (0 events):
No events

Nmethod flushes (0 events):
No events

Events (20 events):
Event: 0.135 Thread 0x00000227f1893930 Thread added: 0x00000227f9729ab0
Event: 0.136 Thread 0x00000227f1893930 Thread added: 0x00000227f972a120
Event: 0.136 Thread 0x00000227f1893930 Thread added: 0x00000227f972a790
Event: 0.136 Thread 0x00000227f1893930 Thread added: 0x00000227f972b210
Event: 0.136 Thread 0x00000227f1893930 Thread added: 0x00000227f97418e0
Event: 0.136 Thread 0x00000227f1893930 Thread added: 0x00000227f9753fa0
Event: 0.204 Thread 0x00000227f1893930 Thread added: 0x00000227f98df3a0
Event: 0.249 Loaded shared library C:\Program Files\Android\Android Studio\jbr\bin\net.dll
Event: 0.255 Loaded shared library C:\Program Files\Android\Android Studio\jbr\bin\nio.dll
Event: 0.278 Loaded shared library C:\Program Files\Android\Android Studio\jbr\bin\zip.dll
Event: 0.492 Loaded shared library C:\Program Files\Android\Android Studio\jbr\bin\jimage.dll
Event: 2.419 Loaded shared library C:\Program Files\Android\Android Studio\jbr\bin\management.dll
Event: 2.427 Loaded shared library C:\Program Files\Android\Android Studio\jbr\bin\management_ext.dll
Event: 2.648 Loaded shared library S:\gradle-home\native\c067742578af261105cb4f569cf0c3c89f3d7b1fecec35dd04571415982c5e48\windows-amd64\native-platform.dll
Event: 2.715 Thread 0x00000227f1893930 Thread added: 0x00000227febc71e0
Event: 3.781 Loaded shared library C:\Program Files\Android\Android Studio\jbr\bin\extnet.dll
Event: 49.078 Thread 0x00000227f97418e0 Thread added: 0x00000227fee422c0
Event: 50.589 Thread 0x00000227fee422c0 Thread exited: 0x00000227fee422c0
Event: 81.284 Thread 0x00000227f97418e0 Thread added: 0x00000227fee422c0
Event: 86.363 Thread 0x00000227fee422c0 Thread exited: 0x00000227fee422c0


Dynamic libraries:
0x00007ff7788f0000 - 0x00007ff7788fa000 	C:\Program Files\Android\Android Studio\jbr\bin\java.exe
0x00007ff86ba80000 - 0x00007ff86bc89000 	C:\Windows\SYSTEM32\ntdll.dll
0x00007ff86a450000 - 0x00007ff86a50e000 	C:\Windows\System32\KERNEL32.DLL
0x00007ff869550000 - 0x00007ff8698cc000 	C:\Windows\System32\KERNELBASE.dll
0x00007ff868fd0000 - 0x00007ff8690e1000 	C:\Windows\System32\ucrtbase.dll
0x00007ff857b90000 - 0x00007ff857ba8000 	C:\Program Files\Android\Android Studio\jbr\bin\jli.dll
0x00007ff86b250000 - 0x00007ff86b3fd000 	C:\Windows\System32\USER32.dll
0x00007ff84c7a0000 - 0x00007ff84c7bb000 	C:\Program Files\Android\Android Studio\jbr\bin\VCRUNTIME140.dll
0x00007ff8698d0000 - 0x00007ff8698f6000 	C:\Windows\System32\win32u.dll
0x00007ff86a240000 - 0x00007ff86a269000 	C:\Windows\System32\GDI32.dll
0x00007ff854460000 - 0x00007ff854705000 	C:\Windows\WinSxS\amd64_microsoft.windows.common-controls_6595b64144ccf1df_6.0.22000.120_none_9d947278b86cc467\COMCTL32.dll
0x00007ff8690f0000 - 0x00007ff869208000 	C:\Windows\System32\gdi32full.dll
0x00007ff869340000 - 0x00007ff8693dd000 	C:\Windows\System32\msvcp_win.dll
0x00007ff86b990000 - 0x00007ff86ba33000 	C:\Windows\System32\msvcrt.dll
0x00007ff86a3b0000 - 0x00007ff86a3e1000 	C:\Windows\System32\IMM32.DLL
0x00007ff865620000 - 0x00007ff86562c000 	C:\Program Files\Android\Android Studio\jbr\bin\vcruntime140_1.dll
0x00007ff83a7e0000 - 0x00007ff83a86d000 	C:\Program Files\Android\Android Studio\jbr\bin\msvcp140.dll
0x00007ffff0400000 - 0x00007ffff1096000 	C:\Program Files\Android\Android Studio\jbr\bin\server\jvm.dll
0x00007ff86a190000 - 0x00007ff86a23e000 	C:\Windows\System32\ADVAPI32.dll
0x00007ff869ea0000 - 0x00007ff869f3e000 	C:\Windows\System32\sechost.dll
0x00007ff86b780000 - 0x00007ff86b8a0000 	C:\Windows\System32\RPCRT4.dll
0x00007ff86a940000 - 0x00007ff86a9af000 	C:\Windows\System32\WS2_32.dll
0x00007ff868470000 - 0x00007ff8684bd000 	C:\Windows\SYSTEM32\POWRPROF.dll
0x00007ff85a960000 - 0x00007ff85a993000 	C:\Windows\SYSTEM32\WINMM.dll
0x00007ff8623a0000 - 0x00007ff8623aa000 	C:\Windows\SYSTEM32\VERSION.dll
0x00007ff868330000 - 0x00007ff868343000 	C:\Windows\SYSTEM32\UMPDC.dll
0x00007ff867fd0000 - 0x00007ff867fe8000 	C:\Windows\SYSTEM32\kernel.appcore.dll
0x00007ff85f4a0000 - 0x00007ff85f4aa000 	C:\Program Files\Android\Android Studio\jbr\bin\jimage.dll
0x00007ff855a20000 - 0x00007ff855c41000 	C:\Windows\SYSTEM32\DBGHELP.DLL
0x00007ff84d8d0000 - 0x00007ff84d901000 	C:\Windows\SYSTEM32\dbgcore.DLL
0x00007ff868f50000 - 0x00007ff868fcf000 	C:\Windows\System32\bcryptPrimitives.dll
0x00007ff8471b0000 - 0x00007ff8471d0000 	C:\Program Files\Android\Android Studio\jbr\bin\java.dll
0x00007ff844c60000 - 0x00007ff844c78000 	C:\Program Files\Android\Android Studio\jbr\bin\zip.dll
0x00007ff86a9b0000 - 0x00007ff86b175000 	C:\Windows\System32\SHELL32.dll
0x00007ff867040000 - 0x00007ff8678a5000 	C:\Windows\SYSTEM32\windows.storage.dll
0x00007ff86b400000 - 0x00007ff86b776000 	C:\Windows\System32\combase.dll
0x00007ff866ed0000 - 0x00007ff867036000 	C:\Windows\SYSTEM32\wintypes.dll
0x00007ff86a520000 - 0x00007ff86a60a000 	C:\Windows\System32\SHCORE.dll
0x00007ff86b1f0000 - 0x00007ff86b24d000 	C:\Windows\System32\shlwapi.dll
0x00007ff868e80000 - 0x00007ff868ea1000 	C:\Windows\SYSTEM32\profapi.dll
0x00007ff858c00000 - 0x00007ff858c10000 	C:\Program Files\Android\Android Studio\jbr\bin\net.dll
0x00007ff8642b0000 - 0x00007ff8643c2000 	C:\Windows\SYSTEM32\WINHTTP.dll
0x00007ff868560000 - 0x00007ff8685c7000 	C:\Windows\system32\mswsock.dll
0x00007ff844ac0000 - 0x00007ff844ad6000 	C:\Program Files\Android\Android Studio\jbr\bin\nio.dll
0x00007ff858a80000 - 0x00007ff858a90000 	C:\Program Files\Android\Android Studio\jbr\bin\verify.dll
0x00007ff84b2f0000 - 0x00007ff84b2f9000 	C:\Program Files\Android\Android Studio\jbr\bin\management.dll
0x00007ff849310000 - 0x00007ff84931b000 	C:\Program Files\Android\Android Studio\jbr\bin\management_ext.dll
0x00007ff86a930000 - 0x00007ff86a938000 	C:\Windows\System32\PSAPI.DLL
0x00007ff844a90000 - 0x00007ff844ab7000 	S:\gradle-home\native\c067742578af261105cb4f569cf0c3c89f3d7b1fecec35dd04571415982c5e48\windows-amd64\native-platform.dll
0x00007ff8687a0000 - 0x00007ff8687b8000 	C:\Windows\SYSTEM32\CRYPTSP.dll
0x00007ff867f30000 - 0x00007ff867f65000 	C:\Windows\system32\rsaenh.dll
0x00007ff868650000 - 0x00007ff868679000 	C:\Windows\SYSTEM32\USERENV.dll
0x00007ff868930000 - 0x00007ff868957000 	C:\Windows\SYSTEM32\bcrypt.dll
0x00007ff8687c0000 - 0x00007ff8687cc000 	C:\Windows\SYSTEM32\CRYPTBASE.dll
0x00007ff867b00000 - 0x00007ff867b2d000 	C:\Windows\SYSTEM32\IPHLPAPI.DLL
0x00007ff86a510000 - 0x00007ff86a519000 	C:\Windows\System32\NSI.dll
0x00007ff849200000 - 0x00007ff849209000 	C:\Program Files\Android\Android Studio\jbr\bin\extnet.dll
0x00007ff845080000 - 0x00007ff845088000 	C:\Windows\system32\wshunix.dll

JVMTI agents: none

dbghelp: loaded successfully - version: 4.0.5 - missing functions: none
symbol engine: initialized successfully - sym options: 0x614 - pdb path: .;C:\Program Files\Android\Android Studio\jbr\bin;C:\Windows\SYSTEM32;C:\Windows\WinSxS\amd64_microsoft.windows.common-controls_6595b64144ccf1df_6.0.22000.120_none_9d947278b86cc467;C:\Program Files\Android\Android Studio\jbr\bin\server;S:\gradle-home\native\c067742578af261105cb4f569cf0c3c89f3d7b1fecec35dd04571415982c5e48\windows-amd64

VM Arguments:
jvm_args: -Dorg.gradle.appname=gradlew 
java_command: org.gradle.wrapper.GradleWrapperMain --full-stacktrace --info -Pverbose=true -Ptarget-platform=android-arm64 -Ptarget=S:\dev\CaribTap\flutter-ulistings-app\flutter_universal_listings\lib\main.dart -Pbase-application-name=android.app.Application -Pdart-defines=RkxVVFRFUl9WRVJTSU9OPTMuMzguNg==,RkxVVFRFUl9DSEFOTkVMPXN0YWJsZQ==,RkxVVFRFUl9HSVRfVVJMPWh0dHBzOi8vZ2l0aHViLmNvbS9mbHV0dGVyL2ZsdXR0ZXIuZ2l0,RkxVVFRFUl9GUkFNRVdPUktfUkVWSVNJT049OGI4NzI4Njg0OQ==,RkxVVFRFUl9FTkdJTkVfUkVWSVNJT049NzhmYzMwMTJlNA==,RkxVVFRFUl9EQVJUX1ZFUlNJT049My4xMC43 -Pdart-obfuscation=false -Ptrack-widget-creation=true -Ptree-shake-icons=false -Pfilesystem-scheme=org-dartlang-root assembleDebug
java_class_path (initial): S:\dev\CaribTap\flutter-ulistings-app\flutter_universal_listings\android\\gradle\wrapper\gradle-wrapper.jar
Launcher Type: SUN_STANDARD

[Global flags]
     intx CICompilerCount                          = 3                                         {product} {ergonomic}
     uint ConcGCThreads                            = 1                                         {product} {ergonomic}
     uint G1ConcRefinementThreads                  = 4                                         {product} {ergonomic}
   size_t G1HeapRegionSize                         = 1048576                                   {product} {ergonomic}
    uintx GCDrainStackTargetSize                   = 64                                        {product} {ergonomic}
   size_t InitialHeapSize                          = 130023424                                 {product} {ergonomic}
   size_t MarkStackSize                            = 4194304                                   {product} {ergonomic}
   size_t MaxHeapSize                              = 2063597568                                {product} {ergonomic}
   size_t MaxNewSize                               = 1237319680                                {product} {ergonomic}
   size_t MinHeapDeltaBytes                        = 1048576                                   {product} {ergonomic}
   size_t MinHeapSize                              = 8388608                                   {product} {ergonomic}
    uintx NonNMethodCodeHeapSize                   = 5832780                                {pd product} {ergonomic}
    uintx NonProfiledCodeHeapSize                  = 122912730                              {pd product} {ergonomic}
    uintx ProfiledCodeHeapSize                     = 122912730                              {pd product} {ergonomic}
    uintx ReservedCodeCacheSize                    = 251658240                              {pd product} {ergonomic}
     bool SegmentedCodeCache                       = true                                      {product} {ergonomic}
   size_t SoftMaxHeapSize                          = 2063597568                             {manageable} {ergonomic}
     bool UseCompressedOops                        = true                           {product lp64_product} {ergonomic}
     bool UseG1GC                                  = true                                      {product} {ergonomic}
     bool UseLargePagesIndividualAllocation        = false                                  {pd product} {ergonomic}

Logging:
Log output configuration:
 #0: stdout all=warning uptime,level,tags foldmultilines=false
 #1: stderr all=off uptime,level,tags foldmultilines=false

Environment Variables:
JAVA_HOME=C:\Program Files\Android\Android Studio\jbr
CLASSPATH=S:\dev\CaribTap\flutter-ulistings-app\flutter_universal_listings\android\\gradle\wrapper\gradle-wrapper.jar
PATH=C:\Program Files\Android\Android Studio\jbr\bin;C:\Program Files\Common Files\Oracle\Java\javapath;C:\Program Files\Common Files\Oracle\Java\javapath;C:\Program Files\Common Files\Oracle\Java\javapath;C:\Program Files\Common Files\Oracle\Java\javapath;C:\Program Files\Common Files\Oracle\Java\javapath;C:\Program Files\Common Files\Oracle\Java\javapath;C:\Program Files\Common Files\Oracle\Java\javapath;C:\Program Files\Common Files\Oracle\Java\javapath;C:\Program Files\Common Files\Oracle\Java\javapath;C:\Program Files\Common Files\Oracle\Java\javapath;C:\Program Files\Common Files\Oracle\Java\javapath;C:\Program Files\Common Files\Oracle\Java\javapath;C:\Program Files\Common Files\Oracle\Java\javapath;C:\Program Files\Common Files\Oracle\Java\javapath;C:\Program Files\Common Files\Oracle\Java\javapath;C:\Program Files\Common Files\Oracle\Java\javapath;C:\Program Files\Common Files\Oracle\Java\javapath;C:\Program Files\Common Files\Oracle\Java\javapath;C:\Windows\System32;C:\Program Files\Android\Android Studio\jbr\bin;C:\Users\Experimental\AppData\Local\Microsoft\WindowsApps;S:\flutter\bin;C:\Program Files\Android\Android Studio\jbr\bin;C:\Users\Experimental\AppData\Local\Microsoft\WindowsApps;S:\flutter\bin;C:\Windows\System32;C:\Program Files\Git\cmd;C:\Program Files\Android\Android Studio\jbr\bin;C:\Users\Experimental\AppData\Local\Microsoft\WindowsApps;S:\flutter\bin;C:\Program Files\Android\Android Studio\jbr\bin;C:\Users\Experimental\AppData\Local\Microsoft\WindowsApps;S:\flutter\bin;C:\Windows\System32;C:\Program Files\Git\cmd;C:\Program Files\Android\Android Studio\jbr\bin;C:\Users\Experimental\AppData\Local\Microsoft\WindowsApps;S:\flutter\bin;C:\Program Files\Android\Android Studio\jbr\bin;C:\Users\Experimental\AppData\Local\Microsoft\WindowsApps;S:\flutter\bin;C:\Windows\System32;C:\Program Files\Git\cmd;C:\Windows\System32;C:\Windows\System32\WindowsPowerShell\v1.0\;%NVM_HOME%;%NVM_SYMLINK%;C:\Program Files\nodejs\;C:\Program Files\Android\Android Studio\jbr\bin;C:\Users\Experimental\AppData\Local\Microsoft\WindowsApps;S:\flutter\bin;C:\Program Files\Android\Android Studio\jbr\bin;C:\Users\Experimental\AppData\Local\Microsoft\WindowsApps;S:\flutter\bin;C:\Windows\System32;C:\Program Files\Git\cmd;C:\Program Files\Android\Android Studio\jbr\bin;C:\Users\Experimental\AppData\Local\Microsoft\WindowsApps;S:\flutter\bin;C:\Program Files\Android\Android Studio\jbr\bin;C:\Users\Experimental\AppData\Local\Microsoft\WindowsApps;S:\flutter\bin;C:\Windows\System32;C:\Program Files\Git\cmd;C:\Program Files\Android\Android Studio\jbr\bin;C:\Users\Experimental\AppData\Local\Microsoft\WindowsApps;S:\flutter\bin;C:\Program Files\Android\Android Studio\jbr\bin;C:\Users\Experimental\AppData\Local\Microsoft\WindowsApps;S:\flutter\bin;C:\Windows\System32;C:\Program Files\Git\cmd;C:\Windows\System32;C:\Windows\System32\WindowsPowerShell\v1.0\;C:\Users\Experimental\AppData\Local\nvm;C:\nvm4w\nodejs;C:\Program Files\nodejs\;C:\Program Files\Android\Android Studio\jbr\bin;C:\Users\Experimental\AppData\Local\Microsoft\WindowsApps;S:\flutter\bin;C:\Program Files\Android\Android Studio\jbr\bin;C:\Users\Experimental\AppData\Local\Microsoft\WindowsApps;S:\flutter\bin;C:\Windows\System32;C:\Program Files\Git\cmd;C:\Program Files\Android\Android Studio\jbr\bin;C:\Users\Experimental\AppData\Local\Microsoft\WindowsApps;S:\flutter\bin;C:\Program Files\Android\Android Studio\jbr\bin;C:\Users\Experimental\AppData\Local\Microsoft\WindowsApps;S:\flutter\bin;C:\Windows\System32;C:\Program Files\Git\cmd;C:\Program Files\Android\Android Studio\jbr\bin;C:\Users\Experimental\AppData\Local\Microsoft\WindowsApps;S:\flutter\bin;C:\Program Files\Android\Android Studio\jbr\bin;C:\Users\Experimental\AppData\Local\Microsoft\WindowsApps;S:\flutter\bin;C:\Windows\System32;C:\Program Files\Git\cmd;C:\Windows\System32;C:\Windows\System32\WindowsPowerShell\v1.0\;C:\Users\Experimental\AppData\Local\nvm;C:\nvm4w\nodejs;C:\Program Files\nodejs\;C:\Windows\System32;C:\Windows;C:\Windows\System32\Wbem;C:\Windows\System32\WindowsPowerShell\v1.0\;S:\flutter\bin;C:\Program Files\Git\cmd;C:\Program Files\Android\Android Studio\jbr\bin;C:\Users\Experimental\AppData\Local\Microsoft\WindowsApps;C:\Users\Experimental\AppData\Local\Android\Sdk\platform-tools;C:\Users\Experimental\AppData\Local\Programs\Microsoft VS Code\bin;C:\Users\Experimental\AppData\Local\nvm;C:\nvm4w\nodejs;C:\Users\Experimental\AppData\Roaming\npm;C:\Users\Experimental\AppData\Local\Google\Cloud SDK\google-cloud-sdk\bin;S:\flutter\bin\mingit\cmd
USERNAME=Experimental
OS=Windows_NT
PROCESSOR_IDENTIFIER=Intel64 Family 6 Model 94 Stepping 3, GenuineIntel
TMP=C:\Users\EXPERI~1\AppData\Local\Temp
TEMP=C:\Users\EXPERI~1\AppData\Local\Temp




Periodic native trim disabled

JNI global refs:
JNI global refs: 20, weak refs: 1

JNI global refs memory usage: 835, weak refs: 833

Process memory usage:
Resident Set Size: 56188K (0% of 8054368K total physical memory with 406528K free physical memory)

OOME stack traces (most recent first):
Classloader memory used:
Loader bootstrap                                                                       : 13071K
Loader org.gradle.internal.classloader.VisitableURLClassLoader                         : 5139K
Loader java.net.URLClassLoader                                                         : 233K
Loader jdk.internal.loader.ClassLoaders$AppClassLoader                                 : 142K
Loader jdk.internal.loader.ClassLoaders$PlatformClassLoader                            : 110K

Classes loaded by more than one classloader:
Class org.gradle.cli.AbstractPropertiesCommandLineConverter                           : loaded 2 times (x 83B)
Class org.gradle.cli.CommandLineParser                                                : loaded 2 times (x 79B)
Class org.gradle.internal.service.UnknownServiceException                             : loaded 2 times (x 83B)
Class org.gradle.cli.SystemPropertiesCommandLineConverter                             : loaded 2 times (x 83B)
Class org.gradle.cli.CommandLineArgumentException                                     : loaded 2 times (x 82B)
Class org.gradle.cli.CommandLineParser$KnownOptionParserState                         : loaded 2 times (x 76B)
Class org.gradle.internal.InternalTransformer                                         : loaded 2 times (x 70B)
Class org.gradle.internal.classpath.DefaultClassPath$ImmutableUniqueList              : loaded 2 times (x 199B)
Class org.gradle.cli.CommandLineParser$OptionAwareParserState                         : loaded 2 times (x 77B)
Class org.gradle.cli.ParsedCommandLine                                                : loaded 2 times (x 80B)
Class org.gradle.internal.classpath.ClassPath                                         : loaded 2 times (x 70B)
Class org.gradle.cli.CommandLineParser$UnknownOptionParserState                       : loaded 2 times (x 76B)
Class org.gradle.cli.ParsedCommandLineOption                                          : loaded 2 times (x 76B)
Class org.gradle.api.UncheckedIOException                                             : loaded 2 times (x 82B)
Class org.gradle.cli.CommandLineParser$AfterFirstSubCommand                           : loaded 2 times (x 77B)
Class org.gradle.api.internal.classpath.ModuleRegistry                                : loaded 2 times (x 70B)
Class org.gradle.internal.installation.GradleInstallation$1                           : loaded 2 times (x 75B)
Class org.gradle.cli.CommandLineOption                                                : loaded 2 times (x 86B)
Class org.gradle.cli.CommandLineParser$BeforeFirstSubCommand                          : loaded 2 times (x 77B)
Class org.gradle.internal.service.ServiceLookupException                              : loaded 2 times (x 82B)
Class org.gradle.cli.CommandLineParser$OptionParserState                              : loaded 2 times (x 75B)
Class org.gradle.internal.classloader.ClasspathUtil                                   : loaded 2 times (x 71B)
Class org.gradle.api.specs.Spec                                                       : loaded 2 times (x 70B)
Class org.gradle.internal.classpath.DefaultClassPath                                  : loaded 2 times (x 90B)
Class org.gradle.internal.Cast                                                        : loaded 2 times (x 71B)
Class org.gradle.api.Action                                                           : loaded 2 times (x 70B)
Class org.gradle.cli.AbstractCommandLineConverter                                     : loaded 2 times (x 79B)
Class org.gradle.api.GradleException                                                  : loaded 2 times (x 82B)
Class org.gradle.internal.IoActions                                                   : loaded 2 times (x 71B)
Class org.gradle.cli.CommandLineConverter                                             : loaded 2 times (x 70B)
Class org.gradle.cli.CommandLineParser$ParserState                                    : loaded 2 times (x 76B)
Class org.gradle.cli.CommandLineParser$OptionString                                   : loaded 2 times (x 73B)
Class org.gradle.internal.installation.CurrentGradleInstallationLocator               : loaded 2 times (x 71B)
Class org.gradle.internal.installation.CurrentGradleInstallation                      : loaded 2 times (x 73B)
Class org.gradle.util.internal.GUtil                                                  : loaded 2 times (x 71B)
Class org.gradle.cli.CommandLineParser$AfterOptions                                   : loaded 2 times (x 77B)
Class org.gradle.internal.installation.GradleInstallation                             : loaded 2 times (x 75B)

---------------  S Y S T E M  ---------------

OS:
 Windows 11 , 64 bit Build 22000 (10.0.22000.1516)
OS uptime: 0 days 5:44 hours

CPU: total 4 (initial active 4) (4 cores per cpu, 1 threads per core) family 6 model 94 stepping 3 microcode 0xd6, cx8, cmov, fxsr, mmx, 3dnowpref, sse, sse2, sse3, ssse3, sse4.1, sse4.2, popcnt, lzcnt, tsc, tscinvbit, avx, avx2, aes, erms, clmul, bmi1, bmi2, rtm, adx, fma, vzeroupper, clflush, clflushopt, rdtscp, f16c
Processor Information for the first 4 processors :
  Max Mhz: 2301, Current Mhz: 2301, Mhz Limit: 2301

Memory: 4k page, system-wide physical 7865M (386M free)
TotalPageFile size 22397M (AvailPageFile size 0M)
current process WorkingSet (physical memory assigned to process): 59M, peak: 113M
current process commit charge ("private bytes"): 219M, peak: 229M

vm_info: OpenJDK 64-Bit Server VM (21.0.8+-14196175-b1038.72) for windows-amd64 JRE (21.0.8+-14196175-b1038.72), built on 2025-10-01T10:24:33Z by "builder" with MS VC++ 16.10 / 16.11 (VS2019)

END.
