#
# There is insufficient memory for the Java Runtime Environment to continue.
# Native memory allocation (malloc) failed to allocate 32784 bytes. Error detail: Chunk::new
# Possible reasons:
#   The system is out of physical RAM or swap space
#   This process is running with CompressedOops enabled, and the Java Heap may be blocking the growth of the native heap
# Possible solutions:
#   Reduce memory load on the system
#   Increase physical memory or swap space
#   Check if swap backing store is full
#   Decrease Java heap size (-Xmx/-Xms)
#   Decrease number of Java threads
#   Decrease Java thread stack sizes (-Xss)
#   Set larger code cache with -XX:ReservedCodeCacheSize=
#   JVM is running with Unscaled Compressed Oops mode in which the Java heap is
#     placed in the first 4GB address space. The Java Heap base address is the
#     maximum limit for the native heap growth. Please use -XX:HeapBaseMinAddress
#     to set the Java Heap base and to place the Java Heap above 4GB virtual address.
# This output file may be truncated or incomplete.
#
#  Out of Memory Error (arena.cpp:168), pid=1284, tid=540
#
# JRE version: OpenJDK Runtime Environment (21.0.8) (build 21.0.8+-14196175-b1038.72)
# Java VM: OpenJDK 64-Bit Server VM (21.0.8+-14196175-b1038.72, mixed mode, tiered, compressed oops, compressed class ptrs, g1 gc, windows-amd64)
# No core dump will be written. Minidumps are not enabled by default on client versions of Windows
#

---------------  S U M M A R Y ------------

Command Line: -Dorg.gradle.appname=gradlew org.gradle.wrapper.GradleWrapperMain --full-stacktrace --info -Pverbose=true -Ptarget-platform=android-arm64 -Ptarget=S:\dev\CaribTap\flutter-ulistings-app\flutter_universal_listings\lib\main.dart -Pbase-application-name=android.app.Application -Pdart-defines=RkxVVFRFUl9WRVJTSU9OPTMuMzguNg==,RkxVVFRFUl9DSEFOTkVMPXN0YWJsZQ==,RkxVVFRFUl9HSVRfVVJMPWh0dHBzOi8vZ2l0aHViLmNvbS9mbHV0dGVyL2ZsdXR0ZXIuZ2l0,RkxVVFRFUl9GUkFNRVdPUktfUkVWSVNJT049OGI4NzI4Njg0OQ==,RkxVVFRFUl9FTkdJTkVfUkVWSVNJT049NzhmYzMwMTJlNA==,RkxVVFRFUl9EQVJUX1ZFUlNJT049My4xMC43 -Pdart-obfuscation=false -Ptrack-widget-creation=true -Ptree-shake-icons=false -Pfilesystem-scheme=org-dartlang-root assembleDebug

Host: Intel(R) Core(TM) i5-6300HQ CPU @ 2.30GHz, 4 cores, 7G,  Windows 11 , 64 bit Build 22000 (10.0.22000.1516)
Time: Tue Jan 27 12:08:54 2026 SA Western Standard Time elapsed time: 93.737465 seconds (0d 0h 1m 33s)

---------------  T H R E A D  ---------------

Current thread (0x00000245c8b6d680):  JavaThread "C2 CompilerThread0" daemon [_thread_in_native, id=540, stack(0x000000a8a8f00000,0x000000a8a9000000) (1024K)]


Current CompileTask:
C2:93738 1985       4       org.gradle.internal.logging.sink.OutputEventTransformer::onOutput (369 bytes)

Stack: [0x000000a8a8f00000,0x000000a8a9000000]
Native frames: (J=compiled Java code, j=interpreted, Vv=VM code, C=native code)
V  [jvm.dll+0x6d68d9]
V  [jvm.dll+0x866693]
V  [jvm.dll+0x868c4e]
V  [jvm.dll+0x869333]
V  [jvm.dll+0x280566]
V  [jvm.dll+0xc07cd]
V  [jvm.dll+0xc0d03]
V  [jvm.dll+0xc08f5]
V  [jvm.dll+0x72cdfc]
V  [jvm.dll+0x609f97]
V  [jvm.dll+0x7567fa]
V  [jvm.dll+0x7557c4]
V  [jvm.dll+0x616ffa]
V  [jvm.dll+0x615f3f]
V  [jvm.dll+0x615cbb]
V  [jvm.dll+0x5ffe28]
V  [jvm.dll+0x252362]
V  [jvm.dll+0x24ab5d]
V  [jvm.dll+0x24871e]
V  [jvm.dll+0x1c73a4]
V  [jvm.dll+0x257f9e]
V  [jvm.dll+0x2564e6]
V  [jvm.dll+0x3f4696]
V  [jvm.dll+0x80eac8]
V  [jvm.dll+0x6d512d]
C  [ucrtbase.dll+0x26c0c]
C  [KERNEL32.DLL+0x155a0]
C  [ntdll.dll+0x485b]


---------------  P R O C E S S  ---------------

Threads class SMR info:
_java_thread_list=0x00000245cdb04a20, length=12, elements={
0x00000245af981db0, 0x00000245c8b3b6c0, 0x00000245c8b3e7b0, 0x00000245c8b3f210,
0x00000245c8b408d0, 0x00000245c8b40f40, 0x00000245c8b63e80, 0x00000245c8b6c8f0,
0x00000245c8b6d680, 0x00000245c8b6e120, 0x00000245c8cf7ab0, 0x00000245cdb5b2f0
}

Java Threads: ( => current thread )
  0x00000245af981db0 JavaThread "main"                              [_thread_blocked, id=16216, stack(0x000000a8a8000000,0x000000a8a8100000) (1024K)]
  0x00000245c8b3b6c0 JavaThread "Common-Cleaner"             daemon [_thread_blocked, id=14116, stack(0x000000a8a8800000,0x000000a8a8900000) (1024K)]
  0x00000245c8b3e7b0 JavaThread "Reference Handler"          daemon [_thread_blocked, id=14628, stack(0x000000a8a8900000,0x000000a8a8a00000) (1024K)]
  0x00000245c8b3f210 JavaThread "Finalizer"                  daemon [_thread_blocked, id=11664, stack(0x000000a8a8a00000,0x000000a8a8b00000) (1024K)]
  0x00000245c8b408d0 JavaThread "Signal Dispatcher"          daemon [_thread_blocked, id=11396, stack(0x000000a8a8b00000,0x000000a8a8c00000) (1024K)]
  0x00000245c8b40f40 JavaThread "Attach Listener"            daemon [_thread_blocked, id=4904, stack(0x000000a8a8c00000,0x000000a8a8d00000) (1024K)]
  0x00000245c8b63e80 JavaThread "Service Thread"             daemon [_thread_blocked, id=18992, stack(0x000000a8a8d00000,0x000000a8a8e00000) (1024K)]
  0x00000245c8b6c8f0 JavaThread "Monitor Deflation Thread"   daemon [_thread_blocked, id=15616, stack(0x000000a8a8e00000,0x000000a8a8f00000) (1024K)]
=>0x00000245c8b6d680 JavaThread "C2 CompilerThread0"         daemon [_thread_in_native, id=540, stack(0x000000a8a8f00000,0x000000a8a9000000) (1024K)]
  0x00000245c8b6e120 JavaThread "C1 CompilerThread0"         daemon [_thread_blocked, id=3916, stack(0x000000a8a9000000,0x000000a8a9100000) (1024K)]
  0x00000245c8cf7ab0 JavaThread "Notification Thread"        daemon [_thread_blocked, id=8912, stack(0x000000a8a9100000,0x000000a8a9200000) (1024K)]
  0x00000245cdb5b2f0 JavaThread "pool-1-thread-1"                   [_thread_in_native, id=5672, stack(0x000000a8a9600000,0x000000a8a9700000) (1024K)]
Total: 12

Other Threads:
  0x00000245c8ae8440 VMThread "VM Thread"                           [id=7468, stack(0x000000a8a8700000,0x000000a8a8800000) (1024K)]
  0x00000245c8926140 WatcherThread "VM Periodic Task Thread"        [id=8720, stack(0x000000a8a8600000,0x000000a8a8700000) (1024K)]
  0x00000245b1cddcd0 WorkerThread "GC Thread#0"                     [id=19156, stack(0x000000a8a8100000,0x000000a8a8200000) (1024K)]
  0x00000245cd1f49f0 WorkerThread "GC Thread#1"                     [id=4512, stack(0x000000a8a9200000,0x000000a8a9300000) (1024K)]
  0x00000245cd0c3e90 WorkerThread "GC Thread#2"                     [id=10176, stack(0x000000a8a9300000,0x000000a8a9400000) (1024K)]
  0x00000245cd14edc0 WorkerThread "GC Thread#3"                     [id=19772, stack(0x000000a8a9400000,0x000000a8a9500000) (1024K)]
  0x00000245b1cee580 ConcurrentGCThread "G1 Main Marker"            [id=1676, stack(0x000000a8a8200000,0x000000a8a8300000) (1024K)]
  0x00000245b1cefa30 WorkerThread "G1 Conc#0"                       [id=19604, stack(0x000000a8a8300000,0x000000a8a8400000) (1024K)]
  0x00000245b1d5e6d0 ConcurrentGCThread "G1 Refine#0"               [id=19992, stack(0x000000a8a8400000,0x000000a8a8500000) (1024K)]
  0x00000245c87f95d0 ConcurrentGCThread "G1 Service"                [id=18988, stack(0x000000a8a8500000,0x000000a8a8600000) (1024K)]
Total: 10

Threads with active compile tasks:
C2 CompilerThread0  93798 1985       4       org.gradle.internal.logging.sink.OutputEventTransformer::onOutput (369 bytes)
Total: 1

VM state: not at safepoint (normal execution)

VM Mutex/Monitor currently owned by a thread: None

Heap address: 0x0000000085000000, size: 1968 MB, Compressed Oops mode: 32-bit

CDS archive(s) not mapped
Compressed class space mapped at: 0x0000000100000000-0x0000000140000000, reserved size: 1073741824
Narrow klass base: 0x0000000000000000, Narrow klass shift: 3, Narrow klass range: 0x140000000

GC Precious Log:
 CardTable entry size: 512
 Card Set container configuration: InlinePtr #cards 5 size 8 Array Of Cards #cards 12 size 40 Howl #buckets 4 coarsen threshold 1843 Howl Bitmap #cards 512 size 80 coarsen threshold 460 Card regions per heap region 1 cards per card region 2048
 CPUs: 4 total, 4 available
 Memory: 7865M
 Large Page Support: Disabled
 NUMA Support: Disabled
 Compressed Oops: Enabled (32-bit)
 Heap Region Size: 1M
 Heap Min Capacity: 8M
 Heap Initial Capacity: 124M
 Heap Max Capacity: 1968M
 Pre-touch: Disabled
 Parallel Workers: 4
 Concurrent Workers: 1
 Concurrent Refinement Workers: 4
 Periodic GC: Disabled

Heap:
 garbage-first heap   total 126976K, used 54884K [0x0000000085000000, 0x0000000100000000)
  region size 1024K, 49 young (50176K), 4 survivors (4096K)
 Metaspace       used 18670K, committed 18944K, reserved 1114112K
  class space    used 2216K, committed 2368K, reserved 1048576K

Heap Regions: E=young(eden), S=young(survivor), O=old, HS=humongous(starts), HC=humongous(continues), CS=collection set, F=free, TAMS=top-at-mark-start, PB=parsable bottom
|   0|0x0000000085000000, 0x0000000085100000, 0x0000000085100000|100%|HS|  |TAMS 0x0000000085000000| PB 0x0000000085000000| Complete 
|   1|0x0000000085100000, 0x0000000085200000, 0x0000000085200000|100%|HC|  |TAMS 0x0000000085100000| PB 0x0000000085100000| Complete 
|   2|0x0000000085200000, 0x0000000085300000, 0x0000000085300000|100%|HC|  |TAMS 0x0000000085200000| PB 0x0000000085200000| Complete 
|   3|0x0000000085300000, 0x0000000085400000, 0x0000000085400000|100%| O|  |TAMS 0x0000000085300000| PB 0x0000000085300000| Untracked 
|   4|0x0000000085400000, 0x0000000085500000, 0x0000000085500000|100%| O|  |TAMS 0x0000000085400000| PB 0x0000000085400000| Untracked 
|   5|0x0000000085500000, 0x0000000085599290, 0x0000000085600000| 59%| O|  |TAMS 0x0000000085500000| PB 0x0000000085500000| Untracked 
|   6|0x0000000085600000, 0x0000000085600000, 0x0000000085700000|  0%| F|  |TAMS 0x0000000085600000| PB 0x0000000085600000| Untracked 
|   7|0x0000000085700000, 0x0000000085700000, 0x0000000085800000|  0%| F|  |TAMS 0x0000000085700000| PB 0x0000000085700000| Untracked 
|   8|0x0000000085800000, 0x0000000085800000, 0x0000000085900000|  0%| F|  |TAMS 0x0000000085800000| PB 0x0000000085800000| Untracked 
|   9|0x0000000085900000, 0x0000000085900000, 0x0000000085a00000|  0%| F|  |TAMS 0x0000000085900000| PB 0x0000000085900000| Untracked 
|  10|0x0000000085a00000, 0x0000000085a00000, 0x0000000085b00000|  0%| F|  |TAMS 0x0000000085a00000| PB 0x0000000085a00000| Untracked 
|  11|0x0000000085b00000, 0x0000000085b00000, 0x0000000085c00000|  0%| F|  |TAMS 0x0000000085b00000| PB 0x0000000085b00000| Untracked 
|  12|0x0000000085c00000, 0x0000000085c00000, 0x0000000085d00000|  0%| F|  |TAMS 0x0000000085c00000| PB 0x0000000085c00000| Untracked 
|  13|0x0000000085d00000, 0x0000000085d00000, 0x0000000085e00000|  0%| F|  |TAMS 0x0000000085d00000| PB 0x0000000085d00000| Untracked 
|  14|0x0000000085e00000, 0x0000000085e00000, 0x0000000085f00000|  0%| F|  |TAMS 0x0000000085e00000| PB 0x0000000085e00000| Untracked 
|  15|0x0000000085f00000, 0x0000000085f00000, 0x0000000086000000|  0%| F|  |TAMS 0x0000000085f00000| PB 0x0000000085f00000| Untracked 
|  16|0x0000000086000000, 0x0000000086000000, 0x0000000086100000|  0%| F|  |TAMS 0x0000000086000000| PB 0x0000000086000000| Untracked 
|  17|0x0000000086100000, 0x0000000086100000, 0x0000000086200000|  0%| F|  |TAMS 0x0000000086100000| PB 0x0000000086100000| Untracked 
|  18|0x0000000086200000, 0x0000000086200000, 0x0000000086300000|  0%| F|  |TAMS 0x0000000086200000| PB 0x0000000086200000| Untracked 
|  19|0x0000000086300000, 0x0000000086300000, 0x0000000086400000|  0%| F|  |TAMS 0x0000000086300000| PB 0x0000000086300000| Untracked 
|  20|0x0000000086400000, 0x0000000086400000, 0x0000000086500000|  0%| F|  |TAMS 0x0000000086400000| PB 0x0000000086400000| Untracked 
|  21|0x0000000086500000, 0x0000000086500000, 0x0000000086600000|  0%| F|  |TAMS 0x0000000086500000| PB 0x0000000086500000| Untracked 
|  22|0x0000000086600000, 0x0000000086600000, 0x0000000086700000|  0%| F|  |TAMS 0x0000000086600000| PB 0x0000000086600000| Untracked 
|  23|0x0000000086700000, 0x0000000086700000, 0x0000000086800000|  0%| F|  |TAMS 0x0000000086700000| PB 0x0000000086700000| Untracked 
|  24|0x0000000086800000, 0x0000000086800000, 0x0000000086900000|  0%| F|  |TAMS 0x0000000086800000| PB 0x0000000086800000| Untracked 
|  25|0x0000000086900000, 0x0000000086900000, 0x0000000086a00000|  0%| F|  |TAMS 0x0000000086900000| PB 0x0000000086900000| Untracked 
|  26|0x0000000086a00000, 0x0000000086a00000, 0x0000000086b00000|  0%| F|  |TAMS 0x0000000086a00000| PB 0x0000000086a00000| Untracked 
|  27|0x0000000086b00000, 0x0000000086b00000, 0x0000000086c00000|  0%| F|  |TAMS 0x0000000086b00000| PB 0x0000000086b00000| Untracked 
|  28|0x0000000086c00000, 0x0000000086c00000, 0x0000000086d00000|  0%| F|  |TAMS 0x0000000086c00000| PB 0x0000000086c00000| Untracked 
|  29|0x0000000086d00000, 0x0000000086d00000, 0x0000000086e00000|  0%| F|  |TAMS 0x0000000086d00000| PB 0x0000000086d00000| Untracked 
|  30|0x0000000086e00000, 0x0000000086e00000, 0x0000000086f00000|  0%| F|  |TAMS 0x0000000086e00000| PB 0x0000000086e00000| Untracked 
|  31|0x0000000086f00000, 0x0000000086f00000, 0x0000000087000000|  0%| F|  |TAMS 0x0000000086f00000| PB 0x0000000086f00000| Untracked 
|  32|0x0000000087000000, 0x0000000087000000, 0x0000000087100000|  0%| F|  |TAMS 0x0000000087000000| PB 0x0000000087000000| Untracked 
|  33|0x0000000087100000, 0x0000000087100000, 0x0000000087200000|  0%| F|  |TAMS 0x0000000087100000| PB 0x0000000087100000| Untracked 
|  34|0x0000000087200000, 0x0000000087200000, 0x0000000087300000|  0%| F|  |TAMS 0x0000000087200000| PB 0x0000000087200000| Untracked 
|  35|0x0000000087300000, 0x0000000087300000, 0x0000000087400000|  0%| F|  |TAMS 0x0000000087300000| PB 0x0000000087300000| Untracked 
|  36|0x0000000087400000, 0x0000000087400000, 0x0000000087500000|  0%| F|  |TAMS 0x0000000087400000| PB 0x0000000087400000| Untracked 
|  37|0x0000000087500000, 0x0000000087500000, 0x0000000087600000|  0%| F|  |TAMS 0x0000000087500000| PB 0x0000000087500000| Untracked 
|  38|0x0000000087600000, 0x0000000087600000, 0x0000000087700000|  0%| F|  |TAMS 0x0000000087600000| PB 0x0000000087600000| Untracked 
|  39|0x0000000087700000, 0x0000000087700000, 0x0000000087800000|  0%| F|  |TAMS 0x0000000087700000| PB 0x0000000087700000| Untracked 
|  40|0x0000000087800000, 0x0000000087800000, 0x0000000087900000|  0%| F|  |TAMS 0x0000000087800000| PB 0x0000000087800000| Untracked 
|  41|0x0000000087900000, 0x0000000087900000, 0x0000000087a00000|  0%| F|  |TAMS 0x0000000087900000| PB 0x0000000087900000| Untracked 
|  42|0x0000000087a00000, 0x0000000087a00000, 0x0000000087b00000|  0%| F|  |TAMS 0x0000000087a00000| PB 0x0000000087a00000| Untracked 
|  43|0x0000000087b00000, 0x0000000087b00000, 0x0000000087c00000|  0%| F|  |TAMS 0x0000000087b00000| PB 0x0000000087b00000| Untracked 
|  44|0x0000000087c00000, 0x0000000087c00000, 0x0000000087d00000|  0%| F|  |TAMS 0x0000000087c00000| PB 0x0000000087c00000| Untracked 
|  45|0x0000000087d00000, 0x0000000087d00000, 0x0000000087e00000|  0%| F|  |TAMS 0x0000000087d00000| PB 0x0000000087d00000| Untracked 
|  46|0x0000000087e00000, 0x0000000087e00000, 0x0000000087f00000|  0%| F|  |TAMS 0x0000000087e00000| PB 0x0000000087e00000| Untracked 
|  47|0x0000000087f00000, 0x0000000087f00000, 0x0000000088000000|  0%| F|  |TAMS 0x0000000087f00000| PB 0x0000000087f00000| Untracked 
|  48|0x0000000088000000, 0x0000000088000000, 0x0000000088100000|  0%| F|  |TAMS 0x0000000088000000| PB 0x0000000088000000| Untracked 
|  49|0x0000000088100000, 0x0000000088100000, 0x0000000088200000|  0%| F|  |TAMS 0x0000000088100000| PB 0x0000000088100000| Untracked 
|  50|0x0000000088200000, 0x0000000088200000, 0x0000000088300000|  0%| F|  |TAMS 0x0000000088200000| PB 0x0000000088200000| Untracked 
|  51|0x0000000088300000, 0x0000000088300000, 0x0000000088400000|  0%| F|  |TAMS 0x0000000088300000| PB 0x0000000088300000| Untracked 
|  52|0x0000000088400000, 0x0000000088400000, 0x0000000088500000|  0%| F|  |TAMS 0x0000000088400000| PB 0x0000000088400000| Untracked 
|  53|0x0000000088500000, 0x0000000088500000, 0x0000000088600000|  0%| F|  |TAMS 0x0000000088500000| PB 0x0000000088500000| Untracked 
|  54|0x0000000088600000, 0x0000000088600000, 0x0000000088700000|  0%| F|  |TAMS 0x0000000088600000| PB 0x0000000088600000| Untracked 
|  55|0x0000000088700000, 0x0000000088700000, 0x0000000088800000|  0%| F|  |TAMS 0x0000000088700000| PB 0x0000000088700000| Untracked 
|  56|0x0000000088800000, 0x0000000088800000, 0x0000000088900000|  0%| F|  |TAMS 0x0000000088800000| PB 0x0000000088800000| Untracked 
|  57|0x0000000088900000, 0x0000000088900000, 0x0000000088a00000|  0%| F|  |TAMS 0x0000000088900000| PB 0x0000000088900000| Untracked 
|  58|0x0000000088a00000, 0x0000000088a00000, 0x0000000088b00000|  0%| F|  |TAMS 0x0000000088a00000| PB 0x0000000088a00000| Untracked 
|  59|0x0000000088b00000, 0x0000000088b00000, 0x0000000088c00000|  0%| F|  |TAMS 0x0000000088b00000| PB 0x0000000088b00000| Untracked 
|  60|0x0000000088c00000, 0x0000000088c00000, 0x0000000088d00000|  0%| F|  |TAMS 0x0000000088c00000| PB 0x0000000088c00000| Untracked 
|  61|0x0000000088d00000, 0x0000000088d00000, 0x0000000088e00000|  0%| F|  |TAMS 0x0000000088d00000| PB 0x0000000088d00000| Untracked 
|  62|0x0000000088e00000, 0x0000000088e00000, 0x0000000088f00000|  0%| F|  |TAMS 0x0000000088e00000| PB 0x0000000088e00000| Untracked 
|  63|0x0000000088f00000, 0x0000000088f00000, 0x0000000089000000|  0%| F|  |TAMS 0x0000000088f00000| PB 0x0000000088f00000| Untracked 
|  64|0x0000000089000000, 0x0000000089000000, 0x0000000089100000|  0%| F|  |TAMS 0x0000000089000000| PB 0x0000000089000000| Untracked 
|  65|0x0000000089100000, 0x0000000089100000, 0x0000000089200000|  0%| F|  |TAMS 0x0000000089100000| PB 0x0000000089100000| Untracked 
|  66|0x0000000089200000, 0x0000000089200000, 0x0000000089300000|  0%| F|  |TAMS 0x0000000089200000| PB 0x0000000089200000| Untracked 
|  67|0x0000000089300000, 0x0000000089300000, 0x0000000089400000|  0%| F|  |TAMS 0x0000000089300000| PB 0x0000000089300000| Untracked 
|  68|0x0000000089400000, 0x0000000089400000, 0x0000000089500000|  0%| F|  |TAMS 0x0000000089400000| PB 0x0000000089400000| Untracked 
|  69|0x0000000089500000, 0x0000000089500000, 0x0000000089600000|  0%| F|  |TAMS 0x0000000089500000| PB 0x0000000089500000| Untracked 
|  70|0x0000000089600000, 0x0000000089600000, 0x0000000089700000|  0%| F|  |TAMS 0x0000000089600000| PB 0x0000000089600000| Untracked 
|  71|0x0000000089700000, 0x0000000089700000, 0x0000000089800000|  0%| F|  |TAMS 0x0000000089700000| PB 0x0000000089700000| Untracked 
|  72|0x0000000089800000, 0x0000000089800000, 0x0000000089900000|  0%| F|  |TAMS 0x0000000089800000| PB 0x0000000089800000| Untracked 
|  73|0x0000000089900000, 0x0000000089900000, 0x0000000089a00000|  0%| F|  |TAMS 0x0000000089900000| PB 0x0000000089900000| Untracked 
|  74|0x0000000089a00000, 0x0000000089a00000, 0x0000000089b00000|  0%| F|  |TAMS 0x0000000089a00000| PB 0x0000000089a00000| Untracked 
|  75|0x0000000089b00000, 0x0000000089c00000, 0x0000000089c00000|100%| E|  |TAMS 0x0000000089b00000| PB 0x0000000089b00000| Complete 
|  76|0x0000000089c00000, 0x0000000089d00000, 0x0000000089d00000|100%| E|CS|TAMS 0x0000000089c00000| PB 0x0000000089c00000| Complete 
|  77|0x0000000089d00000, 0x0000000089e00000, 0x0000000089e00000|100%| E|CS|TAMS 0x0000000089d00000| PB 0x0000000089d00000| Complete 
|  78|0x0000000089e00000, 0x0000000089f00000, 0x0000000089f00000|100%| E|CS|TAMS 0x0000000089e00000| PB 0x0000000089e00000| Complete 
|  79|0x0000000089f00000, 0x000000008a000000, 0x000000008a000000|100%| E|CS|TAMS 0x0000000089f00000| PB 0x0000000089f00000| Complete 
|  80|0x000000008a000000, 0x000000008a100000, 0x000000008a100000|100%| E|CS|TAMS 0x000000008a000000| PB 0x000000008a000000| Complete 
|  81|0x000000008a100000, 0x000000008a200000, 0x000000008a200000|100%| E|CS|TAMS 0x000000008a100000| PB 0x000000008a100000| Complete 
|  82|0x000000008a200000, 0x000000008a300000, 0x000000008a300000|100%| E|CS|TAMS 0x000000008a200000| PB 0x000000008a200000| Complete 
|  83|0x000000008a300000, 0x000000008a400000, 0x000000008a400000|100%| E|CS|TAMS 0x000000008a300000| PB 0x000000008a300000| Complete 
|  84|0x000000008a400000, 0x000000008a500000, 0x000000008a500000|100%| E|CS|TAMS 0x000000008a400000| PB 0x000000008a400000| Complete 
|  85|0x000000008a500000, 0x000000008a600000, 0x000000008a600000|100%| E|CS|TAMS 0x000000008a500000| PB 0x000000008a500000| Complete 
|  86|0x000000008a600000, 0x000000008a700000, 0x000000008a700000|100%| E|CS|TAMS 0x000000008a600000| PB 0x000000008a600000| Complete 
|  87|0x000000008a700000, 0x000000008a800000, 0x000000008a800000|100%| E|CS|TAMS 0x000000008a700000| PB 0x000000008a700000| Complete 
|  88|0x000000008a800000, 0x000000008a900000, 0x000000008a900000|100%| E|CS|TAMS 0x000000008a800000| PB 0x000000008a800000| Complete 
|  89|0x000000008a900000, 0x000000008aa00000, 0x000000008aa00000|100%| E|CS|TAMS 0x000000008a900000| PB 0x000000008a900000| Complete 
|  90|0x000000008aa00000, 0x000000008ab00000, 0x000000008ab00000|100%| E|CS|TAMS 0x000000008aa00000| PB 0x000000008aa00000| Complete 
|  91|0x000000008ab00000, 0x000000008ac00000, 0x000000008ac00000|100%| E|CS|TAMS 0x000000008ab00000| PB 0x000000008ab00000| Complete 
|  92|0x000000008ac00000, 0x000000008ad00000, 0x000000008ad00000|100%| E|CS|TAMS 0x000000008ac00000| PB 0x000000008ac00000| Complete 
|  93|0x000000008ad00000, 0x000000008ae00000, 0x000000008ae00000|100%| E|CS|TAMS 0x000000008ad00000| PB 0x000000008ad00000| Complete 
|  94|0x000000008ae00000, 0x000000008af00000, 0x000000008af00000|100%| E|CS|TAMS 0x000000008ae00000| PB 0x000000008ae00000| Complete 
|  95|0x000000008af00000, 0x000000008b000000, 0x000000008b000000|100%| S|CS|TAMS 0x000000008af00000| PB 0x000000008af00000| Complete 
|  96|0x000000008b000000, 0x000000008b100000, 0x000000008b100000|100%| S|CS|TAMS 0x000000008b000000| PB 0x000000008b000000| Complete 
|  97|0x000000008b100000, 0x000000008b200000, 0x000000008b200000|100%| S|CS|TAMS 0x000000008b100000| PB 0x000000008b100000| Complete 
|  98|0x000000008b200000, 0x000000008b300000, 0x000000008b300000|100%| S|CS|TAMS 0x000000008b200000| PB 0x000000008b200000| Complete 
|  99|0x000000008b300000, 0x000000008b400000, 0x000000008b400000|100%| E|CS|TAMS 0x000000008b300000| PB 0x000000008b300000| Complete 
| 100|0x000000008b400000, 0x000000008b500000, 0x000000008b500000|100%| E|CS|TAMS 0x000000008b400000| PB 0x000000008b400000| Complete 
| 101|0x000000008b500000, 0x000000008b600000, 0x000000008b600000|100%| E|CS|TAMS 0x000000008b500000| PB 0x000000008b500000| Complete 
| 102|0x000000008b600000, 0x000000008b700000, 0x000000008b700000|100%| E|CS|TAMS 0x000000008b600000| PB 0x000000008b600000| Complete 
| 103|0x000000008b700000, 0x000000008b800000, 0x000000008b800000|100%| E|CS|TAMS 0x000000008b700000| PB 0x000000008b700000| Complete 
| 104|0x000000008b800000, 0x000000008b900000, 0x000000008b900000|100%| E|CS|TAMS 0x000000008b800000| PB 0x000000008b800000| Complete 
| 105|0x000000008b900000, 0x000000008ba00000, 0x000000008ba00000|100%| E|CS|TAMS 0x000000008b900000| PB 0x000000008b900000| Complete 
| 106|0x000000008ba00000, 0x000000008bb00000, 0x000000008bb00000|100%| E|CS|TAMS 0x000000008ba00000| PB 0x000000008ba00000| Complete 
| 107|0x000000008bb00000, 0x000000008bc00000, 0x000000008bc00000|100%| E|CS|TAMS 0x000000008bb00000| PB 0x000000008bb00000| Complete 
| 108|0x000000008bc00000, 0x000000008bd00000, 0x000000008bd00000|100%| E|CS|TAMS 0x000000008bc00000| PB 0x000000008bc00000| Complete 
| 109|0x000000008bd00000, 0x000000008be00000, 0x000000008be00000|100%| E|CS|TAMS 0x000000008bd00000| PB 0x000000008bd00000| Complete 
| 110|0x000000008be00000, 0x000000008bf00000, 0x000000008bf00000|100%| E|CS|TAMS 0x000000008be00000| PB 0x000000008be00000| Complete 
| 111|0x000000008bf00000, 0x000000008c000000, 0x000000008c000000|100%| E|CS|TAMS 0x000000008bf00000| PB 0x000000008bf00000| Complete 
| 112|0x000000008c000000, 0x000000008c100000, 0x000000008c100000|100%| E|CS|TAMS 0x000000008c000000| PB 0x000000008c000000| Complete 
| 113|0x000000008c100000, 0x000000008c200000, 0x000000008c200000|100%| E|CS|TAMS 0x000000008c100000| PB 0x000000008c100000| Complete 
| 114|0x000000008c200000, 0x000000008c300000, 0x000000008c300000|100%| E|CS|TAMS 0x000000008c200000| PB 0x000000008c200000| Complete 
| 115|0x000000008c300000, 0x000000008c400000, 0x000000008c400000|100%| E|CS|TAMS 0x000000008c300000| PB 0x000000008c300000| Complete 
| 116|0x000000008c400000, 0x000000008c500000, 0x000000008c500000|100%| E|CS|TAMS 0x000000008c400000| PB 0x000000008c400000| Complete 
| 117|0x000000008c500000, 0x000000008c600000, 0x000000008c600000|100%| E|CS|TAMS 0x000000008c500000| PB 0x000000008c500000| Complete 
| 118|0x000000008c600000, 0x000000008c700000, 0x000000008c700000|100%| E|CS|TAMS 0x000000008c600000| PB 0x000000008c600000| Complete 
| 119|0x000000008c700000, 0x000000008c800000, 0x000000008c800000|100%| E|CS|TAMS 0x000000008c700000| PB 0x000000008c700000| Complete 
| 120|0x000000008c800000, 0x000000008c900000, 0x000000008c900000|100%| E|CS|TAMS 0x000000008c800000| PB 0x000000008c800000| Complete 
| 121|0x000000008c900000, 0x000000008ca00000, 0x000000008ca00000|100%| E|CS|TAMS 0x000000008c900000| PB 0x000000008c900000| Complete 
| 122|0x000000008ca00000, 0x000000008cb00000, 0x000000008cb00000|100%| E|CS|TAMS 0x000000008ca00000| PB 0x000000008ca00000| Complete 
| 123|0x000000008cb00000, 0x000000008cc00000, 0x000000008cc00000|100%| E|CS|TAMS 0x000000008cb00000| PB 0x000000008cb00000| Complete 

Card table byte_map: [0x00000245c41d0000,0x00000245c45b0000] _byte_map_base: 0x00000245c3da8000

Marking Bits: (CMBitMap*) 0x00000245b1cde3d0
 Bits: [0x00000245c45b0000, 0x00000245c6470000)

Polling page: 0x00000245afb50000

Metaspace:

Usage:
  Non-class:     16.07 MB used.
      Class:      2.16 MB used.
       Both:     18.23 MB used.

Virtual space:
  Non-class space:       64.00 MB reserved,      16.19 MB ( 25%) committed,  1 nodes.
      Class space:        1.00 GB reserved,       2.31 MB ( <1%) committed,  1 nodes.
             Both:        1.06 GB reserved,      18.50 MB (  2%) committed. 

Chunk freelists:
   Non-Class:  15.62 MB
       Class:  13.61 MB
        Both:  29.23 MB

MaxMetaspaceSize: unlimited
CompressedClassSpaceSize: 1.00 GB
Initial GC threshold: 21.00 MB
Current GC threshold: 21.00 MB
CDS: off
 - commit_granule_bytes: 65536.
 - commit_granule_words: 8192.
 - virtual_space_node_default_size: 8388608.
 - enlarge_chunks_in_place: 1.
 - use_allocation_guard: 0.


Internal statistics:

num_allocs_failed_limit: 0.
num_arena_births: 238.
num_arena_deaths: 0.
num_vsnodes_births: 2.
num_vsnodes_deaths: 0.
num_space_committed: 296.
num_space_uncommitted: 0.
num_chunks_returned_to_freelist: 0.
num_chunks_taken_from_freelist: 541.
num_chunk_merges: 0.
num_chunk_splits: 360.
num_chunks_enlarged: 270.
num_inconsistent_stats: 0.

CodeHeap 'non-profiled nmethods': size=120000Kb used=998Kb max_used=998Kb free=119001Kb
 bounds [0x00000245bc8c0000, 0x00000245bcb30000, 0x00000245c3df0000]
CodeHeap 'profiled nmethods': size=120000Kb used=3669Kb max_used=3669Kb free=116330Kb
 bounds [0x00000245b4df0000, 0x00000245b5190000, 0x00000245bc320000]
CodeHeap 'non-nmethods': size=5760Kb used=1372Kb max_used=1416Kb free=4388Kb
 bounds [0x00000245bc320000, 0x00000245bc590000, 0x00000245bc8c0000]
CodeCache: size=245760Kb, used=6039Kb, max_used=6083Kb, free=239719Kb
 total_blobs=2484, nmethods=1993, adapters=396, full_count=0
Compilation: enabled, stopped_count=0, restarted_count=0

Compilation events (20 events):
Event: 93.565 Thread 0x00000245c8b6e120 1988       3       java.nio.MappedByteBuffer::flip (5 bytes)
Event: 93.565 Thread 0x00000245c8b6e120 nmethod 1988 0x00000245b5182810 code [0x00000245b51829c0, 0x00000245b5182c00]
Event: 93.565 Thread 0x00000245c8b6e120 1989       3       sun.nio.ch.WEPoll::getEvent (9 bytes)
Event: 93.565 Thread 0x00000245c8b6e120 nmethod 1989 0x00000245b5182d10 code [0x00000245b5182ea0, 0x00000245b5182f98]
Event: 93.565 Thread 0x00000245c8b6e120 1990       3       sun.nio.ch.WEPoll::getDescriptor (34 bytes)
Event: 93.565 Thread 0x00000245c8b6d680 nmethod 1982 0x00000245bc9b8e10 code [0x00000245bc9b8fa0, 0x00000245bc9b90c8]
Event: 93.565 Thread 0x00000245c8b6d680 1984       4       org.gradle.internal.logging.sink.OutputEventRenderer::onOutput (82 bytes)
Event: 93.565 Thread 0x00000245c8b6e120 nmethod 1990 0x00000245b5183010 code [0x00000245b51831c0, 0x00000245b51832e8]
Event: 93.565 Thread 0x00000245c8b6e120 1991       3       sun.nio.ch.WEPoll::getSocket (35 bytes)
Event: 93.566 Thread 0x00000245c8b6e120 nmethod 1991 0x00000245b5183390 code [0x00000245b5183540, 0x00000245b51836b8]
Event: 93.566 Thread 0x00000245c8b6e120 1992       3       sun.nio.ch.WEPoll::getEvents (13 bytes)
Event: 93.566 Thread 0x00000245c8b6e120 nmethod 1992 0x00000245b5183790 code [0x00000245b5183940, 0x00000245b5183aa0]
Event: 93.566 Thread 0x00000245c8b6e120 1995       3       sun.nio.ch.IOUtil::read (12 bytes)
Event: 93.566 Thread 0x00000245c8b6e120 nmethod 1995 0x00000245b5183b90 code [0x00000245b5183d40, 0x00000245b5183e70]
Event: 93.566 Thread 0x00000245c8b6e120 1993       3       sun.nio.ch.WEPollSelectorImpl::toReadyOps (58 bytes)
Event: 93.566 Thread 0x00000245c8b6e120 nmethod 1993 0x00000245b5183f10 code [0x00000245b51840c0, 0x00000245b5184290]
Event: 93.566 Thread 0x00000245c8b6e120 1994       3       sun.nio.ch.SelectorImpl::processReadyEvents (115 bytes)
Event: 93.567 Thread 0x00000245c8b6e120 nmethod 1994 0x00000245b5184310 code [0x00000245b51845a0, 0x00000245b51850e0]
Event: 93.569 Thread 0x00000245c8b6d680 nmethod 1984 0x00000245bc9b9210 code [0x00000245bc9b93e0, 0x00000245bc9b9688]
Event: 93.569 Thread 0x00000245c8b6d680 1985       4       org.gradle.internal.logging.sink.OutputEventTransformer::onOutput (369 bytes)

GC Heap History (4 events):
Event: 0.730 GC heap before
{Heap before GC invocations=0 (full 0):
 garbage-first heap   total 126976K, used 13312K [0x0000000085000000, 0x0000000100000000)
  region size 1024K, 13 young (13312K), 0 survivors (0K)
 Metaspace       used 8549K, committed 8704K, reserved 1114112K
  class space    used 789K, committed 896K, reserved 1048576K
}
Event: 0.738 GC heap after
{Heap after GC invocations=1 (full 0):
 garbage-first heap   total 126976K, used 1536K [0x0000000085000000, 0x0000000100000000)
  region size 1024K, 2 young (2048K), 2 survivors (2048K)
 Metaspace       used 8549K, committed 8704K, reserved 1114112K
  class space    used 789K, committed 896K, reserved 1048576K
}
Event: 1.621 GC heap before
{Heap before GC invocations=1 (full 0):
 garbage-first heap   total 126976K, used 27136K [0x0000000085000000, 0x0000000100000000)
  region size 1024K, 25 young (25600K), 2 survivors (2048K)
 Metaspace       used 12677K, committed 12864K, reserved 1114112K
  class space    used 1383K, committed 1472K, reserved 1048576K
}
Event: 1.628 GC heap after
{Heap after GC invocations=2 (full 0):
 garbage-first heap   total 126976K, used 9828K [0x0000000085000000, 0x0000000100000000)
  region size 1024K, 4 young (4096K), 4 survivors (4096K)
 Metaspace       used 12677K, committed 12864K, reserved 1114112K
  class space    used 1383K, committed 1472K, reserved 1048576K
}

Dll operation events (3 events):
Event: 0.008 Loaded shared library C:\Program Files\Android\Android Studio\jbr\bin\java.dll
Event: 0.014 Loaded shared library C:\Program Files\Android\Android Studio\jbr\bin\zip.dll
Event: 0.167 Loaded shared library C:\Program Files\Android\Android Studio\jbr\bin\verify.dll

Deoptimization events (20 events):
Event: 49.537 Thread 0x00000245cdb5b2f0 DEOPT PACKING pc=0x00000245bc975bb4 sp=0x000000a8a96fe660
Event: 49.537 Thread 0x00000245cdb5b2f0 DEOPT UNPACKING pc=0x00000245bc3746a2 sp=0x000000a8a96fe560 mode 2
Event: 49.537 Thread 0x00000245cdb5b2f0 Uncommon trap: trap_request=0xffffff45 fr.pc=0x00000245bc976990 relative=0x00000000000002f0
Event: 49.537 Thread 0x00000245cdb5b2f0 Uncommon trap: reason=unstable_if action=reinterpret pc=0x00000245bc976990 method=org.gradle.internal.logging.text.AbstractLineChoppingStyledTextOutput$2.execute(Lorg/gradle/internal/logging/text/AbstractLineChoppingStyledTextOutput$StateContext;)V @ 34 c
Event: 49.537 Thread 0x00000245cdb5b2f0 DEOPT PACKING pc=0x00000245bc976990 sp=0x000000a8a96fe5f0
Event: 49.537 Thread 0x00000245cdb5b2f0 DEOPT UNPACKING pc=0x00000245bc3746a2 sp=0x000000a8a96fe5b0 mode 2
Event: 51.337 Thread 0x00000245cdb5b2f0 DEOPT PACKING pc=0x00000245b516a1cc sp=0x000000a8a96fe730
Event: 51.337 Thread 0x00000245cdb5b2f0 DEOPT UNPACKING pc=0x00000245bc374e42 sp=0x000000a8a96fdc00 mode 0
Event: 51.514 Thread 0x00000245cdb5b2f0 DEOPT PACKING pc=0x00000245b516a1cc sp=0x000000a8a96fe730
Event: 51.514 Thread 0x00000245cdb5b2f0 DEOPT UNPACKING pc=0x00000245bc374e42 sp=0x000000a8a96fdc00 mode 0
Event: 52.351 Thread 0x00000245cdb5b2f0 DEOPT PACKING pc=0x00000245b516a1cc sp=0x000000a8a96fe730
Event: 52.351 Thread 0x00000245cdb5b2f0 DEOPT UNPACKING pc=0x00000245bc374e42 sp=0x000000a8a96fdc00 mode 0
Event: 52.576 Thread 0x00000245cdb5b2f0 DEOPT PACKING pc=0x00000245b516a1cc sp=0x000000a8a96fe730
Event: 52.576 Thread 0x00000245cdb5b2f0 DEOPT UNPACKING pc=0x00000245bc374e42 sp=0x000000a8a96fdc00 mode 0
Event: 53.638 Thread 0x00000245cdb5b2f0 DEOPT PACKING pc=0x00000245b516a1cc sp=0x000000a8a96fe730
Event: 53.638 Thread 0x00000245cdb5b2f0 DEOPT UNPACKING pc=0x00000245bc374e42 sp=0x000000a8a96fdc00 mode 0
Event: 93.585 Thread 0x00000245af981db0 Uncommon trap: trap_request=0xffffff45 fr.pc=0x00000245bc97b610 relative=0x0000000000000250
Event: 93.667 Thread 0x00000245af981db0 Uncommon trap: reason=unstable_if action=reinterpret pc=0x00000245bc97b610 method=com.esotericsoftware.kryo.io.Input.require(I)I @ 207 c2
Event: 93.667 Thread 0x00000245af981db0 DEOPT PACKING pc=0x00000245bc97b610 sp=0x000000a8a80fde80
Event: 93.667 Thread 0x00000245af981db0 DEOPT UNPACKING pc=0x00000245bc3746a2 sp=0x000000a8a80fde28 mode 2

Classes loaded (20 events):
Event: 3.694 Loading class jdk/internal/logger/LazyLoggers$LazyLoggerFactories
Event: 3.695 Loading class jdk/internal/logger/LazyLoggers$LazyLoggerFactories done
Event: 3.696 Loading class jdk/internal/logger/LoggerFinderLoader
Event: 3.696 Loading class jdk/internal/logger/LoggerFinderLoader done
Event: 3.696 Loading class jdk/internal/logger/LoggerFinderLoader$TemporaryLoggerFinder
Event: 3.696 Loading class jdk/internal/logger/LoggerFinderLoader$TemporaryLoggerFinder done
Event: 3.697 Loading class sun/util/logging/internal/LoggingProviderImpl$JULWrapper
Event: 3.697 Loading class sun/util/logging/PlatformLogger$ConfigurableBridge$LoggerConfiguration
Event: 3.697 Loading class sun/util/logging/PlatformLogger$ConfigurableBridge$LoggerConfiguration done
Event: 3.697 Loading class sun/util/logging/internal/LoggingProviderImpl$JULWrapper done
Event: 3.698 Loading class java/io/ObjectInputFilter$Config$BuiltinFilterFactory
Event: 3.698 Loading class java/io/ObjectInputFilter$Config$BuiltinFilterFactory done
Event: 3.698 Loading class jdk/internal/access/JavaObjectInputFilterAccess
Event: 3.698 Loading class jdk/internal/access/JavaObjectInputFilterAccess done
Event: 3.698 Loading class java/lang/System$Logger$Level
Event: 3.698 Loading class java/lang/System$Logger$Level done
Event: 16.423 Loading class java/lang/invoke/MethodHandle$1
Event: 16.423 Loading class java/lang/invoke/MethodHandle$1 done
Event: 80.495 Loading class java/lang/foreign/MemorySegment
Event: 81.388 Loading class java/lang/foreign/MemorySegment done

Classes unloaded (0 events):
No events

Classes redefined (0 events):
No events

Internal exceptions (19 events):
Event: 0.399 Thread 0x00000245af981db0 Exception <a 'java/lang/NoSuchMethodError'{0x000000008c9f7048}: 'void java.lang.invoke.DirectMethodHandle$Holder.invokeSpecial(java.lang.Object, java.lang.Object, java.lang.Object)'> (0x000000008c9f7048) 
thrown [s\src\hotspot\share\interpreter\linkResolver.cpp, line 784]
Event: 0.481 Thread 0x00000245af981db0 Exception <a 'java/lang/NoSuchMethodError'{0x000000008c730518}: 'int java.lang.invoke.DirectMethodHandle$Holder.invokeSpecial(java.lang.Object, java.lang.Object, java.lang.Object, java.lang.Object)'> (0x000000008c730518) 
thrown [s\src\hotspot\share\interpreter\linkResolver.cpp, line 784]
Event: 1.328 Thread 0x00000245af981db0 Exception <a 'java/lang/NoSuchMethodError'{0x000000008bacee18}: 'java.lang.Object java.lang.invoke.DirectMethodHandle$Holder.invokeVirtual(java.lang.Object, java.lang.Object, java.lang.Object)'> (0x000000008bacee18) 
thrown [s\src\hotspot\share\interpreter\linkResolver.cpp, line 784]
Event: 1.584 Thread 0x00000245af981db0 Implicit null exception at 0x00000245bc930eba to 0x00000245bc931134
Event: 1.584 Thread 0x00000245af981db0 Implicit null exception at 0x00000245bc8f62c0 to 0x00000245bc8f6342
Event: 1.597 Thread 0x00000245af981db0 Exception <a 'java/lang/NoSuchMethodError'{0x000000008b38b1a0}: 'void java.lang.invoke.DirectMethodHandle$Holder.invokeInterface(java.lang.Object, java.lang.Object, java.lang.Object)'> (0x000000008b38b1a0) 
thrown [s\src\hotspot\share\interpreter\linkResolver.cpp, line 784]
Event: 1.616 Thread 0x00000245af981db0 Exception <a 'java/lang/NoClassDefFoundError'{0x000000008b3e48b0}: org/slf4j/impl/StaticMarkerBinder> (0x000000008b3e48b0) 
thrown [s\src\hotspot\share\classfile\systemDictionary.cpp, line 301]
Event: 1.867 Thread 0x00000245af981db0 Exception <a 'java/lang/NoSuchMethodError'{0x000000008c7643a8}: 'java.lang.Object java.lang.invoke.DirectMethodHandle$Holder.newInvokeSpecial(java.lang.Object, java.lang.Object, java.lang.Object, java.lang.Object, java.lang.Object)'> (0x000000008c7643a8) 
thrown [s\src\hotspot\share\interpreter\linkResolver.cpp, line 784]
Event: 1.879 Thread 0x00000245af981db0 Exception <a 'java/lang/NoSuchMethodError'{0x000000008c7ac838}: 'java.lang.Object java.lang.invoke.Invokers$Holder.invokeExact_MT(java.lang.Object, java.lang.Object, java.lang.Object, java.lang.Object, java.lang.Object)'> (0x000000008c7ac838) 
thrown [s\src\hotspot\share\interpreter\linkResolver.cpp, line 784]
Event: 1.884 Thread 0x00000245af981db0 Exception <a 'java/lang/NoSuchMethodError'{0x000000008c7d9050}: 'java.lang.Object java.lang.invoke.DirectMethodHandle$Holder.invokeVirtual(java.lang.Object, java.lang.Object, java.lang.Object, java.lang.Object, java.lang.Object, java.lang.Object, java.lang.Object)'> (0x000000008c7d9050) 
thrown [s\src\hotspot\share\interpreter\linkResolver.cpp, line 784]
Event: 1.892 Thread 0x00000245af981db0 Exception <a 'java/lang/NoSuchMethodError'{0x000000008c617410}: 'java.lang.Object java.lang.invoke.DirectMethodHandle$Holder.invokeVirtual(java.lang.Object, java.lang.Object, java.lang.Object, java.lang.Object)'> (0x000000008c617410) 
thrown [s\src\hotspot\share\interpreter\linkResolver.cpp, line 784]
Event: 2.005 Thread 0x00000245af981db0 Exception <a 'java/lang/NoSuchMethodError'{0x000000008c4c3d40}: 'java.lang.Object java.lang.invoke.DirectMethodHandle$Holder.invokeVirtual(java.lang.Object, java.lang.Object, java.lang.Object, java.lang.Object, java.lang.Object, java.lang.Object)'> (0x000000008c4c3d40) 
thrown [s\src\hotspot\share\interpreter\linkResolver.cpp, line 784]
Event: 2.045 Thread 0x00000245af981db0 Exception <a 'java/lang/NoSuchMethodError'{0x000000008c384f40}: 'java.lang.Object java.lang.invoke.DirectMethodHandle$Holder.invokeVirtual(java.lang.Object, java.lang.Object, java.lang.Object, java.lang.Object, java.lang.Object)'> (0x000000008c384f40) 
thrown [s\src\hotspot\share\interpreter\linkResolver.cpp, line 784]
Event: 2.047 Thread 0x00000245af981db0 Exception <a 'java/lang/NoSuchMethodError'{0x000000008c397d90}: 'java.lang.Object java.lang.invoke.Invokers$Holder.invokeExact_MT(java.lang.Object, java.lang.Object, java.lang.Object, java.lang.Object, java.lang.Object, java.lang.Object)'> (0x000000008c397d90) 
thrown [s\src\hotspot\share\interpreter\linkResolver.cpp, line 784]
Event: 2.068 Thread 0x00000245af981db0 Exception <a 'java/lang/NoSuchMethodError'{0x000000008c25fc90}: 'java.lang.Object java.lang.invoke.DirectMethodHandle$Holder.invokeSpecialIFC(java.lang.Object, java.lang.Object, java.lang.Object, java.lang.Object)'> (0x000000008c25fc90) 
thrown [s\src\hotspot\share\interpreter\linkResolver.cpp, line 784]
Event: 2.069 Thread 0x00000245af981db0 Exception <a 'java/lang/NoSuchMethodError'{0x000000008c268f08}: 'java.lang.Object java.lang.invoke.DirectMethodHandle$Holder.invokeVirtual(java.lang.Object, java.lang.Object, java.lang.Object, java.lang.Object, java.lang.Object, java.lang.Object, java.lang.Object, java.lang.Object)'> (0x000000008c268f08) 
thrown [s\src\hotspot\share\interpreter\linkResolver.cpp, line 784]
Event: 2.092 Thread 0x00000245af981db0 Exception <a 'java/lang/NoSuchMethodError'{0x000000008c2c8e18}: 'java.lang.Object java.lang.invoke.DirectMethodHandle$Holder.invokeVirtual(java.lang.Object, java.lang.Object, java.lang.Object, java.lang.Object, java.lang.Object, java.lang.Object, java.lang.Object, java.lang.Object, java.lang.Object)'> (0x000000008c2c8e18) 
thrown [s\src\hotspot\share\interpreter\linkResolver.cpp, line 784]
Event: 2.438 Thread 0x00000245af981db0 Exception <a 'java/lang/NoSuchMethodError'{0x000000008be29610}: 'java.lang.Object java.lang.invoke.DirectMethodHandle$Holder.invokeStaticInit(java.lang.Object, java.lang.Object, int, int, int, int)'> (0x000000008be29610) 
thrown [s\src\hotspot\share\interpreter\linkResolver.cpp, line 784]
Event: 2.502 Thread 0x00000245af981db0 Implicit null exception at 0x00000245bc9094a4 to 0x00000245bc909b24

ZGC Phase Switch (0 events):
No events

VM Operations (20 events):
Event: 50.891 Executing VM operation: Cleanup
Event: 50.891 Executing VM operation: Cleanup done
Event: 53.914 Executing VM operation: Cleanup
Event: 53.914 Executing VM operation: Cleanup done
Event: 60.234 Executing VM operation: HandshakeAllThreads (HandshakeForDeflation)
Event: 60.235 Executing VM operation: HandshakeAllThreads (HandshakeForDeflation) done
Event: 60.235 Executing VM operation: RendezvousGCThreads
Event: 60.235 Executing VM operation: RendezvousGCThreads done
Event: 61.236 Executing VM operation: Cleanup
Event: 61.236 Executing VM operation: Cleanup done
Event: 69.291 Executing VM operation: Cleanup
Event: 69.291 Executing VM operation: Cleanup done
Event: 85.412 Executing VM operation: Cleanup
Event: 85.412 Executing VM operation: Cleanup done
Event: 87.428 Executing VM operation: Cleanup
Event: 87.428 Executing VM operation: Cleanup done
Event: 88.431 Executing VM operation: Cleanup
Event: 88.431 Executing VM operation: Cleanup done
Event: 93.459 Executing VM operation: Cleanup
Event: 93.459 Executing VM operation: Cleanup done

Memory protections (0 events):
No events

Nmethod flushes (0 events):
No events

Events (20 events):
Event: 0.072 Thread 0x00000245af981db0 Thread added: 0x00000245c8b3e7b0
Event: 0.072 Thread 0x00000245af981db0 Thread added: 0x00000245c8b3f210
Event: 0.074 Thread 0x00000245af981db0 Thread added: 0x00000245c8b408d0
Event: 0.074 Thread 0x00000245af981db0 Thread added: 0x00000245c8b40f40
Event: 0.074 Thread 0x00000245af981db0 Thread added: 0x00000245c8b63e80
Event: 0.074 Thread 0x00000245af981db0 Thread added: 0x00000245c8b6c8f0
Event: 0.074 Thread 0x00000245af981db0 Thread added: 0x00000245c8b6d680
Event: 0.074 Thread 0x00000245af981db0 Thread added: 0x00000245c8b6e120
Event: 0.108 Thread 0x00000245af981db0 Thread added: 0x00000245c8cf7ab0
Event: 0.134 Loaded shared library C:\Program Files\Android\Android Studio\jbr\bin\net.dll
Event: 0.137 Loaded shared library C:\Program Files\Android\Android Studio\jbr\bin\nio.dll
Event: 0.151 Loaded shared library C:\Program Files\Android\Android Studio\jbr\bin\zip.dll
Event: 0.253 Loaded shared library C:\Program Files\Android\Android Studio\jbr\bin\jimage.dll
Event: 0.828 Thread 0x00000245c8b6e120 Thread added: 0x00000245cd046ae0
Event: 1.512 Loaded shared library C:\Program Files\Android\Android Studio\jbr\bin\management.dll
Event: 1.520 Loaded shared library C:\Program Files\Android\Android Studio\jbr\bin\management_ext.dll
Event: 1.712 Loaded shared library S:\gradle-home\native\c067742578af261105cb4f569cf0c3c89f3d7b1fecec35dd04571415982c5e48\windows-amd64\native-platform.dll
Event: 1.791 Thread 0x00000245af981db0 Thread added: 0x00000245cdb5b2f0
Event: 2.309 Thread 0x00000245cd046ae0 Thread exited: 0x00000245cd046ae0
Event: 2.465 Loaded shared library C:\Program Files\Android\Android Studio\jbr\bin\extnet.dll


Dynamic libraries:
0x00007ff72bd40000 - 0x00007ff72bd4a000 	C:\Program Files\Android\Android Studio\jbr\bin\java.exe
0x00007ffdb2a60000 - 0x00007ffdb2c69000 	C:\Windows\SYSTEM32\ntdll.dll
0x00007ffdb2730000 - 0x00007ffdb27ee000 	C:\Windows\System32\KERNEL32.DLL
0x00007ffdb04a0000 - 0x00007ffdb081c000 	C:\Windows\System32\KERNELBASE.dll
0x00007ffdb0050000 - 0x00007ffdb0161000 	C:\Windows\System32\ucrtbase.dll
0x00007ffdac5f0000 - 0x00007ffdac608000 	C:\Program Files\Android\Android Studio\jbr\bin\jli.dll
0x00007ffdac520000 - 0x00007ffdac53b000 	C:\Program Files\Android\Android Studio\jbr\bin\VCRUNTIME140.dll
0x00007ffdb0c90000 - 0x00007ffdb0e3d000 	C:\Windows\System32\USER32.dll
0x00007ffd95120000 - 0x00007ffd953c5000 	C:\Windows\WinSxS\amd64_microsoft.windows.common-controls_6595b64144ccf1df_6.0.22000.120_none_9d947278b86cc467\COMCTL32.dll
0x00007ffdb03d0000 - 0x00007ffdb03f6000 	C:\Windows\System32\win32u.dll
0x00007ffdb1b10000 - 0x00007ffdb1bb3000 	C:\Windows\System32\msvcrt.dll
0x00007ffdb2030000 - 0x00007ffdb2059000 	C:\Windows\System32\GDI32.dll
0x00007ffdaff30000 - 0x00007ffdb0048000 	C:\Windows\System32\gdi32full.dll
0x00007ffdb0400000 - 0x00007ffdb049d000 	C:\Windows\System32\msvcp_win.dll
0x00007ffdb1010000 - 0x00007ffdb1041000 	C:\Windows\System32\IMM32.DLL
0x00007ffdac510000 - 0x00007ffdac51c000 	C:\Program Files\Android\Android Studio\jbr\bin\vcruntime140_1.dll
0x00007ffda14f0000 - 0x00007ffda157d000 	C:\Program Files\Android\Android Studio\jbr\bin\msvcp140.dll
0x00007ffd64d50000 - 0x00007ffd659e6000 	C:\Program Files\Android\Android Studio\jbr\bin\server\jvm.dll
0x00007ffdb0f60000 - 0x00007ffdb100e000 	C:\Windows\System32\ADVAPI32.dll
0x00007ffdb18a0000 - 0x00007ffdb193e000 	C:\Windows\System32\sechost.dll
0x00007ffdb22d0000 - 0x00007ffdb23f0000 	C:\Windows\System32\RPCRT4.dll
0x00007ffdb2450000 - 0x00007ffdb24bf000 	C:\Windows\System32\WS2_32.dll
0x00007ffdafd50000 - 0x00007ffdafd9d000 	C:\Windows\SYSTEM32\POWRPROF.dll
0x00007ffda2140000 - 0x00007ffda2173000 	C:\Windows\SYSTEM32\WINMM.dll
0x00007ffda9260000 - 0x00007ffda926a000 	C:\Windows\SYSTEM32\VERSION.dll
0x00007ffdafc40000 - 0x00007ffdafc53000 	C:\Windows\SYSTEM32\UMPDC.dll
0x00007ffdaefb0000 - 0x00007ffdaefc8000 	C:\Windows\SYSTEM32\kernel.appcore.dll
0x00007ffdac4e0000 - 0x00007ffdac4ea000 	C:\Program Files\Android\Android Studio\jbr\bin\jimage.dll
0x00007ffd96c50000 - 0x00007ffd96e71000 	C:\Windows\SYSTEM32\DBGHELP.DLL
0x00007ffd96ae0000 - 0x00007ffd96b11000 	C:\Windows\SYSTEM32\dbgcore.DLL
0x00007ffdb0350000 - 0x00007ffdb03cf000 	C:\Windows\System32\bcryptPrimitives.dll
0x00007ffdac4c0000 - 0x00007ffdac4e0000 	C:\Program Files\Android\Android Studio\jbr\bin\java.dll
0x00007ffdac4a0000 - 0x00007ffdac4b8000 	C:\Program Files\Android\Android Studio\jbr\bin\zip.dll
0x00007ffdb10d0000 - 0x00007ffdb1895000 	C:\Windows\System32\SHELL32.dll
0x00007ffdae020000 - 0x00007ffdae885000 	C:\Windows\SYSTEM32\windows.storage.dll
0x00007ffdb0910000 - 0x00007ffdb0c86000 	C:\Windows\System32\combase.dll
0x00007ffdadeb0000 - 0x00007ffdae016000 	C:\Windows\SYSTEM32\wintypes.dll
0x00007ffdb1a20000 - 0x00007ffdb1b0a000 	C:\Windows\System32\SHCORE.dll
0x00007ffdb23f0000 - 0x00007ffdb244d000 	C:\Windows\System32\shlwapi.dll
0x00007ffdafe60000 - 0x00007ffdafe81000 	C:\Windows\SYSTEM32\profapi.dll
0x00007ffda1230000 - 0x00007ffda1240000 	C:\Program Files\Android\Android Studio\jbr\bin\net.dll
0x00007ffdab1e0000 - 0x00007ffdab2f2000 	C:\Windows\SYSTEM32\WINHTTP.dll
0x00007ffdaf450000 - 0x00007ffdaf4b7000 	C:\Windows\system32\mswsock.dll
0x00007ffda1210000 - 0x00007ffda1226000 	C:\Program Files\Android\Android Studio\jbr\bin\nio.dll
0x00007ffd9e9d0000 - 0x00007ffd9e9e0000 	C:\Program Files\Android\Android Studio\jbr\bin\verify.dll
0x00007ffda0eb0000 - 0x00007ffda0eb9000 	C:\Program Files\Android\Android Studio\jbr\bin\management.dll
0x00007ffda0be0000 - 0x00007ffda0beb000 	C:\Program Files\Android\Android Studio\jbr\bin\management_ext.dll
0x00007ffdb20d0000 - 0x00007ffdb20d8000 	C:\Windows\System32\PSAPI.DLL
0x00007ffdac5a0000 - 0x00007ffdac5c7000 	S:\gradle-home\native\c067742578af261105cb4f569cf0c3c89f3d7b1fecec35dd04571415982c5e48\windows-amd64\native-platform.dll
0x00007ffdaf690000 - 0x00007ffdaf6a8000 	C:\Windows\SYSTEM32\CRYPTSP.dll
0x00007ffdaef10000 - 0x00007ffdaef45000 	C:\Windows\system32\rsaenh.dll
0x00007ffdaf540000 - 0x00007ffdaf569000 	C:\Windows\SYSTEM32\USERENV.dll
0x00007ffdaf820000 - 0x00007ffdaf847000 	C:\Windows\SYSTEM32\bcrypt.dll
0x00007ffdaf6b0000 - 0x00007ffdaf6bc000 	C:\Windows\SYSTEM32\CRYPTBASE.dll
0x00007ffdaeae0000 - 0x00007ffdaeb0d000 	C:\Windows\SYSTEM32\IPHLPAPI.DLL
0x00007ffdb2100000 - 0x00007ffdb2109000 	C:\Windows\System32\NSI.dll
0x00007ffda11d0000 - 0x00007ffda11d9000 	C:\Program Files\Android\Android Studio\jbr\bin\extnet.dll
0x00007ffd893b0000 - 0x00007ffd893b8000 	C:\Windows\system32\wshunix.dll

JVMTI agents: none

dbghelp: loaded successfully - version: 4.0.5 - missing functions: none
symbol engine: initialized successfully - sym options: 0x614 - pdb path: .;C:\Program Files\Android\Android Studio\jbr\bin;C:\Windows\SYSTEM32;C:\Windows\WinSxS\amd64_microsoft.windows.common-controls_6595b64144ccf1df_6.0.22000.120_none_9d947278b86cc467;C:\Program Files\Android\Android Studio\jbr\bin\server;S:\gradle-home\native\c067742578af261105cb4f569cf0c3c89f3d7b1fecec35dd04571415982c5e48\windows-amd64

VM Arguments:
jvm_args: -Dorg.gradle.appname=gradlew 
java_command: org.gradle.wrapper.GradleWrapperMain --full-stacktrace --info -Pverbose=true -Ptarget-platform=android-arm64 -Ptarget=S:\dev\CaribTap\flutter-ulistings-app\flutter_universal_listings\lib\main.dart -Pbase-application-name=android.app.Application -Pdart-defines=RkxVVFRFUl9WRVJTSU9OPTMuMzguNg==,RkxVVFRFUl9DSEFOTkVMPXN0YWJsZQ==,RkxVVFRFUl9HSVRfVVJMPWh0dHBzOi8vZ2l0aHViLmNvbS9mbHV0dGVyL2ZsdXR0ZXIuZ2l0,RkxVVFRFUl9GUkFNRVdPUktfUkVWSVNJT049OGI4NzI4Njg0OQ==,RkxVVFRFUl9FTkdJTkVfUkVWSVNJT049NzhmYzMwMTJlNA==,RkxVVFRFUl9EQVJUX1ZFUlNJT049My4xMC43 -Pdart-obfuscation=false -Ptrack-widget-creation=true -Ptree-shake-icons=false -Pfilesystem-scheme=org-dartlang-root assembleDebug
java_class_path (initial): S:\dev\CaribTap\flutter-ulistings-app\flutter_universal_listings\android\\gradle\wrapper\gradle-wrapper.jar
Launcher Type: SUN_STANDARD

[Global flags]
     intx CICompilerCount                          = 3                                         {product} {ergonomic}
     uint ConcGCThreads                            = 1                                         {product} {ergonomic}
     uint G1ConcRefinementThreads                  = 4                                         {product} {ergonomic}
   size_t G1HeapRegionSize                         = 1048576                                   {product} {ergonomic}
    uintx GCDrainStackTargetSize                   = 64                                        {product} {ergonomic}
   size_t InitialHeapSize                          = 130023424                                 {product} {ergonomic}
   size_t MarkStackSize                            = 4194304                                   {product} {ergonomic}
   size_t MaxHeapSize                              = 2063597568                                {product} {ergonomic}
   size_t MaxNewSize                               = 1237319680                                {product} {ergonomic}
   size_t MinHeapDeltaBytes                        = 1048576                                   {product} {ergonomic}
   size_t MinHeapSize                              = 8388608                                   {product} {ergonomic}
    uintx NonNMethodCodeHeapSize                   = 5832780                                {pd product} {ergonomic}
    uintx NonProfiledCodeHeapSize                  = 122912730                              {pd product} {ergonomic}
    uintx ProfiledCodeHeapSize                     = 122912730                              {pd product} {ergonomic}
    uintx ReservedCodeCacheSize                    = 251658240                              {pd product} {ergonomic}
     bool SegmentedCodeCache                       = true                                      {product} {ergonomic}
   size_t SoftMaxHeapSize                          = 2063597568                             {manageable} {ergonomic}
     bool UseCompressedOops                        = true                           {product lp64_product} {ergonomic}
     bool UseG1GC                                  = true                                      {product} {ergonomic}
     bool UseLargePagesIndividualAllocation        = false                                  {pd product} {ergonomic}

Logging:
Log output configuration:
 #0: stdout all=warning uptime,level,tags foldmultilines=false
 #1: stderr all=off uptime,level,tags foldmultilines=false

Environment Variables:
JAVA_HOME=C:\Program Files\Android\Android Studio\jbr
CLASSPATH=S:\dev\CaribTap\flutter-ulistings-app\flutter_universal_listings\android\\gradle\wrapper\gradle-wrapper.jar
PATH=C:\Program Files\Android\Android Studio\jbr\bin;C:\Program Files\Common Files\Oracle\Java\javapath;C:\Program Files\Common Files\Oracle\Java\javapath;C:\Program Files\Common Files\Oracle\Java\javapath;C:\Program Files\Common Files\Oracle\Java\javapath;C:\Program Files\Common Files\Oracle\Java\javapath;C:\Program Files\Common Files\Oracle\Java\javapath;%PATH%;C:\Program Files\Android\Android Studio\jbr\bin;C:\Users\Experimental\AppData\Local\Microsoft\WindowsApps;S:\flutter\bin;C:\Program Files\Android\Android Studio\jbr\bin;C:\Users\Experimental\AppData\Local\Microsoft\WindowsApps;S:\flutter\bin;C:\Windows\System32;C:\Program Files\Git\cmd;C:\Program Files\Android\Android Studio\jbr\bin;C:\Users\Experimental\AppData\Local\Microsoft\WindowsApps;S:\flutter\bin;C:\Program Files\Android\Android Studio\jbr\bin;C:\Users\Experimental\AppData\Local\Microsoft\WindowsApps;S:\flutter\bin;C:\Windows\System32;C:\Program Files\Git\cmd;C:\Program Files\Android\Android Studio\jbr\bin;C:\Users\Experimental\AppData\Local\Microsoft\WindowsApps;S:\flutter\bin;C:\Program Files\Android\Android Studio\jbr\bin;C:\Users\Experimental\AppData\Local\Microsoft\WindowsApps;S:\flutter\bin;C:\Windows\System32;C:\Program Files\Git\cmd;C:\Windows\System32;C:\Windows\System32\WindowsPowerShell\v1.0\;%NVM_HOME%;%NVM_SYMLINK%;C:\Program Files\nodejs\;C:\Windows;C:\Windows\System32\Wbem;C:\Users\Experimental\AppData\Local\Android\Sdk\platform-tools;C:\Users\Experimental\AppData\Local\Programs\Microsoft VS Code\bin;C:\Users\Experimental\AppData\Local\nvm;C:\nvm4w\nodejs;C:\Users\Experimental\AppData\Roaming\npm;S:\flutter\bin\mingit\cmd
USERNAME=Experimental
OS=Windows_NT
PROCESSOR_IDENTIFIER=Intel64 Family 6 Model 94 Stepping 3, GenuineIntel
TMP=C:\Users\EXPERI~1\AppData\Local\Temp
TEMP=C:\Users\EXPERI~1\AppData\Local\Temp




Periodic native trim disabled

JNI global refs:
JNI global refs: 19, weak refs: 6

JNI global refs memory usage: 835, weak refs: 833

Process memory usage:
Resident Set Size: 50716K (0% of 8054368K total physical memory with 264292K free physical memory)

OOME stack traces (most recent first):
Classloader memory used:
Loader bootstrap                                                                       : 13054K
Loader org.gradle.internal.classloader.VisitableURLClassLoader                         : 5129K
Loader java.net.URLClassLoader                                                         : 233K
Loader jdk.internal.loader.ClassLoaders$AppClassLoader                                 : 142K
Loader jdk.internal.loader.ClassLoaders$PlatformClassLoader                            : 110K

Classes loaded by more than one classloader:
Class org.gradle.cli.AbstractPropertiesCommandLineConverter                           : loaded 2 times (x 83B)
Class org.gradle.cli.CommandLineParser                                                : loaded 2 times (x 79B)
Class org.gradle.internal.service.UnknownServiceException                             : loaded 2 times (x 83B)
Class org.gradle.cli.SystemPropertiesCommandLineConverter                             : loaded 2 times (x 83B)
Class org.gradle.cli.CommandLineArgumentException                                     : loaded 2 times (x 82B)
Class org.gradle.cli.CommandLineParser$KnownOptionParserState                         : loaded 2 times (x 76B)
Class org.gradle.internal.InternalTransformer                                         : loaded 2 times (x 70B)
Class org.gradle.internal.classpath.DefaultClassPath$ImmutableUniqueList              : loaded 2 times (x 199B)
Class org.gradle.cli.CommandLineParser$OptionAwareParserState                         : loaded 2 times (x 77B)
Class org.gradle.cli.ParsedCommandLine                                                : loaded 2 times (x 80B)
Class org.gradle.internal.classpath.ClassPath                                         : loaded 2 times (x 70B)
Class org.gradle.cli.CommandLineParser$UnknownOptionParserState                       : loaded 2 times (x 76B)
Class org.gradle.cli.ParsedCommandLineOption                                          : loaded 2 times (x 76B)
Class org.gradle.api.UncheckedIOException                                             : loaded 2 times (x 82B)
Class org.gradle.cli.CommandLineParser$AfterFirstSubCommand                           : loaded 2 times (x 77B)
Class org.gradle.api.internal.classpath.ModuleRegistry                                : loaded 2 times (x 70B)
Class org.gradle.internal.installation.GradleInstallation$1                           : loaded 2 times (x 75B)
Class org.gradle.cli.CommandLineOption                                                : loaded 2 times (x 86B)
Class org.gradle.cli.CommandLineParser$BeforeFirstSubCommand                          : loaded 2 times (x 77B)
Class org.gradle.internal.service.ServiceLookupException                              : loaded 2 times (x 82B)
Class org.gradle.cli.CommandLineParser$OptionParserState                              : loaded 2 times (x 75B)
Class org.gradle.internal.classloader.ClasspathUtil                                   : loaded 2 times (x 71B)
Class org.gradle.api.specs.Spec                                                       : loaded 2 times (x 70B)
Class org.gradle.internal.classpath.DefaultClassPath                                  : loaded 2 times (x 90B)
Class org.gradle.internal.Cast                                                        : loaded 2 times (x 71B)
Class org.gradle.api.Action                                                           : loaded 2 times (x 70B)
Class org.gradle.cli.AbstractCommandLineConverter                                     : loaded 2 times (x 79B)
Class org.gradle.api.GradleException                                                  : loaded 2 times (x 82B)
Class org.gradle.internal.IoActions                                                   : loaded 2 times (x 71B)
Class org.gradle.cli.CommandLineConverter                                             : loaded 2 times (x 70B)
Class org.gradle.cli.CommandLineParser$ParserState                                    : loaded 2 times (x 76B)
Class org.gradle.cli.CommandLineParser$OptionString                                   : loaded 2 times (x 73B)
Class org.gradle.internal.installation.CurrentGradleInstallationLocator               : loaded 2 times (x 71B)
Class org.gradle.internal.installation.CurrentGradleInstallation                      : loaded 2 times (x 73B)
Class org.gradle.util.internal.GUtil                                                  : loaded 2 times (x 71B)
Class org.gradle.cli.CommandLineParser$AfterOptions                                   : loaded 2 times (x 77B)
Class org.gradle.internal.installation.GradleInstallation                             : loaded 2 times (x 75B)

---------------  S Y S T E M  ---------------

OS:
 Windows 11 , 64 bit Build 22000 (10.0.22000.1516)
OS uptime: 1 days 15:38 hours

CPU: total 4 (initial active 4) (4 cores per cpu, 1 threads per core) family 6 model 94 stepping 3 microcode 0xd6, cx8, cmov, fxsr, mmx, 3dnowpref, sse, sse2, sse3, ssse3, sse4.1, sse4.2, popcnt, lzcnt, tsc, tscinvbit, avx, avx2, aes, erms, clmul, bmi1, bmi2, rtm, adx, fma, vzeroupper, clflush, clflushopt, rdtscp, f16c
Processor Information for the first 4 processors :
  Max Mhz: 2301, Current Mhz: 2301, Mhz Limit: 2301

Memory: 4k page, system-wide physical 7865M (256M free)
TotalPageFile size 22397M (AvailPageFile size 5M)
current process WorkingSet (physical memory assigned to process): 52M, peak: 102M
current process commit charge ("private bytes"): 223M, peak: 229M

vm_info: OpenJDK 64-Bit Server VM (21.0.8+-14196175-b1038.72) for windows-amd64 JRE (21.0.8+-14196175-b1038.72), built on 2025-10-01T10:24:33Z by "builder" with MS VC++ 16.10 / 16.11 (VS2019)

END.
